            --------------------------------------------------------
                             AMBER SQM VERSION 19
 
                                     By
              Ross C. Walker, Michael F. Crowley, Scott Brozell,
                         Tim Giese, Andreas W. Goetz,
                        Tai-Sung Lee and David A. Case
 
            --------------------------------------------------------
 

--------------------------------------------------------------------------------
  QM CALCULATION INFO
--------------------------------------------------------------------------------

| QMMM: Citation for AMBER QMMM Run:
| QMMM: R.C. Walker, M.F. Crowley and D.A. Case, J. COMP. CHEM. 29:1019, 2008

QMMM: SINGLET STATE CALCULATION
QMMM: RHF CALCULATION, NO. OF DOUBLY OCCUPIED LEVELS =100

| QMMM: *** Selected Hamiltonian *** 
| QMMM: AM1         

| QMMM: *** Parameter sets in use ***
| QMMM: C : M.J.S.DEWAR et al. JACS, 107, 3902, (1985)
| QMMM: O : M.J.S.DEWAR et al. JACS, 107, 3902, (1985)
| QMMM: N : M.J.S.DEWAR et al. JACS, 107, 3902, (1985)
| QMMM: H : M.J.S.DEWAR et al. JACS, 107, 3902, (1985)

| QMMM: *** SCF convergence criteria ***
| QMMM: Energy change                :  0.1D-09 kcal/mol
| QMMM: Error matrix |FP-PF|         :  0.1D+00 au
| QMMM: Density matrix change        :  0.5D-06
| QMMM: Maximum number of SCF cycles :     1000

| QMMM: *** Diagonalization Routine Information ***
| QMMM: Pseudo diagonalizations are allowed.
| QMMM: Auto diagonalization routine selection is in use.
| QMMM:
| QMMM: Timing diagonalization routines:
| QMMM:                              norbs =      190
| QMMM:    diag iterations used for timing =        5
| QMMM:
| QMMM:              Internal diag routine = 0.070291 seconds
| QMMM:                 Dspev diag routine = 0.057832 seconds
| QMMM:                Dspevd diag routine = 0.027710 seconds
| QMMM:                Dspevx diag routine = 0.142322 seconds
| QMMM:                 Dsyev diag routine = 0.046120 seconds
| QMMM:                Dsyevd diag routine = 0.025455 seconds
| QMMM:                Dsyevr diag routine = 0.032926 seconds
| QMMM:
| QMMM:                Pseudo diag routine = 0.034661 seconds
| QMMM: Pseudo diagonalization appears to be slower than regular
| QMMM: diagonalization. Setting pseudo_diag=0 for optimum performance.
| QMMM:
| QMMM: Using dsyevd routine (diag_routine=6).

  QMMM: QM Region Cartesian Coordinates (*=link atom) 
  QMMM: QM_NO.   MM_NO.  ATOM         X         Y         Z
  QMMM:     1        1      C       23.4460   -0.0490  -18.9360
  QMMM:     2        2      C       23.2870   -0.7190  -20.2480
  QMMM:     3        3      C       23.9290   -0.5380  -21.4810
  QMMM:     4        4      C       23.5320    0.3140  -22.6280
  QMMM:     5        5      O       22.3690    0.3760  -23.0270
  QMMM:     6        6      N       24.5780    0.8820  -23.3750
  QMMM:     7        7      C       24.6790    0.7640  -24.8230
  QMMM:     8        8      C       25.0930    2.0880  -25.4700
  QMMM:     9        9      C       26.1700    2.8230  -24.7030
  QMMM:    10       10      C       26.8160    3.9170  -25.2880
  QMMM:    11       11      C       27.7810    4.6110  -24.5640
  QMMM:    12       12      C       28.0900    4.1890  -23.2740
  QMMM:    13       13      C       29.1890    4.9100  -22.5170
  QMMM:    14       14      O       29.6780    4.4140  -21.5190
  QMMM:    15       15      N       29.5670    6.1410  -23.0150
  QMMM:    16       16      C       30.5660    6.9810  -22.3770
  QMMM:    17       17      C       31.6790    7.3580  -23.3240
  QMMM:    18       18      C       31.4500    7.5360  -24.6920
  QMMM:    19       19      C       32.5060    7.8680  -25.5480
  QMMM:    20       20      C       33.8150    8.0400  -25.0740
  QMMM:    21       21      N       34.8200    8.3680  -25.9820
  QMMM:    22       22      C       36.2270    8.2780  -25.5570
  QMMM:    23       23      C       37.1050    9.0710  -26.5550
  QMMM:    24       24      N       36.9530    8.5980  -27.9520
  QMMM:    25       25      C       37.7520    9.4150  -28.8600
  QMMM:    26       26      C       35.5190    8.6500  -28.3290
  QMMM:    27       27      C       34.6210    7.8500  -27.3530
  QMMM:    28       28      C       34.0240    7.9060  -23.6980
  QMMM:    29       29      C       32.9730    7.5690  -22.8350
  QMMM:    30       30      N       27.4720    3.1320  -22.6660
  QMMM:    31       31      C       26.5070    2.4760  -23.3820
  QMMM:    32       32      C       25.8080    1.3000  -22.7020
  QMMM:    33       33      O       24.2470   -1.8310  -21.8850
  QMMM:    34       34      C       23.1930   -2.5680  -21.4540
  QMMM:    35       35      C       22.8540   -3.8290  -21.9270
  QMMM:    36       36      C       21.6820   -4.3640  -21.4000
  QMMM:    37       37      C       20.9360   -3.6960  -20.4230
  QMMM:    38       38      C       21.3470   -2.4530  -19.9220
  QMMM:    39       39      C       22.4880   -1.8700  -20.4830
  QMMM:    40       40      H       23.2730   -0.7770  -18.1290
  QMMM:    41       41      H       24.4650    0.3560  -18.8520
  QMMM:    42       42      H       22.7180    0.7710  -18.8520
  QMMM:    43       43      H       25.4300   -0.0020  -25.0670
  QMMM:    44       44      H       23.6900    0.4850  -25.2150
  QMMM:    45       45      H       25.4680    1.8790  -26.4830
  QMMM:    46       46      H       24.2040    2.7350  -25.4800
  QMMM:    47       47      H       26.5630    4.2270  -26.3130
  QMMM:    48       48      H       28.2920    5.4800  -25.0050
  QMMM:    49       49      H       29.1400    6.4650  -23.8410
  QMMM:    50       50      H       30.0800    7.9000  -22.0170
  QMMM:    51       51      H       31.0070    6.4110  -21.5460
  QMMM:    52       52      H       30.4350    7.4140  -25.0970
  QMMM:    53       53      H       32.3040    7.9980  -26.6220
  QMMM:    54       54      H       36.3360    8.7050  -24.5490
  QMMM:    55       55      H       36.5440    7.2250  -25.5380
  QMMM:    56       56      H       36.8190   10.1320  -26.5100
  QMMM:    57       57      H       38.1560    8.9210  -26.2660
  QMMM:    58       58      H       37.2850    7.6360  -28.0210
  QMMM:    59       59      H       38.4040   10.0820  -28.2760
  QMMM:    60       60      H       38.3690    8.7620  -29.4940
  QMMM:    61       61      H       37.0850   10.0180  -29.4940
  QMMM:    62       62      H       35.1920    9.7000  -28.3290
  QMMM:    63       63      H       35.4180    8.1950  -29.3260
  QMMM:    64       64      H       33.5660    7.9670  -27.6420
  QMMM:    65       65      H       34.8890    6.7840  -27.3900
  QMMM:    66       66      H       35.0310    8.0680  -23.2860
  QMMM:    67       67      H       33.1680    7.4690  -21.7570
  QMMM:    68       68      H       26.5020    0.4470  -22.6830
  QMMM:    69       69      H       25.5260    1.6320  -21.6920
  QMMM:    70       70      H       23.4680   -4.3660  -22.6650
  QMMM:    71       71      H       21.3320   -5.3420  -21.7630
  QMMM:    72       72      H       20.0110   -4.1540  -20.0420
  QMMM:    73       73      H       20.7910   -1.9530  -19.1150

--------------------------------------------------------------------------------
  RESULTS
--------------------------------------------------------------------------------

      iter         sqm energy              rms gradient
      ----    -------------------    -----------------------
xmin    10      202.4144 kcal/mol        4.1754 kcal/(mol*A)
xmin    20      194.0310 kcal/mol        1.1408 kcal/(mol*A)
xmin    30      190.2551 kcal/mol        1.3848 kcal/(mol*A)
xmin    40      188.1800 kcal/mol        0.2576 kcal/(mol*A)
xmin    50      187.9265 kcal/mol        0.0853 kcal/(mol*A)
xmin    60      187.7006 kcal/mol        0.3174 kcal/(mol*A)
xmin    70      187.5319 kcal/mol        0.4732 kcal/(mol*A)
xmin    80      186.6217 kcal/mol        0.6975 kcal/(mol*A)
xmin    90      186.2054 kcal/mol        0.1694 kcal/(mol*A)
xmin   100      185.6268 kcal/mol        0.2187 kcal/(mol*A)
xmin   110      185.2104 kcal/mol        0.5206 kcal/(mol*A)
xmin   120      185.0807 kcal/mol        0.2122 kcal/(mol*A)
xmin   130      184.6423 kcal/mol        0.2451 kcal/(mol*A)
xmin   140      184.2409 kcal/mol        0.4083 kcal/(mol*A)
xmin   150      184.0616 kcal/mol        0.1677 kcal/(mol*A)
xmin   160      183.9766 kcal/mol        0.3455 kcal/(mol*A)
xmin   170      183.7950 kcal/mol        0.4828 kcal/(mol*A)
xmin   180      183.4927 kcal/mol        0.2820 kcal/(mol*A)
xmin   190      183.3103 kcal/mol        0.3118 kcal/(mol*A)
xmin   200      183.0875 kcal/mol        0.1131 kcal/(mol*A)
xmin   210      182.9569 kcal/mol        0.2332 kcal/(mol*A)
xmin   220      182.8267 kcal/mol        0.1989 kcal/(mol*A)
xmin   230      182.7142 kcal/mol        0.0766 kcal/(mol*A)
xmin   240      182.6657 kcal/mol        0.1598 kcal/(mol*A)
xmin   250      182.5554 kcal/mol        0.1565 kcal/(mol*A)
xmin   260      182.4840 kcal/mol        0.1976 kcal/(mol*A)
xmin   270      182.4698 kcal/mol        0.0350 kcal/(mol*A)
xmin   280      182.4249 kcal/mol        0.1441 kcal/(mol*A)
xmin   290      182.2220 kcal/mol        0.2092 kcal/(mol*A)
xmin   300      181.8630 kcal/mol        0.2489 kcal/(mol*A)
xmin   310      181.7889 kcal/mol        0.0814 kcal/(mol*A)
xmin   320      181.7502 kcal/mol        0.0828 kcal/(mol*A)
xmin   330      181.6109 kcal/mol        0.3517 kcal/(mol*A)
xmin   340      181.5556 kcal/mol        0.0595 kcal/(mol*A)
xmin   350      181.5225 kcal/mol        0.0362 kcal/(mol*A)
xmin   360      181.5089 kcal/mol        0.0162 kcal/(mol*A)
xmin   370      181.5023 kcal/mol        0.0193 kcal/(mol*A)
xmin   380      181.5000 kcal/mol        0.0264 kcal/(mol*A)
xmin   390      181.4991 kcal/mol        0.0119 kcal/(mol*A)
xmin   400      181.4967 kcal/mol        0.0079 kcal/(mol*A)
xmin   410      181.4962 kcal/mol        0.0072 kcal/(mol*A)
xmin   420      181.4954 kcal/mol        0.0051 kcal/(mol*A)
xmin   430      181.4953 kcal/mol        0.0029 kcal/(mol*A)
xmin   440      181.4952 kcal/mol        0.0054 kcal/(mol*A)
xmin   450      181.4951 kcal/mol        0.0042 kcal/(mol*A)
xmin   460      181.4950 kcal/mol        0.0019 kcal/(mol*A)
xmin   470      181.4950 kcal/mol        0.0051 kcal/(mol*A)
xmin   480      181.4949 kcal/mol        0.0030 kcal/(mol*A)
xmin   490      181.4948 kcal/mol        0.0018 kcal/(mol*A)
xmin   500      181.4947 kcal/mol        0.0018 kcal/(mol*A)
xmin   510      181.4947 kcal/mol        0.0016 kcal/(mol*A)
  ... geometry converged !
 
 Final MO eigenvalues (eV):
 -45.7939  -43.4824  -42.8205  -42.5944  -41.5580  -40.7715  -40.0445  -39.1917
 -38.5635  -37.4015  -36.2670  -36.2351  -35.9095  -34.7481  -34.1055  -33.9515
 -32.8654  -32.5032  -32.3126  -31.6442  -30.4149  -30.0491  -29.1388  -28.8549
 -28.2467  -27.0260  -26.4066  -26.0065  -25.6369  -25.2361  -24.5952  -24.4538
 -23.8582  -23.1586  -22.5396  -22.2875  -22.1493  -21.4816  -21.2295  -20.7544
 -20.5319  -20.1126  -19.9259  -19.5021  -19.3731  -19.0193  -18.8541  -18.6847
 -18.5440  -18.4480  -18.3299  -18.1931  -18.1253  -17.8076  -17.7680  -17.6312
 -17.5733  -17.4863  -17.1742  -17.0039  -16.8497  -16.8118  -16.7929  -16.5906
 -16.5464  -16.3804  -16.2272  -16.1400  -15.9774  -15.9190  -15.7716  -15.6025
 -15.4802  -15.3920  -15.3282  -15.1297  -15.0906  -14.9883  -14.7647  -14.4773
 -14.3756  -14.2955  -14.2267  -14.1841  -13.8682  -13.6550  -13.2167  -12.9998
 -12.9515  -12.5091  -12.3563  -12.1868  -12.1624  -12.0002  -11.9329  -11.8366
 -11.2526  -11.1676  -10.6641  -10.2828   -3.7679   -2.3333   -1.9250   -1.8838
  -1.7487   -1.7243   -1.6805   -1.5784   -1.4452   -1.1259   -0.8335   -0.7191
  -0.6772   -0.6092   -0.5130   -0.4814   -0.4451   -0.3636   -0.2867   -0.2022
  -0.1845   -0.0391    0.1127    0.1812    0.2744    0.3761    0.5531    0.5664
   0.7458    0.8299    0.9742    1.1163    1.3567    1.3773    1.4969    1.5171
   1.6957    1.7739    1.8630    1.9049    1.9892    2.0400    2.0620    2.0947
   2.1678    2.1899    2.2287    2.2701    2.2800    2.3570    2.5002    2.6044
   2.6396    2.7042    2.7201    2.7597    2.7782    2.8001    2.8383    2.8878
   2.9332    2.9988    3.0169    3.1112    3.1272    3.1427    3.1625    3.1764
   3.2166    3.3161    3.3556    3.4087    3.4993    3.5467    3.6018    3.6495
   3.6671    3.8101    3.8900    3.9153    4.0165    4.1191    4.2333    4.3088
   4.5111    4.6441    4.7472    4.9350    5.3519    5.4167

 Heat of formation   =        181.49470205 kcal/mol  (        7.87020086 eV)

 Total SCF energy    =    -148144.34408878 kcal/mol  (    -6424.02081821 eV)
 Electronic energy   =   -1334131.13269223 kcal/mol  (   -57852.26714766 eV)
 Core-core repulsion =    1185986.78860345 kcal/mol  (    51428.24632945 eV)
 
    Atomic Charges for Step       1 :
  Atom    Element       Mulliken Charge
     1      C                 -0.174
     2      C                 -0.032
     3      C                 -0.083
     4      C                  0.380
     5      O                 -0.353
     6      N                 -0.300
     7      C                 -0.035
     8      C                 -0.154
     9      C                 -0.087
    10      C                 -0.100
    11      C                 -0.119
    12      C                 -0.067
    13      C                  0.354
    14      O                 -0.371
    15      N                 -0.351
    16      C                  0.002
    17      C                 -0.086
    18      C                 -0.114
    19      C                 -0.095
    20      C                 -0.037
    21      N                 -0.221
    22      C                 -0.090
    23      C                 -0.130
    24      N                 -0.004
    25      C                 -0.192
    26      C                 -0.130
    27      C                 -0.091
    28      C                 -0.151
    29      C                 -0.098
    30      N                 -0.133
    31      C                 -0.034
    32      C                  0.004
    33      O                 -0.102
    34      C                  0.030
    35      C                 -0.127
    36      C                 -0.096
    37      C                 -0.149
    38      C                 -0.070
    39      C                 -0.115
    40      H                  0.097
    41      H                  0.110
    42      H                  0.092
    43      H                  0.102
    44      H                  0.125
    45      H                  0.110
    46      H                  0.106
    47      H                  0.151
    48      H                  0.170
    49      H                  0.241
    50      H                  0.102
    51      H                  0.132
    52      H                  0.148
    53      H                  0.148
    54      H                  0.155
    55      H                  0.084
    56      H                  0.154
    57      H                  0.141
    58      H                  0.241
    59      H                  0.143
    60      H                  0.143
    61      H                  0.146
    62      H                  0.154
    63      H                  0.142
    64      H                  0.157
    65      H                  0.086
    66      H                  0.128
    67      H                  0.176
    68      H                  0.112
    69      H                  0.148
    70      H                  0.155
    71      H                  0.143
    72      H                  0.141
    73      H                  0.143
 Total Mulliken Charge =       1.000
 
                  X        Y        Z     TOTAL  
  QM DIPOLE   152.323   43.098 -126.192  202.445
 
 Final Structure

  QMMM: QM Region Cartesian Coordinates (*=link atom) 
  QMMM: QM_NO.   MM_NO.  ATOM         X         Y         Z
  QMMM:     1        1      C       23.3347    2.7790  -24.6143
  QMMM:     2        2      C       23.2072    1.9873  -23.3897
  QMMM:     3        3      C       24.1860    1.6921  -22.4608
  QMMM:     4        4      C       25.5947    2.1260  -22.3884
  QMMM:     5        5      O       25.9029    3.2732  -22.7723
  QMMM:     6        6      N       26.5560    1.2770  -21.8349
  QMMM:     7        7      C       26.4137   -0.1606  -21.8357
  QMMM:     8        8      C       27.1670   -0.8547  -22.9749
  QMMM:     9        9      C       28.5048   -0.2660  -23.2294
  QMMM:    10       10      C       29.4203   -0.9317  -24.0514
  QMMM:    11       11      C       30.6623   -0.3514  -24.3067
  QMMM:    12       12      C       30.9519    0.8918  -23.7110
  QMMM:    13       13      C       32.2837    1.5213  -24.0294
  QMMM:    14       14      O       32.7969    1.3698  -25.1568
  QMMM:    15       15      N       32.9315    2.2110  -23.0219
  QMMM:    16       16      C       34.1413    2.9444  -23.2738
  QMMM:    17       17      C       33.9305    4.3476  -23.7790
  QMMM:    18       18      C       34.2378    5.4502  -22.9812
  QMMM:    19       19      C       34.0410    6.7471  -23.4543
  QMMM:    20       20      C       33.5234    6.9500  -24.7463
  QMMM:    21       21      N       33.3122    8.3013  -25.1925
  QMMM:    22       22      C       34.1168    8.6553  -26.3528
  QMMM:    23       23      C       33.9617   10.1453  -26.7095
  QMMM:    24       24      N       32.5230   10.5231  -26.9137
  QMMM:    25       25      C       32.3825   11.9741  -27.1807
  QMMM:    26       26      C       31.7061   10.1082  -25.7241
  QMMM:    27       27      C       31.9042    8.6193  -25.3867
  QMMM:    28       28      C       33.2236    5.8339  -25.5540
  QMMM:    29       29      C       33.4288    4.5473  -25.0711
  QMMM:    30       30      N       30.0860    1.5531  -22.9089
  QMMM:    31       31      C       28.8824    0.9860  -22.6775
  QMMM:    32       32      C       27.9282    1.7310  -21.7574
  QMMM:    33       33      O       23.6828    0.9085  -21.3969
  QMMM:    34       34      C       22.3336    0.7074  -21.6899
  QMMM:    35       35      C       21.4193   -0.0066  -20.9205
  QMMM:    36       36      C       20.1184   -0.0750  -21.4140
  QMMM:    37       37      C       19.7542    0.5459  -22.6197
  QMMM:    38       38      C       20.6753    1.2606  -23.3804
  QMMM:    39       39      C       21.9871    1.3486  -22.9179
  QMMM:    40       40      H       22.4855    3.5039  -24.6943
  QMMM:    41       41      H       24.2971    3.3514  -24.6182
  QMMM:    42       42      H       23.3083    2.1101  -25.5123
  QMMM:    43       43      H       26.8189   -0.5331  -20.8500
  QMMM:    44       44      H       25.3281   -0.4509  -21.8916
  QMMM:    45       45      H       27.2694   -1.9427  -22.7161
  QMMM:    46       46      H       26.5630   -0.7928  -23.9214
  QMMM:    47       47      H       29.1595   -1.9045  -24.4957
  QMMM:    48       48      H       31.4027   -0.8323  -24.9632
  QMMM:    49       49      H       32.4190    2.4579  -22.2062
  QMMM:    50       50      H       34.7279    2.9770  -22.3104
  QMMM:    51       51      H       34.7487    2.3802  -24.0430
  QMMM:    52       52      H       34.6394    5.3031  -21.9657
  QMMM:    53       53      H       34.2882    7.6043  -22.8087
  QMMM:    54       54      H       35.2009    8.4833  -26.0921
  QMMM:    55       55      H       33.8750    8.0298  -27.2615
  QMMM:    56       56      H       34.3730   10.7874  -25.8795
  QMMM:    57       57      H       34.5235   10.3627  -27.6605
  QMMM:    58       58      H       32.1753   10.0011  -27.7290
  QMMM:    59       59      H       32.9824   12.2444  -28.0909
  QMMM:    60       60      H       31.2999   12.2166  -27.3555
  QMMM:    61       61      H       32.7583   12.5589  -26.2987
  QMMM:    62       62      H       32.0176   10.7489  -24.8507
  QMMM:    63       63      H       30.6208   10.2981  -25.9557
  QMMM:    64       64      H       31.3634    8.4196  -24.4167
  QMMM:    65       65      H       31.4205    7.9888  -26.1892
  QMMM:    66       66      H       32.8225    5.9687  -26.5700
  QMMM:    67       67      H       33.1932    3.6695  -25.7004
  QMMM:    68       68      H       28.2790    1.5603  -20.6963
  QMMM:    69       69      H       27.9731    2.8387  -21.9719
  QMMM:    70       70      H       21.7125   -0.4844  -19.9771
  QMMM:    71       71      H       19.3560   -0.6283  -20.8437
  QMMM:    72       72      H       18.7130    0.4646  -22.9675
  QMMM:    73       73      H       20.3800    1.7469  -24.3209

           --------- Calculation Completed ----------

