            --------------------------------------------------------
                             AMBER SQM VERSION 19
 
                                     By
              Ross C. Walker, Michael F. Crowley, Scott Brozell,
                         Tim Giese, Andreas W. Goetz,
                        Tai-Sung Lee and David A. Case
 
            --------------------------------------------------------
 

--------------------------------------------------------------------------------
  QM CALCULATION INFO
--------------------------------------------------------------------------------

| QMMM: Citation for AMBER QMMM Run:
| QMMM: R.C. Walker, M.F. Crowley and D.A. Case, J. COMP. CHEM. 29:1019, 2008

QMMM: SINGLET STATE CALCULATION
QMMM: RHF CALCULATION, NO. OF DOUBLY OCCUPIED LEVELS =100

| QMMM: *** Selected Hamiltonian *** 
| QMMM: AM1         

| QMMM: *** Parameter sets in use ***
| QMMM: O : M.J.S.DEWAR et al. JACS, 107, 3902, (1985)
| QMMM: C : M.J.S.DEWAR et al. JACS, 107, 3902, (1985)
| QMMM: N : M.J.S.DEWAR et al. JACS, 107, 3902, (1985)
| QMMM: H : M.J.S.DEWAR et al. JACS, 107, 3902, (1985)

| QMMM: *** SCF convergence criteria ***
| QMMM: Energy change                :  0.1D-09 kcal/mol
| QMMM: Error matrix |FP-PF|         :  0.1D+00 au
| QMMM: Density matrix change        :  0.5D-06
| QMMM: Maximum number of SCF cycles :     1000

| QMMM: *** Diagonalization Routine Information ***
| QMMM: Pseudo diagonalizations are allowed.
| QMMM: Auto diagonalization routine selection is in use.
| QMMM:
| QMMM: Timing diagonalization routines:
| QMMM:                              norbs =      190
| QMMM:    diag iterations used for timing =        5
| QMMM:
| QMMM:              Internal diag routine = 0.050543 seconds
| QMMM:                 Dspev diag routine = 0.077916 seconds
| QMMM:                Dspevd diag routine = 0.026546 seconds
| QMMM:                Dspevx diag routine = 0.106173 seconds
| QMMM:                 Dsyev diag routine = 0.036669 seconds
| QMMM:                Dsyevd diag routine = 0.018410 seconds
| QMMM:                Dsyevr diag routine = 0.023401 seconds
| QMMM:
| QMMM:                Pseudo diag routine = 0.026652 seconds
| QMMM: Pseudo diagonalization appears to be slower than regular
| QMMM: diagonalization. Setting pseudo_diag=0 for optimum performance.
| QMMM:
| QMMM: Using dsyevd routine (diag_routine=6).

  QMMM: QM Region Cartesian Coordinates (*=link atom) 
  QMMM: QM_NO.   MM_NO.  ATOM         X         Y         Z
  QMMM:     1        1      O        1.3640   -0.6190    0.2420
  QMMM:     2        2      C        2.3260    0.1000    0.0470
  QMMM:     3        3      N        2.8370    0.3570   -1.2090
  QMMM:     4        4      C        3.0480    0.7500    1.2110
  QMMM:     5        5      C        2.2940   -0.2310   -2.4220
  QMMM:     6        6      N        4.1640    1.4940    0.9470
  QMMM:     7        7      C        2.5650    0.5350    2.4990
  QMMM:     8        8      C        1.8640    0.8180   -3.4180
  QMMM:     9        9      C        4.8180    2.0430    2.0170
  QMMM:    10       10      C        3.2570    1.0780    3.5780
  QMMM:    11       11      C        2.4640    0.9250   -4.6770
  QMMM:    12       12      C        0.8190    1.6950   -3.1040
  QMMM:    13       13      C        4.4090    1.8360    3.3470
  QMMM:    14       14      C        6.0600    2.8820    1.7240
  QMMM:    15       15      C        2.0550    1.9200   -5.5720
  QMMM:    16       16      C        0.4130    2.6850   -4.0080
  QMMM:    17       17      C        5.1440    2.4610    4.5120
  QMMM:    18       18      N        6.4900    3.7050    2.8550
  QMMM:    19       19      C        1.0380    2.8310   -5.2500
  QMMM:    20       20      C        6.5200    3.0180    4.1380
  QMMM:    21       21      C        7.1450    4.9260    2.6200
  QMMM:    22       22      N        0.6820    3.7980   -6.1880
  QMMM:    23       23      O        7.5840    5.1980    1.5020
  QMMM:    24       24      C        7.0760    5.9310    3.7070
  QMMM:    25       25      C       -0.6880    4.3380   -6.1760
  QMMM:    26       26      C        1.6920    4.8550   -6.4150
  QMMM:    27       27      O        5.9020    5.8130    4.4450
  QMMM:    28       28      C        7.3000    7.3140    3.6510
  QMMM:    29       29      C       -0.9600    5.0490   -7.5230
  QMMM:    30       30      C        1.3900    5.5590   -7.7610
  QMMM:    31       31      C        5.1700    6.8860    4.0530
  QMMM:    32       32      C        5.9910    7.8300    3.4530
  QMMM:    33       33      C        8.5110    8.1360    3.8850
  QMMM:    34       34      N        0.0200    6.1250   -7.8100
  QMMM:    35       35      C        3.7960    7.0160    4.2110
  QMMM:    36       36      C        5.4230    9.0090    2.9590
  QMMM:    37       37      C       -0.2420    6.7220   -9.1160
  QMMM:    38       38      C        3.2430    8.1670    3.6590
  QMMM:    39       39      C        4.0300    9.1450    3.0400
  QMMM:    40       40      H        3.6050    0.9680   -1.2880
  QMMM:    41       41      H        1.4460   -0.8310   -2.1650
  QMMM:    42       42      H        3.0630   -0.8200   -2.8750
  QMMM:    43       43      H        1.7070   -0.0180    2.6510
  QMMM:    44       44      H        2.9220    0.9220    4.5410
  QMMM:    45       45      H        3.2120    0.2670   -4.9460
  QMMM:    46       46      H        0.3400    1.6110   -2.1940
  QMMM:    47       47      H        5.8450    3.5270    0.8980
  QMMM:    48       48      H        6.8560    2.2000    1.5120
  QMMM:    49       49      H        2.5140    1.9860   -6.4940
  QMMM:    50       50      H       -0.3620    3.3170   -3.7530
  QMMM:    51       51      H        5.2740    1.7170    5.2700
  QMMM:    52       52      H        4.5520    3.2860    4.8510
  QMMM:    53       53      H        7.2180    2.2090    4.0820
  QMMM:    54       54      H        6.8110    3.7230    4.8880
  QMMM:    55       55      H       -0.7910    5.0370   -5.3730
  QMMM:    56       56      H       -1.3890    3.5410   -6.0390
  QMMM:    57       57      H        2.6680    4.4170   -6.4510
  QMMM:    58       58      H        1.6560    5.5670   -5.6180
  QMMM:    59       59      H       -1.9400    5.4780   -7.4920
  QMMM:    60       60      H       -0.8740    4.3170   -8.2990
  QMMM:    61       61      H        1.4960    4.8470   -8.5520
  QMMM:    62       62      H        2.0810    6.3690   -7.8660
  QMMM:    63       63      H        9.3600    7.4960    4.0010
  QMMM:    64       64      H        8.3800    8.7200    4.7720
  QMMM:    65       65      H        8.6670    8.7870    3.0500
  QMMM:    66       66      H       -0.0680    6.8580   -7.1060
  QMMM:    67       67      H        3.2270    6.3090    4.7020
  QMMM:    68       68      H        6.0090    9.7530    2.5500
  QMMM:    69       69      H       -0.1560    5.9730   -9.8750
  QMMM:    70       70      H        0.4690    7.5000   -9.3020
  QMMM:    71       71      H       -1.2300    7.1320   -9.1290
  QMMM:    72       72      H        2.2210    8.3040    3.7080
  QMMM:    73       73      H        3.5770    9.9790    2.6360

--------------------------------------------------------------------------------
  RESULTS
--------------------------------------------------------------------------------

      iter         sqm energy              rms gradient
      ----    -------------------    -----------------------
xmin    10      194.0615 kcal/mol        1.4364 kcal/(mol*A)
xmin    20      186.3442 kcal/mol        2.6902 kcal/(mol*A)
xmin    30      184.4330 kcal/mol        0.6846 kcal/(mol*A)
xmin    40      182.9313 kcal/mol        1.0846 kcal/(mol*A)
xmin    50      182.0547 kcal/mol        0.4572 kcal/(mol*A)
xmin    60      181.8415 kcal/mol        0.1037 kcal/(mol*A)
xmin    70      181.6494 kcal/mol        0.5864 kcal/(mol*A)
xmin    80      181.5112 kcal/mol        0.1147 kcal/(mol*A)
xmin    90      181.4062 kcal/mol        0.0863 kcal/(mol*A)
xmin   100      181.3782 kcal/mol        0.0612 kcal/(mol*A)
xmin   110      181.3676 kcal/mol        0.0381 kcal/(mol*A)
xmin   120      181.3559 kcal/mol        0.3161 kcal/(mol*A)
xmin   130      181.3374 kcal/mol        0.0483 kcal/(mol*A)
xmin   140      181.3304 kcal/mol        0.0809 kcal/(mol*A)
xmin   150      181.3262 kcal/mol        0.0166 kcal/(mol*A)
xmin   160      181.3221 kcal/mol        0.0232 kcal/(mol*A)
xmin   170      181.3190 kcal/mol        0.0209 kcal/(mol*A)
xmin   180      181.3164 kcal/mol        0.0316 kcal/(mol*A)
xmin   190      181.3137 kcal/mol        0.0250 kcal/(mol*A)
xmin   200      181.3119 kcal/mol        0.0138 kcal/(mol*A)
xmin   210      181.3114 kcal/mol        0.0077 kcal/(mol*A)
xmin   220      181.3106 kcal/mol        0.0106 kcal/(mol*A)
xmin   230      181.3099 kcal/mol        0.0103 kcal/(mol*A)
xmin   240      181.3095 kcal/mol        0.0065 kcal/(mol*A)
xmin   250      181.3094 kcal/mol        0.0043 kcal/(mol*A)
xmin   260      181.3092 kcal/mol        0.0018 kcal/(mol*A)
xmin   270      181.3092 kcal/mol        0.0012 kcal/(mol*A)
xmin   280      181.3092 kcal/mol        0.0012 kcal/(mol*A)
xmin   290      181.3092 kcal/mol        0.0026 kcal/(mol*A)
xmin   300      181.3092 kcal/mol        0.0022 kcal/(mol*A)
xmin   310      181.3091 kcal/mol        0.0013 kcal/(mol*A)
  ... geometry converged !
 
 Final MO eigenvalues (eV):
 -45.8275  -43.5188  -42.7963  -42.5913  -41.5435  -40.7672  -40.0351  -39.2323
 -38.5649  -37.3588  -36.3339  -36.2644  -35.8913  -34.7614  -34.0593  -33.9095
 -32.8457  -32.5470  -32.2967  -31.6592  -30.4378  -30.0391  -29.2808  -28.8415
 -28.2510  -27.0398  -26.3559  -26.0246  -25.5697  -25.2032  -24.5897  -24.4909
 -23.8551  -23.1270  -22.5798  -22.2986  -22.2073  -21.4766  -21.2379  -20.8022
 -20.5169  -20.1804  -19.8946  -19.6049  -19.3338  -19.0876  -18.8486  -18.6299
 -18.4801  -18.3785  -18.3631  -18.1881  -18.1533  -17.9341  -17.7710  -17.6655
 -17.5423  -17.3465  -17.2441  -16.9763  -16.9131  -16.8553  -16.7933  -16.5658
 -16.5080  -16.3402  -16.2411  -16.1298  -16.0507  -15.9245  -15.7820  -15.6860
 -15.4730  -15.3583  -15.2754  -15.2030  -15.0402  -14.8179  -14.6893  -14.4482
 -14.3416  -14.2711  -14.2469  -14.2028  -13.8676  -13.6475  -13.3212  -13.2540
 -12.9269  -12.5298  -12.3083  -12.1478  -12.1311  -12.0198  -11.8265  -11.5632
 -11.2242  -11.1366  -10.7157  -10.3201   -3.7932   -2.2522   -1.8970   -1.8532
  -1.7779   -1.7216   -1.7049   -1.6132   -1.4112   -1.1905   -0.8808   -0.7642
  -0.7063   -0.6357   -0.5296   -0.5121   -0.4782   -0.3950   -0.3109   -0.2066
  -0.1456   -0.0841    0.1479    0.2120    0.3012    0.3277    0.5429    0.6246
   0.6575    0.7410    0.9301    1.0504    1.3946    1.4127    1.4767    1.4835
   1.7543    1.7625    1.8810    1.9327    1.9590    2.0686    2.0762    2.1033
   2.1576    2.1778    2.2372    2.3123    2.3567    2.3936    2.5323    2.6412
   2.6630    2.7258    2.7412    2.7591    2.7792    2.8398    2.8479    2.9060
   2.9313    3.0689    3.0763    3.0838    3.1270    3.1589    3.1836    3.2259
   3.2366    3.3648    3.3794    3.4447    3.5229    3.5920    3.6486    3.6516
   3.6902    3.8106    3.8611    3.9475    3.9976    4.0880    4.2017    4.2790
   4.5584    4.6515    4.7044    4.9686    5.3991    5.4154

 Heat of formation   =        181.30914193 kcal/mol  (        7.86215437 eV)

 Total SCF energy    =    -148144.52964890 kcal/mol  (    -6424.02886470 eV)
 Electronic energy   =   -1338945.82747753 kcal/mol  (   -58061.04798047 eV)
 Core-core repulsion =    1190801.29782863 kcal/mol  (    51637.01911576 eV)
 
    Atomic Charges for Step       1 :
  Atom    Element       Mulliken Charge
     1      O                 -0.373
     2      C                  0.354
     3      N                 -0.351
     4      C                 -0.068
     5      C                  0.004
     6      N                 -0.133
     7      C                 -0.117
     8      C                 -0.099
     9      C                 -0.038
    10      C                 -0.102
    11      C                 -0.101
    12      C                 -0.088
    13      C                 -0.082
    14      C                  0.006
    15      C                 -0.126
    16      C                 -0.159
    17      C                 -0.153
    18      N                 -0.301
    19      C                 -0.004
    20      C                 -0.033
    21      C                  0.380
    22      N                 -0.237
    23      O                 -0.351
    24      C                 -0.084
    25      C                 -0.079
    26      C                 -0.081
    27      O                 -0.115
    28      C                 -0.029
    29      C                 -0.132
    30      C                 -0.132
    31      C                  0.029
    32      C                 -0.111
    33      C                 -0.175
    34      N                 -0.004
    35      C                 -0.130
    36      C                 -0.068
    37      C                 -0.192
    38      C                 -0.096
    39      C                 -0.149
    40      H                  0.241
    41      H                  0.131
    42      H                  0.102
    43      H                  0.171
    44      H                  0.151
    45      H                  0.147
    46      H                  0.176
    47      H                  0.147
    48      H                  0.111
    49      H                  0.139
    50      H                  0.131
    51      H                  0.109
    52      H                  0.117
    53      H                  0.098
    54      H                  0.123
    55      H                  0.083
    56      H                  0.156
    57      H                  0.152
    58      H                  0.089
    59      H                  0.141
    60      H                  0.155
    61      H                  0.153
    62      H                  0.142
    63      H                  0.110
    64      H                  0.096
    65      H                  0.095
    66      H                  0.241
    67      H                  0.152
    68      H                  0.144
    69      H                  0.146
    70      H                  0.143
    71      H                  0.143
    72      H                  0.142
    73      H                  0.141
 Total Mulliken Charge =       1.000
 
                  X        Y        Z     TOTAL  
  QM DIPOLE     4.823   26.009  -30.846   40.635
 
 Final Structure

  QMMM: QM Region Cartesian Coordinates (*=link atom) 
  QMMM: QM_NO.   MM_NO.  ATOM         X         Y         Z
  QMMM:     1        1      O        0.9312    0.1432   -0.3849
  QMMM:     2        2      C        2.1664    0.3224   -0.4003
  QMMM:     3        3      N        2.9547   -0.1467   -1.4341
  QMMM:     4        4      C        2.8445    1.0116    0.7561
  QMMM:     5        5      C        2.3727   -0.6881   -2.6318
  QMMM:     6        6      N        3.9441    1.7658    0.5256
  QMMM:     7        7      C        2.2614    0.8625    2.0298
  QMMM:     8        8      C        1.9870    0.3416   -3.6606
  QMMM:     9        9      C        4.4995    2.4090    1.5745
  QMMM:    10       10      C        2.8483    1.5262    3.1067
  QMMM:    11       11      C        2.7240    0.4944   -4.8364
  QMMM:    12       12      C        0.8696    1.1531   -3.4398
  QMMM:    13       13      C        3.9813    2.3181    2.8938
  QMMM:    14       14      C        5.7486    3.2343    1.2995
  QMMM:    15       15      C        2.3618    1.4497   -5.7821
  QMMM:    16       16      C        0.4999    2.1177   -4.3715
  QMMM:    17       17      C        4.5944    3.0610    4.0230
  QMMM:    18       18      N        6.0620    4.1769    2.3530
  QMMM:    19       19      C        1.2445    2.2804   -5.5566
  QMMM:    20       20      C        5.9809    3.6115    3.6794
  QMMM:    21       21      C        5.9433    5.5414    2.0932
  QMMM:    22       22      N        0.8877    3.2294   -6.5672
  QMMM:    23       23      O        5.9148    5.9570    0.9165
  QMMM:    24       24      C        5.9628    6.5123    3.2053
  QMMM:    25       25      C       -0.4964    3.6630   -6.5683
  QMMM:    26       26      C        1.8118    4.3457   -6.6894
  QMMM:    27       27      O        5.0992    6.2644    4.2981
  QMMM:    28       28      C        6.6413    7.7059    3.3447
  QMMM:    29       29      C       -0.8233    4.4530   -7.8516
  QMMM:    30       30      C        1.5334    5.1597   -7.9682
  QMMM:    31       31      C        5.2599    7.3573    5.1518
  QMMM:    32       32      C        6.2094    8.2778    4.6127
  QMMM:    33       33      C        7.6095    8.3024    2.4232
  QMMM:    34       34      N        0.1053    5.6184   -8.0375
  QMMM:    35       35      C        4.6071    7.5615    6.3636
  QMMM:    36       36      C        6.5071    9.4376    5.3250
  QMMM:    37       37      C       -0.1694    6.3248   -9.3111
  QMMM:    38       38      C        4.9301    8.7308    7.0495
  QMMM:    39       39      C        5.8612    9.6497    6.5404
  QMMM:    40       40      H        3.8974    0.1637   -1.4949
  QMMM:    41       41      H        1.4455   -1.2692   -2.3472
  QMMM:    42       42      H        3.1193   -1.4051   -3.0805
  QMMM:    43       43      H        1.3587    0.2451    2.1517
  QMMM:    44       44      H        2.4212    1.4321    4.1170
  QMMM:    45       45      H        3.6004   -0.1459   -5.0258
  QMMM:    46       46      H        0.2862    1.0274   -2.5088
  QMMM:    47       47      H        5.6423    3.7845    0.3192
  QMMM:    48       48      H        6.6176    2.5175    1.2104
  QMMM:    49       49      H        2.9530    1.5448   -6.7058
  QMMM:    50       50      H       -0.3809    2.7428   -4.1617
  QMMM:    51       51      H        4.6883    2.3925    4.9197
  QMMM:    52       52      H        3.9174    3.9144    4.3070
  QMMM:    53       53      H        6.7302    2.7676    3.7221
  QMMM:    54       54      H        6.2805    4.3743    4.4504
  QMMM:    55       55      H       -0.7609    4.3013   -5.6742
  QMMM:    56       56      H       -1.1579    2.7492   -6.5556
  QMMM:    57       57      H        2.8595    3.9357   -6.7726
  QMMM:    58       58      H        1.7786    5.0374   -5.7973
  QMMM:    59       59      H       -1.8765    4.8455   -7.7899
  QMMM:    60       60      H       -0.7269    3.7852   -8.7544
  QMMM:    61       61      H        1.7386    4.5310   -8.8809
  QMMM:    62       62      H        2.1984    6.0679   -7.9848
  QMMM:    63       63      H        7.5372    7.8267    1.4119
  QMMM:    64       64      H        8.6506    8.1626    2.8123
  QMMM:    65       65      H        7.4199    9.4005    2.3195
  QMMM:    66       66      H       -0.0512    6.2700   -7.2568
  QMMM:    67       67      H        3.8790    6.8393    6.7533
  QMMM:    68       68      H        7.2333   10.1640    4.9333
  QMMM:    69       69      H       -0.0045    5.6257  -10.1743
  QMMM:    70       70      H        0.5228    7.2042   -9.4051
  QMMM:    71       71      H       -1.2349    6.6800   -9.3166
  QMMM:    72       72      H        4.4428    8.9391    8.0147
  QMMM:    73       73      H        6.0835   10.5594    7.1190

           --------- Calculation Completed ----------

