This software collection is provided and supported by CSC.
Run `module help Local-CSC` for more information about support.
Not all software may be compatible with software in other stacks,
so mix at your own risk. 

Lmod is automatically replacing "craype-x86-rome" with "craype-x86-milan".


Lmod is automatically replacing "cce/19.0.0" with "gcc-native/14.2".


Lmod is automatically replacing "PrgEnv-cray/8.6.0" with "PrgEnv-gnu/8.6.0".


    Amber24 (CPU-version) loaded.
    Note:
        * CSC has acquired a non-profit computing center license for Amber24.
          Thus, only users from non-profit organizations are allowed to use
          this module! By using the module you accept the terms.
        * See the detailed license text at https://ambermd.org/GetAmber.php
        * This module was recompiled on 2026-02-03.


Due to MODULEPATH changes, the following have been reloaded:
  1) cray-libsci/25.03.0     2) cray-mpich/8.1.32

pmemd.MPI : /appl/local/csc/soft/chem/amber/24-cpu/bin/pmemd.MPI
cpptraj   : /appl/local/csc/soft/chem/amber/24-cpu/bin/cpptraj
Nodes     : 1
CPUs alloc: 128
cpus-per-task: 128
ntasks: ?
Tue Sep 15 20:07:09 EEST 2026
--- srun smoke test ---
nid001205
nid001205
nid001205
nid001205
srun OK
Tarball extracted at Tue Sep 15 20:07:12 EEST 2026
inputs:
equil.in
heat.in
min.in
prod.in
systems:
CPD1
CPD10
CPD11
CPD12
CPD4
CPD7
CPD8
CPD9
REF_85C
===== START REF_85C Tue Sep 15 20:07:12 EEST 2026 =====
--- MIN Tue Sep 15 20:07:13 EEST 2026 ---
Note: The following floating-point exceptions are signalling: IEEE_INVALID_FLAG
--- HEAT Tue Sep 15 20:10:42 EEST 2026 ---
Note: The following floating-point exceptions are signalling: IEEE_INVALID_FLAG
--- EQUIL Tue Sep 15 20:17:46 EEST 2026 ---
srun: Job step aborted: Waiting up to 32 seconds for job step to finish.
[2026-09-15T20:24:40.853] error: *** STEP 22076604.3 ON nid001205 CANCELLED AT 2026-09-15T20:24:40 DUE to SIGNAL Terminated ***
[2026-09-15T20:24:40.860] error: *** JOB 22076604 ON nid001205 CANCELLED AT 2026-09-15T20:24:40 DUE to SIGNAL Terminated ***
