            --------------------------------------------------------
                             AMBER SQM VERSION 19
 
                                     By
              Ross C. Walker, Michael F. Crowley, Scott Brozell,
                         Tim Giese, Andreas W. Goetz,
                        Tai-Sung Lee and David A. Case
 
            --------------------------------------------------------
 

--------------------------------------------------------------------------------
  QM CALCULATION INFO
--------------------------------------------------------------------------------

| QMMM: Citation for AMBER QMMM Run:
| QMMM: R.C. Walker, M.F. Crowley and D.A. Case, J. COMP. CHEM. 29:1019, 2008

QMMM: SINGLET STATE CALCULATION
QMMM: RHF CALCULATION, NO. OF DOUBLY OCCUPIED LEVELS = 87

| QMMM: *** Selected Hamiltonian *** 
| QMMM: AM1         

| QMMM: *** Parameter sets in use ***
| QMMM: C : M.J.S.DEWAR et al. JACS, 107, 3902, (1985)
| QMMM: N : M.J.S.DEWAR et al. JACS, 107, 3902, (1985)
| QMMM: O : M.J.S.DEWAR et al. JACS, 107, 3902, (1985)
| QMMM: H : M.J.S.DEWAR et al. JACS, 107, 3902, (1985)
| QMMM: S : M.J.S.DEWAR et al. INORG. CHEM., 29, 3881, (1990)

| QMMM: *** SCF convergence criteria ***
| QMMM: Energy change                :  0.1D-09 kcal/mol
| QMMM: Error matrix |FP-PF|         :  0.1D+00 au
| QMMM: Density matrix change        :  0.5D-06
| QMMM: Maximum number of SCF cycles :     1000

| QMMM: *** Diagonalization Routine Information ***
| QMMM: Pseudo diagonalizations are allowed.
| QMMM: Auto diagonalization routine selection is in use.
| QMMM:
| QMMM: Timing diagonalization routines:
| QMMM:                              norbs =      160
| QMMM:    diag iterations used for timing =        5
| QMMM:
| QMMM:              Internal diag routine = 0.034270 seconds
| QMMM:                 Dspev diag routine = 0.031105 seconds
| QMMM:                Dspevd diag routine = 0.015821 seconds
| QMMM:                Dspevx diag routine = 0.079825 seconds
| QMMM:                 Dsyev diag routine = 0.021924 seconds
| QMMM:                Dsyevd diag routine = 0.011952 seconds
| QMMM:                Dsyevr diag routine = 0.016527 seconds
| QMMM:
| QMMM:                Pseudo diag routine = 0.014431 seconds
| QMMM: Pseudo diagonalization appears to be slower than regular
| QMMM: diagonalization. Setting pseudo_diag=0 for optimum performance.
| QMMM:
| QMMM: Using dsyevd routine (diag_routine=6).

  QMMM: QM Region Cartesian Coordinates (*=link atom) 
  QMMM: QM_NO.   MM_NO.  ATOM         X         Y         Z
  QMMM:     1        1      C       80.8120  150.7870   15.8610
  QMMM:     2        2      N       81.8870  150.4190   15.1040
  QMMM:     3        3      C       80.9040  151.3720   17.1140
  QMMM:     4        4      C       83.1200  150.6450   15.6230
  QMMM:     5        5      C       82.1720  151.6000   17.6290
  QMMM:     6        6      C       83.2900  151.2360   16.8800
  QMMM:     7        7      C       84.3570  150.2550   14.8130
  QMMM:     8        8      O       85.6120  150.3920   15.5250
  QMMM:     9        9      C       84.4320  150.9090   13.4120
  QMMM:    10       10      C       86.1210  151.7350   15.5530
  QMMM:    11       11      N       84.9690  152.2690   13.4590
  QMMM:    12       12      C       86.2600  152.3290   14.1480
  QMMM:    13       13      C       84.0590  153.3310   13.4770
  QMMM:    14       14      O       82.8470  153.1280   13.5070
  QMMM:    15       15      C       84.5990  154.6690   13.4080
  QMMM:    16       16      N       85.6450  155.0530   12.6060
  QMMM:    17       17      C       84.2900  155.7980   14.1480
  QMMM:    18       18      N       85.9660  156.3590   12.7260
  QMMM:    19       19      C       86.3730  154.2260   11.6680
  QMMM:    20       20      C       85.1590  156.8100   13.6890
  QMMM:    21       21      C       85.2510  158.2220   14.1600
  QMMM:    22       22      C       84.5530  158.4380   15.4940
  QMMM:    23       23      N       78.5460  150.0330   16.1820
  QMMM:    24       24      C       79.4660  150.4980   15.2690
  QMMM:    25       25      O       79.2250  150.6880   14.0830
  QMMM:    26       26      H       78.8630  150.0050   17.1460
  QMMM:    27       27      C       77.1380  149.9440   15.8940
  QMMM:    28       28      S       77.0980  151.1410   18.4170
  QMMM:    29       29      C       76.3820  150.2300   17.1480
  QMMM:    30       30      C       75.6570  150.9870   19.3350
  QMMM:    31       31      C       75.0920  149.8700   17.5040
  QMMM:    32       32      N       74.6910  150.3100   18.7550
  QMMM:    33       33      C       75.5610  151.5890   20.6920
  QMMM:    34       34      C       74.1150  149.0970   16.6910
  QMMM:    35       35      H       80.0020  151.6470   17.6810
  QMMM:    36       36      H       82.2940  152.0640   18.6190
  QMMM:    37       37      H       84.3010  151.4120   17.2750
  QMMM:    38       38      H       84.2110  149.1770   14.6510
  QMMM:    39       39      H       85.0800  150.2950   12.7700
  QMMM:    40       40      H       83.4080  150.9670   13.0150
  QMMM:    41       41      H       85.4310  152.3630   16.1360
  QMMM:    42       42      H       87.1210  151.7080   16.0100
  QMMM:    43       43      H       86.5870  153.3760   14.2240
  QMMM:    44       44      H       87.0050  151.7510   13.5790
  QMMM:    45       45      H       83.5250  155.8870   14.9330
  QMMM:    46       46      H       87.0020  153.5120   12.2200
  QMMM:    47       47      H       85.6620  153.6750   11.0360
  QMMM:    48       48      H       87.0090  154.8630   11.0360
  QMMM:    49       49      H       86.3130  158.4880   14.2710
  QMMM:    50       50      H       84.7520  158.8570   13.4140
  QMMM:    51       51      H       85.2530  158.2210   16.3140
  QMMM:    52       52      H       84.2150  159.4820   15.5660
  QMMM:    53       53      H       83.6850  157.7660   15.5660
  QMMM:    54       54      H       76.8960  148.9320   15.5370
  QMMM:    55       55      H       76.8650  150.6690   15.1140
  QMMM:    56       56      H       75.6870  150.8030   21.4510
  QMMM:    57       57      H       76.3500  152.3460   20.8140
  QMMM:    58       58      H       74.5760  152.0630   20.8140
  QMMM:    59       59      H       73.4290  148.5550   17.3590
  QMMM:    60       60      H       73.5390  149.7870   16.0560
  QMMM:    61       61      H       74.6530  148.3780   16.0560

--------------------------------------------------------------------------------
  RESULTS
--------------------------------------------------------------------------------

      iter         sqm energy              rms gradient
      ----    -------------------    -----------------------
xmin    10       33.1466 kcal/mol        1.9254 kcal/(mol*A)
xmin    20       31.2065 kcal/mol        0.9312 kcal/(mol*A)
xmin    30       30.4443 kcal/mol        1.3332 kcal/(mol*A)
xmin    40       28.8780 kcal/mol        1.4706 kcal/(mol*A)
xmin    50       27.3503 kcal/mol        0.6443 kcal/(mol*A)
xmin    60       26.3973 kcal/mol        0.2864 kcal/(mol*A)
xmin    70       26.0642 kcal/mol        0.2132 kcal/(mol*A)
xmin    80       25.8555 kcal/mol        0.1842 kcal/(mol*A)
xmin    90       25.4858 kcal/mol        0.3314 kcal/(mol*A)
xmin   100       24.8313 kcal/mol        1.3096 kcal/(mol*A)
xmin   110       23.9989 kcal/mol        0.3993 kcal/(mol*A)
xmin   120       22.7548 kcal/mol        0.5896 kcal/(mol*A)
xmin   130       22.3965 kcal/mol        0.2337 kcal/(mol*A)
xmin   140       22.1801 kcal/mol        0.1554 kcal/(mol*A)
xmin   150       22.1085 kcal/mol        0.0653 kcal/(mol*A)
xmin   160       22.0662 kcal/mol        0.2452 kcal/(mol*A)
xmin   170       22.0103 kcal/mol        0.0750 kcal/(mol*A)
xmin   180       21.9854 kcal/mol        0.1077 kcal/(mol*A)
xmin   190       21.8748 kcal/mol        0.1864 kcal/(mol*A)
xmin   200       21.8326 kcal/mol        0.0401 kcal/(mol*A)
xmin   210       21.8290 kcal/mol        0.0239 kcal/(mol*A)
xmin   220       21.8247 kcal/mol        0.0108 kcal/(mol*A)
xmin   230       21.8239 kcal/mol        0.0035 kcal/(mol*A)
xmin   240       21.8238 kcal/mol        0.0013 kcal/(mol*A)
  ... geometry converged !
 
 Final MO eigenvalues (eV):
 -41.9973  -41.3758  -40.3874  -39.5775  -38.9599  -38.5451  -36.1768  -35.8285
 -35.3981  -33.8366  -33.5454  -32.9849  -32.4917  -31.5580  -30.9897  -29.9857
 -29.6427  -28.7839  -27.3657  -26.4712  -25.8587  -24.8600  -24.3503  -24.1218
 -23.6225  -22.8422  -22.0645  -21.5568  -20.7943  -19.8093  -19.5940  -19.1021
 -18.5275  -18.3128  -17.9628  -17.7002  -17.3838  -17.1639  -16.7619  -16.5997
 -16.4952  -16.3977  -16.2722  -16.0216  -15.7656  -15.6063  -15.3401  -15.2615
 -15.1123  -14.9493  -14.8155  -14.6806  -14.5102  -14.3911  -14.0190  -13.9883
 -13.8991  -13.7476  -13.6632  -13.6510  -13.4774  -13.3585  -13.2030  -13.0808
 -13.0030  -12.9371  -12.7389  -12.6438  -12.4611  -12.2983  -12.2441  -12.1673
 -11.8497  -11.7092  -11.4843  -11.2736  -11.1483  -11.0246  -10.7756  -10.6978
 -10.1534  -10.0560   -9.9064   -9.8743   -9.7687   -9.5645   -8.9715   -0.4648
  -0.1435   -0.1082    0.1714    0.6483    1.0295    1.0473    1.2770    1.4987
   1.5635    1.6523    1.9549    2.1492    2.3807    2.6993    2.7958    2.9734
   3.1156    3.2868    3.3323    3.3920    3.4862    3.5839    3.6036    3.6237
   3.7428    3.8115    3.8328    3.8625    3.8960    3.9318    3.9345    3.9809
   4.1023    4.1060    4.1421    4.1893    4.2000    4.2303    4.2408    4.2868
   4.3225    4.3697    4.3756    4.4073    4.4587    4.4770    4.5972    4.5989
   4.7194    4.7672    4.7761    4.8274    4.8734    4.9098    4.9333    5.0199
   5.0607    5.1799    5.1850    5.2817    5.4806    5.5051    5.5100    5.7072
   5.7174    5.8966    6.2891    6.5198    6.5874    6.6995    6.7630    7.1894


 Heat of formation   =         21.82376051 kcal/mol  (        0.94634927 eV)

 Total SCF energy    =    -132027.00187265 kcal/mol  (    -5725.12041423 eV)
 Electronic energy   =   -1200997.11003317 kcal/mol  (   -52079.14270991 eV)
 Core-core repulsion =    1068970.10816052 kcal/mol  (    46354.02229567 eV)
 
    Atomic Charges for Step       1 :
  Atom    Element       Mulliken Charge
     1      C                 -0.057
     2      N                 -0.123
     3      C                 -0.120
     4      C                 -0.059
     5      C                 -0.106
     6      C                 -0.141
     7      C                  0.052
     8      O                 -0.261
     9      C                 -0.050
    10      C                 -0.049
    11      N                 -0.291
    12      C                 -0.071
    13      C                  0.393
    14      O                 -0.382
    15      C                 -0.126
    16      N                 -0.088
    17      C                 -0.192
    18      N                 -0.060
    19      C                 -0.074
    20      C                 -0.121
    21      C                 -0.085
    22      C                 -0.209
    23      N                 -0.350
    24      C                  0.351
    25      O                 -0.380
    26      H                  0.261
    27      C                  0.048
    28      S                  0.499
    29      C                 -0.440
    30      C                 -0.276
    31      C                 -0.058
    32      N                 -0.111
    33      C                 -0.155
    34      C                 -0.156
    35      H                  0.173
    36      H                  0.147
    37      H                  0.151
    38      H                  0.128
    39      H                  0.098
    40      H                  0.139
    41      H                  0.087
    42      H                  0.117
    43      H                  0.121
    44      H                  0.100
    45      H                  0.170
    46      H                  0.091
    47      H                  0.121
    48      H                  0.116
    49      H                  0.087
    50      H                  0.094
    51      H                  0.080
    52      H                  0.072
    53      H                  0.086
    54      H                  0.102
    55      H                  0.124
    56      H                  0.104
    57      H                  0.084
    58      H                  0.104
    59      H                  0.096
    60      H                  0.090
    61      H                  0.105
 Total Mulliken Charge =      -0.000
 
                  X        Y        Z     TOTAL  
  QM DIPOLE     2.865   -1.657    0.141    3.313
 
 Final Structure

  QMMM: QM Region Cartesian Coordinates (*=link atom) 
  QMMM: QM_NO.   MM_NO.  ATOM         X         Y         Z
  QMMM:     1        1      C       82.2862  151.8889   18.2769
  QMMM:     2        2      N       83.0289  151.3589   17.2784
  QMMM:     3        3      C       82.5114  151.6048   19.6408
  QMMM:     4        4      C       84.0088  150.4925   17.6151
  QMMM:     5        5      C       83.5394  150.7224   19.9746
  QMMM:     6        6      C       84.2985  150.1504   18.9555
  QMMM:     7        7      C       84.8346  149.8371   16.5259
  QMMM:     8        8      O       86.1189  150.4482   16.4276
  QMMM:     9        9      C       84.1251  149.7750   15.1573
  QMMM:    10       10      C       86.1103  151.7188   15.7852
  QMMM:    11       11      N       84.1484  151.0267   14.4283
  QMMM:    12       12      C       85.4559  151.6435   14.3986
  QMMM:    13       13      C       82.9669  151.7269   14.2227
  QMMM:    14       14      O       81.8581  151.1664   14.3666
  QMMM:    15       15      C       83.0313  153.1247   13.7321
  QMMM:    16       16      N       82.3823  153.5690   12.5641
  QMMM:    17       17      C       83.6057  154.2600   14.3282
  QMMM:    18       18      N       82.5337  154.8848   12.3902
  QMMM:    19       19      C       81.6627  152.7107   11.6506
  QMMM:    20       20      C       83.2661  155.3537   13.4469
  QMMM:    21       21      C       83.6594  156.7674   13.6478
  QMMM:    22       22      C       82.4695  157.6918   13.7353
  QMMM:    23       23      N       80.5433  152.7438   16.7337
  QMMM:    24       24      C       81.1508  152.8373   17.9608
  QMMM:    25       25      O       80.8034  153.6774   18.8185
  QMMM:    26       26      H       80.8026  152.0209   16.0960
  QMMM:    27       27      C       79.3643  153.5018   16.4065
  QMMM:    28       28      S       76.8003  152.9296   17.3454
  QMMM:    29       29      C       78.1184  152.6959   16.3350
  QMMM:    30       30      C       75.9280  151.6838   16.5479
  QMMM:    31       31      C       77.8565  151.6679   15.4246
  QMMM:    32       32      N       76.5948  151.0916   15.5531
  QMMM:    33       33      C       74.5547  151.3348   16.9682
  QMMM:    34       34      C       78.8175  151.1940   14.4018
  QMMM:    35       35      H       81.8861  152.0877   20.4074
  QMMM:    36       36      H       83.7460  150.4821   21.0281
  QMMM:    37       37      H       85.1166  149.4513   19.1781
  QMMM:    38       38      H       85.0751  148.7824   16.8512
  QMMM:    39       39      H       84.6709  149.0146   14.5270
  QMMM:    40       40      H       83.0628  149.4311   15.3005
  QMMM:    41       41      H       85.5876  152.4680   16.4359
  QMMM:    42       42      H       87.1966  151.9815   15.6877
  QMMM:    43       43      H       85.4083  152.6759   13.9571
  QMMM:    44       44      H       86.1049  151.0050   13.7307
  QMMM:    45       45      H       84.1608  154.3181   15.2579
  QMMM:    46       46      H       82.3867  152.2301   10.9395
  QMMM:    47       47      H       81.1338  151.9188   12.2482
  QMMM:    48       48      H       80.9128  153.3058   11.0654
  QMMM:    49       49      H       84.2607  156.8340   14.5945
  QMMM:    50       50      H       84.3257  157.0916   12.8020
  QMMM:    51       51      H       81.7935  157.3879   14.5703
  QMMM:    52       52      H       82.8154  158.7374   13.9218
  QMMM:    53       53      H       81.8841  157.6755   12.7846
  QMMM:    54       54      H       79.5359  153.9770   15.3932
  QMMM:    55       55      H       79.2395  154.3294   17.1657
  QMMM:    56       56      H       74.5047  150.2648   17.2940
  QMMM:    57       57      H       74.2347  151.9842   17.8200
  QMMM:    58       58      H       73.8373  151.4751   16.1202
  QMMM:    59       59      H       78.2946  150.7490   13.5201
  QMMM:    60       60      H       79.4590  152.0424   14.0528
  QMMM:    61       61      H       79.4922  150.4158   14.8432

           --------- Calculation Completed ----------

