            --------------------------------------------------------
                             AMBER SQM VERSION 19
 
                                     By
              Ross C. Walker, Michael F. Crowley, Scott Brozell,
                         Tim Giese, Andreas W. Goetz,
                        Tai-Sung Lee and David A. Case
 
            --------------------------------------------------------
 

--------------------------------------------------------------------------------
  QM CALCULATION INFO
--------------------------------------------------------------------------------

| QMMM: Citation for AMBER QMMM Run:
| QMMM: R.C. Walker, M.F. Crowley and D.A. Case, J. COMP. CHEM. 29:1019, 2008

QMMM: SINGLET STATE CALCULATION
QMMM: RHF CALCULATION, NO. OF DOUBLY OCCUPIED LEVELS = 87

| QMMM: *** Selected Hamiltonian *** 
| QMMM: AM1         

| QMMM: *** Parameter sets in use ***
| QMMM: N : M.J.S.DEWAR et al. JACS, 107, 3902, (1985)
| QMMM: C : M.J.S.DEWAR et al. JACS, 107, 3902, (1985)
| QMMM: O : M.J.S.DEWAR et al. JACS, 107, 3902, (1985)
| QMMM: S : M.J.S.DEWAR et al. INORG. CHEM., 29, 3881, (1990)
| QMMM: H : M.J.S.DEWAR et al. JACS, 107, 3902, (1985)

| QMMM: *** SCF convergence criteria ***
| QMMM: Energy change                :  0.1D-09 kcal/mol
| QMMM: Error matrix |FP-PF|         :  0.1D+00 au
| QMMM: Density matrix change        :  0.5D-06
| QMMM: Maximum number of SCF cycles :     1000

| QMMM: *** Diagonalization Routine Information ***
| QMMM: Pseudo diagonalizations are allowed.
| QMMM: Auto diagonalization routine selection is in use.
| QMMM:
| QMMM: Timing diagonalization routines:
| QMMM:                              norbs =      160
| QMMM:    diag iterations used for timing =        5
| QMMM:
| QMMM:              Internal diag routine = 0.032314 seconds
| QMMM:                 Dspev diag routine = 0.030638 seconds
| QMMM:                Dspevd diag routine = 0.014686 seconds
| QMMM:                Dspevx diag routine = 0.074412 seconds
| QMMM:                 Dsyev diag routine = 0.020702 seconds
| QMMM:                Dsyevd diag routine = 0.010839 seconds
| QMMM:                Dsyevr diag routine = 0.015948 seconds
| QMMM:
| QMMM:                Pseudo diag routine = 0.014849 seconds
| QMMM: Pseudo diagonalization appears to be slower than regular
| QMMM: diagonalization. Setting pseudo_diag=0 for optimum performance.
| QMMM:
| QMMM: Using dsyevd routine (diag_routine=6).

  QMMM: QM Region Cartesian Coordinates (*=link atom) 
  QMMM: QM_NO.   MM_NO.  ATOM         X         Y         Z
  QMMM:     1        1      N       83.8000  151.9290   15.3980
  QMMM:     2        2      C       83.7840  150.5330   14.8510
  QMMM:     3        3      C       82.5730  152.7050   15.0590
  QMMM:     4        4      C       82.4780  149.8010   15.2640
  QMMM:     5        5      C       81.2820  151.9210   15.4060
  QMMM:     6        6      N       81.3110  150.5790   14.8040
  QMMM:     7        7      C       82.4280  149.6610   16.7680
  QMMM:     8        8      C       81.0500  151.7790   16.9220
  QMMM:     9        9      C       80.1310  150.0340   14.3290
  QMMM:    10       10      C       83.1090  148.6650   17.4490
  QMMM:    11       11      C       81.8160  150.6350   17.5480
  QMMM:    12       12      O       79.0950  150.6910   14.2390
  QMMM:    13       13      C       80.1600  148.5920   13.8940
  QMMM:    14       14      N       83.1410  148.6260   18.7890
  QMMM:    15       15      N       81.8360  150.6000   18.8940
  QMMM:    16       16      C       82.5180  149.5990   19.4810
  QMMM:    17       17      S       85.2790  152.7560   15.3580
  QMMM:    18       18      O       86.2170  151.9680   14.5880
  QMMM:    19       19      O       85.5880  153.1790   16.7080
  QMMM:    20       20      C       84.9190  154.2070   14.4260
  QMMM:    21       21      C       84.5790  154.0890   13.0910
  QMMM:    22       22      C       85.0340  155.4770   14.9880
  QMMM:    23       23      N       84.2880  155.1550   12.3060
  QMMM:    24       24      C       84.7560  156.5870   14.1960
  QMMM:    25       25      C       84.3860  156.3780   12.8750
  QMMM:    26       26      C       82.5750  149.5570   20.9880
  QMMM:    27       27      C       81.8160  148.4930   21.7490
  QMMM:    28       28      C       83.3120  148.4370   21.6860
  QMMM:    29       29      N       83.7510  147.6540   16.7060
  QMMM:    30       30      H       83.5370  146.7670   17.1550
  QMMM:    31       31      C       85.1980  147.8040   16.5550
  QMMM:    32       32      C       85.8780  147.5470   17.8680
  QMMM:    33       33      C       87.3740  147.3610   17.9390
  QMMM:    34       34      C       86.4610  146.1930   18.1900
  QMMM:    35       35      H       83.8450  150.5730   13.7540
  QMMM:    36       36      H       84.6440  149.9820   15.2590
  QMMM:    37       37      H       82.5800  153.6470   15.6270
  QMMM:    38       38      H       82.5770  152.8950   13.9760
  QMMM:    39       39      H       82.4580  148.8020   14.8030
  QMMM:    40       40      H       80.4520  152.5110   14.9900
  QMMM:    41       41      H       81.3610  152.7140   17.4110
  QMMM:    42       42      H       79.9800  151.5660   17.0660
  QMMM:    43       43      H       80.1730  147.9410   14.7810
  QMMM:    44       44      H       79.2660  148.3730   13.2920
  QMMM:    45       45      H       81.0620  148.4090   13.2920
  QMMM:    46       46      H       84.5420  153.0840   12.6450
  QMMM:    47       47      H       85.3380  155.6000   16.0380
  QMMM:    48       48      H       84.8280  157.6050   14.6060
  QMMM:    49       49      H       84.1600  157.2570   12.2550
  QMMM:    50       50      H       82.6150  150.6560   21.0140
  QMMM:    51       51      H       81.3150  148.7460   22.6950
  QMMM:    52       52      H       81.0020  147.7940   21.5040
  QMMM:    53       53      H       83.8080  147.6530   21.0940
  QMMM:    54       54      H       84.1190  148.3850   22.4320
  QMMM:    55       55      H       85.5630  147.0830   15.8090
  QMMM:    56       56      H       85.4240  148.8280   16.2250
  QMMM:    57       57      H       85.1510  148.2160   18.3520
  QMMM:    58       58      H       87.9770  147.4000   17.0190
  QMMM:    59       59      H       88.1920  147.8430   18.4950
  QMMM:    60       60      H       86.3640  145.7800   19.2050
  QMMM:    61       61      H       86.3580  145.1830   17.7690

--------------------------------------------------------------------------------
  RESULTS
--------------------------------------------------------------------------------

      iter         sqm energy              rms gradient
      ----    -------------------    -----------------------
xmin    10       52.8469 kcal/mol        1.0739 kcal/(mol*A)
xmin    20       51.2021 kcal/mol        0.3827 kcal/(mol*A)
xmin    30       50.6594 kcal/mol        0.3280 kcal/(mol*A)
xmin    40       50.3126 kcal/mol        0.1617 kcal/(mol*A)
xmin    50       49.9901 kcal/mol        0.0802 kcal/(mol*A)
xmin    60       49.9158 kcal/mol        0.0085 kcal/(mol*A)
xmin    70       49.9152 kcal/mol        0.0054 kcal/(mol*A)
xmin    80       49.9151 kcal/mol        0.0012 kcal/(mol*A)
  ... geometry converged !
 
 Final MO eigenvalues (eV):
 -42.0948  -40.6020  -40.4140  -39.2781  -38.7282  -38.1839  -38.0614  -37.1907
 -36.4971  -35.8221  -33.9948  -33.8902  -33.2469  -32.4189  -32.1099  -30.5887
 -28.5847  -27.9535  -27.0805  -25.9177  -25.3409  -24.8887  -24.5515  -23.3162
 -23.2264  -22.9339  -22.7943  -21.8984  -21.1572  -20.6416  -19.7253  -19.1863
 -18.7314  -18.7028  -18.1179  -17.9348  -17.8525  -17.4202  -17.3764  -17.1550
 -16.6443  -16.5261  -16.2460  -16.1285  -15.8346  -15.6869  -15.5979  -15.5141
 -15.3913  -15.1069  -15.0638  -14.8397  -14.7281  -14.5436  -14.5134  -14.0371
 -13.8554  -13.7485  -13.6256  -13.4197  -13.2776  -13.1485  -13.0633  -13.0235
 -12.9681  -12.8697  -12.7192  -12.6408  -12.5834  -12.4362  -12.3112  -12.2567
 -12.1430  -11.7258  -11.6251  -11.5010  -11.4887  -11.2346  -11.1649  -11.0845
 -11.0084  -10.8077  -10.6986  -10.4685  -10.2454   -9.8674   -9.6939   -1.0204
  -0.5768   -0.3465   -0.2551   -0.1149    1.0799    1.5736    1.8146    2.1291
   2.1442    2.3392    2.6547    2.7134    2.8020    2.9249    2.9459    3.0710
   3.1059    3.1534    3.1805    3.1960    3.2633    3.2970    3.3040    3.5119
   3.5399    3.5857    3.6289    3.6826    3.6935    3.7511    3.7724    3.8070
   3.8242    3.8725    3.9329    3.9733    4.0127    4.0676    4.0895    4.1148
   4.1382    4.1557    4.1589    4.2098    4.2747    4.3510    4.3882    4.4832
   4.4979    4.5275    4.5668    4.6439    4.6637    4.6713    4.6918    4.8014
   4.9044    4.9557    5.0068    5.0471    5.0750    5.0754    5.0884    5.1253
   5.1844    5.6213    5.7177    5.9235    6.0090    6.1532    6.7693    6.8870


 Heat of formation   =         49.91510785 kcal/mol  (        2.16448150 eV)

 Total SCF energy    =    -131998.91052532 kcal/mol  (    -5723.90228201 eV)
 Electronic energy   =   -1213813.14229508 kcal/mol  (   -52634.88757188 eV)
 Core-core repulsion =    1081814.23176976 kcal/mol  (    46910.98528987 eV)
 
    Atomic Charges for Step       1 :
  Atom    Element       Mulliken Charge
     1      N                 -0.833
     2      C                 -0.019
     3      C                 -0.018
     4      C                  0.075
     5      C                  0.007
     6      N                 -0.321
     7      C                 -0.198
     8      C                 -0.148
     9      C                  0.309
    10      C                  0.104
    11      C                  0.048
    12      O                 -0.362
    13      C                 -0.238
    14      N                 -0.216
    15      N                 -0.175
    16      C                  0.088
    17      S                  2.853
    18      O                 -0.932
    19      O                 -0.928
    20      C                 -0.877
    21      C                  0.042
    22      C                  0.021
    23      N                 -0.154
    24      C                 -0.207
    25      C                 -0.009
    26      C                 -0.126
    27      C                 -0.191
    28      C                 -0.187
    29      N                 -0.257
    30      H                  0.178
    31      C                 -0.061
    32      C                 -0.197
    33      C                 -0.199
    34      C                 -0.217
    35      H                  0.088
    36      H                  0.123
    37      H                  0.113
    38      H                  0.087
    39      H                  0.136
    40      H                  0.142
    41      H                  0.128
    42      H                  0.124
    43      H                  0.105
    44      H                  0.118
    45      H                  0.103
    46      H                  0.178
    47      H                  0.161
    48      H                  0.155
    49      H                  0.167
    50      H                  0.147
    51      H                  0.110
    52      H                  0.124
    53      H                  0.126
    54      H                  0.112
    55      H                  0.091
    56      H                  0.127
    57      H                  0.138
    58      H                  0.110
    59      H                  0.113
    60      H                  0.111
    61      H                  0.106
 Total Mulliken Charge =      -0.000
 
                  X        Y        Z     TOTAL  
  QM DIPOLE     1.290   -0.260   -2.975    3.253
 
 Final Structure

  QMMM: QM Region Cartesian Coordinates (*=link atom) 
  QMMM: QM_NO.   MM_NO.  ATOM         X         Y         Z
  QMMM:     1        1      N       83.1247  152.3244   15.3695
  QMMM:     2        2      C       83.2666  150.9850   14.8591
  QMMM:     3        3      C       81.8004  152.8833   15.2677
  QMMM:     4        4      C       82.1193  150.0329   15.3296
  QMMM:     5        5      C       80.6545  151.8968   15.6486
  QMMM:     6        6      N       80.8423  150.6267   14.9627
  QMMM:     7        7      C       82.2284  149.8325   16.8184
  QMMM:     8        8      C       80.5664  151.7194   17.1735
  QMMM:     9        9      C       79.7508  149.8960   14.4981
  QMMM:    10       10      C       83.0886  148.8601   17.3993
  QMMM:    11       11      C       81.4647  150.6359   17.7072
  QMMM:    12       12      O       78.6244  150.4291   14.4558
  QMMM:    13       13      C       79.9681  148.4979   13.9789
  QMMM:    14       14      N       83.1212  148.6702   18.7511
  QMMM:    15       15      N       81.5051  150.4587   19.0465
  QMMM:    16       16      C       82.3269  149.4685   19.5209
  QMMM:    17       17      S       84.3724  153.1193   16.0490
  QMMM:    18       18      O       85.3252  152.1851   16.5174
  QMMM:    19       19      O       83.8896  154.0747   16.9693
  QMMM:    20       20      C       85.0589  153.9521   14.7515
  QMMM:    21       21      C       86.0572  153.3608   13.9458
  QMMM:    22       22      C       84.6962  155.2739   14.4544
  QMMM:    23       23      N       86.6573  153.9779   12.9144
  QMMM:    24       24      C       85.3071  155.9361   13.3920
  QMMM:    25       25      C       86.2801  155.2444   12.6463
  QMMM:    26       26      C       82.3517  149.2729   21.0027
  QMMM:    27       27      C       82.5207  147.8903   21.5845
  QMMM:    28       28      C       83.6361  148.8824   21.6933
  QMMM:    29       29      N       83.9265  148.0700   16.5326
  QMMM:    30       30      H       83.8254  147.0927   16.7574
  QMMM:    31       31      C       85.3337  148.4445   16.5763
  QMMM:    32       32      C       86.1610  147.7639   17.6363
  QMMM:    33       33      C       87.6186  147.5138   17.3603
  QMMM:    34       34      C       86.6590  146.3623   17.4011
  QMMM:    35       35      H       83.2618  151.0077   13.7313
  QMMM:    36       36      H       84.2439  150.5442   15.2096
  QMMM:    37       37      H       81.7242  153.7814   15.9462
  QMMM:    38       38      H       81.6213  153.2181   14.2046
  QMMM:    39       39      H       82.2541  149.0517   14.7903
  QMMM:    40       40      H       79.6873  152.3618   15.2914
  QMMM:    41       41      H       80.8142  152.6935   17.6745
  QMMM:    42       42      H       79.5045  151.4636   17.4437
  QMMM:    43       43      H       80.3059  147.8246   14.8034
  QMMM:    44       44      H       78.9982  148.1167   13.5739
  QMMM:    45       45      H       80.7288  148.4915   13.1616
  QMMM:    46       46      H       86.4041  152.3290   14.1598
  QMMM:    47       47      H       83.9403  155.7857   15.0761
  QMMM:    48       48      H       85.0439  156.9719   13.1403
  QMMM:    49       49      H       86.7901  155.7263   11.7912
  QMMM:    50       50      H       81.6755  149.9755   21.5342
  QMMM:    51       51      H       81.9328  147.6351   22.4848
  QMMM:    52       52      H       82.6350  147.0253   20.9074
  QMMM:    53       53      H       84.5511  148.7310   21.0927
  QMMM:    54       54      H       83.8564  149.3457   22.6720
  QMMM:    55       55      H       85.7414  148.1808   15.5567
  QMMM:    56       56      H       85.4312  149.5622   16.7105
  QMMM:    57       57      H       85.8623  148.0469   18.6658
  QMMM:    58       58      H       88.0416  147.8259   16.3888
  QMMM:    59       59      H       88.3432  147.6420   18.1837
  QMMM:    60       60      H       86.6960  145.6599   18.2521
  QMMM:    61       61      H       86.3954  145.8524   16.4574

           --------- Calculation Completed ----------

