            --------------------------------------------------------
                             AMBER SQM VERSION 19
 
                                     By
              Ross C. Walker, Michael F. Crowley, Scott Brozell,
                         Tim Giese, Andreas W. Goetz,
                        Tai-Sung Lee and David A. Case
 
            --------------------------------------------------------
 

--------------------------------------------------------------------------------
  QM CALCULATION INFO
--------------------------------------------------------------------------------

| QMMM: Citation for AMBER QMMM Run:
| QMMM: R.C. Walker, M.F. Crowley and D.A. Case, J. COMP. CHEM. 29:1019, 2008

QMMM: SINGLET STATE CALCULATION
QMMM: RHF CALCULATION, NO. OF DOUBLY OCCUPIED LEVELS = 87

| QMMM: *** Selected Hamiltonian *** 
| QMMM: AM1         

| QMMM: *** Parameter sets in use ***
| QMMM: C : M.J.S.DEWAR et al. JACS, 107, 3902, (1985)
| QMMM: N : M.J.S.DEWAR et al. JACS, 107, 3902, (1985)
| QMMM: O : M.J.S.DEWAR et al. JACS, 107, 3902, (1985)
| QMMM: H : M.J.S.DEWAR et al. JACS, 107, 3902, (1985)
| QMMM: S : M.J.S.DEWAR et al. INORG. CHEM., 29, 3881, (1990)

| QMMM: *** SCF convergence criteria ***
| QMMM: Energy change                :  0.1D-09 kcal/mol
| QMMM: Error matrix |FP-PF|         :  0.1D+00 au
| QMMM: Density matrix change        :  0.5D-06
| QMMM: Maximum number of SCF cycles :     1000

| QMMM: *** Diagonalization Routine Information ***
| QMMM: Pseudo diagonalizations are allowed.
| QMMM: Auto diagonalization routine selection is in use.
| QMMM:
| QMMM: Timing diagonalization routines:
| QMMM:                              norbs =      160
| QMMM:    diag iterations used for timing =        5
| QMMM:
| QMMM:              Internal diag routine = 0.031989 seconds
| QMMM:                 Dspev diag routine = 0.113691 seconds
| QMMM:                Dspevd diag routine = 0.020814 seconds
| QMMM:                Dspevx diag routine = 0.083774 seconds
| QMMM:                 Dsyev diag routine = 0.043292 seconds
| QMMM:                Dsyevd diag routine = 0.014396 seconds
| QMMM:                Dsyevr diag routine = 0.019736 seconds
| QMMM:
| QMMM:                Pseudo diag routine = 0.015203 seconds
| QMMM: Pseudo diagonalization appears to be slower than regular
| QMMM: diagonalization. Setting pseudo_diag=0 for optimum performance.
| QMMM:
| QMMM: Using dsyevd routine (diag_routine=6).

  QMMM: QM Region Cartesian Coordinates (*=link atom) 
  QMMM: QM_NO.   MM_NO.  ATOM         X         Y         Z
  QMMM:     1        1      C       80.9310  148.9100   17.7390
  QMMM:     2        2      N       81.6630  149.9360   17.2170
  QMMM:     3        3      C       81.2220  148.2840   18.9420
  QMMM:     4        4      C       82.7450  150.3540   17.9200
  QMMM:     5        5      C       82.3250  148.7330   19.6570
  QMMM:     6        6      C       83.0930  149.7780   19.1450
  QMMM:     7        7      C       83.5750  151.5050   17.3640
  QMMM:     8        8      O       84.9600  151.0920   17.2880
  QMMM:     9        9      C       83.0130  152.0470   16.0290
  QMMM:    10       10      C       85.6230  151.4680   16.0770
  QMMM:    11       11      N       83.8670  153.0940   15.4560
  QMMM:    12       12      C       85.3050  152.9090   15.6690
  QMMM:    13       13      C       83.3110  153.9510   14.5080
  QMMM:    14       14      O       82.1630  153.7710   14.1030
  QMMM:    15       15      C       84.1150  155.0500   14.0160
  QMMM:    16       16      N       85.0830  154.9220   13.0480
  QMMM:    17       17      C       84.0750  156.4070   14.2870
  QMMM:    18       18      N       85.7110  156.0770   12.7500
  QMMM:    19       19      C       85.4940  153.7090   12.3770
  QMMM:    20       20      C       85.0800  156.9940   13.4890
  QMMM:    21       21      C       85.4610  158.4320   13.4000
  QMMM:    22       22      C       84.9660  159.2360   14.5920
  QMMM:    23       23      N       78.5440  148.5920   17.5650
  QMMM:    24       24      C       79.7550  148.4590   16.9240
  QMMM:    25       25      O       79.8890  148.0250   15.7870
  QMMM:    26       26      H       78.5620  149.0400   18.4770
  QMMM:    27       27      C       77.2790  148.3650   16.9170
  QMMM:    28       28      S       76.9230  150.8340   18.1690
  QMMM:    29       29      C       76.3550  149.4760   17.2850
  QMMM:    30       30      C       75.3480  151.5100   18.1320
  QMMM:    31       31      C       75.0040  149.6270   17.0150
  QMMM:    32       32      N       74.4390  150.7950   17.5070
  QMMM:    33       33      C       75.0850  152.8230   18.7800
  QMMM:    34       34      C       74.1330  148.6880   16.2590
  QMMM:    35       35      H       80.5990  147.4590   19.3180
  QMMM:    36       36      H       82.5890  148.2690   20.6180
  QMMM:    37       37      H       83.9670  150.1460   19.7020
  QMMM:    38       38      H       83.5130  152.3630   18.0490
  QMMM:    39       39      H       82.9400  151.2170   15.3120
  QMMM:    40       40      H       82.0260  152.4880   16.2310
  QMMM:    41       41      H       86.7090  151.3710   16.2230
  QMMM:    42       42      H       85.2670  150.8030   15.2760
  QMMM:    43       43      H       85.6400  153.5890   16.4660
  QMMM:    44       44      H       85.8280  153.1280   14.7270
  QMMM:    45       45      H       83.3970  156.9230   14.9830
  QMMM:    46       46      H       85.7530  152.9460   13.1250
  QMMM:    47       47      H       84.6710  153.3410   11.7470
  QMMM:    48       48      H       86.3720  153.9180   11.7470
  QMMM:    49       49      H       86.5580  158.5050   13.3550
  QMMM:    50       50      H       84.9930  158.8490   12.4960
  QMMM:    51       51      H       85.2730  158.7370   15.5230
  QMMM:    52       52      H       85.3990  160.2470   14.5580
  QMMM:    53       53      H       83.8690  159.3050   14.5580
  QMMM:    54       54      H       76.8570  147.4050   17.2510
  QMMM:    55       55      H       77.4140  148.3310   15.8260
  QMMM:    56       56      H       75.1090  152.7030   19.8730
  QMMM:    57       57      H       75.8560  153.5440   18.4730
  QMMM:    58       58      H       74.0940  153.1910   18.4730
  QMMM:    59       59      H       73.5600  148.0700   16.9650
  QMMM:    60       60      H       73.4390  149.2610   15.6260
  QMMM:    61       61      H       74.7560  148.0400   15.6260

--------------------------------------------------------------------------------
  RESULTS
--------------------------------------------------------------------------------

      iter         sqm energy              rms gradient
      ----    -------------------    -----------------------
xmin    10       32.3490 kcal/mol        1.7891 kcal/(mol*A)
xmin    20       30.3979 kcal/mol        1.0480 kcal/(mol*A)
xmin    30       29.4028 kcal/mol        0.3739 kcal/(mol*A)
xmin    40       28.9571 kcal/mol        0.2252 kcal/(mol*A)
xmin    50       28.5756 kcal/mol        0.4289 kcal/(mol*A)
xmin    60       27.9078 kcal/mol        0.6286 kcal/(mol*A)
xmin    70       27.7789 kcal/mol        0.1572 kcal/(mol*A)
xmin    80       27.7330 kcal/mol        0.0472 kcal/(mol*A)
xmin    90       27.7049 kcal/mol        0.0789 kcal/(mol*A)
xmin   100       27.6990 kcal/mol        0.0336 kcal/(mol*A)
xmin   110       27.6884 kcal/mol        0.0210 kcal/(mol*A)
xmin   120       27.6869 kcal/mol        0.0113 kcal/(mol*A)
xmin   130       27.6859 kcal/mol        0.0092 kcal/(mol*A)
xmin   140       27.6847 kcal/mol        0.0164 kcal/(mol*A)
xmin   150       27.6836 kcal/mol        0.0079 kcal/(mol*A)
xmin   160       27.6834 kcal/mol        0.0063 kcal/(mol*A)
xmin   170       27.6832 kcal/mol        0.0059 kcal/(mol*A)
xmin   180       27.6830 kcal/mol        0.0026 kcal/(mol*A)
xmin   190       27.6829 kcal/mol        0.0034 kcal/(mol*A)
xmin   200       27.6828 kcal/mol        0.0060 kcal/(mol*A)
xmin   210       27.6827 kcal/mol        0.0056 kcal/(mol*A)
xmin   220       27.6825 kcal/mol        0.0023 kcal/(mol*A)
  ... geometry converged !
 
 Final MO eigenvalues (eV):
 -42.0554  -41.4177  -40.6227  -39.6754  -39.1919  -38.8084  -36.2666  -36.1085
 -35.6300  -34.0843  -33.7138  -33.1110  -32.4913  -31.7574  -31.0859  -30.1103
 -29.6480  -29.0049  -27.2131  -26.6559  -26.1765  -25.0068  -24.5023  -24.2252
 -23.3573  -22.9336  -21.8124  -21.4512  -20.8728  -20.0810  -19.8241  -19.2412
 -18.8328  -18.7346  -18.4217  -18.0592  -17.3570  -17.2197  -17.0850  -16.8265
 -16.4754  -16.4667  -16.2492  -16.1195  -15.7371  -15.6605  -15.4693  -15.3712
 -15.3249  -14.9731  -14.8177  -14.6387  -14.4624  -14.3807  -14.2421  -14.2146
 -14.1719  -13.9317  -13.8179  -13.7624  -13.5759  -13.5030  -13.4668  -13.2905
 -13.2410  -13.2100  -12.9777  -12.7775  -12.5656  -12.5404  -12.4778  -12.1708
 -12.0779  -11.8061  -11.6966  -11.4469  -11.0966  -11.0843  -10.9281  -10.8100
 -10.3373  -10.2097   -9.9996   -9.9293   -9.9138   -9.5817   -9.0382   -0.5714
  -0.2127   -0.1904    0.3631    0.5388    0.6370    0.9306    1.1976    1.3845
   1.3889    1.5373    1.8005    1.8798    2.1823    2.4036    2.7772    2.9266
   2.9993    3.1836    3.2076    3.2543    3.3067    3.4012    3.5218    3.5570
   3.6177    3.6607    3.7096    3.7460    3.7664    3.8910    3.9022    3.9383
   3.9542    3.9626    4.0129    4.0428    4.0948    4.1496    4.1604    4.1934
   4.2127    4.2605    4.3113    4.3194    4.3230    4.3569    4.4168    4.5167
   4.5545    4.6060    4.6574    4.6804    4.7374    4.8293    4.8319    4.8370
   4.9027    4.9341    5.0361    5.2057    5.2567    5.3414    5.4648    5.5797
   5.6139    5.7198    6.0711    6.2902    6.4815    6.5366    6.6740    6.9124


 Heat of formation   =         27.68252632 kcal/mol  (        1.20040442 eV)

 Total SCF energy    =    -132021.14310685 kcal/mol  (    -5724.86635908 eV)
 Electronic energy   =   -1102199.10943916 kcal/mol  (   -47794.93991757 eV)
 Core-core repulsion =     970177.96633231 kcal/mol  (    42070.07355849 eV)
 
    Atomic Charges for Step       1 :
  Atom    Element       Mulliken Charge
     1      C                 -0.061
     2      N                 -0.136
     3      C                 -0.120
     4      C                 -0.048
     5      C                 -0.106
     6      C                 -0.137
     7      C                  0.052
     8      O                 -0.268
     9      C                 -0.052
    10      C                 -0.034
    11      N                 -0.320
    12      C                 -0.064
    13      C                  0.370
    14      O                 -0.328
    15      C                 -0.122
    16      N                 -0.100
    17      C                 -0.186
    18      N                 -0.068
    19      C                 -0.066
    20      C                 -0.115
    21      C                 -0.090
    22      C                 -0.212
    23      N                 -0.363
    24      C                  0.354
    25      O                 -0.366
    26      H                  0.244
    27      C                  0.044
    28      S                  0.505
    29      C                 -0.439
    30      C                 -0.273
    31      C                 -0.070
    32      N                 -0.104
    33      C                 -0.155
    34      C                 -0.151
    35      H                  0.174
    36      H                  0.147
    37      H                  0.165
    38      H                  0.132
    39      H                  0.100
    40      H                  0.148
    41      H                  0.120
    42      H                  0.082
    43      H                  0.106
    44      H                  0.092
    45      H                  0.173
    46      H                  0.097
    47      H                  0.100
    48      H                  0.116
    49      H                  0.096
    50      H                  0.100
    51      H                  0.075
    52      H                  0.078
    53      H                  0.080
    54      H                  0.136
    55      H                  0.096
    56      H                  0.105
    57      H                  0.086
    58      H                  0.106
    59      H                  0.086
    60      H                  0.104
    61      H                  0.086
 Total Mulliken Charge =      -0.000
 
                  X        Y        Z     TOTAL  
  QM DIPOLE     5.395   -0.670   -1.034    5.533
 
 Final Structure

  QMMM: QM Region Cartesian Coordinates (*=link atom) 
  QMMM: QM_NO.   MM_NO.  ATOM         X         Y         Z
  QMMM:     1        1      C       81.1224  148.8672   18.4351
  QMMM:     2        2      N       81.5435  150.0184   17.8629
  QMMM:     3        3      C       81.9611  148.0366   19.2080
  QMMM:     4        4      C       82.8335  150.3797   18.0478
  QMMM:     5        5      C       83.2905  148.4208   19.3881
  QMMM:     6        6      C       83.7393  149.6049   18.8076
  QMMM:     7        7      C       83.2984  151.7010   17.4616
  QMMM:     8        8      O       84.7241  151.7812   17.5222
  QMMM:     9        9      C       82.7342  151.9073   16.0397
  QMMM:    10       10      C       85.3724  151.6455   16.2649
  QMMM:    11       11      N       83.4703  152.8680   15.2509
  QMMM:    12       12      C       84.9101  152.7214   15.2732
  QMMM:    13       13      C       82.8855  154.0835   14.8997
  QMMM:    14       14      O       81.6735  154.2934   15.0816
  QMMM:    15       15      C       83.7562  155.0929   14.2505
  QMMM:    16       16      N       84.1679  155.0540   12.9057
  QMMM:    17       17      C       84.3061  156.2542   14.8121
  QMMM:    18       18      N       84.9062  156.1260   12.5925
  QMMM:    19       19      C       83.6905  154.0957   11.9361
  QMMM:    20       20      C       85.0315  156.8806   13.7269
  QMMM:    21       21      C       85.8042  158.1434   13.7978
  QMMM:    22       22      C       85.7467  158.7768   15.1654
  QMMM:    23       23      N       78.9503  148.9152   17.2285
  QMMM:    24       24      C       79.6850  148.4247   18.2847
  QMMM:    25       25      O       79.2144  147.5895   19.0841
  QMMM:    26       26      H       79.3223  149.6422   16.6630
  QMMM:    27       27      C       77.5596  148.5943   17.0514
  QMMM:    28       28      S       76.9219  151.2201   17.8878
  QMMM:    29       29      C       76.6291  149.7487   17.1385
  QMMM:    30       30      C       75.3473  151.7769   17.4798
  QMMM:    31       31      C       75.3354  149.7268   16.6042
  QMMM:    32       32      N       74.6060  150.8943   16.8053
  QMMM:    33       33      C       74.9051  153.1318   17.8703
  QMMM:    34       34      C       74.7692  148.5671   15.8777
  QMMM:    35       35      H       81.5535  147.1188   19.6593
  QMMM:    36       36      H       83.9726  147.7985   19.9863
  QMMM:    37       37      H       84.7773  149.9475   18.9337
  QMMM:    38       38      H       82.9505  152.5299   18.1466
  QMMM:    39       39      H       82.7705  150.9249   15.4868
  QMMM:    40       40      H       81.6570  152.2286   16.1265
  QMMM:    41       41      H       86.4605  151.7843   16.5022
  QMMM:    42       42      H       85.1964  150.6184   15.8507
  QMMM:    43       43      H       85.3957  153.7026   15.5451
  QMMM:    44       44      H       85.2586  152.4357   14.2396
  QMMM:    45       45      H       84.2105  156.6165   15.8293
  QMMM:    46       46      H       83.6945  153.0782   12.4091
  QMMM:    47       47      H       82.6442  154.3598   11.6240
  QMMM:    48       48      H       84.3554  154.0931   11.0323
  QMMM:    49       49      H       86.8756  157.9369   13.5240
  QMMM:    50       50      H       85.4027  158.8650   13.0337
  QMMM:    51       51      H       86.1755  158.0944   15.9385
  QMMM:    52       52      H       86.3348  159.7264   15.1660
  QMMM:    53       53      H       84.6928  159.0123   15.4502
  QMMM:    54       54      H       77.2560  147.8220   17.8223
  QMMM:    55       55      H       77.4400  148.1235   16.0278
  QMMM:    56       56      H       74.0044  153.0740   18.5328
  QMMM:    57       57      H       75.7219  153.6610   18.4204
  QMMM:    58       58      H       74.6348  153.7320   16.9646
  QMMM:    59       59      H       74.9120  147.6392   16.4865
  QMMM:    60       60      H       73.6787  148.6954   15.6695
  QMMM:    61       61      H       75.3053  148.4387   14.9034

           --------- Calculation Completed ----------

