            --------------------------------------------------------
                             AMBER SQM VERSION 19
 
                                     By
              Ross C. Walker, Michael F. Crowley, Scott Brozell,
                         Tim Giese, Andreas W. Goetz,
                        Tai-Sung Lee and David A. Case
 
            --------------------------------------------------------
 

--------------------------------------------------------------------------------
  QM CALCULATION INFO
--------------------------------------------------------------------------------

| QMMM: Citation for AMBER QMMM Run:
| QMMM: R.C. Walker, M.F. Crowley and D.A. Case, J. COMP. CHEM. 29:1019, 2008

QMMM: SINGLET STATE CALCULATION
QMMM: RHF CALCULATION, NO. OF DOUBLY OCCUPIED LEVELS = 87

| QMMM: *** Selected Hamiltonian *** 
| QMMM: AM1         

| QMMM: *** Parameter sets in use ***
| QMMM: C : M.J.S.DEWAR et al. JACS, 107, 3902, (1985)
| QMMM: N : M.J.S.DEWAR et al. JACS, 107, 3902, (1985)
| QMMM: O : M.J.S.DEWAR et al. JACS, 107, 3902, (1985)
| QMMM: H : M.J.S.DEWAR et al. JACS, 107, 3902, (1985)
| QMMM: S : M.J.S.DEWAR et al. INORG. CHEM., 29, 3881, (1990)

| QMMM: *** SCF convergence criteria ***
| QMMM: Energy change                :  0.1D-09 kcal/mol
| QMMM: Error matrix |FP-PF|         :  0.1D+00 au
| QMMM: Density matrix change        :  0.5D-06
| QMMM: Maximum number of SCF cycles :     1000

| QMMM: *** Diagonalization Routine Information ***
| QMMM: Pseudo diagonalizations are allowed.
| QMMM: Auto diagonalization routine selection is in use.
| QMMM:
| QMMM: Timing diagonalization routines:
| QMMM:                              norbs =      160
| QMMM:    diag iterations used for timing =        5
| QMMM:
| QMMM:              Internal diag routine = 0.030276 seconds
| QMMM:                 Dspev diag routine = 0.027141 seconds
| QMMM:                Dspevd diag routine = 0.013562 seconds
| QMMM:                Dspevx diag routine = 0.073439 seconds
| QMMM:                 Dsyev diag routine = 0.022041 seconds
| QMMM:                Dsyevd diag routine = 0.012939 seconds
| QMMM:                Dsyevr diag routine = 0.016186 seconds
| QMMM:
| QMMM:                Pseudo diag routine = 0.014850 seconds
| QMMM: Pseudo diagonalization appears to be slower than regular
| QMMM: diagonalization. Setting pseudo_diag=0 for optimum performance.
| QMMM:
| QMMM: Using dsyevd routine (diag_routine=6).

  QMMM: QM Region Cartesian Coordinates (*=link atom) 
  QMMM: QM_NO.   MM_NO.  ATOM         X         Y         Z
  QMMM:     1        1      C       87.5480  152.5570   11.9120
  QMMM:     2        2      N       86.8780  153.6910   12.2680
  QMMM:     3        3      C       87.0780  151.3400   12.4150
  QMMM:     4        4      C       85.8080  153.6490   13.0880
  QMMM:     5        5      C       85.9760  151.4090   13.2480
  QMMM:     6        6      C       87.4300  149.9660   12.3030
  QMMM:     7        7      N       85.3170  152.5170   13.6150
  QMMM:     8        8      N       85.6650  150.1320   13.6410
  QMMM:     9        9      C       86.5410  149.2430   13.0720
  QMMM:    10       10      C       84.5740  149.7920   14.5220
  QMMM:    11       11      N       85.2030  154.8510   13.4370
  QMMM:    12       12      C       84.0140  155.2460   12.6800
  QMMM:    13       13      C       85.3040  155.2500   14.8340
  QMMM:    14       14      C       84.1680  156.6300   12.0390
  QMMM:    15       15      C       84.8600  156.6960   15.0520
  QMMM:    16       16      O       83.7600  156.8660   10.8980
  QMMM:    17       17      N       84.6550  157.6820   12.7700
  QMMM:    18       18      C       85.4340  157.6250   13.9920
  QMMM:    19       19      H       84.7510  158.5140   12.2020
  QMMM:    20       20      C       91.4130  150.2660    8.5990
  QMMM:    21       21      O       92.6000  150.5910    8.6280
  QMMM:    22       22      N       90.4820  150.8460    9.4660
  QMMM:    23       23      C       89.0250  150.7960    9.2920
  QMMM:    24       24      C       91.0000  151.7260   10.5070
  QMMM:    25       25      C       88.3970  152.1630    9.5510
  QMMM:    26       26      C       89.9600  152.0300   11.5750
  QMMM:    27       27      C       88.7170  152.6940   10.9620
  QMMM:    28       28      S       90.2360  147.0000    6.6520
  QMMM:    29       29      C       90.1330  148.3660    5.6290
  QMMM:    30       30      C       90.7910  147.9550    7.9520
  QMMM:    31       31      C       90.5280  149.5280    6.2620
  QMMM:    32       32      C       90.9490  149.2890    7.6150
  QMMM:    33       33      O       90.5080  150.7770    5.7250
  QMMM:    34       34      C       89.2200  151.3560    5.5540
  QMMM:    35       35      H       88.2610  149.5550   11.7120
  QMMM:    36       36      H       86.5360  148.1510   13.2040
  QMMM:    37       37      H       84.9000  149.8940   15.5670
  QMMM:    38       38      H       83.7270  150.4690   14.3350
  QMMM:    39       39      H       84.2610  148.7540   14.3350
  QMMM:    40       40      H       83.8380  154.5050   11.8860
  QMMM:    41       41      H       83.1670  155.2900   13.3810
  QMMM:    42       42      H       84.6660  154.5890   15.4390
  QMMM:    43       43      H       86.3590  155.1710   15.1340
  QMMM:    44       44      H       83.7620  156.7430   15.0090
  QMMM:    45       45      H       85.2290  157.0250   16.0340
  QMMM:    46       46      H       85.4900  158.6390   14.4150
  QMMM:    47       47      H       86.4220  157.2230   13.7200
  QMMM:    48       48      H       88.7960  150.4840    8.2620
  QMMM:    49       49      H       88.6100  150.0760   10.0130
  QMMM:    50       50      H       91.8650  151.2420   10.9820
  QMMM:    51       51      H       91.2820  152.6780   10.0330
  QMMM:    52       52      H       88.7840  152.8770    8.8090
  QMMM:    53       53      H       87.3060  152.0540    9.4710
  QMMM:    54       54      H       89.6620  151.0900   12.0640
  QMMM:    55       55      H       90.4020  152.7210   12.3070
  QMMM:    56       56      H       88.9290  153.7640   10.8250
  QMMM:    57       57      H       89.7920  148.3250    4.5840
  QMMM:    58       58      H       91.0010  147.5530    8.9540
  QMMM:    59       59      H       88.7750  151.5560    6.5400
  QMMM:    60       60      H       89.3130  152.2990    4.9950
  QMMM:    61       61      H       88.5770  150.6600    4.9950

--------------------------------------------------------------------------------
  RESULTS
--------------------------------------------------------------------------------

      iter         sqm energy              rms gradient
      ----    -------------------    -----------------------
xmin    10       30.6914 kcal/mol        0.7462 kcal/(mol*A)
xmin    20       29.4142 kcal/mol        0.5797 kcal/(mol*A)
xmin    30       28.4339 kcal/mol        0.3839 kcal/(mol*A)
xmin    40       28.1079 kcal/mol        0.3144 kcal/(mol*A)
xmin    50       27.9054 kcal/mol        0.1983 kcal/(mol*A)
xmin    60       27.1638 kcal/mol        0.3456 kcal/(mol*A)
xmin    70       25.9286 kcal/mol        0.9925 kcal/(mol*A)
xmin    80       25.4758 kcal/mol        0.0596 kcal/(mol*A)
xmin    90       25.2896 kcal/mol        0.1208 kcal/(mol*A)
xmin   100       24.8379 kcal/mol        0.4415 kcal/(mol*A)
xmin   110       24.3375 kcal/mol        0.2947 kcal/(mol*A)
xmin   120       24.1807 kcal/mol        0.0816 kcal/(mol*A)
xmin   130       24.1321 kcal/mol        0.0328 kcal/(mol*A)
xmin   140       24.1236 kcal/mol        0.0157 kcal/(mol*A)
xmin   150       24.1211 kcal/mol        0.0753 kcal/(mol*A)
xmin   160       24.1192 kcal/mol        0.0053 kcal/(mol*A)
  ... geometry converged !
 
 Final MO eigenvalues (eV):
 -41.7570  -40.8028  -40.3541  -39.7750  -38.6891  -37.9979  -37.1395  -36.3383
 -35.6829  -34.7784  -33.4189  -32.8098  -32.0831  -31.6684  -30.0910  -29.5171
 -28.5075  -28.1130  -27.2862  -26.8598  -26.6213  -25.4130  -24.3537  -23.7218
 -23.2960  -22.4158  -21.4590  -21.1821  -20.6833  -20.4460  -19.4748  -19.0572
 -18.5421  -18.3061  -18.0065  -17.7391  -17.4448  -17.1078  -16.9072  -16.7551
 -16.5983  -16.5168  -16.3404  -15.9998  -15.9135  -15.6084  -15.5901  -15.1581
 -14.8712  -14.7918  -14.6871  -14.4424  -14.3950  -14.2268  -14.1935  -14.0136
 -13.9849  -13.8699  -13.8261  -13.6168  -13.5811  -13.3497  -13.0827  -12.9704
 -12.9331  -12.8944  -12.5757  -12.3837  -12.3262  -12.2648  -12.1098  -12.0720
 -11.9734  -11.9395  -11.7728  -11.2643  -11.1938  -10.8881  -10.5608  -10.2842
 -10.0155   -9.7673   -9.7414   -9.5064   -9.2033   -8.9162   -8.4605   -0.2390
  -0.1007    0.3388    0.5962    1.0182    1.1748    1.2889    1.4264    1.7035
   1.8516    1.9598    2.3073    2.3181    2.5047    2.6697    3.0045    3.2214
   3.3150    3.3645    3.4717    3.5662    3.6445    3.6610    3.7398    3.7603
   3.7914    3.8133    3.8514    3.9006    3.9579    3.9862    4.0376    4.0518
   4.0548    4.0861    4.1320    4.1526    4.1604    4.1826    4.2217    4.2436
   4.3602    4.4036    4.4599    4.4651    4.4950    4.5078    4.5815    4.6121
   4.6843    4.6973    4.7448    4.7825    4.8920    4.9635    5.0548    5.0734
   5.1349    5.1806    5.2762    5.5988    5.6845    5.7709    5.7978    5.8327
   6.0028    6.1637    6.3170    6.4995    6.6072    7.1170    7.3426    7.3439


 Heat of formation   =         24.11906970 kcal/mol  (        1.04588134 eV)

 Total SCF energy    =    -132024.70656347 kcal/mol  (    -5725.02088216 eV)
 Electronic energy   =   -1170461.18776167 kcal/mol  (   -50755.00575698 eV)
 Core-core repulsion =    1038436.48119820 kcal/mol  (    45029.98487482 eV)
 
    Atomic Charges for Step       1 :
  Atom    Element       Mulliken Charge
     1      C                  0.105
     2      N                 -0.226
     3      C                 -0.203
     4      C                  0.145
     5      C                  0.079
     6      C                 -0.165
     7      N                 -0.216
     8      N                 -0.158
     9      C                 -0.088
    10      C                 -0.066
    11      N                 -0.211
    12      C                 -0.048
    13      C                 -0.049
    14      C                  0.291
    15      C                 -0.207
    16      O                 -0.375
    17      N                 -0.385
    18      C                 -0.011
    19      H                  0.232
    20      C                  0.376
    21      O                 -0.359
    22      N                 -0.317
    23      C                 -0.014
    24      C                 -0.025
    25      C                 -0.178
    26      C                 -0.165
    27      C                 -0.065
    28      S                  0.609
    29      C                 -0.542
    30      C                 -0.389
    31      C                  0.075
    32      C                 -0.149
    33      O                 -0.187
    34      C                 -0.077
    35      H                  0.162
    36      H                  0.170
    37      H                  0.085
    38      H                  0.108
    39      H                  0.090
    40      H                  0.144
    41      H                  0.115
    42      H                  0.094
    43      H                  0.123
    44      H                  0.095
    45      H                  0.098
    46      H                  0.085
    47      H                  0.078
    48      H                  0.104
    49      H                  0.073
    50      H                  0.088
    51      H                  0.103
    52      H                  0.104
    53      H                  0.096
    54      H                  0.090
    55      H                  0.099
    56      H                  0.130
    57      H                  0.178
    58      H                  0.186
    59      H                  0.071
    60      H                  0.112
    61      H                  0.081
 Total Mulliken Charge =       0.000
 
                  X        Y        Z     TOTAL  
  QM DIPOLE    -4.198   -4.674    3.751    7.317
 
 Final Structure

  QMMM: QM Region Cartesian Coordinates (*=link atom) 
  QMMM: QM_NO.   MM_NO.  ATOM         X         Y         Z
  QMMM:     1        1      C       87.0946  152.2926   11.8363
  QMMM:     2        2      N       86.3958  153.4383   11.8356
  QMMM:     3        3      C       86.7529  151.2360   12.7088
  QMMM:     4        4      C       85.3108  153.5704   12.7076
  QMMM:     5        5      C       85.6219  151.4762   13.5980
  QMMM:     6        6      C       87.2281  149.9086   13.0005
  QMMM:     7        7      N       84.8943  152.6281   13.6216
  QMMM:     8        8      N       85.4406  150.3269   14.3821
  QMMM:     9        9      C       86.4231  149.3939   14.0101
  QMMM:    10       10      C       84.4645  150.1590   15.4066
  QMMM:    11       11      N       84.5100  154.7528   12.5858
  QMMM:    12       12      C       84.8645  155.6933   11.5502
  QMMM:    13       13      C       84.0064  155.3567   13.8058
  QMMM:    14       14      C       86.2084  156.4186   11.6351
  QMMM:    15       15      C       84.8089  156.5400   14.3492
  QMMM:    16       16      O       86.7667  156.7949   10.5838
  QMMM:    17       17      N       86.7975  156.7240   12.8417
  QMMM:    18       18      C       86.3136  156.3833   14.1461
  QMMM:    19       19      H       87.6907  157.1623   12.8021
  QMMM:    20       20      C       91.3811  151.0156    8.5822
  QMMM:    21       21      O       92.3636  151.7858    8.5816
  QMMM:    22       22      N       90.5762  150.9309    9.7109
  QMMM:    23       23      C       89.3620  150.1603    9.7748
  QMMM:    24       24      C       90.7653  151.9174   10.7583
  QMMM:    25       25      C       88.0843  150.9876    9.9453
  QMMM:    26       26      C       89.5625  152.0589   11.6882
  QMMM:    27       27      C       88.2700  152.1689   10.8913
  QMMM:    28       28      S       91.4561  148.4295    5.5821
  QMMM:    29       29      C       90.0668  149.3483    5.4827
  QMMM:    30       30      C       91.9858  149.1587    6.9800
  QMMM:    31       31      C       89.9836  150.2411    6.5358
  QMMM:    32       32      C       91.1150  150.1350    7.4234
  QMMM:    33       33      O       88.9892  151.1412    6.8125
  QMMM:    34       34      C       88.0360  151.3217    5.7653
  QMMM:    35       35      H       88.0604  149.4077   12.5127
  QMMM:    36       36      H       86.4621  148.4204   14.5025
  QMMM:    37       37      H       84.7905  150.6836   16.3461
  QMMM:    38       38      H       83.4836  150.5940   15.0743
  QMMM:    39       39      H       84.3339  149.0658   15.6233
  QMMM:    40       40      H       84.8549  155.1569   10.5565
  QMMM:    41       41      H       84.0658  156.4909   11.5283
  QMMM:    42       42      H       82.9635  155.7176   13.5642
  QMMM:    43       43      H       83.9087  154.5827   14.6165
  QMMM:    44       44      H       84.4501  157.4916   13.8773
  QMMM:    45       45      H       84.6117  156.6181   15.4502
  QMMM:    46       46      H       86.8396  157.0570   14.8846
  QMMM:    47       47      H       86.6029  155.3194   14.3984
  QMMM:    48       48      H       89.2552  149.5310    8.8471
  QMMM:    49       49      H       89.4563  149.4611   10.6581
  QMMM:    50       50      H       91.6679  151.6164   11.3637
  QMMM:    51       51      H       90.9952  152.9172   10.2862
  QMMM:    52       52      H       87.7607  151.3725    8.9415
  QMMM:    53       53      H       87.2830  150.2985   10.3204
  QMMM:    54       54      H       89.5067  151.1830   12.3861
  QMMM:    55       55      H       89.7064  152.9814   12.3077
  QMMM:    56       56      H       88.3439  153.1054   10.2619
  QMMM:    57       57      H       89.3398  149.2434    4.6811
  QMMM:    58       58      H       92.9256  148.9032    7.4718
  QMMM:    59       59      H       87.4614  150.3783    5.5992
  QMMM:    60       60      H       87.3713  152.1320    6.1581
  QMMM:    61       61      H       88.5430  151.6401    4.8229

           --------- Calculation Completed ----------

