
CPPTRAJ: Trajectory Analysis. V7.6.2 (AmberTools)
    ___  ___  ___  ___
     | \/ | \/ | \/ | 
    _|_/\_|_/\_|_/\_|_

| Date/time: 09/06/26 23:20:55
| Available memory: 10.677 GB

	Reading '/home/ubuntu/rayca-sessions/74591a70-5513-45c3-a9c1-10904993bc16-aa94c8cd626e/mmgbsa/EDEL-CRBN-0008_ent_ent/complex.prmtop' as Amber Topology
	Radius Set: modified Bondi radii (mbondi)
INPUT: Reading input from 'STDIN'
  [trajin /home/ubuntu/rayca-sessions/74591a70-5513-45c3-a9c1-10904993bc16-aa94c8cd626e/mmgbsa/EDEL-CRBN-0008_ent_ent/md.nc 1 50 1]
	Reading '/home/ubuntu/rayca-sessions/74591a70-5513-45c3-a9c1-10904993bc16-aa94c8cd626e/mmgbsa/EDEL-CRBN-0008_ent_ent/md.nc' as Amber NetCDF
  [noprogress]
	Progress bar will not be used during Run.
  [rmsd !(:WAT,Cl*,CIO,Cs+,IB,K*,Li+,MG*,Na+,Rb+,CS,RB,NA,F,CL) mass first]
    RMSD: (!(:WAT,Cl*,CIO,Cs+,IB,K*,Li+,MG*,Na+,Rb+,CS,RB,NA,F,CL)), reference is first frame (!(:WAT,Cl*,CIO,Cs+,IB,K*,Li+,MG*,Na+,Rb+,CS,RB,NA,F,CL)), mass-weighted.
	Best-fit RMSD will be calculated, coords will be rotated and translated.
  [outtraj _MMPBSA_complex.pdb onlyframes 1 nobox pdb]
	Saving frames 1
	Writing '_MMPBSA_complex.pdb' as PDB
    OUTTRAJ: Writing frames associated with topology 'complex.prmtop'
  [outtraj _MMPBSA_dummycomplex.inpcrd onlyframes 1 nobox restart]
	Saving frames 1
	Writing '_MMPBSA_dummycomplex.inpcrd' as Amber Restart
    OUTTRAJ: Writing frames associated with topology 'complex.prmtop'
  [outtraj _MMPBSA_complex.mdcrd.0 onlyframes 1-50 nobox]
Warning: Format not specified and extension '.0' not recognized. Defaulting to Amber Trajectory.
	Saving frames 1-50
	Writing '_MMPBSA_complex.mdcrd.0' as Amber Trajectory
    OUTTRAJ: Writing frames associated with topology 'complex.prmtop'
  [strip :382]
    STRIP: Stripping atoms in mask [:382]
  [outtraj _MMPBSA_receptor.pdb onlyframes 1 nobox pdb]
	Saving frames 1
	Writing '_MMPBSA_receptor.pdb' as PDB
    OUTTRAJ: Writing frames associated with topology 'complex.prmtop'
  [outtraj _MMPBSA_dummyreceptor.inpcrd onlyframes 1 nobox restart]
	Saving frames 1
	Writing '_MMPBSA_dummyreceptor.inpcrd' as Amber Restart
    OUTTRAJ: Writing frames associated with topology 'complex.prmtop'
  [outtraj _MMPBSA_receptor.mdcrd.0 onlyframes 1-50 nobox]
Warning: Format not specified and extension '.0' not recognized. Defaulting to Amber Trajectory.
	Saving frames 1-50
	Writing '_MMPBSA_receptor.mdcrd.0' as Amber Trajectory
    OUTTRAJ: Writing frames associated with topology 'complex.prmtop'
  [unstrip]
  [rmsd !(:WAT,Cl*,CIO,Cs+,IB,K*,Li+,MG*,Na+,Rb+,CS,RB,NA,F,CL) mass first]
    RMSD: (!(:WAT,Cl*,CIO,Cs+,IB,K*,Li+,MG*,Na+,Rb+,CS,RB,NA,F,CL)), reference is first frame (!(:WAT,Cl*,CIO,Cs+,IB,K*,Li+,MG*,Na+,Rb+,CS,RB,NA,F,CL)), mass-weighted.
	Best-fit RMSD will be calculated, coords will be rotated and translated.
  [strip :1-381]
    STRIP: Stripping atoms in mask [:1-381]
  [outtraj _MMPBSA_ligand.pdb onlyframes 1 nobox pdb]
	Saving frames 1
	Writing '_MMPBSA_ligand.pdb' as PDB
    OUTTRAJ: Writing frames associated with topology 'complex.prmtop'
  [outtraj _MMPBSA_dummyligand.inpcrd onlyframes 1 nobox restart]
	Saving frames 1
	Writing '_MMPBSA_dummyligand.inpcrd' as Amber Restart
    OUTTRAJ: Writing frames associated with topology 'complex.prmtop'
  [outtraj _MMPBSA_ligand.mdcrd.0 onlyframes 1-50 nobox]
Warning: Format not specified and extension '.0' not recognized. Defaulting to Amber Trajectory.
	Saving frames 1-50
	Writing '_MMPBSA_ligand.mdcrd.0' as Amber Trajectory
    OUTTRAJ: Writing frames associated with topology 'complex.prmtop'
  [unstrip]
  [rmsd !(:WAT,Cl*,CIO,Cs+,IB,K*,Li+,MG*,Na+,Rb+,CS,RB,NA,F,CL) mass first]
    RMSD: (!(:WAT,Cl*,CIO,Cs+,IB,K*,Li+,MG*,Na+,Rb+,CS,RB,NA,F,CL)), reference is first frame (!(:WAT,Cl*,CIO,Cs+,IB,K*,Li+,MG*,Na+,Rb+,CS,RB,NA,F,CL)), mass-weighted.
	Best-fit RMSD will be calculated, coords will be rotated and translated.
---------- RUN BEGIN -------------------------------------------------

PARAMETER FILES (1 total):
 0: complex.prmtop, 6221 atoms, 382 res, box: None, 2 mol

INPUT TRAJECTORIES (1 total):
 0: 'md.nc' is a NetCDF (NetCDF3) AMBER trajectory with coordinates, time, Parm complex.prmtop (reading 50 of 50)
  Coordinate processing will occur on 50 frames.

BEGIN TRAJECTORY PROCESSING:
.....................................................
ACTION SETUP FOR PARM 'complex.prmtop' (16 actions):
  0: [rmsd !(:WAT,Cl*,CIO,Cs+,IB,K*,Li+,MG*,Na+,Rb+,CS,RB,NA,F,CL) mass first]
	Target mask: [!(:WAT,Cl*,CIO,Cs+,IB,K*,Li+,MG*,Na+,Rb+,CS,RB,NA,F,CL)](6221)
	Reference topology: complex.prmtop
	Reference mask: [!(:WAT,Cl*,CIO,Cs+,IB,K*,Li+,MG*,Na+,Rb+,CS,RB,NA,F,CL)](6221)
  1: [outtraj _MMPBSA_complex.pdb onlyframes 1 nobox pdb]
        '_MMPBSA_complex.pdb' is a PDB file, Parm complex.prmtop no box info,: Writing frames 1
	Has coordinates, time
  2: [outtraj _MMPBSA_dummycomplex.inpcrd onlyframes 1 nobox restart]
        '_MMPBSA_dummycomplex.inpcrd' is an AMBER restart file, Parm complex.prmtop no box info,: Writing frames 1
	Has coordinates, time
  3: [outtraj _MMPBSA_complex.mdcrd.0 onlyframes 1-50 nobox]
        '_MMPBSA_complex.mdcrd.0' is an AMBER trajectory, Parm complex.prmtop no box info,: Writing frames 1-50
	Has coordinates, time
  4: [strip :382]
	Stripping 33 atoms.
	Stripped topology: 6188 atoms, 381 res, box: None, 1 mol
  5: [outtraj _MMPBSA_receptor.pdb onlyframes 1 nobox pdb]
        '_MMPBSA_receptor.pdb' is a PDB file, Parm complex.prmtop no box info,: Writing frames 1
	Has coordinates, time
  6: [outtraj _MMPBSA_dummyreceptor.inpcrd onlyframes 1 nobox restart]
        '_MMPBSA_dummyreceptor.inpcrd' is an AMBER restart file, Parm complex.prmtop no box info,: Writing frames 1
	Has coordinates, time
  7: [outtraj _MMPBSA_receptor.mdcrd.0 onlyframes 1-50 nobox]
        '_MMPBSA_receptor.mdcrd.0' is an AMBER trajectory, Parm complex.prmtop no box info,: Writing frames 1-50
	Has coordinates, time
  8: [unstrip]
  9: [rmsd !(:WAT,Cl*,CIO,Cs+,IB,K*,Li+,MG*,Na+,Rb+,CS,RB,NA,F,CL) mass first]
	Target mask: [!(:WAT,Cl*,CIO,Cs+,IB,K*,Li+,MG*,Na+,Rb+,CS,RB,NA,F,CL)](6221)
	Reference topology: complex.prmtop
	Reference mask: [!(:WAT,Cl*,CIO,Cs+,IB,K*,Li+,MG*,Na+,Rb+,CS,RB,NA,F,CL)](6221)
  10: [strip :1-381]
	Stripping 6188 atoms.
	Stripped topology: 33 atoms, 1 res, box: None, 1 mol
  11: [outtraj _MMPBSA_ligand.pdb onlyframes 1 nobox pdb]
        '_MMPBSA_ligand.pdb' is a PDB file, Parm complex.prmtop no box info,: Writing frames 1
	Has coordinates, time
  12: [outtraj _MMPBSA_dummyligand.inpcrd onlyframes 1 nobox restart]
        '_MMPBSA_dummyligand.inpcrd' is an AMBER restart file, Parm complex.prmtop no box info,: Writing frames 1
	Has coordinates, time
  13: [outtraj _MMPBSA_ligand.mdcrd.0 onlyframes 1-50 nobox]
        '_MMPBSA_ligand.mdcrd.0' is an AMBER trajectory, Parm complex.prmtop no box info,: Writing frames 1-50
	Has coordinates, time
  14: [unstrip]
  15: [rmsd !(:WAT,Cl*,CIO,Cs+,IB,K*,Li+,MG*,Na+,Rb+,CS,RB,NA,F,CL) mass first]
	Target mask: [!(:WAT,Cl*,CIO,Cs+,IB,K*,Li+,MG*,Na+,Rb+,CS,RB,NA,F,CL)](6221)
	Reference topology: complex.prmtop
	Reference mask: [!(:WAT,Cl*,CIO,Cs+,IB,K*,Li+,MG*,Na+,Rb+,CS,RB,NA,F,CL)](6221)
----- md.nc (1-50, 1) -----

Read 50 frames and processed 50 frames.
TIME: Avg. throughput= 73.2028 frames / second.

ACTION OUTPUT:
    OUTTRAJ: '_MMPBSA_complex.pdb': Wrote 1 frames.
    OUTTRAJ: '_MMPBSA_dummycomplex.inpcrd': Wrote 1 frames.
    OUTTRAJ: '_MMPBSA_complex.mdcrd.0': Wrote 50 frames.
    OUTTRAJ: '_MMPBSA_receptor.pdb': Wrote 1 frames.
    OUTTRAJ: '_MMPBSA_dummyreceptor.inpcrd': Wrote 1 frames.
    OUTTRAJ: '_MMPBSA_receptor.mdcrd.0': Wrote 50 frames.
    OUTTRAJ: '_MMPBSA_ligand.pdb': Wrote 1 frames.
    OUTTRAJ: '_MMPBSA_dummyligand.inpcrd': Wrote 1 frames.
    OUTTRAJ: '_MMPBSA_ligand.mdcrd.0': Wrote 50 frames.
TIME: Analyses took 0.0000 seconds.

DATASETS (3 total):
	RMSD_00001 "RMSD_00001" (double, rms), size is 50 (0.400 kB)
	RMSD_00002 "RMSD_00002" (double, rms), size is 50 (0.400 kB)
	RMSD_00003 "RMSD_00003" (double, rms), size is 50 (0.400 kB)
    Total data set memory usage is at least 1.200 kB

RUN TIMING:
TIME:		Init               : 0.0001 s (  0.01%)
TIME:		Trajectory Process : 0.6830 s ( 99.94%)
TIME:		Action Post        : 0.0000 s (  0.00%)
TIME:		Analysis           : 0.0000 s (  0.00%)
TIME:		Data File Write    : 0.0000 s (  0.00%)
TIME:		Other              : 0.0003 s (  0.00%)
TIME:	Run Total 0.6834 s
---------- RUN END ---------------------------------------------------
TIME: Total execution time: 0.7131 seconds.
--------------------------------------------------------------------------------
To cite CPPTRAJ use:
Daniel R. Roe and Thomas E. Cheatham, III, "PTRAJ and CPPTRAJ: Software for
  Processing and Analysis of Molecular Dynamics Trajectory Data". J. Chem.
  Theory Comput., 2013, 9 (7), pp 3084-3095.

