This software collection is provided and supported by CSC.
Run `module help Local-CSC` for more information about support.
Not all software may be compatible with software in other stacks,
so mix at your own risk. 

Lmod is automatically replacing "craype-x86-rome" with "craype-x86-milan".


Lmod is automatically replacing "cce/19.0.0" with "gcc-native/14.2".


Lmod is automatically replacing "PrgEnv-cray/8.6.0" with "PrgEnv-gnu/8.6.0".


    Amber24 (CPU-version) loaded.
    Note:
        * CSC has acquired a non-profit computing center license for Amber24.
          Thus, only users from non-profit organizations are allowed to use
          this module! By using the module you accept the terms.
        * See the detailed license text at https://ambermd.org/GetAmber.php
        * This module was recompiled on 2026-02-03.


Due to MODULEPATH changes, the following have been reloaded:
  1) cray-libsci/25.03.0     2) cray-mpich/8.1.32

pmemd.MPI : /appl/local/csc/soft/chem/amber/24-cpu/bin/pmemd.MPI
cpptraj   : /appl/local/csc/soft/chem/amber/24-cpu/bin/cpptraj
Nodes     : 1
Cores/node: 128
Tue Sep 15 20:20:14 EEST 2026
===== START REF_85C 20:20:14 =====
--- MINI 20:20:15 ---
srun: error: Unable to create step for job 22076847: More processors requested than permitted

RAYCA: the job stopped at line 86 with exit 1
RAYCA: the command was: srun -n 64 pmemd.MPI -O -i mini.in -o mini.out -p system.prmtop -c system.inpcrd -ref system.inpcrd -r mini.rst -inf mini.mdinfo
RAYCA: if that command is allowed to fail, end it with || true
