log started: Sun Sep  6 21:40:02 2026

Log file: ./leap.log
>> #
>> # ----- leaprc for loading the ff14SB force field
>> # ----- NOTE: this is designed for PDB format 3!
>> #
>> #	load atom type hybridizations
>> #
>> addAtomTypes {
>> 	{ "H"   "H" "sp3" }
>> 	{ "HO"  "H" "sp3" }
>> 	{ "HS"  "H" "sp3" }
>> 	{ "H1"  "H" "sp3" }
>> 	{ "H2"  "H" "sp3" }
>> 	{ "H3"  "H" "sp3" }
>> 	{ "H4"  "H" "sp3" }
>> 	{ "H5"  "H" "sp3" }
>> 	{ "HW"  "H" "sp3" }
>> 	{ "HC"  "H" "sp3" }
>> 	{ "HA"  "H" "sp3" }
>> 	{ "HP"  "H" "sp3" }
>> 	{ "HZ"  "H" "sp3" }
>> 	{ "OH"  "O" "sp3" }
>> 	{ "OS"  "O" "sp3" }
>> 	{ "O"   "O" "sp2" }
>> 	{ "O2"  "O" "sp2" }
>> 	{ "OP"  "O" "sp2" }
>> 	{ "OW"  "O" "sp3" }
>> 	{ "CT"  "C" "sp3" }
>> 	{ "CX"  "C" "sp3" }
>> 	{ "C8"  "C" "sp3" }
>> 	{ "2C"  "C" "sp3" }
>> 	{ "3C"  "C" "sp3" }
>> 	{ "CH"  "C" "sp3" }
>> 	{ "CS"  "C" "sp2" }
>> 	{ "C"   "C" "sp2" }
>> 	{ "CO"   "C" "sp2" }
>> 	{ "C*"  "C" "sp2" }
>> 	{ "CA"  "C" "sp2" }
>> 	{ "CB"  "C" "sp2" }
>> 	{ "CC"  "C" "sp2" }
>> 	{ "CN"  "C" "sp2" }
>> 	{ "CM"  "C" "sp2" }
>> 	{ "CK"  "C" "sp2" }
>> 	{ "CQ"  "C" "sp2" }
>> 	{ "CD"  "C" "sp2" }
>> 	{ "C5"  "C" "sp2" }
>> 	{ "C4"  "C" "sp2" }
>> 	{ "CP"  "C" "sp2" }
>> 	{ "CI"  "C" "sp3" }
>> 	{ "CJ"  "C" "sp2" }
>> 	{ "CW"  "C" "sp2" }
>> 	{ "CV"  "C" "sp2" }
>> 	{ "CR"  "C" "sp2" }
>> 	{ "CA"  "C" "sp2" }
>> 	{ "CY"  "C" "sp2" }
>> 	{ "C0"  "Ca" "sp3" }
>> 	{ "MG"  "Mg" "sp3" }
>> 	{ "N"   "N" "sp2" }
>> 	{ "NA"  "N" "sp2" }
>> 	{ "N2"  "N" "sp2" }
>> 	{ "N*"  "N" "sp2" }
>> 	{ "NP"  "N" "sp2" }
>> 	{ "NQ"  "N" "sp2" }
>> 	{ "NB"  "N" "sp2" }
>> 	{ "NC"  "N" "sp2" }
>> 	{ "NT"  "N" "sp3" }
>> 	{ "NY"  "N" "sp2" }
>> 	{ "N3"  "N" "sp3" }
>> 	{ "S"   "S" "sp3" }
>> 	{ "SH"  "S" "sp3" }
>> 	{ "P"   "P" "sp3" }
>> 	{ "LP"  ""  "sp3" }
>> 	{ "EP"  ""  "sp3" }
>> 	{ "F"   "F" "sp3" }
>> 	{ "Cl"  "Cl" "sp3" }
>> 	{ "Br"  "Br" "sp3" }
>> 	{ "I"   "I"  "sp3" }
>> }
>> #
>> #	Load the main parameter set.
>> #
>> parm10 = loadamberparams parm10.dat
Loading parameters: /home/ubuntu/rayca-runtime/.mamba/envs/rayca/dat/leap/parm/parm10.dat
Reading title:
PARM99 + frcmod.ff99SB + frcmod.parmbsc0 + OL3 for RNA
>> frcmod14SB = loadamberparams frcmod.ff14SB
Loading parameters: /home/ubuntu/rayca-runtime/.mamba/envs/rayca/dat/leap/parm/frcmod.ff14SB
Reading force field modification type file (frcmod)
Reading title:
ff14SB protein backbone and sidechain parameters
>> #
>> #	Load main chain and terminating amino acid libraries
>> #
>> loadOff amino12.lib
Loading library: /home/ubuntu/rayca-runtime/.mamba/envs/rayca/dat/leap/lib/amino12.lib
Loading: ALA
Loading: ARG
Loading: ASH
Loading: ASN
Loading: ASP
Loading: CYM
Loading: CYS
Loading: CYX
Loading: GLH
Loading: GLN
Loading: GLU
Loading: GLY
Loading: HID
Loading: HIE
Loading: HIP
Loading: HYP
Loading: ILE
Loading: LEU
Loading: LYN
Loading: LYS
Loading: MET
Loading: PHE
Loading: PRO
Loading: SER
Loading: THR
Loading: TRP
Loading: TYR
Loading: VAL
>> loadOff aminoct12.lib
Loading library: /home/ubuntu/rayca-runtime/.mamba/envs/rayca/dat/leap/lib/aminoct12.lib
Loading: CALA
Loading: CARG
Loading: CASN
Loading: CASP
Loading: CCYS
Loading: CCYX
Loading: CGLN
Loading: CGLU
Loading: CGLY
Loading: CHID
Loading: CHIE
Loading: CHIP
Loading: CHYP
Loading: CILE
Loading: CLEU
Loading: CLYS
Loading: CMET
Loading: CPHE
Loading: CPRO
Loading: CSER
Loading: CTHR
Loading: CTRP
Loading: CTYR
Loading: CVAL
Loading: NHE
Loading: NME
>> loadOff aminont12.lib
Loading library: /home/ubuntu/rayca-runtime/.mamba/envs/rayca/dat/leap/lib/aminont12.lib
Loading: ACE
Loading: NALA
Loading: NARG
Loading: NASN
Loading: NASP
Loading: NCYS
Loading: NCYX
Loading: NGLN
Loading: NGLU
Loading: NGLY
Loading: NHID
Loading: NHIE
Loading: NHIP
Loading: NILE
Loading: NLEU
Loading: NLYS
Loading: NMET
Loading: NPHE
Loading: NPRO
Loading: NSER
Loading: NTHR
Loading: NTRP
Loading: NTYR
Loading: NVAL
>> 
>> #
>> #	Define the PDB name map for the amino acids
>> #
>> addPdbResMap {
>>   { 0 "HYP" "HYP" } { 1 "HYP" "CHYP" }
>>   { 0 "ALA" "NALA" } { 1 "ALA" "CALA" }
>>   { 0 "ARG" "NARG" } { 1 "ARG" "CARG" }
>>   { 0 "ASN" "NASN" } { 1 "ASN" "CASN" }
>>   { 0 "ASP" "NASP" } { 1 "ASP" "CASP" }
>>   { 0 "CYS" "NCYS" } { 1 "CYS" "CCYS" }
>>   { 0 "CYX" "NCYX" } { 1 "CYX" "CCYX" }
>>   { 0 "GLN" "NGLN" } { 1 "GLN" "CGLN" }
>>   { 0 "GLU" "NGLU" } { 1 "GLU" "CGLU" }
>>   { 0 "GLY" "NGLY" } { 1 "GLY" "CGLY" }
>>   { 0 "HID" "NHID" } { 1 "HID" "CHID" }
>>   { 0 "HIE" "NHIE" } { 1 "HIE" "CHIE" }
>>   { 0 "HIP" "NHIP" } { 1 "HIP" "CHIP" }
>>   { 0 "ILE" "NILE" } { 1 "ILE" "CILE" }
>>   { 0 "LEU" "NLEU" } { 1 "LEU" "CLEU" }
>>   { 0 "LYS" "NLYS" } { 1 "LYS" "CLYS" }
>>   { 0 "MET" "NMET" } { 1 "MET" "CMET" }
>>   { 0 "PHE" "NPHE" } { 1 "PHE" "CPHE" }
>>   { 0 "PRO" "NPRO" } { 1 "PRO" "CPRO" }
>>   { 0 "SER" "NSER" } { 1 "SER" "CSER" }
>>   { 0 "THR" "NTHR" } { 1 "THR" "CTHR" }
>>   { 0 "TRP" "NTRP" } { 1 "TRP" "CTRP" }
>>   { 0 "TYR" "NTYR" } { 1 "TYR" "CTYR" }
>>   { 0 "VAL" "NVAL" } { 1 "VAL" "CVAL" }
>>   { 0 "HIS" "NHIS" } { 1 "HIS" "CHIS" }
>> }
>> 
>> #
>> # assume that most often proteins use HIE
>> #
>> NHIS = NHIE
>> HIS = HIE
>> CHIS = CHIE
> 
> source leaprc.gaff2
----- Source: /home/ubuntu/rayca-runtime/.mamba/envs/rayca/dat/leap/cmd/leaprc.gaff2
----- Source of /home/ubuntu/rayca-runtime/.mamba/envs/rayca/dat/leap/cmd/leaprc.gaff2 done
>> logFile leap.log
log started: Sun Sep  6 21:40:02 2026

Log file: ./leap.log
>> #
>> # ----- leaprc for loading the general Amber Force field.
>> #       This file is mostly for use with Antechamber
>> #
>> #	load atom type hybridizations
>> #
>> addAtomTypes {
>> 	{ "h1"  "H" "sp3" }
>> 	{ "h2"  "H" "sp3" }
>> 	{ "h3"  "H" "sp3" }
>> 	{ "h4"  "H" "sp3" }
>> 	{ "h5"  "H" "sp3" }
>> 	{ "ha"  "H" "sp3" }
>> 	{ "hc"  "H" "sp3" }
>> 	{ "hn"  "H" "sp3" }
>> 	{ "ho"  "H" "sp3" }
>> 	{ "hp"  "H" "sp3" }
>> 	{ "hs"  "H" "sp3" }
>> 	{ "hw"  "H" "sp3" }
>> 	{ "hx"  "H" "sp3" }
>> 	{ "o"  "O" "sp2" }
>> 	{ "o2"  "O" "sp2" }
>> 	{ "oh"  "O" "sp3" }
>> 	{ "op"  "O" "sp3" }
>> 	{ "oq"  "O" "sp3" }
>> 	{ "os"  "O" "sp3" }
>> 	{ "ow"  "O" "sp3" }
>> 	{ "c"  "C" "sp2" }
>> 	{ "c1"  "C" "sp2" }
>> 	{ "c2"  "C" "sp2" }
>> 	{ "c3"  "C" "sp3" }
>> 	{ "c5"  "C" "sp3" }
>> 	{ "c6"  "C" "sp3" }
>> 	{ "ca"  "C" "sp2" }
>> 	{ "cc"  "C" "sp2" }
>> 	{ "cd"  "C" "sp2" }
>> 	{ "ce"  "C" "sp2" }
>> 	{ "cf"  "C" "sp2" }
>> 	{ "cg"  "C" "sp2" }
>> 	{ "ch"  "C" "sp2" }
>> 	{ "cp"  "C" "sp2" }
>> 	{ "cs"  "C" "sp2" }
>> 	{ "cq"  "C" "sp2" }
>> 	{ "cu"  "C" "sp2" }
>> 	{ "cv"  "C" "sp2" }
>> 	{ "cx"  "C" "sp3" }
>> 	{ "cy"  "C" "sp3" }
>> 	{ "cz"  "C" "sp2" }
>> 	{ "n"   "N" "sp2" }
>> 	{ "n1"  "N" "sp2" }
>> 	{ "n2"  "N" "sp2" }
>> 	{ "n3"  "N" "sp3" }
>> 	{ "n4"  "N" "sp3" }
>> 	{ "n5"  "N" "sp3" }
>> 	{ "n6"  "N" "sp3" }
>> 	{ "n7"  "N" "sp3" }
>> 	{ "n8"  "N" "sp3" }
>> 	{ "n9"  "N" "sp3" }
>> 	{ "na"  "N" "sp2" }
>> 	{ "nb"  "N" "sp2" }
>> 	{ "nc"  "N" "sp2" }
>> 	{ "nd"  "N" "sp2" }
>> 	{ "ne"  "N" "sp2" }
>> 	{ "nf"  "N" "sp2" }
>> 	{ "nh"  "N" "sp2" }
>> 	{ "ni"  "N" "sp2" }
>> 	{ "nj"  "N" "sp2" }
>> 	{ "nk"  "N" "sp3" }
>> 	{ "nl"  "N" "sp3" }
>> 	{ "nm"  "N" "sp2" }
>> 	{ "nn"  "N" "sp2" }
>> 	{ "no"  "N" "sp2" }
>> 	{ "np"  "N" "sp3" }
>> 	{ "nq"  "N" "sp3" }
>> 	{ "ns"  "N" "sp2" }
>> 	{ "nt"  "N" "sp2" }
>> 	{ "nu"  "N" "sp2" }
>> 	{ "nv"  "N" "sp2" }
>> 	{ "nx"  "N" "sp3" }
>> 	{ "ny"  "N" "sp3" }
>> 	{ "nz"  "N" "sp3" }
>> 	{ "n+"  "N" "sp3" }
>> 	{ "s"   "S" "sp2" }
>> 	{ "s2"   "S" "sp2" }
>> 	{ "s3"   "S" "sp3" }
>> 	{ "s4"   "S" "sp3" }
>> 	{ "s6"   "S" "sp3" }
>> 	{ "sh"   "S" "sp3" }
>> 	{ "sp"   "S" "sp3" }
>> 	{ "sq"   "S" "sp3" }
>> 	{ "ss"   "S" "sp3" }
>> 	{ "sx"   "S" "sp3" }
>> 	{ "sy"   "S" "sp3" }
>> 	{ "p2"   "P" "sp2" }
>> 	{ "p3"   "P" "sp3" }
>> 	{ "p4"   "P" "sp3" }
>> 	{ "p5"   "P" "sp3" }
>> 	{ "pb"   "P" "sp3" }
>> 	{ "pc"   "P" "sp3" }
>> 	{ "pd"   "P" "sp3" }
>> 	{ "pe"   "P" "sp3" }
>> 	{ "pf"   "P" "sp3" }
>> 	{ "px"   "P" "sp3" }
>> 	{ "py"   "P" "sp3" }
>> 	{ "f"   "F" "sp3" }
>> 	{ "cl"  "Cl" "sp3" }
>> 	{ "br"  "Br" "sp3" }
>> 	{ "i"   "I"  "sp3" }
>> }
>> #
>> #	Load the general force field parameter set.
>> #
>> gaff = loadamberparams gaff2.dat
Loading parameters: /home/ubuntu/rayca-runtime/.mamba/envs/rayca/dat/leap/parm/gaff2.dat
Reading title:
AMBER General Force Field for organic molecules (Version 2.2.30, Oct 2025)
(UNKNOWN ATOM TYPE: hb)
> 
> loadamberparams frcmod.ionsjc_tip3p
Loading parameters: /home/ubuntu/rayca-runtime/.mamba/envs/rayca/dat/leap/parm/frcmod.ionsjc_tip3p
Reading force field modification type file (frcmod)
Reading title:
Monovalent ion parameters for Ewald and TIP3P water from Joung & Cheatham JPCB (2008)
(UNKNOWN ATOM TYPE: Li+)
(UNKNOWN ATOM TYPE: Na+)
(UNKNOWN ATOM TYPE: K+)
(UNKNOWN ATOM TYPE: Rb+)
(UNKNOWN ATOM TYPE: Cs+)
(UNKNOWN ATOM TYPE: F-)
(UNKNOWN ATOM TYPE: Cl-)
(UNKNOWN ATOM TYPE: Br-)
(UNKNOWN ATOM TYPE: I-)
> LIG = loadmol2 /home/ubuntu/rayca-sessions/74591a70-5513-45c3-a9c1-10904993bc16-aa94c8cd626e/mmgbsa/EDEL-CRBN-0005_ent/lig.mol2
Loading Mol2 file: /home/ubuntu/rayca-sessions/74591a70-5513-45c3-a9c1-10904993bc16-aa94c8cd626e/mmgbsa/EDEL-CRBN-0005_ent/lig.mol2
Reading MOLECULE named LIG
> loadamberparams /home/ubuntu/rayca-sessions/74591a70-5513-45c3-a9c1-10904993bc16-aa94c8cd626e/mmgbsa/EDEL-CRBN-0005_ent/lig.frcmod
Loading parameters: /home/ubuntu/rayca-sessions/74591a70-5513-45c3-a9c1-10904993bc16-aa94c8cd626e/mmgbsa/EDEL-CRBN-0005_ent/lig.frcmod
Reading force field modification type file (frcmod)
Reading title:
Remark line goes here
> REC = loadpdb /home/ubuntu/rayca-sessions/74591a70-5513-45c3-a9c1-10904993bc16-aa94c8cd626e/4CI2_receptor_noh.pdb
Loading PDB file: /home/ubuntu/rayca-sessions/74591a70-5513-45c3-a9c1-10904993bc16-aa94c8cd626e/4CI2_receptor_noh.pdb
Matching PDB residue names to LEaP variables.
Mapped residue MET, term: Terminal/beginning, seq. number: 0 to: NMET.
Mapped residue ARG, term: Terminal/last, seq. number: 380 to: CARG.

/home/ubuntu/rayca-runtime/.mamba/envs/rayca/bin/teLeap: Warning!
Unknown residue: ZN   number: 381   type: Terminal/last
..relaxing end constraints to try for a dbase match

/home/ubuntu/rayca-runtime/.mamba/envs/rayca/bin/teLeap: Warning!
  -no luck
Creating new UNIT for residue: ZN sequence: 428
Created a new atom named: ZN within residue: .R<ZN 428>
  total atoms in file: 3104
  Leap added 3085 missing atoms according to residue templates:
       3085 H / lone pairs
  The file contained 1 atoms not in residue templates
> COMPLEX = combine {REC LIG}
  Sequence: default_name
  Sequence: LIG
> check COMPLEX
Checking 'COMPLEX'....

/home/ubuntu/rayca-runtime/.mamba/envs/rayca/bin/teLeap: Warning!
The unperturbed charge of the unit (6.999000) is not zero.
FATAL:  Atom .R<ZN 428>.A<ZN 1> does not have a type.

/home/ubuntu/rayca-runtime/.mamba/envs/rayca/bin/teLeap: Warning!
Close contact of 0.960 angstroms between nonbonded atoms ZN and HG
-------  .R<ZN 428>.A<ZN 1> and .R<CYS 393>.A<HG 9>

/home/ubuntu/rayca-runtime/.mamba/envs/rayca/bin/teLeap: Warning!
Close contact of 0.913 angstroms between nonbonded atoms ZN and HG
-------  .R<ZN 428>.A<ZN 1> and .R<CYS 325>.A<HG 9>

/home/ubuntu/rayca-runtime/.mamba/envs/rayca/bin/teLeap: Warning!
Close contact of 1.407 angstroms between nonbonded atoms CZ and HB3
-------  .R<CARG 427>.A<CZ 16> and .R<GLN 329>.A<HB3 7>

/home/ubuntu/rayca-runtime/.mamba/envs/rayca/bin/teLeap: Warning!
Close contact of 1.480 angstroms between nonbonded atoms NH1 and CB
-------  .R<CARG 427>.A<NH1 17> and .R<GLN 329>.A<CB 5>

/home/ubuntu/rayca-runtime/.mamba/envs/rayca/bin/teLeap: Warning!
Close contact of 0.712 angstroms between nonbonded atoms NH1 and HB3
-------  .R<CARG 427>.A<NH1 17> and .R<GLN 329>.A<HB3 7>

/home/ubuntu/rayca-runtime/.mamba/envs/rayca/bin/teLeap: Warning!
Close contact of 1.314 angstroms between nonbonded atoms HH11 and C
-------  .R<CARG 427>.A<HH11 18> and .R<GLN 329>.A<C 16>

/home/ubuntu/rayca-runtime/.mamba/envs/rayca/bin/teLeap: Warning!
Close contact of 1.487 angstroms between nonbonded atoms HH11 and O
-------  .R<CARG 427>.A<HH11 18> and .R<GLN 329>.A<O 17>

/home/ubuntu/rayca-runtime/.mamba/envs/rayca/bin/teLeap: Warning!
Close contact of 0.637 angstroms between nonbonded atoms HH12 and CB
-------  .R<CARG 427>.A<HH12 19> and .R<GLN 329>.A<CB 5>

/home/ubuntu/rayca-runtime/.mamba/envs/rayca/bin/teLeap: Warning!
Close contact of 1.041 angstroms between nonbonded atoms HH12 and HB2
-------  .R<CARG 427>.A<HH12 19> and .R<GLN 329>.A<HB2 6>

/home/ubuntu/rayca-runtime/.mamba/envs/rayca/bin/teLeap: Warning!
Close contact of 0.749 angstroms between nonbonded atoms HH12 and HB3
-------  .R<CARG 427>.A<HH12 19> and .R<GLN 329>.A<HB3 7>

/home/ubuntu/rayca-runtime/.mamba/envs/rayca/bin/teLeap: Warning!
Close contact of 1.451 angstroms between nonbonded atoms HH22 and OE1
-------  .R<CARG 427>.A<HH22 22> and .R<GLN 329>.A<OE1 12>

/home/ubuntu/rayca-runtime/.mamba/envs/rayca/bin/teLeap: Warning!
Close contact of 1.159 angstroms between nonbonded atoms O and OXT
-------  .R<CARG 427>.A<O 24> and .R<CARG 427>.A<OXT 25>

/home/ubuntu/rayca-runtime/.mamba/envs/rayca/bin/teLeap: Warning!
Close contact of 1.251 angstroms between nonbonded atoms HG and HG
-------  .R<CYS 393>.A<HG 9> and .R<CYS 325>.A<HG 9>

/home/ubuntu/rayca-runtime/.mamba/envs/rayca/bin/teLeap: Warning!
Close contact of 1.424 angstroms between nonbonded atoms HG1 and HG
-------  .R<THR 331>.A<HG1 12> and .R<CYS 328>.A<HG 9>

/home/ubuntu/rayca-runtime/.mamba/envs/rayca/bin/teLeap: Warning!
Close contact of 1.311 angstroms between nonbonded atoms HA and HG2
-------  .R<LYS 271>.A<HA 4> and .R<LYS 271>.A<HG2 9>

/home/ubuntu/rayca-runtime/.mamba/envs/rayca/bin/teLeap: Warning!
Close contact of 1.206 angstroms between nonbonded atoms CZ2 and HA
-------  .R<TRP 225>.A<CZ2 14> and .R<PHE 209>.A<HA 4>

/home/ubuntu/rayca-runtime/.mamba/envs/rayca/bin/teLeap: Warning!
Close contact of 1.068 angstroms between nonbonded atoms HZ2 and CA
-------  .R<TRP 225>.A<HZ2 15> and .R<PHE 209>.A<CA 3>

/home/ubuntu/rayca-runtime/.mamba/envs/rayca/bin/teLeap: Warning!
Close contact of 0.529 angstroms between nonbonded atoms HZ2 and HA
-------  .R<TRP 225>.A<HZ2 15> and .R<PHE 209>.A<HA 4>

/home/ubuntu/rayca-runtime/.mamba/envs/rayca/bin/teLeap: Warning!
Close contact of 0.951 angstroms between nonbonded atoms HZ2 and C
-------  .R<TRP 225>.A<HZ2 15> and .R<PHE 209>.A<C 19>

/home/ubuntu/rayca-runtime/.mamba/envs/rayca/bin/teLeap: Warning!
Close contact of 1.493 angstroms between nonbonded atoms CH2 and HD3
-------  .R<TRP 225>.A<CH2 16> and .R<PRO 210>.A<HD3 4>

/home/ubuntu/rayca-runtime/.mamba/envs/rayca/bin/teLeap: Warning!
Close contact of 0.908 angstroms between nonbonded atoms HH2 and HD3
-------  .R<TRP 225>.A<HH2 17> and .R<PRO 210>.A<HD3 4>

/home/ubuntu/rayca-runtime/.mamba/envs/rayca/bin/teLeap: Warning!
Close contact of 1.313 angstroms between nonbonded atoms HZ and HB2
-------  .R<PHE 222>.A<HZ 14> and .R<GLN 218>.A<HB2 6>

/home/ubuntu/rayca-runtime/.mamba/envs/rayca/bin/teLeap: Warning!
Close contact of 1.260 angstroms between nonbonded atoms H and HA
-------  .R<ARG 220>.A<H 2> and .R<ASP 219>.A<HA 4>

/home/ubuntu/rayca-runtime/.mamba/envs/rayca/bin/teLeap: Warning!
Close contact of 0.796 angstroms between nonbonded atoms CD and HE
-------  .R<ARG 220>.A<CD 11> and .R<ARG 220>.A<HE 15>

/home/ubuntu/rayca-runtime/.mamba/envs/rayca/bin/teLeap: Warning!
Close contact of 1.189 angstroms between nonbonded atoms HD3 and HE
-------  .R<ARG 220>.A<HD3 13> and .R<ARG 220>.A<HE 15>

/home/ubuntu/rayca-runtime/.mamba/envs/rayca/bin/teLeap: Warning!
Close contact of 1.415 angstroms between nonbonded atoms HE and HH11
-------  .R<ARG 220>.A<HE 15> and .R<ARG 220>.A<HH11 18>

/home/ubuntu/rayca-runtime/.mamba/envs/rayca/bin/teLeap: Warning!
Close contact of 0.956 angstroms between nonbonded atoms HH12 and HH21
-------  .R<ARG 220>.A<HH12 19> and .R<ARG 220>.A<HH21 21>

/home/ubuntu/rayca-runtime/.mamba/envs/rayca/bin/teLeap: Warning!
Close contact of 1.327 angstroms between nonbonded atoms H and OD2
-------  .R<ASP 219>.A<H 2> and .R<ASP 219>.A<OD2 10>

/home/ubuntu/rayca-runtime/.mamba/envs/rayca/bin/teLeap: Warning!
Close contact of 1.372 angstroms between nonbonded atoms H and C
-------  .R<GLN 218>.A<H 2> and .R<TRP 217>.A<C 23>

/home/ubuntu/rayca-runtime/.mamba/envs/rayca/bin/teLeap: Warning!
Close contact of 0.864 angstroms between nonbonded atoms HA and C
-------  .R<GLN 218>.A<HA 4> and .R<GLN 218>.A<C 16>

/home/ubuntu/rayca-runtime/.mamba/envs/rayca/bin/teLeap: Warning!
Close contact of 0.810 angstroms between nonbonded atoms HA and O
-------  .R<GLN 218>.A<HA 4> and .R<GLN 218>.A<O 17>

/home/ubuntu/rayca-runtime/.mamba/envs/rayca/bin/teLeap: Warning!
Close contact of 1.451 angstroms between nonbonded atoms N and O
-------  .R<VAL 216>.A<N 1> and .R<LYS 215>.A<O 22>

/home/ubuntu/rayca-runtime/.mamba/envs/rayca/bin/teLeap: Warning!
Close contact of 1.377 angstroms between nonbonded atoms H and O
-------  .R<VAL 216>.A<H 2> and .R<LYS 215>.A<O 22>

/home/ubuntu/rayca-runtime/.mamba/envs/rayca/bin/teLeap: Warning!
Close contact of 1.418 angstroms between nonbonded atoms H and HB2
-------  .R<VAL 216>.A<H 2> and .R<PRO 214>.A<HB2 9>

/home/ubuntu/rayca-runtime/.mamba/envs/rayca/bin/teLeap: Warning!
Close contact of 1.094 angstroms between nonbonded atoms HA and C
-------  .R<VAL 216>.A<HA 4> and .R<VAL 216>.A<C 15>

/home/ubuntu/rayca-runtime/.mamba/envs/rayca/bin/teLeap: Warning!
Close contact of 1.378 angstroms between nonbonded atoms HG21 and HG3
-------  .R<VAL 216>.A<HG21 12> and .R<PRO 214>.A<HG3 7>

/home/ubuntu/rayca-runtime/.mamba/envs/rayca/bin/teLeap: Warning!
Close contact of 0.617 angstroms between nonbonded atoms N and O
-------  .R<LYS 215>.A<N 1> and .R<LYS 215>.A<O 22>

/home/ubuntu/rayca-runtime/.mamba/envs/rayca/bin/teLeap: Warning!
Close contact of 1.326 angstroms between nonbonded atoms N and O
-------  .R<LYS 215>.A<N 1> and .R<LYS 213>.A<O 22>

/home/ubuntu/rayca-runtime/.mamba/envs/rayca/bin/teLeap: Warning!
Close contact of 1.448 angstroms between nonbonded atoms H and C
-------  .R<LYS 215>.A<H 2> and .R<LYS 213>.A<C 21>

/home/ubuntu/rayca-runtime/.mamba/envs/rayca/bin/teLeap: Warning!
Close contact of 0.334 angstroms between nonbonded atoms H and O
-------  .R<LYS 215>.A<H 2> and .R<LYS 213>.A<O 22>

/home/ubuntu/rayca-runtime/.mamba/envs/rayca/bin/teLeap: Warning!
Close contact of 1.407 angstroms between nonbonded atoms CA and O
-------  .R<LYS 215>.A<CA 3> and .R<LYS 215>.A<O 22>

/home/ubuntu/rayca-runtime/.mamba/envs/rayca/bin/teLeap: Warning!
Close contact of 1.187 angstroms between nonbonded atoms HA and C
-------  .R<LYS 215>.A<HA 4> and .R<LYS 215>.A<C 21>

/home/ubuntu/rayca-runtime/.mamba/envs/rayca/bin/teLeap: Warning!
Close contact of 0.693 angstroms between nonbonded atoms HE3 and HZ2
-------  .R<LYS 215>.A<HE3 16> and .R<LYS 213>.A<HZ2 19>

/home/ubuntu/rayca-runtime/.mamba/envs/rayca/bin/teLeap: Warning!
Close contact of 1.132 angstroms between nonbonded atoms N and O
-------  .R<PRO 214>.A<N 1> and .R<PRO 214>.A<O 14>

/home/ubuntu/rayca-runtime/.mamba/envs/rayca/bin/teLeap: Warning!
Close contact of 1.246 angstroms between nonbonded atoms CD and HB3
-------  .R<PRO 214>.A<CD 2> and .R<SER 211>.A<HB3 7>

/home/ubuntu/rayca-runtime/.mamba/envs/rayca/bin/teLeap: Warning!
Close contact of 1.273 angstroms between nonbonded atoms HD2 and CB
-------  .R<PRO 214>.A<HD2 3> and .R<SER 211>.A<CB 5>

/home/ubuntu/rayca-runtime/.mamba/envs/rayca/bin/teLeap: Warning!
Close contact of 1.359 angstroms between nonbonded atoms HD2 and HB2
-------  .R<PRO 214>.A<HD2 3> and .R<SER 211>.A<HB2 6>

/home/ubuntu/rayca-runtime/.mamba/envs/rayca/bin/teLeap: Warning!
Close contact of 1.212 angstroms between nonbonded atoms HD2 and HB3
-------  .R<PRO 214>.A<HD2 3> and .R<SER 211>.A<HB3 7>

/home/ubuntu/rayca-runtime/.mamba/envs/rayca/bin/teLeap: Warning!
Close contact of 1.118 angstroms between nonbonded atoms HD3 and HB2
-------  .R<PRO 214>.A<HD3 4> and .R<SER 212>.A<HB2 6>

/home/ubuntu/rayca-runtime/.mamba/envs/rayca/bin/teLeap: Warning!
Close contact of 1.442 angstroms between nonbonded atoms HD3 and HB3
-------  .R<PRO 214>.A<HD3 4> and .R<SER 212>.A<HB3 7>

/home/ubuntu/rayca-runtime/.mamba/envs/rayca/bin/teLeap: Warning!
Close contact of 1.008 angstroms between nonbonded atoms HD3 and HB3
-------  .R<PRO 214>.A<HD3 4> and .R<SER 211>.A<HB3 7>

/home/ubuntu/rayca-runtime/.mamba/envs/rayca/bin/teLeap: Warning!
Close contact of 0.633 angstroms between nonbonded atoms CG and HB3
-------  .R<PRO 214>.A<CG 5> and .R<PRO 214>.A<HB3 10>

/home/ubuntu/rayca-runtime/.mamba/envs/rayca/bin/teLeap: Warning!
Close contact of 1.133 angstroms between nonbonded atoms HG2 and HB3
-------  .R<PRO 214>.A<HG2 6> and .R<PRO 214>.A<HB3 10>

/home/ubuntu/rayca-runtime/.mamba/envs/rayca/bin/teLeap: Warning!
Close contact of 1.056 angstroms between nonbonded atoms CB and HA
-------  .R<PRO 214>.A<CB 8> and .R<PRO 214>.A<HA 12>

/home/ubuntu/rayca-runtime/.mamba/envs/rayca/bin/teLeap: Warning!
Close contact of 1.330 angstroms between nonbonded atoms CA and O
-------  .R<PRO 214>.A<CA 11> and .R<PRO 214>.A<O 14>

/home/ubuntu/rayca-runtime/.mamba/envs/rayca/bin/teLeap: Warning!
Close contact of 1.319 angstroms between nonbonded atoms O and C
-------  .R<PRO 214>.A<O 14> and .R<LYS 213>.A<C 21>

/home/ubuntu/rayca-runtime/.mamba/envs/rayca/bin/teLeap: Warning!
Close contact of 1.203 angstroms between nonbonded atoms N and N
-------  .R<LYS 213>.A<N 1> and .R<SER 212>.A<N 1>

/home/ubuntu/rayca-runtime/.mamba/envs/rayca/bin/teLeap: Warning!
Close contact of 1.277 angstroms between nonbonded atoms N and H
-------  .R<LYS 213>.A<N 1> and .R<SER 212>.A<H 2>

/home/ubuntu/rayca-runtime/.mamba/envs/rayca/bin/teLeap: Warning!
Close contact of 1.341 angstroms between nonbonded atoms N and CA
-------  .R<LYS 213>.A<N 1> and .R<SER 212>.A<CA 3>

/home/ubuntu/rayca-runtime/.mamba/envs/rayca/bin/teLeap: Warning!
Close contact of 1.411 angstroms between nonbonded atoms H and CA
-------  .R<LYS 213>.A<H 2> and .R<SER 212>.A<CA 3>

/home/ubuntu/rayca-runtime/.mamba/envs/rayca/bin/teLeap: Warning!
Close contact of 0.943 angstroms between nonbonded atoms H and C
-------  .R<LYS 213>.A<H 2> and .R<SER 212>.A<C 10>

/home/ubuntu/rayca-runtime/.mamba/envs/rayca/bin/teLeap: Warning!
Close contact of 1.217 angstroms between nonbonded atoms CA and H
-------  .R<LYS 213>.A<CA 3> and .R<SER 212>.A<H 2>

/home/ubuntu/rayca-runtime/.mamba/envs/rayca/bin/teLeap: Warning!
Close contact of 0.553 angstroms between nonbonded atoms HA and C
-------  .R<LYS 213>.A<HA 4> and .R<LYS 213>.A<C 21>

/home/ubuntu/rayca-runtime/.mamba/envs/rayca/bin/teLeap: Warning!
Close contact of 0.997 angstroms between nonbonded atoms HA and H
-------  .R<LYS 213>.A<HA 4> and .R<SER 212>.A<H 2>

/home/ubuntu/rayca-runtime/.mamba/envs/rayca/bin/teLeap: Warning!
Close contact of 1.024 angstroms between nonbonded atoms CB and HZ1
-------  .R<LYS 213>.A<CB 5> and .R<LYS 213>.A<HZ1 18>

/home/ubuntu/rayca-runtime/.mamba/envs/rayca/bin/teLeap: Warning!
Close contact of 1.476 angstroms between nonbonded atoms HB2 and NZ
-------  .R<LYS 213>.A<HB2 6> and .R<LYS 213>.A<NZ 17>

/home/ubuntu/rayca-runtime/.mamba/envs/rayca/bin/teLeap: Warning!
Close contact of 0.729 angstroms between nonbonded atoms HB2 and HZ1
-------  .R<LYS 213>.A<HB2 6> and .R<LYS 213>.A<HZ1 18>

/home/ubuntu/rayca-runtime/.mamba/envs/rayca/bin/teLeap: Warning!
Close contact of 1.374 angstroms between nonbonded atoms HB3 and HE2
-------  .R<LYS 213>.A<HB3 7> and .R<LYS 213>.A<HE2 15>

/home/ubuntu/rayca-runtime/.mamba/envs/rayca/bin/teLeap: Warning!
Close contact of 1.220 angstroms between nonbonded atoms HB3 and HZ1
-------  .R<LYS 213>.A<HB3 7> and .R<LYS 213>.A<HZ1 18>

/home/ubuntu/rayca-runtime/.mamba/envs/rayca/bin/teLeap: Warning!
Close contact of 1.440 angstroms between nonbonded atoms HG3 and HA
-------  .R<LYS 213>.A<HG3 10> and .R<SER 211>.A<HA 4>

/home/ubuntu/rayca-runtime/.mamba/envs/rayca/bin/teLeap: Warning!
Close contact of 1.471 angstroms between nonbonded atoms C and H
-------  .R<LYS 213>.A<C 21> and .R<SER 212>.A<H 2>

/home/ubuntu/rayca-runtime/.mamba/envs/rayca/bin/teLeap: Warning!
Close contact of 1.369 angstroms between nonbonded atoms H and HB3
-------  .R<SER 212>.A<H 2> and .R<SER 212>.A<HB3 7>

/home/ubuntu/rayca-runtime/.mamba/envs/rayca/bin/teLeap: Warning!
Close contact of 0.638 angstroms between nonbonded atoms H and C
-------  .R<SER 211>.A<H 2> and .R<PRO 210>.A<C 13>

/home/ubuntu/rayca-runtime/.mamba/envs/rayca/bin/teLeap: Warning!
Close contact of 1.191 angstroms between nonbonded atoms HA and C
-------  .R<SER 211>.A<HA 4> and .R<SER 211>.A<C 10>

/home/ubuntu/rayca-runtime/.mamba/envs/rayca/bin/teLeap: Warning!
Close contact of 1.449 angstroms between nonbonded atoms HD2 and O
-------  .R<PRO 210>.A<HD2 3> and .R<PRO 210>.A<O 14>

/home/ubuntu/rayca-runtime/.mamba/envs/rayca/bin/teLeap: Warning!
Close contact of 1.151 angstroms between nonbonded atoms H and C
-------  .R<PHE 209>.A<H 2> and .R<ILE 208>.A<C 18>

/home/ubuntu/rayca-runtime/.mamba/envs/rayca/bin/teLeap: Warning!
Close contact of 0.810 angstroms between nonbonded atoms HA and C
-------  .R<PHE 209>.A<HA 4> and .R<PHE 209>.A<C 19>

/home/ubuntu/rayca-runtime/.mamba/envs/rayca/bin/teLeap: Warning!
Close contact of 1.382 angstroms between nonbonded atoms HD1 and O
-------  .R<PHE 209>.A<HD1 10> and .R<PHE 209>.A<O 20>

/home/ubuntu/rayca-runtime/.mamba/envs/rayca/bin/teLeap: Warning!
Close contact of 1.405 angstroms between nonbonded atoms N and HG2
-------  .R<THR 173>.A<N 1> and .R<ARG 172>.A<HG2 9>

/home/ubuntu/rayca-runtime/.mamba/envs/rayca/bin/teLeap: Warning!
Close contact of 1.180 angstroms between nonbonded atoms HD3 and HH11
-------  .R<ARG 172>.A<HD3 13> and .R<ARG 172>.A<HH11 18>

/home/ubuntu/rayca-runtime/.mamba/envs/rayca/bin/teLeap: Warning!
Close contact of 1.361 angstroms between nonbonded atoms HB2 and HB1
-------  .R<LYS 159>.A<HB2 6> and .R<ALA 144>.A<HB1 6>

/home/ubuntu/rayca-runtime/.mamba/envs/rayca/bin/teLeap: Warning!
Close contact of 0.695 angstroms between nonbonded atoms HH22 and HG2
-------  .R<ARG 132>.A<HH22 22> and .R<MET 89>.A<HG2 9>

/home/ubuntu/rayca-runtime/.mamba/envs/rayca/bin/teLeap: Warning!
Close contact of 1.425 angstroms between nonbonded atoms H and HB2
-------  .R<ASP 118>.A<H 2> and .R<LYS 117>.A<HB2 6>
Checking parameters for unit 'COMPLEX'.
Checking for bond parameters.
Checking for angle parameters.
check:  Errors:  1   Warnings: 84
> saveamberparm LIG /home/ubuntu/rayca-sessions/74591a70-5513-45c3-a9c1-10904993bc16-aa94c8cd626e/mmgbsa/EDEL-CRBN-0005_ent/lig.prmtop /home/ubuntu/rayca-sessions/74591a70-5513-45c3-a9c1-10904993bc16-aa94c8cd626e/mmgbsa/EDEL-CRBN-0005_ent/lig.inpcrd
Checking Unit.
Building topology.
Building atom parameters.
Building bond parameters.
Building angle parameters.
Building proper torsion parameters.
Building improper torsion parameters.
 total 12 improper torsions applied
Building H-Bond parameters.
Incorporating Non-Bonded adjustments.
Not Marking per-residue atom chain types.
Marking per-residue atom chain types.
  (Residues lacking connect0/connect1 - 
   these don't have chain types marked:

	res	total affected

	LIG	1
  )
 (no restraints)
> saveamberparm REC /home/ubuntu/rayca-sessions/74591a70-5513-45c3-a9c1-10904993bc16-aa94c8cd626e/mmgbsa/EDEL-CRBN-0005_ent/rec.prmtop /home/ubuntu/rayca-sessions/74591a70-5513-45c3-a9c1-10904993bc16-aa94c8cd626e/mmgbsa/EDEL-CRBN-0005_ent/rec.inpcrd
Checking Unit.

/home/ubuntu/rayca-runtime/.mamba/envs/rayca/bin/teLeap: Warning!
The unperturbed charge of the unit (7.000000) is not zero.
FATAL:  Atom .R<ZN 428>.A<ZN 1> does not have a type.

/home/ubuntu/rayca-runtime/.mamba/envs/rayca/bin/teLeap: Fatal Error!
Failed to generate parameters

Exiting LEaP: Errors = 1; Warnings = 87; Notes = 0.
log started: Sun Sep  6 21:40:45 2026

Log file: ./leap.log
>> #
>> # ----- leaprc for loading the ff14SB force field
>> # ----- NOTE: this is designed for PDB format 3!
>> #
>> #	load atom type hybridizations
>> #
>> addAtomTypes {
>> 	{ "H"   "H" "sp3" }
>> 	{ "HO"  "H" "sp3" }
>> 	{ "HS"  "H" "sp3" }
>> 	{ "H1"  "H" "sp3" }
>> 	{ "H2"  "H" "sp3" }
>> 	{ "H3"  "H" "sp3" }
>> 	{ "H4"  "H" "sp3" }
>> 	{ "H5"  "H" "sp3" }
>> 	{ "HW"  "H" "sp3" }
>> 	{ "HC"  "H" "sp3" }
>> 	{ "HA"  "H" "sp3" }
>> 	{ "HP"  "H" "sp3" }
>> 	{ "HZ"  "H" "sp3" }
>> 	{ "OH"  "O" "sp3" }
>> 	{ "OS"  "O" "sp3" }
>> 	{ "O"   "O" "sp2" }
>> 	{ "O2"  "O" "sp2" }
>> 	{ "OP"  "O" "sp2" }
>> 	{ "OW"  "O" "sp3" }
>> 	{ "CT"  "C" "sp3" }
>> 	{ "CX"  "C" "sp3" }
>> 	{ "C8"  "C" "sp3" }
>> 	{ "2C"  "C" "sp3" }
>> 	{ "3C"  "C" "sp3" }
>> 	{ "CH"  "C" "sp3" }
>> 	{ "CS"  "C" "sp2" }
>> 	{ "C"   "C" "sp2" }
>> 	{ "CO"   "C" "sp2" }
>> 	{ "C*"  "C" "sp2" }
>> 	{ "CA"  "C" "sp2" }
>> 	{ "CB"  "C" "sp2" }
>> 	{ "CC"  "C" "sp2" }
>> 	{ "CN"  "C" "sp2" }
>> 	{ "CM"  "C" "sp2" }
>> 	{ "CK"  "C" "sp2" }
>> 	{ "CQ"  "C" "sp2" }
>> 	{ "CD"  "C" "sp2" }
>> 	{ "C5"  "C" "sp2" }
>> 	{ "C4"  "C" "sp2" }
>> 	{ "CP"  "C" "sp2" }
>> 	{ "CI"  "C" "sp3" }
>> 	{ "CJ"  "C" "sp2" }
>> 	{ "CW"  "C" "sp2" }
>> 	{ "CV"  "C" "sp2" }
>> 	{ "CR"  "C" "sp2" }
>> 	{ "CA"  "C" "sp2" }
>> 	{ "CY"  "C" "sp2" }
>> 	{ "C0"  "Ca" "sp3" }
>> 	{ "MG"  "Mg" "sp3" }
>> 	{ "N"   "N" "sp2" }
>> 	{ "NA"  "N" "sp2" }
>> 	{ "N2"  "N" "sp2" }
>> 	{ "N*"  "N" "sp2" }
>> 	{ "NP"  "N" "sp2" }
>> 	{ "NQ"  "N" "sp2" }
>> 	{ "NB"  "N" "sp2" }
>> 	{ "NC"  "N" "sp2" }
>> 	{ "NT"  "N" "sp3" }
>> 	{ "NY"  "N" "sp2" }
>> 	{ "N3"  "N" "sp3" }
>> 	{ "S"   "S" "sp3" }
>> 	{ "SH"  "S" "sp3" }
>> 	{ "P"   "P" "sp3" }
>> 	{ "LP"  ""  "sp3" }
>> 	{ "EP"  ""  "sp3" }
>> 	{ "F"   "F" "sp3" }
>> 	{ "Cl"  "Cl" "sp3" }
>> 	{ "Br"  "Br" "sp3" }
>> 	{ "I"   "I"  "sp3" }
>> }
>> #
>> #	Load the main parameter set.
>> #
>> parm10 = loadamberparams parm10.dat
Loading parameters: /home/ubuntu/rayca-runtime/.mamba/envs/rayca/dat/leap/parm/parm10.dat
Reading title:
PARM99 + frcmod.ff99SB + frcmod.parmbsc0 + OL3 for RNA
>> frcmod14SB = loadamberparams frcmod.ff14SB
Loading parameters: /home/ubuntu/rayca-runtime/.mamba/envs/rayca/dat/leap/parm/frcmod.ff14SB
Reading force field modification type file (frcmod)
Reading title:
ff14SB protein backbone and sidechain parameters
>> #
>> #	Load main chain and terminating amino acid libraries
>> #
>> loadOff amino12.lib
Loading library: /home/ubuntu/rayca-runtime/.mamba/envs/rayca/dat/leap/lib/amino12.lib
Loading: ALA
Loading: ARG
Loading: ASH
Loading: ASN
Loading: ASP
Loading: CYM
Loading: CYS
Loading: CYX
Loading: GLH
Loading: GLN
Loading: GLU
Loading: GLY
Loading: HID
Loading: HIE
Loading: HIP
Loading: HYP
Loading: ILE
Loading: LEU
Loading: LYN
Loading: LYS
Loading: MET
Loading: PHE
Loading: PRO
Loading: SER
Loading: THR
Loading: TRP
Loading: TYR
Loading: VAL
>> loadOff aminoct12.lib
Loading library: /home/ubuntu/rayca-runtime/.mamba/envs/rayca/dat/leap/lib/aminoct12.lib
Loading: CALA
Loading: CARG
Loading: CASN
Loading: CASP
Loading: CCYS
Loading: CCYX
Loading: CGLN
Loading: CGLU
Loading: CGLY
Loading: CHID
Loading: CHIE
Loading: CHIP
Loading: CHYP
Loading: CILE
Loading: CLEU
Loading: CLYS
Loading: CMET
Loading: CPHE
Loading: CPRO
Loading: CSER
Loading: CTHR
Loading: CTRP
Loading: CTYR
Loading: CVAL
Loading: NHE
Loading: NME
>> loadOff aminont12.lib
Loading library: /home/ubuntu/rayca-runtime/.mamba/envs/rayca/dat/leap/lib/aminont12.lib
Loading: ACE
Loading: NALA
Loading: NARG
Loading: NASN
Loading: NASP
Loading: NCYS
Loading: NCYX
Loading: NGLN
Loading: NGLU
Loading: NGLY
Loading: NHID
Loading: NHIE
Loading: NHIP
Loading: NILE
Loading: NLEU
Loading: NLYS
Loading: NMET
Loading: NPHE
Loading: NPRO
Loading: NSER
Loading: NTHR
Loading: NTRP
Loading: NTYR
Loading: NVAL
>> 
>> #
>> #	Define the PDB name map for the amino acids
>> #
>> addPdbResMap {
>>   { 0 "HYP" "HYP" } { 1 "HYP" "CHYP" }
>>   { 0 "ALA" "NALA" } { 1 "ALA" "CALA" }
>>   { 0 "ARG" "NARG" } { 1 "ARG" "CARG" }
>>   { 0 "ASN" "NASN" } { 1 "ASN" "CASN" }
>>   { 0 "ASP" "NASP" } { 1 "ASP" "CASP" }
>>   { 0 "CYS" "NCYS" } { 1 "CYS" "CCYS" }
>>   { 0 "CYX" "NCYX" } { 1 "CYX" "CCYX" }
>>   { 0 "GLN" "NGLN" } { 1 "GLN" "CGLN" }
>>   { 0 "GLU" "NGLU" } { 1 "GLU" "CGLU" }
>>   { 0 "GLY" "NGLY" } { 1 "GLY" "CGLY" }
>>   { 0 "HID" "NHID" } { 1 "HID" "CHID" }
>>   { 0 "HIE" "NHIE" } { 1 "HIE" "CHIE" }
>>   { 0 "HIP" "NHIP" } { 1 "HIP" "CHIP" }
>>   { 0 "ILE" "NILE" } { 1 "ILE" "CILE" }
>>   { 0 "LEU" "NLEU" } { 1 "LEU" "CLEU" }
>>   { 0 "LYS" "NLYS" } { 1 "LYS" "CLYS" }
>>   { 0 "MET" "NMET" } { 1 "MET" "CMET" }
>>   { 0 "PHE" "NPHE" } { 1 "PHE" "CPHE" }
>>   { 0 "PRO" "NPRO" } { 1 "PRO" "CPRO" }
>>   { 0 "SER" "NSER" } { 1 "SER" "CSER" }
>>   { 0 "THR" "NTHR" } { 1 "THR" "CTHR" }
>>   { 0 "TRP" "NTRP" } { 1 "TRP" "CTRP" }
>>   { 0 "TYR" "NTYR" } { 1 "TYR" "CTYR" }
>>   { 0 "VAL" "NVAL" } { 1 "VAL" "CVAL" }
>>   { 0 "HIS" "NHIS" } { 1 "HIS" "CHIS" }
>> }
>> 
>> #
>> # assume that most often proteins use HIE
>> #
>> NHIS = NHIE
>> HIS = HIE
>> CHIS = CHIE
> 
> source leaprc.gaff2
----- Source: /home/ubuntu/rayca-runtime/.mamba/envs/rayca/dat/leap/cmd/leaprc.gaff2
----- Source of /home/ubuntu/rayca-runtime/.mamba/envs/rayca/dat/leap/cmd/leaprc.gaff2 done
>> logFile leap.log
log started: Sun Sep  6 21:40:45 2026

Log file: ./leap.log
>> #
>> # ----- leaprc for loading the general Amber Force field.
>> #       This file is mostly for use with Antechamber
>> #
>> #	load atom type hybridizations
>> #
>> addAtomTypes {
>> 	{ "h1"  "H" "sp3" }
>> 	{ "h2"  "H" "sp3" }
>> 	{ "h3"  "H" "sp3" }
>> 	{ "h4"  "H" "sp3" }
>> 	{ "h5"  "H" "sp3" }
>> 	{ "ha"  "H" "sp3" }
>> 	{ "hc"  "H" "sp3" }
>> 	{ "hn"  "H" "sp3" }
>> 	{ "ho"  "H" "sp3" }
>> 	{ "hp"  "H" "sp3" }
>> 	{ "hs"  "H" "sp3" }
>> 	{ "hw"  "H" "sp3" }
>> 	{ "hx"  "H" "sp3" }
>> 	{ "o"  "O" "sp2" }
>> 	{ "o2"  "O" "sp2" }
>> 	{ "oh"  "O" "sp3" }
>> 	{ "op"  "O" "sp3" }
>> 	{ "oq"  "O" "sp3" }
>> 	{ "os"  "O" "sp3" }
>> 	{ "ow"  "O" "sp3" }
>> 	{ "c"  "C" "sp2" }
>> 	{ "c1"  "C" "sp2" }
>> 	{ "c2"  "C" "sp2" }
>> 	{ "c3"  "C" "sp3" }
>> 	{ "c5"  "C" "sp3" }
>> 	{ "c6"  "C" "sp3" }
>> 	{ "ca"  "C" "sp2" }
>> 	{ "cc"  "C" "sp2" }
>> 	{ "cd"  "C" "sp2" }
>> 	{ "ce"  "C" "sp2" }
>> 	{ "cf"  "C" "sp2" }
>> 	{ "cg"  "C" "sp2" }
>> 	{ "ch"  "C" "sp2" }
>> 	{ "cp"  "C" "sp2" }
>> 	{ "cs"  "C" "sp2" }
>> 	{ "cq"  "C" "sp2" }
>> 	{ "cu"  "C" "sp2" }
>> 	{ "cv"  "C" "sp2" }
>> 	{ "cx"  "C" "sp3" }
>> 	{ "cy"  "C" "sp3" }
>> 	{ "cz"  "C" "sp2" }
>> 	{ "n"   "N" "sp2" }
>> 	{ "n1"  "N" "sp2" }
>> 	{ "n2"  "N" "sp2" }
>> 	{ "n3"  "N" "sp3" }
>> 	{ "n4"  "N" "sp3" }
>> 	{ "n5"  "N" "sp3" }
>> 	{ "n6"  "N" "sp3" }
>> 	{ "n7"  "N" "sp3" }
>> 	{ "n8"  "N" "sp3" }
>> 	{ "n9"  "N" "sp3" }
>> 	{ "na"  "N" "sp2" }
>> 	{ "nb"  "N" "sp2" }
>> 	{ "nc"  "N" "sp2" }
>> 	{ "nd"  "N" "sp2" }
>> 	{ "ne"  "N" "sp2" }
>> 	{ "nf"  "N" "sp2" }
>> 	{ "nh"  "N" "sp2" }
>> 	{ "ni"  "N" "sp2" }
>> 	{ "nj"  "N" "sp2" }
>> 	{ "nk"  "N" "sp3" }
>> 	{ "nl"  "N" "sp3" }
>> 	{ "nm"  "N" "sp2" }
>> 	{ "nn"  "N" "sp2" }
>> 	{ "no"  "N" "sp2" }
>> 	{ "np"  "N" "sp3" }
>> 	{ "nq"  "N" "sp3" }
>> 	{ "ns"  "N" "sp2" }
>> 	{ "nt"  "N" "sp2" }
>> 	{ "nu"  "N" "sp2" }
>> 	{ "nv"  "N" "sp2" }
>> 	{ "nx"  "N" "sp3" }
>> 	{ "ny"  "N" "sp3" }
>> 	{ "nz"  "N" "sp3" }
>> 	{ "n+"  "N" "sp3" }
>> 	{ "s"   "S" "sp2" }
>> 	{ "s2"   "S" "sp2" }
>> 	{ "s3"   "S" "sp3" }
>> 	{ "s4"   "S" "sp3" }
>> 	{ "s6"   "S" "sp3" }
>> 	{ "sh"   "S" "sp3" }
>> 	{ "sp"   "S" "sp3" }
>> 	{ "sq"   "S" "sp3" }
>> 	{ "ss"   "S" "sp3" }
>> 	{ "sx"   "S" "sp3" }
>> 	{ "sy"   "S" "sp3" }
>> 	{ "p2"   "P" "sp2" }
>> 	{ "p3"   "P" "sp3" }
>> 	{ "p4"   "P" "sp3" }
>> 	{ "p5"   "P" "sp3" }
>> 	{ "pb"   "P" "sp3" }
>> 	{ "pc"   "P" "sp3" }
>> 	{ "pd"   "P" "sp3" }
>> 	{ "pe"   "P" "sp3" }
>> 	{ "pf"   "P" "sp3" }
>> 	{ "px"   "P" "sp3" }
>> 	{ "py"   "P" "sp3" }
>> 	{ "f"   "F" "sp3" }
>> 	{ "cl"  "Cl" "sp3" }
>> 	{ "br"  "Br" "sp3" }
>> 	{ "i"   "I"  "sp3" }
>> }
>> #
>> #	Load the general force field parameter set.
>> #
>> gaff = loadamberparams gaff2.dat
Loading parameters: /home/ubuntu/rayca-runtime/.mamba/envs/rayca/dat/leap/parm/gaff2.dat
Reading title:
AMBER General Force Field for organic molecules (Version 2.2.30, Oct 2025)
(UNKNOWN ATOM TYPE: hb)
> 
> LIG = loadmol2 /home/ubuntu/rayca-sessions/74591a70-5513-45c3-a9c1-10904993bc16-aa94c8cd626e/mmgbsa/EDEL-CRBN-0005_ent/lig.mol2
Loading Mol2 file: /home/ubuntu/rayca-sessions/74591a70-5513-45c3-a9c1-10904993bc16-aa94c8cd626e/mmgbsa/EDEL-CRBN-0005_ent/lig.mol2
Reading MOLECULE named LIG
> loadamberparams /home/ubuntu/rayca-sessions/74591a70-5513-45c3-a9c1-10904993bc16-aa94c8cd626e/mmgbsa/EDEL-CRBN-0005_ent/lig.frcmod
Loading parameters: /home/ubuntu/rayca-sessions/74591a70-5513-45c3-a9c1-10904993bc16-aa94c8cd626e/mmgbsa/EDEL-CRBN-0005_ent/lig.frcmod
Reading force field modification type file (frcmod)
Reading title:
Remark line goes here
> REC = loadpdb /home/ubuntu/rayca-sessions/74591a70-5513-45c3-a9c1-10904993bc16-aa94c8cd626e/mmgbsa/receptor_nozn.pdb
Loading PDB file: /home/ubuntu/rayca-sessions/74591a70-5513-45c3-a9c1-10904993bc16-aa94c8cd626e/mmgbsa/receptor_nozn.pdb
Matching PDB residue names to LEaP variables.
Mapped residue MET, term: Terminal/beginning, seq. number: 0 to: NMET.
Mapped residue ARG, term: Terminal/last, seq. number: 380 to: CARG.
  total atoms in file: 3103
  Leap added 3085 missing atoms according to residue templates:
       3085 H / lone pairs
> COMPLEX = combine {REC LIG}
  Sequence: default_name
  Sequence: LIG
> check COMPLEX
Checking 'COMPLEX'....

/home/ubuntu/rayca-runtime/.mamba/envs/rayca/bin/teLeap: Warning!
The unperturbed charge of the unit (6.999000) is not zero.

/home/ubuntu/rayca-runtime/.mamba/envs/rayca/bin/teLeap: Warning!
Close contact of 1.407 angstroms between nonbonded atoms CZ and HB3
-------  .R<CARG 427>.A<CZ 16> and .R<GLN 329>.A<HB3 7>

/home/ubuntu/rayca-runtime/.mamba/envs/rayca/bin/teLeap: Warning!
Close contact of 1.480 angstroms between nonbonded atoms NH1 and CB
-------  .R<CARG 427>.A<NH1 17> and .R<GLN 329>.A<CB 5>

/home/ubuntu/rayca-runtime/.mamba/envs/rayca/bin/teLeap: Warning!
Close contact of 0.712 angstroms between nonbonded atoms NH1 and HB3
-------  .R<CARG 427>.A<NH1 17> and .R<GLN 329>.A<HB3 7>

/home/ubuntu/rayca-runtime/.mamba/envs/rayca/bin/teLeap: Warning!
Close contact of 1.314 angstroms between nonbonded atoms HH11 and C
-------  .R<CARG 427>.A<HH11 18> and .R<GLN 329>.A<C 16>

/home/ubuntu/rayca-runtime/.mamba/envs/rayca/bin/teLeap: Warning!
Close contact of 1.487 angstroms between nonbonded atoms HH11 and O
-------  .R<CARG 427>.A<HH11 18> and .R<GLN 329>.A<O 17>

/home/ubuntu/rayca-runtime/.mamba/envs/rayca/bin/teLeap: Warning!
Close contact of 0.637 angstroms between nonbonded atoms HH12 and CB
-------  .R<CARG 427>.A<HH12 19> and .R<GLN 329>.A<CB 5>

/home/ubuntu/rayca-runtime/.mamba/envs/rayca/bin/teLeap: Warning!
Close contact of 1.041 angstroms between nonbonded atoms HH12 and HB2
-------  .R<CARG 427>.A<HH12 19> and .R<GLN 329>.A<HB2 6>

/home/ubuntu/rayca-runtime/.mamba/envs/rayca/bin/teLeap: Warning!
Close contact of 0.749 angstroms between nonbonded atoms HH12 and HB3
-------  .R<CARG 427>.A<HH12 19> and .R<GLN 329>.A<HB3 7>

/home/ubuntu/rayca-runtime/.mamba/envs/rayca/bin/teLeap: Warning!
Close contact of 1.451 angstroms between nonbonded atoms HH22 and OE1
-------  .R<CARG 427>.A<HH22 22> and .R<GLN 329>.A<OE1 12>

/home/ubuntu/rayca-runtime/.mamba/envs/rayca/bin/teLeap: Warning!
Close contact of 1.159 angstroms between nonbonded atoms O and OXT
-------  .R<CARG 427>.A<O 24> and .R<CARG 427>.A<OXT 25>

/home/ubuntu/rayca-runtime/.mamba/envs/rayca/bin/teLeap: Warning!
Close contact of 1.251 angstroms between nonbonded atoms HG and HG
-------  .R<CYS 393>.A<HG 9> and .R<CYS 325>.A<HG 9>

/home/ubuntu/rayca-runtime/.mamba/envs/rayca/bin/teLeap: Warning!
Close contact of 1.424 angstroms between nonbonded atoms HG1 and HG
-------  .R<THR 331>.A<HG1 12> and .R<CYS 328>.A<HG 9>

/home/ubuntu/rayca-runtime/.mamba/envs/rayca/bin/teLeap: Warning!
Close contact of 1.311 angstroms between nonbonded atoms HA and HG2
-------  .R<LYS 271>.A<HA 4> and .R<LYS 271>.A<HG2 9>

/home/ubuntu/rayca-runtime/.mamba/envs/rayca/bin/teLeap: Warning!
Close contact of 1.206 angstroms between nonbonded atoms CZ2 and HA
-------  .R<TRP 225>.A<CZ2 14> and .R<PHE 209>.A<HA 4>

/home/ubuntu/rayca-runtime/.mamba/envs/rayca/bin/teLeap: Warning!
Close contact of 1.068 angstroms between nonbonded atoms HZ2 and CA
-------  .R<TRP 225>.A<HZ2 15> and .R<PHE 209>.A<CA 3>

/home/ubuntu/rayca-runtime/.mamba/envs/rayca/bin/teLeap: Warning!
Close contact of 0.529 angstroms between nonbonded atoms HZ2 and HA
-------  .R<TRP 225>.A<HZ2 15> and .R<PHE 209>.A<HA 4>

/home/ubuntu/rayca-runtime/.mamba/envs/rayca/bin/teLeap: Warning!
Close contact of 0.951 angstroms between nonbonded atoms HZ2 and C
-------  .R<TRP 225>.A<HZ2 15> and .R<PHE 209>.A<C 19>

/home/ubuntu/rayca-runtime/.mamba/envs/rayca/bin/teLeap: Warning!
Close contact of 1.493 angstroms between nonbonded atoms CH2 and HD3
-------  .R<TRP 225>.A<CH2 16> and .R<PRO 210>.A<HD3 4>

/home/ubuntu/rayca-runtime/.mamba/envs/rayca/bin/teLeap: Warning!
Close contact of 0.908 angstroms between nonbonded atoms HH2 and HD3
-------  .R<TRP 225>.A<HH2 17> and .R<PRO 210>.A<HD3 4>

/home/ubuntu/rayca-runtime/.mamba/envs/rayca/bin/teLeap: Warning!
Close contact of 1.313 angstroms between nonbonded atoms HZ and HB2
-------  .R<PHE 222>.A<HZ 14> and .R<GLN 218>.A<HB2 6>

/home/ubuntu/rayca-runtime/.mamba/envs/rayca/bin/teLeap: Warning!
Close contact of 1.260 angstroms between nonbonded atoms H and HA
-------  .R<ARG 220>.A<H 2> and .R<ASP 219>.A<HA 4>

/home/ubuntu/rayca-runtime/.mamba/envs/rayca/bin/teLeap: Warning!
Close contact of 0.796 angstroms between nonbonded atoms CD and HE
-------  .R<ARG 220>.A<CD 11> and .R<ARG 220>.A<HE 15>

/home/ubuntu/rayca-runtime/.mamba/envs/rayca/bin/teLeap: Warning!
Close contact of 1.189 angstroms between nonbonded atoms HD3 and HE
-------  .R<ARG 220>.A<HD3 13> and .R<ARG 220>.A<HE 15>

/home/ubuntu/rayca-runtime/.mamba/envs/rayca/bin/teLeap: Warning!
Close contact of 1.415 angstroms between nonbonded atoms HE and HH11
-------  .R<ARG 220>.A<HE 15> and .R<ARG 220>.A<HH11 18>

/home/ubuntu/rayca-runtime/.mamba/envs/rayca/bin/teLeap: Warning!
Close contact of 0.956 angstroms between nonbonded atoms HH12 and HH21
-------  .R<ARG 220>.A<HH12 19> and .R<ARG 220>.A<HH21 21>

/home/ubuntu/rayca-runtime/.mamba/envs/rayca/bin/teLeap: Warning!
Close contact of 1.327 angstroms between nonbonded atoms H and OD2
-------  .R<ASP 219>.A<H 2> and .R<ASP 219>.A<OD2 10>

/home/ubuntu/rayca-runtime/.mamba/envs/rayca/bin/teLeap: Warning!
Close contact of 1.372 angstroms between nonbonded atoms H and C
-------  .R<GLN 218>.A<H 2> and .R<TRP 217>.A<C 23>

/home/ubuntu/rayca-runtime/.mamba/envs/rayca/bin/teLeap: Warning!
Close contact of 0.864 angstroms between nonbonded atoms HA and C
-------  .R<GLN 218>.A<HA 4> and .R<GLN 218>.A<C 16>

/home/ubuntu/rayca-runtime/.mamba/envs/rayca/bin/teLeap: Warning!
Close contact of 0.810 angstroms between nonbonded atoms HA and O
-------  .R<GLN 218>.A<HA 4> and .R<GLN 218>.A<O 17>

/home/ubuntu/rayca-runtime/.mamba/envs/rayca/bin/teLeap: Warning!
Close contact of 1.451 angstroms between nonbonded atoms N and O
-------  .R<VAL 216>.A<N 1> and .R<LYS 215>.A<O 22>

/home/ubuntu/rayca-runtime/.mamba/envs/rayca/bin/teLeap: Warning!
Close contact of 1.377 angstroms between nonbonded atoms H and O
-------  .R<VAL 216>.A<H 2> and .R<LYS 215>.A<O 22>

/home/ubuntu/rayca-runtime/.mamba/envs/rayca/bin/teLeap: Warning!
Close contact of 1.418 angstroms between nonbonded atoms H and HB2
-------  .R<VAL 216>.A<H 2> and .R<PRO 214>.A<HB2 9>

/home/ubuntu/rayca-runtime/.mamba/envs/rayca/bin/teLeap: Warning!
Close contact of 1.094 angstroms between nonbonded atoms HA and C
-------  .R<VAL 216>.A<HA 4> and .R<VAL 216>.A<C 15>

/home/ubuntu/rayca-runtime/.mamba/envs/rayca/bin/teLeap: Warning!
Close contact of 1.378 angstroms between nonbonded atoms HG21 and HG3
-------  .R<VAL 216>.A<HG21 12> and .R<PRO 214>.A<HG3 7>

/home/ubuntu/rayca-runtime/.mamba/envs/rayca/bin/teLeap: Warning!
Close contact of 0.617 angstroms between nonbonded atoms N and O
-------  .R<LYS 215>.A<N 1> and .R<LYS 215>.A<O 22>

/home/ubuntu/rayca-runtime/.mamba/envs/rayca/bin/teLeap: Warning!
Close contact of 1.326 angstroms between nonbonded atoms N and O
-------  .R<LYS 215>.A<N 1> and .R<LYS 213>.A<O 22>

/home/ubuntu/rayca-runtime/.mamba/envs/rayca/bin/teLeap: Warning!
Close contact of 1.448 angstroms between nonbonded atoms H and C
-------  .R<LYS 215>.A<H 2> and .R<LYS 213>.A<C 21>

/home/ubuntu/rayca-runtime/.mamba/envs/rayca/bin/teLeap: Warning!
Close contact of 0.334 angstroms between nonbonded atoms H and O
-------  .R<LYS 215>.A<H 2> and .R<LYS 213>.A<O 22>

/home/ubuntu/rayca-runtime/.mamba/envs/rayca/bin/teLeap: Warning!
Close contact of 1.407 angstroms between nonbonded atoms CA and O
-------  .R<LYS 215>.A<CA 3> and .R<LYS 215>.A<O 22>

/home/ubuntu/rayca-runtime/.mamba/envs/rayca/bin/teLeap: Warning!
Close contact of 1.187 angstroms between nonbonded atoms HA and C
-------  .R<LYS 215>.A<HA 4> and .R<LYS 215>.A<C 21>

/home/ubuntu/rayca-runtime/.mamba/envs/rayca/bin/teLeap: Warning!
Close contact of 0.693 angstroms between nonbonded atoms HE3 and HZ2
-------  .R<LYS 215>.A<HE3 16> and .R<LYS 213>.A<HZ2 19>

/home/ubuntu/rayca-runtime/.mamba/envs/rayca/bin/teLeap: Warning!
Close contact of 1.132 angstroms between nonbonded atoms N and O
-------  .R<PRO 214>.A<N 1> and .R<PRO 214>.A<O 14>

/home/ubuntu/rayca-runtime/.mamba/envs/rayca/bin/teLeap: Warning!
Close contact of 1.246 angstroms between nonbonded atoms CD and HB3
-------  .R<PRO 214>.A<CD 2> and .R<SER 211>.A<HB3 7>

/home/ubuntu/rayca-runtime/.mamba/envs/rayca/bin/teLeap: Warning!
Close contact of 1.273 angstroms between nonbonded atoms HD2 and CB
-------  .R<PRO 214>.A<HD2 3> and .R<SER 211>.A<CB 5>

/home/ubuntu/rayca-runtime/.mamba/envs/rayca/bin/teLeap: Warning!
Close contact of 1.359 angstroms between nonbonded atoms HD2 and HB2
-------  .R<PRO 214>.A<HD2 3> and .R<SER 211>.A<HB2 6>

/home/ubuntu/rayca-runtime/.mamba/envs/rayca/bin/teLeap: Warning!
Close contact of 1.212 angstroms between nonbonded atoms HD2 and HB3
-------  .R<PRO 214>.A<HD2 3> and .R<SER 211>.A<HB3 7>

/home/ubuntu/rayca-runtime/.mamba/envs/rayca/bin/teLeap: Warning!
Close contact of 1.118 angstroms between nonbonded atoms HD3 and HB2
-------  .R<PRO 214>.A<HD3 4> and .R<SER 212>.A<HB2 6>

/home/ubuntu/rayca-runtime/.mamba/envs/rayca/bin/teLeap: Warning!
Close contact of 1.442 angstroms between nonbonded atoms HD3 and HB3
-------  .R<PRO 214>.A<HD3 4> and .R<SER 212>.A<HB3 7>

/home/ubuntu/rayca-runtime/.mamba/envs/rayca/bin/teLeap: Warning!
Close contact of 1.008 angstroms between nonbonded atoms HD3 and HB3
-------  .R<PRO 214>.A<HD3 4> and .R<SER 211>.A<HB3 7>

/home/ubuntu/rayca-runtime/.mamba/envs/rayca/bin/teLeap: Warning!
Close contact of 0.633 angstroms between nonbonded atoms CG and HB3
-------  .R<PRO 214>.A<CG 5> and .R<PRO 214>.A<HB3 10>

/home/ubuntu/rayca-runtime/.mamba/envs/rayca/bin/teLeap: Warning!
Close contact of 1.133 angstroms between nonbonded atoms HG2 and HB3
-------  .R<PRO 214>.A<HG2 6> and .R<PRO 214>.A<HB3 10>

/home/ubuntu/rayca-runtime/.mamba/envs/rayca/bin/teLeap: Warning!
Close contact of 1.056 angstroms between nonbonded atoms CB and HA
-------  .R<PRO 214>.A<CB 8> and .R<PRO 214>.A<HA 12>

/home/ubuntu/rayca-runtime/.mamba/envs/rayca/bin/teLeap: Warning!
Close contact of 1.330 angstroms between nonbonded atoms CA and O
-------  .R<PRO 214>.A<CA 11> and .R<PRO 214>.A<O 14>

/home/ubuntu/rayca-runtime/.mamba/envs/rayca/bin/teLeap: Warning!
Close contact of 1.319 angstroms between nonbonded atoms O and C
-------  .R<PRO 214>.A<O 14> and .R<LYS 213>.A<C 21>

/home/ubuntu/rayca-runtime/.mamba/envs/rayca/bin/teLeap: Warning!
Close contact of 1.203 angstroms between nonbonded atoms N and N
-------  .R<LYS 213>.A<N 1> and .R<SER 212>.A<N 1>

/home/ubuntu/rayca-runtime/.mamba/envs/rayca/bin/teLeap: Warning!
Close contact of 1.277 angstroms between nonbonded atoms N and H
-------  .R<LYS 213>.A<N 1> and .R<SER 212>.A<H 2>

/home/ubuntu/rayca-runtime/.mamba/envs/rayca/bin/teLeap: Warning!
Close contact of 1.341 angstroms between nonbonded atoms N and CA
-------  .R<LYS 213>.A<N 1> and .R<SER 212>.A<CA 3>

/home/ubuntu/rayca-runtime/.mamba/envs/rayca/bin/teLeap: Warning!
Close contact of 1.411 angstroms between nonbonded atoms H and CA
-------  .R<LYS 213>.A<H 2> and .R<SER 212>.A<CA 3>

/home/ubuntu/rayca-runtime/.mamba/envs/rayca/bin/teLeap: Warning!
Close contact of 0.943 angstroms between nonbonded atoms H and C
-------  .R<LYS 213>.A<H 2> and .R<SER 212>.A<C 10>

/home/ubuntu/rayca-runtime/.mamba/envs/rayca/bin/teLeap: Warning!
Close contact of 1.217 angstroms between nonbonded atoms CA and H
-------  .R<LYS 213>.A<CA 3> and .R<SER 212>.A<H 2>

/home/ubuntu/rayca-runtime/.mamba/envs/rayca/bin/teLeap: Warning!
Close contact of 0.553 angstroms between nonbonded atoms HA and C
-------  .R<LYS 213>.A<HA 4> and .R<LYS 213>.A<C 21>

/home/ubuntu/rayca-runtime/.mamba/envs/rayca/bin/teLeap: Warning!
Close contact of 0.997 angstroms between nonbonded atoms HA and H
-------  .R<LYS 213>.A<HA 4> and .R<SER 212>.A<H 2>

/home/ubuntu/rayca-runtime/.mamba/envs/rayca/bin/teLeap: Warning!
Close contact of 1.024 angstroms between nonbonded atoms CB and HZ1
-------  .R<LYS 213>.A<CB 5> and .R<LYS 213>.A<HZ1 18>

/home/ubuntu/rayca-runtime/.mamba/envs/rayca/bin/teLeap: Warning!
Close contact of 1.476 angstroms between nonbonded atoms HB2 and NZ
-------  .R<LYS 213>.A<HB2 6> and .R<LYS 213>.A<NZ 17>

/home/ubuntu/rayca-runtime/.mamba/envs/rayca/bin/teLeap: Warning!
Close contact of 0.729 angstroms between nonbonded atoms HB2 and HZ1
-------  .R<LYS 213>.A<HB2 6> and .R<LYS 213>.A<HZ1 18>

/home/ubuntu/rayca-runtime/.mamba/envs/rayca/bin/teLeap: Warning!
Close contact of 1.374 angstroms between nonbonded atoms HB3 and HE2
-------  .R<LYS 213>.A<HB3 7> and .R<LYS 213>.A<HE2 15>

/home/ubuntu/rayca-runtime/.mamba/envs/rayca/bin/teLeap: Warning!
Close contact of 1.220 angstroms between nonbonded atoms HB3 and HZ1
-------  .R<LYS 213>.A<HB3 7> and .R<LYS 213>.A<HZ1 18>

/home/ubuntu/rayca-runtime/.mamba/envs/rayca/bin/teLeap: Warning!
Close contact of 1.440 angstroms between nonbonded atoms HG3 and HA
-------  .R<LYS 213>.A<HG3 10> and .R<SER 211>.A<HA 4>

/home/ubuntu/rayca-runtime/.mamba/envs/rayca/bin/teLeap: Warning!
Close contact of 1.471 angstroms between nonbonded atoms C and H
-------  .R<LYS 213>.A<C 21> and .R<SER 212>.A<H 2>

/home/ubuntu/rayca-runtime/.mamba/envs/rayca/bin/teLeap: Warning!
Close contact of 1.369 angstroms between nonbonded atoms H and HB3
-------  .R<SER 212>.A<H 2> and .R<SER 212>.A<HB3 7>

/home/ubuntu/rayca-runtime/.mamba/envs/rayca/bin/teLeap: Warning!
Close contact of 0.638 angstroms between nonbonded atoms H and C
-------  .R<SER 211>.A<H 2> and .R<PRO 210>.A<C 13>

/home/ubuntu/rayca-runtime/.mamba/envs/rayca/bin/teLeap: Warning!
Close contact of 1.191 angstroms between nonbonded atoms HA and C
-------  .R<SER 211>.A<HA 4> and .R<SER 211>.A<C 10>

/home/ubuntu/rayca-runtime/.mamba/envs/rayca/bin/teLeap: Warning!
Close contact of 1.449 angstroms between nonbonded atoms HD2 and O
-------  .R<PRO 210>.A<HD2 3> and .R<PRO 210>.A<O 14>

/home/ubuntu/rayca-runtime/.mamba/envs/rayca/bin/teLeap: Warning!
Close contact of 1.151 angstroms between nonbonded atoms H and C
-------  .R<PHE 209>.A<H 2> and .R<ILE 208>.A<C 18>

/home/ubuntu/rayca-runtime/.mamba/envs/rayca/bin/teLeap: Warning!
Close contact of 0.810 angstroms between nonbonded atoms HA and C
-------  .R<PHE 209>.A<HA 4> and .R<PHE 209>.A<C 19>

/home/ubuntu/rayca-runtime/.mamba/envs/rayca/bin/teLeap: Warning!
Close contact of 1.382 angstroms between nonbonded atoms HD1 and O
-------  .R<PHE 209>.A<HD1 10> and .R<PHE 209>.A<O 20>

/home/ubuntu/rayca-runtime/.mamba/envs/rayca/bin/teLeap: Warning!
Close contact of 1.405 angstroms between nonbonded atoms N and HG2
-------  .R<THR 173>.A<N 1> and .R<ARG 172>.A<HG2 9>

/home/ubuntu/rayca-runtime/.mamba/envs/rayca/bin/teLeap: Warning!
Close contact of 1.180 angstroms between nonbonded atoms HD3 and HH11
-------  .R<ARG 172>.A<HD3 13> and .R<ARG 172>.A<HH11 18>

/home/ubuntu/rayca-runtime/.mamba/envs/rayca/bin/teLeap: Warning!
Close contact of 1.361 angstroms between nonbonded atoms HB2 and HB1
-------  .R<LYS 159>.A<HB2 6> and .R<ALA 144>.A<HB1 6>

/home/ubuntu/rayca-runtime/.mamba/envs/rayca/bin/teLeap: Warning!
Close contact of 0.695 angstroms between nonbonded atoms HH22 and HG2
-------  .R<ARG 132>.A<HH22 22> and .R<MET 89>.A<HG2 9>

/home/ubuntu/rayca-runtime/.mamba/envs/rayca/bin/teLeap: Warning!
Close contact of 1.425 angstroms between nonbonded atoms H and HB2
-------  .R<ASP 118>.A<H 2> and .R<LYS 117>.A<HB2 6>
Checking parameters for unit 'COMPLEX'.
Checking for bond parameters.
Checking for angle parameters.
check:  Warnings: 82
Unit is OK.
> saveamberparm LIG /home/ubuntu/rayca-sessions/74591a70-5513-45c3-a9c1-10904993bc16-aa94c8cd626e/mmgbsa/EDEL-CRBN-0005_ent/lig.prmtop /home/ubuntu/rayca-sessions/74591a70-5513-45c3-a9c1-10904993bc16-aa94c8cd626e/mmgbsa/EDEL-CRBN-0005_ent/lig.inpcrd
Checking Unit.
Building topology.
Building atom parameters.
Building bond parameters.
Building angle parameters.
Building proper torsion parameters.
Building improper torsion parameters.
 total 12 improper torsions applied
Building H-Bond parameters.
Incorporating Non-Bonded adjustments.
Not Marking per-residue atom chain types.
Marking per-residue atom chain types.
  (Residues lacking connect0/connect1 - 
   these don't have chain types marked:

	res	total affected

	LIG	1
  )
 (no restraints)
> saveamberparm REC /home/ubuntu/rayca-sessions/74591a70-5513-45c3-a9c1-10904993bc16-aa94c8cd626e/mmgbsa/EDEL-CRBN-0005_ent/rec.prmtop /home/ubuntu/rayca-sessions/74591a70-5513-45c3-a9c1-10904993bc16-aa94c8cd626e/mmgbsa/EDEL-CRBN-0005_ent/rec.inpcrd
Checking Unit.

/home/ubuntu/rayca-runtime/.mamba/envs/rayca/bin/teLeap: Warning!
The unperturbed charge of the unit (7.000000) is not zero.

/home/ubuntu/rayca-runtime/.mamba/envs/rayca/bin/teLeap: Note.
Ignoring the warning from Unit Checking.

Building topology.
Building atom parameters.
Building bond parameters.
Building angle parameters.
Building proper torsion parameters.
Building improper torsion parameters.
 total 1274 improper torsions applied
Building H-Bond parameters.
Incorporating Non-Bonded adjustments.
Not Marking per-residue atom chain types.
Marking per-residue atom chain types.
  (Residues lacking connect0/connect1 - 
   these don't have chain types marked:

	res	total affected

	CARG	1
	NMET	1
  )
 (no restraints)
> saveamberparm COMPLEX /home/ubuntu/rayca-sessions/74591a70-5513-45c3-a9c1-10904993bc16-aa94c8cd626e/mmgbsa/EDEL-CRBN-0005_ent/complex.prmtop /home/ubuntu/rayca-sessions/74591a70-5513-45c3-a9c1-10904993bc16-aa94c8cd626e/mmgbsa/EDEL-CRBN-0005_ent/complex.inpcrd
Checking Unit.

/home/ubuntu/rayca-runtime/.mamba/envs/rayca/bin/teLeap: Warning!
The unperturbed charge of the unit (6.999000) is not zero.

/home/ubuntu/rayca-runtime/.mamba/envs/rayca/bin/teLeap: Note.
Ignoring the warning from Unit Checking.

Building topology.
Building atom parameters.
Building bond parameters.
Building angle parameters.
Building proper torsion parameters.
Building improper torsion parameters.
 total 1286 improper torsions applied
Building H-Bond parameters.
Incorporating Non-Bonded adjustments.
Not Marking per-residue atom chain types.
Marking per-residue atom chain types.
  (Residues lacking connect0/connect1 - 
   these don't have chain types marked:

	res	total affected

	CARG	1
	LIG	1
	NMET	1
  )
 (no restraints)
> quit
	Quit

Exiting LEaP: Errors = 0; Warnings = 84; Notes = 2.
log started: Sun Sep  6 21:55:58 2026

Log file: ./leap.log
>> #
>> # ----- leaprc for loading the ff14SB force field
>> # ----- NOTE: this is designed for PDB format 3!
>> #
>> #	load atom type hybridizations
>> #
>> addAtomTypes {
>> 	{ "H"   "H" "sp3" }
>> 	{ "HO"  "H" "sp3" }
>> 	{ "HS"  "H" "sp3" }
>> 	{ "H1"  "H" "sp3" }
>> 	{ "H2"  "H" "sp3" }
>> 	{ "H3"  "H" "sp3" }
>> 	{ "H4"  "H" "sp3" }
>> 	{ "H5"  "H" "sp3" }
>> 	{ "HW"  "H" "sp3" }
>> 	{ "HC"  "H" "sp3" }
>> 	{ "HA"  "H" "sp3" }
>> 	{ "HP"  "H" "sp3" }
>> 	{ "HZ"  "H" "sp3" }
>> 	{ "OH"  "O" "sp3" }
>> 	{ "OS"  "O" "sp3" }
>> 	{ "O"   "O" "sp2" }
>> 	{ "O2"  "O" "sp2" }
>> 	{ "OP"  "O" "sp2" }
>> 	{ "OW"  "O" "sp3" }
>> 	{ "CT"  "C" "sp3" }
>> 	{ "CX"  "C" "sp3" }
>> 	{ "C8"  "C" "sp3" }
>> 	{ "2C"  "C" "sp3" }
>> 	{ "3C"  "C" "sp3" }
>> 	{ "CH"  "C" "sp3" }
>> 	{ "CS"  "C" "sp2" }
>> 	{ "C"   "C" "sp2" }
>> 	{ "CO"   "C" "sp2" }
>> 	{ "C*"  "C" "sp2" }
>> 	{ "CA"  "C" "sp2" }
>> 	{ "CB"  "C" "sp2" }
>> 	{ "CC"  "C" "sp2" }
>> 	{ "CN"  "C" "sp2" }
>> 	{ "CM"  "C" "sp2" }
>> 	{ "CK"  "C" "sp2" }
>> 	{ "CQ"  "C" "sp2" }
>> 	{ "CD"  "C" "sp2" }
>> 	{ "C5"  "C" "sp2" }
>> 	{ "C4"  "C" "sp2" }
>> 	{ "CP"  "C" "sp2" }
>> 	{ "CI"  "C" "sp3" }
>> 	{ "CJ"  "C" "sp2" }
>> 	{ "CW"  "C" "sp2" }
>> 	{ "CV"  "C" "sp2" }
>> 	{ "CR"  "C" "sp2" }
>> 	{ "CA"  "C" "sp2" }
>> 	{ "CY"  "C" "sp2" }
>> 	{ "C0"  "Ca" "sp3" }
>> 	{ "MG"  "Mg" "sp3" }
>> 	{ "N"   "N" "sp2" }
>> 	{ "NA"  "N" "sp2" }
>> 	{ "N2"  "N" "sp2" }
>> 	{ "N*"  "N" "sp2" }
>> 	{ "NP"  "N" "sp2" }
>> 	{ "NQ"  "N" "sp2" }
>> 	{ "NB"  "N" "sp2" }
>> 	{ "NC"  "N" "sp2" }
>> 	{ "NT"  "N" "sp3" }
>> 	{ "NY"  "N" "sp2" }
>> 	{ "N3"  "N" "sp3" }
>> 	{ "S"   "S" "sp3" }
>> 	{ "SH"  "S" "sp3" }
>> 	{ "P"   "P" "sp3" }
>> 	{ "LP"  ""  "sp3" }
>> 	{ "EP"  ""  "sp3" }
>> 	{ "F"   "F" "sp3" }
>> 	{ "Cl"  "Cl" "sp3" }
>> 	{ "Br"  "Br" "sp3" }
>> 	{ "I"   "I"  "sp3" }
>> }
>> #
>> #	Load the main parameter set.
>> #
>> parm10 = loadamberparams parm10.dat
Loading parameters: /home/ubuntu/rayca-runtime/.mamba/envs/rayca/dat/leap/parm/parm10.dat
Reading title:
PARM99 + frcmod.ff99SB + frcmod.parmbsc0 + OL3 for RNA
>> frcmod14SB = loadamberparams frcmod.ff14SB
Loading parameters: /home/ubuntu/rayca-runtime/.mamba/envs/rayca/dat/leap/parm/frcmod.ff14SB
Reading force field modification type file (frcmod)
Reading title:
ff14SB protein backbone and sidechain parameters
>> #
>> #	Load main chain and terminating amino acid libraries
>> #
>> loadOff amino12.lib
Loading library: /home/ubuntu/rayca-runtime/.mamba/envs/rayca/dat/leap/lib/amino12.lib
Loading: ALA
Loading: ARG
Loading: ASH
Loading: ASN
Loading: ASP
Loading: CYM
Loading: CYS
Loading: CYX
Loading: GLH
Loading: GLN
Loading: GLU
Loading: GLY
Loading: HID
Loading: HIE
Loading: HIP
Loading: HYP
Loading: ILE
Loading: LEU
Loading: LYN
Loading: LYS
Loading: MET
Loading: PHE
Loading: PRO
Loading: SER
Loading: THR
Loading: TRP
Loading: TYR
Loading: VAL
>> loadOff aminoct12.lib
Loading library: /home/ubuntu/rayca-runtime/.mamba/envs/rayca/dat/leap/lib/aminoct12.lib
Loading: CALA
Loading: CARG
Loading: CASN
Loading: CASP
Loading: CCYS
Loading: CCYX
Loading: CGLN
Loading: CGLU
Loading: CGLY
Loading: CHID
Loading: CHIE
Loading: CHIP
Loading: CHYP
Loading: CILE
Loading: CLEU
Loading: CLYS
Loading: CMET
Loading: CPHE
Loading: CPRO
Loading: CSER
Loading: CTHR
Loading: CTRP
Loading: CTYR
Loading: CVAL
Loading: NHE
Loading: NME
>> loadOff aminont12.lib
Loading library: /home/ubuntu/rayca-runtime/.mamba/envs/rayca/dat/leap/lib/aminont12.lib
Loading: ACE
Loading: NALA
Loading: NARG
Loading: NASN
Loading: NASP
Loading: NCYS
Loading: NCYX
Loading: NGLN
Loading: NGLU
Loading: NGLY
Loading: NHID
Loading: NHIE
Loading: NHIP
Loading: NILE
Loading: NLEU
Loading: NLYS
Loading: NMET
Loading: NPHE
Loading: NPRO
Loading: NSER
Loading: NTHR
Loading: NTRP
Loading: NTYR
Loading: NVAL
>> 
>> #
>> #	Define the PDB name map for the amino acids
>> #
>> addPdbResMap {
>>   { 0 "HYP" "HYP" } { 1 "HYP" "CHYP" }
>>   { 0 "ALA" "NALA" } { 1 "ALA" "CALA" }
>>   { 0 "ARG" "NARG" } { 1 "ARG" "CARG" }
>>   { 0 "ASN" "NASN" } { 1 "ASN" "CASN" }
>>   { 0 "ASP" "NASP" } { 1 "ASP" "CASP" }
>>   { 0 "CYS" "NCYS" } { 1 "CYS" "CCYS" }
>>   { 0 "CYX" "NCYX" } { 1 "CYX" "CCYX" }
>>   { 0 "GLN" "NGLN" } { 1 "GLN" "CGLN" }
>>   { 0 "GLU" "NGLU" } { 1 "GLU" "CGLU" }
>>   { 0 "GLY" "NGLY" } { 1 "GLY" "CGLY" }
>>   { 0 "HID" "NHID" } { 1 "HID" "CHID" }
>>   { 0 "HIE" "NHIE" } { 1 "HIE" "CHIE" }
>>   { 0 "HIP" "NHIP" } { 1 "HIP" "CHIP" }
>>   { 0 "ILE" "NILE" } { 1 "ILE" "CILE" }
>>   { 0 "LEU" "NLEU" } { 1 "LEU" "CLEU" }
>>   { 0 "LYS" "NLYS" } { 1 "LYS" "CLYS" }
>>   { 0 "MET" "NMET" } { 1 "MET" "CMET" }
>>   { 0 "PHE" "NPHE" } { 1 "PHE" "CPHE" }
>>   { 0 "PRO" "NPRO" } { 1 "PRO" "CPRO" }
>>   { 0 "SER" "NSER" } { 1 "SER" "CSER" }
>>   { 0 "THR" "NTHR" } { 1 "THR" "CTHR" }
>>   { 0 "TRP" "NTRP" } { 1 "TRP" "CTRP" }
>>   { 0 "TYR" "NTYR" } { 1 "TYR" "CTYR" }
>>   { 0 "VAL" "NVAL" } { 1 "VAL" "CVAL" }
>>   { 0 "HIS" "NHIS" } { 1 "HIS" "CHIS" }
>> }
>> 
>> #
>> # assume that most often proteins use HIE
>> #
>> NHIS = NHIE
>> HIS = HIE
>> CHIS = CHIE
> 
> source leaprc.gaff2
----- Source: /home/ubuntu/rayca-runtime/.mamba/envs/rayca/dat/leap/cmd/leaprc.gaff2
----- Source of /home/ubuntu/rayca-runtime/.mamba/envs/rayca/dat/leap/cmd/leaprc.gaff2 done
>> logFile leap.log
log started: Sun Sep  6 21:55:58 2026

Log file: ./leap.log
>> #
>> # ----- leaprc for loading the general Amber Force field.
>> #       This file is mostly for use with Antechamber
>> #
>> #	load atom type hybridizations
>> #
>> addAtomTypes {
>> 	{ "h1"  "H" "sp3" }
>> 	{ "h2"  "H" "sp3" }
>> 	{ "h3"  "H" "sp3" }
>> 	{ "h4"  "H" "sp3" }
>> 	{ "h5"  "H" "sp3" }
>> 	{ "ha"  "H" "sp3" }
>> 	{ "hc"  "H" "sp3" }
>> 	{ "hn"  "H" "sp3" }
>> 	{ "ho"  "H" "sp3" }
>> 	{ "hp"  "H" "sp3" }
>> 	{ "hs"  "H" "sp3" }
>> 	{ "hw"  "H" "sp3" }
>> 	{ "hx"  "H" "sp3" }
>> 	{ "o"  "O" "sp2" }
>> 	{ "o2"  "O" "sp2" }
>> 	{ "oh"  "O" "sp3" }
>> 	{ "op"  "O" "sp3" }
>> 	{ "oq"  "O" "sp3" }
>> 	{ "os"  "O" "sp3" }
>> 	{ "ow"  "O" "sp3" }
>> 	{ "c"  "C" "sp2" }
>> 	{ "c1"  "C" "sp2" }
>> 	{ "c2"  "C" "sp2" }
>> 	{ "c3"  "C" "sp3" }
>> 	{ "c5"  "C" "sp3" }
>> 	{ "c6"  "C" "sp3" }
>> 	{ "ca"  "C" "sp2" }
>> 	{ "cc"  "C" "sp2" }
>> 	{ "cd"  "C" "sp2" }
>> 	{ "ce"  "C" "sp2" }
>> 	{ "cf"  "C" "sp2" }
>> 	{ "cg"  "C" "sp2" }
>> 	{ "ch"  "C" "sp2" }
>> 	{ "cp"  "C" "sp2" }
>> 	{ "cs"  "C" "sp2" }
>> 	{ "cq"  "C" "sp2" }
>> 	{ "cu"  "C" "sp2" }
>> 	{ "cv"  "C" "sp2" }
>> 	{ "cx"  "C" "sp3" }
>> 	{ "cy"  "C" "sp3" }
>> 	{ "cz"  "C" "sp2" }
>> 	{ "n"   "N" "sp2" }
>> 	{ "n1"  "N" "sp2" }
>> 	{ "n2"  "N" "sp2" }
>> 	{ "n3"  "N" "sp3" }
>> 	{ "n4"  "N" "sp3" }
>> 	{ "n5"  "N" "sp3" }
>> 	{ "n6"  "N" "sp3" }
>> 	{ "n7"  "N" "sp3" }
>> 	{ "n8"  "N" "sp3" }
>> 	{ "n9"  "N" "sp3" }
>> 	{ "na"  "N" "sp2" }
>> 	{ "nb"  "N" "sp2" }
>> 	{ "nc"  "N" "sp2" }
>> 	{ "nd"  "N" "sp2" }
>> 	{ "ne"  "N" "sp2" }
>> 	{ "nf"  "N" "sp2" }
>> 	{ "nh"  "N" "sp2" }
>> 	{ "ni"  "N" "sp2" }
>> 	{ "nj"  "N" "sp2" }
>> 	{ "nk"  "N" "sp3" }
>> 	{ "nl"  "N" "sp3" }
>> 	{ "nm"  "N" "sp2" }
>> 	{ "nn"  "N" "sp2" }
>> 	{ "no"  "N" "sp2" }
>> 	{ "np"  "N" "sp3" }
>> 	{ "nq"  "N" "sp3" }
>> 	{ "ns"  "N" "sp2" }
>> 	{ "nt"  "N" "sp2" }
>> 	{ "nu"  "N" "sp2" }
>> 	{ "nv"  "N" "sp2" }
>> 	{ "nx"  "N" "sp3" }
>> 	{ "ny"  "N" "sp3" }
>> 	{ "nz"  "N" "sp3" }
>> 	{ "n+"  "N" "sp3" }
>> 	{ "s"   "S" "sp2" }
>> 	{ "s2"   "S" "sp2" }
>> 	{ "s3"   "S" "sp3" }
>> 	{ "s4"   "S" "sp3" }
>> 	{ "s6"   "S" "sp3" }
>> 	{ "sh"   "S" "sp3" }
>> 	{ "sp"   "S" "sp3" }
>> 	{ "sq"   "S" "sp3" }
>> 	{ "ss"   "S" "sp3" }
>> 	{ "sx"   "S" "sp3" }
>> 	{ "sy"   "S" "sp3" }
>> 	{ "p2"   "P" "sp2" }
>> 	{ "p3"   "P" "sp3" }
>> 	{ "p4"   "P" "sp3" }
>> 	{ "p5"   "P" "sp3" }
>> 	{ "pb"   "P" "sp3" }
>> 	{ "pc"   "P" "sp3" }
>> 	{ "pd"   "P" "sp3" }
>> 	{ "pe"   "P" "sp3" }
>> 	{ "pf"   "P" "sp3" }
>> 	{ "px"   "P" "sp3" }
>> 	{ "py"   "P" "sp3" }
>> 	{ "f"   "F" "sp3" }
>> 	{ "cl"  "Cl" "sp3" }
>> 	{ "br"  "Br" "sp3" }
>> 	{ "i"   "I"  "sp3" }
>> }
>> #
>> #	Load the general force field parameter set.
>> #
>> gaff = loadamberparams gaff2.dat
Loading parameters: /home/ubuntu/rayca-runtime/.mamba/envs/rayca/dat/leap/parm/gaff2.dat
Reading title:
AMBER General Force Field for organic molecules (Version 2.2.30, Oct 2025)
(UNKNOWN ATOM TYPE: hb)
> 
> loadamberparams /home/ubuntu/rayca-sessions/74591a70-5513-45c3-a9c1-10904993bc16-aa94c8cd626e/mmgbsa/EDEL-CRBN-0005_ent/lig.frcmod
Loading parameters: /home/ubuntu/rayca-sessions/74591a70-5513-45c3-a9c1-10904993bc16-aa94c8cd626e/mmgbsa/EDEL-CRBN-0005_ent/lig.frcmod
Reading force field modification type file (frcmod)
Reading title:
Remark line goes here
> LIG = loadmol2 /home/ubuntu/rayca-sessions/74591a70-5513-45c3-a9c1-10904993bc16-aa94c8cd626e/mmgbsa/EDEL-CRBN-0005_ent/lig.mol2
Loading Mol2 file: /home/ubuntu/rayca-sessions/74591a70-5513-45c3-a9c1-10904993bc16-aa94c8cd626e/mmgbsa/EDEL-CRBN-0005_ent/lig.mol2
Reading MOLECULE named LIG
> REC = loadpdb /home/ubuntu/rayca-sessions/74591a70-5513-45c3-a9c1-10904993bc16-aa94c8cd626e/mmgbsa/receptor_nozn.pdb
Loading PDB file: /home/ubuntu/rayca-sessions/74591a70-5513-45c3-a9c1-10904993bc16-aa94c8cd626e/mmgbsa/receptor_nozn.pdb
Matching PDB residue names to LEaP variables.
Mapped residue MET, term: Terminal/beginning, seq. number: 0 to: NMET.
Mapped residue ARG, term: Terminal/last, seq. number: 380 to: CARG.
  total atoms in file: 3103
  Leap added 3085 missing atoms according to residue templates:
       3085 H / lone pairs
> CPX = combine {REC LIG}
  Sequence: default_name
  Sequence: LIG
> saveamberparm CPX /home/ubuntu/rayca-sessions/74591a70-5513-45c3-a9c1-10904993bc16-aa94c8cd626e/mmgbsa/EDEL-CRBN-0005_ent/complex.prmtop /home/ubuntu/rayca-sessions/74591a70-5513-45c3-a9c1-10904993bc16-aa94c8cd626e/mmgbsa/EDEL-CRBN-0005_ent/complex.inpcrd
Checking Unit.

/home/ubuntu/rayca-runtime/.mamba/envs/rayca/bin/teLeap: Warning!
The unperturbed charge of the unit (7.000001) is not zero.

/home/ubuntu/rayca-runtime/.mamba/envs/rayca/bin/teLeap: Note.
Ignoring the warning from Unit Checking.

Building topology.
Building atom parameters.
Building bond parameters.
Building angle parameters.
Building proper torsion parameters.
Building improper torsion parameters.
 total 1286 improper torsions applied
Building H-Bond parameters.
Incorporating Non-Bonded adjustments.
Not Marking per-residue atom chain types.
Marking per-residue atom chain types.
  (Residues lacking connect0/connect1 - 
   these don't have chain types marked:

	res	total affected

	CARG	1
	LIG	1
	NMET	1
  )
 (no restraints)
> saveamberparm REC /home/ubuntu/rayca-sessions/74591a70-5513-45c3-a9c1-10904993bc16-aa94c8cd626e/mmgbsa/EDEL-CRBN-0005_ent/rec.prmtop /home/ubuntu/rayca-sessions/74591a70-5513-45c3-a9c1-10904993bc16-aa94c8cd626e/mmgbsa/EDEL-CRBN-0005_ent/rec.inpcrd
Checking Unit.

/home/ubuntu/rayca-runtime/.mamba/envs/rayca/bin/teLeap: Warning!
The unperturbed charge of the unit (7.000000) is not zero.

/home/ubuntu/rayca-runtime/.mamba/envs/rayca/bin/teLeap: Note.
Ignoring the warning from Unit Checking.

Building topology.
Building atom parameters.
Building bond parameters.
Building angle parameters.
Building proper torsion parameters.
Building improper torsion parameters.
 total 1274 improper torsions applied
Building H-Bond parameters.
Incorporating Non-Bonded adjustments.
Not Marking per-residue atom chain types.
Marking per-residue atom chain types.
  (Residues lacking connect0/connect1 - 
   these don't have chain types marked:

	res	total affected

	CARG	1
	NMET	1
  )
 (no restraints)
> saveamberparm LIG /home/ubuntu/rayca-sessions/74591a70-5513-45c3-a9c1-10904993bc16-aa94c8cd626e/mmgbsa/EDEL-CRBN-0005_ent/lig.prmtop /home/ubuntu/rayca-sessions/74591a70-5513-45c3-a9c1-10904993bc16-aa94c8cd626e/mmgbsa/EDEL-CRBN-0005_ent/lig.inpcrd
Checking Unit.
Building topology.
Building atom parameters.
Building bond parameters.
Building angle parameters.
Building proper torsion parameters.
Building improper torsion parameters.
 total 12 improper torsions applied
Building H-Bond parameters.
Incorporating Non-Bonded adjustments.
Not Marking per-residue atom chain types.
Marking per-residue atom chain types.
  (Residues lacking connect0/connect1 - 
   these don't have chain types marked:

	res	total affected

	LIG	1
  )
 (no restraints)
> quit
	Quit

Exiting LEaP: Errors = 0; Warnings = 2; Notes = 2.
