
          -------------------------------------------------------
          Amber 26 SANDER                              2026
          -------------------------------------------------------

| Run on 09/06/2026 at 21:41:05

|   Executable path: /home/ubuntu/rayca-runtime/.mamba/envs/rayca/bin/sander
| Working directory: /home/ubuntu/rayca-sessions/74591a70-5513-45c3-a9c1-10904993bc16-aa94c8cd626e/mmgbsa/EDEL-CRBN-0005_ent
|          Hostname: Unknown
  [-O]verwriting output

File Assignments:
|  MDIN: min.in                                                                
| MDOUT: min.out                                                               
|INPCRD: complex.inpcrd                                                        
|  PARM: complex.prmtop                                                        
|RESTRT: min.rst7                                                              
|  REFC: refc                                                                  
| MDVEL: mdvel                                                                 
| MDFRC: mdfrc                                                                 
|  MDEN: mden                                                                  
| MDCRD: mdcrd                                                                 
|MDINFO: mdinfo                                                                
|  MTMD: mtmd                                                                  
|INPDIP: inpdip                                                                
|RSTDIP: rstdip                                                                
|INPTRA: inptraj                                                               


 Here is the input file:

Energy minimization in GB implicit solvent                                     
 &cntrl                                                                        
  imin=1, maxcyc=2000, ncyc=500,                                               
  ntb=0, cut=999.0,                                                            
  igb=5, saltcon=0.10,                                                         
  ntpr=200, ntwx=0,                                                            
 /                                                                             

--------------------------------------------------------------------------------
   1.  RESOURCE   USE: 
--------------------------------------------------------------------------------

| Flags:                                                                        
| New format PARM file being parsed.
| Version =    1.000 Date = 09/06/26 Time = 21:40:47
 NATOM  =    6220 NTYPES =      15 NBONH =    3087 MBONA  =    3217
 NTHETH =    7010 MTHETA =    4364 NPHIH =   14278 MPHIA  =   13713
 NHPARM =       0 NPARM  =       0 NNB   =   34383 NRES   =     382
 NBONA  =    3217 NTHETA =    4364 NPHIA =   13713 NUMBND =      81
 NUMANG =     187 NPTRA  =     198 NATYP =      42 NPHB   =       0
 IFBOX  =       0 NMXRS  =      32 IFCAP =       0 NEXTRA =       0
 NCOPY  =       0

 Implicit solvent radii are modified Bondi radii (mbondi)                                                   

|     Memory Use     Allocated
|     Real             1231812
|     Hollerith          19044
|     Integer           368931
|     Max Pairs              1
|     nblistReal             0
|     nblist Int             0
|       Total            11139 kbytes

| Note: 1-4 EEL scale factors are being read from the topology file.

| Note: 1-4 VDW scale factors are being read from the topology file.
| Duplicated    0 dihedrals
| Duplicated    0 dihedrals

--------------------------------------------------------------------------------
   2.  CONTROL  DATA  FOR  THE  RUN
--------------------------------------------------------------------------------

default_name                                                                    

General flags:
     imin    =       1, nmropt  =       0

Nature and format of input:
     ntx     =       1, irest   =       0, ntrx    =       1

Nature and format of output:
     ntxo    =       2, ntpr    =     200, ntrx    =       1, ntwr    =       1
     iwrap   =       0, ntwx    =       0, ntwv    =       0, ntwe    =       0
     ioutfm  =       1, ntwprt  =       0, idecomp =       0, rbornstat=      0

Potential function:
     ntf     =       1, ntb     =       0, igb     =       5, nsnb    =      25
     ipol    =       0, gbsa    =       0, iesp    =       0
     dielc   =   1.00000, cut     = 999.00000, intdiel =   1.00000
     saltcon =   0.10000, offset  =   0.09000, gbalpha=    1.00000
     gbbeta  =   0.80000, gbgamma =   4.85000, surften =   0.00500
     rdt     =   0.00000, rgbmax  =  25.00000  extdiel =  78.50000
     alpb  =        0

Frozen or restrained atoms:
     ibelly  =       0, ntr     =       0

Energy minimization:
     maxcyc  =    2000, ncyc    =     500, ntmin   =       1
     dx0     =   0.01000, drms    =   0.00010
|  INFO: Old style inpcrd file read


--------------------------------------------------------------------------------
   3.  ATOMIC COORDINATES AND VELOCITIES
--------------------------------------------------------------------------------

default_name                                                                    
 begin time read from input coords =     0.000 ps

 Number of triangulated 3-point waters found:        0

--------------------------------------------------------------------------------
   4.  RESULTS
--------------------------------------------------------------------------------



   NSTEP       ENERGY          RMS            GMAX         NAME    NUMBER
      1       6.4690E+08     1.9916E+08     1.5739E+10     O        2699

 BOND    =      817.1373  ANGLE   =     5201.1416  DIHED      =     4704.4022
 VDWAALS = *************  EEL     =   -24123.5291  EGB        =    -5257.3308
 1-4 VDW = 99099158.8363  1-4 EEL =    14032.0893  RESTRAINT  =        0.0000


   NSTEP       ENERGY          RMS            GMAX         NAME    NUMBER
    200      -1.1246E+04     9.8064E-01     6.6520E+01     C14      6207

 BOND    =      271.6314  ANGLE   =     1812.2754  DIHED      =     4697.6622
 VDWAALS =    -3270.4016  EEL     =   -24225.1622  EGB        =    -5471.6061
 1-4 VDW =     1373.6582  1-4 EEL =    13566.2532  RESTRAINT  =        0.0000
