Select the terms you want from the following list by
selecting either (part of) the name or the number or a combination.
End your selection with an empty line or a zero.
-------------------------------------------------------------------
  1  Bond             2  Angle            3  Proper-Dih.      4  Per.-Imp.-Dih.
  5  CMAP-Dih.        6  LJ-14            7  Coulomb-14       8  LJ-(SR)       
  9  Disper.-corr.   10  Coulomb-(SR)    11  Coul.-recip.    12  Potential     
 13  Kinetic-En.     14  Total-Energy    15  Conserved-En.   16  Temperature   
 17  Pres.-DC        18  Pressure        19  Constr.-rmsd    20  Box-X         
 21  Box-Y           22  Box-Z           23  Volume          24  Density       
 25  pV              26  Enthalpy        27  Vir-XX          28  Vir-XY        
 29  Vir-XZ          30  Vir-YX          31  Vir-YY          32  Vir-YZ        
 33  Vir-ZX          34  Vir-ZY          35  Vir-ZZ          36  Pres-XX       
 37  Pres-XY         38  Pres-XZ         39  Pres-YX         40  Pres-YY       
 41  Pres-YZ         42  Pres-ZX         43  Pres-ZY         44  Pres-ZZ       
 45  #Surf*SurfTen   46  T-Protein       47  T-non-Protein   48  Lamb-Protein  
 49  Lamb-non-Protein                  


-------------------------------------------------------
Program:     gmx energy, version 2026.1
Source file: src/gromacs/gmxana/gmx_energy.cpp (line 314)

Fatal error:
No energy terms selected

For more information and tips for troubleshooting, please check the GROMACS
website at https://manual.gromacs.org/current/user-guide/run-time-errors.html
-------------------------------------------------------
--------------------------------------------------------------------------
MPI_ABORT was invoked on rank 0 in communicator MPI_COMM_WORLD
with errorcode 1.

NOTE: invoking MPI_ABORT causes Open MPI to kill all MPI processes.
You may or may not see output from other processes, depending on
exactly when Open MPI kills them.
--------------------------------------------------------------------------

RAYCA: the job stopped at line 21 with exit 1
RAYCA: the command was: grep -A200 "Select the terms"
RAYCA: if that command is allowed to fail, end it with || true
