=== PB-20260903-CRBN-EDS01806218ent2 MD run (resubmit, no -ntmpi) ===
GROMACS: /projects/u6sp/software-aarch64/gromacs-2026.1-mpi/bin/gmx_mpi
--- Energy minimisation ---
                      :-) GROMACS - gmx grompp, 2026.1 (-:

Executable:   /projects/u6sp/software-aarch64/gromacs-2026.1-mpi/bin/gmx_mpi
Data prefix:  /projects/u6sp/software-aarch64/gromacs-2026.1-mpi
Working dir:  /lus/lfs1aip2/scratch/u6sp/hpcuser.u6sp/rayca/max-b4b43e5cb2
Command line:
  gmx_mpi grompp -f em.mdp -c complex.gro -p complex.top -n index.ndx -o em.tpr -maxwarn 5

Ignoring obsolete mdp entry 'ns_type'
Generating 1-4 interactions: fudge = 0.5
Number of degrees of freedom in T-Coupling group rest is 60834.00
The integrator does not provide a ensemble temperature, there is no system ensemble temperature

WARNING 1 [file em.mdp]:
  The largest distance between excluded atoms is 2.781 nm between atom 623
  and 644, which is larger than the cut-off distance. This will lead to
  missing long-range corrections in the forces and energies. If you expect
  that minimization will bring such distances within the cut-off, you can
  ignore this warning.


There was 1 WARNING

GROMACS reminds you: "The sign of wisdom is to have more questions than answers." (Abhijit Naskar)

Setting the LD random seed to 2101317501

Generated 1378 of the 1378 non-bonded parameter combinations

Generated 1378 of the 1378 1-4 parameter combinations

Excluding 3 bonded neighbours molecule type 'system1'

Excluding 3 bonded neighbours molecule type 'LIG'

Excluding 3 bonded neighbours molecule type 'Cl-'

Excluding 3 bonded neighbours molecule type 'WAT'

The largest distance between excluded atoms is 2.781 nm between atom 623 and 644
Calculating fourier grid dimensions for X Y Z
Using a fourier grid of 60x56x72, spacing 0.120 0.117 0.109

Estimate for the relative computational load of the PME mesh part: 0.24

This run will generate roughly 2 Mb of data
[nid010944:33122] OPAL ERROR: Unreachable in file ext3x_client.c at line 111
--------------------------------------------------------------------------
The application appears to have been direct launched using "srun",
but OMPI was not built with SLURM's PMI support and therefore cannot
execute. There are several options for building PMI support under
SLURM, depending upon the SLURM version you are using:

  version 16.05 or later: you can use SLURM's PMIx support. This
  requires that you configure and build SLURM --with-pmix.

  Versions earlier than 16.05: you must use either SLURM's PMI-1 or
  PMI-2 support. SLURM builds PMI-1 by default, or you can manually
  install PMI-2. You must then build Open MPI using --with-pmi pointing
  to the SLURM PMI library location.

Please configure as appropriate and try again.
--------------------------------------------------------------------------
*** An error occurred in MPI_Init_thread
*** on a NULL communicator
*** MPI_ERRORS_ARE_FATAL (processes in this communicator will now abort,
***    and potentially your MPI job)
[nid010944:33122] Local abort before MPI_INIT completed completed successfully, but am not able to aggregate error messages, and not able to guarantee that all other processes were killed!
srun: error: nid010944: task 0: Exited with exit code 1
srun: Terminating StepId=6292928.0

RAYCA: the job stopped at line 27 with exit 1
RAYCA: the command was: srun --ntasks=1 --cpus-per-task=8 $GMX mdrun -v -deffnm em -ntomp 8 -nb gpu -pme gpu 2>&1
RAYCA: if that command is allowed to fail, end it with || true
