=== STAGE1 ===
=== CONTROLS ===
Written 160 lines to /scratch/u6sp/hpcuser.u6sp/rayca/max-5e35c72bf8/out/all_metrics.jsonl
{"run":"/scratch/u6sp/hpcuser.u6sp/axl_md/stage1/rank01_FN1_pres_cjAmqgk0/rep1","status":"ok","type":"complex","irmsd_nm":0.566,"q":1.321,"n0_contacts":622,"window_ns":"20-200"}

{"run":"/scratch/u6sp/hpcuser.u6sp/axl_md/stage1/rank01_FN1_pres_cjAmqgk0/rep2","status":"ok","type":"complex","irmsd_nm":0.397,"q":1.191,"n0_contacts":559,"window_ns":"20-200"}

{"run":"/scratch/u6sp/hpcuser.u6sp/axl_md/stage1/rank01_FN1_pres_cjAmqgk0/rep3","status":"ok","type":"complex","irmsd_nm":0.379,"q":0.997,"n0_contacts":704,"window_ns":"20-200"}

{"run":"/scratch/u6sp/hpcuser.u6sp/axl_md/stage1/rank02_FN1_pres_eqUiwYUP/rep1","status":"ok","type":"complex","irmsd_nm":0.698,"q":0.874,"n0_contacts":962,"window_ns":"20-200"}

{"run":"/scratch/u6sp/hpcuser.u6sp/axl_md/stage1/rank02_FN1_pres_eqUiwYUP/rep2","status":"ok","type":"complex","irmsd_nm":0.725,"q":0.880,"n0_contacts":1102,"window_ns":"20-200"}

{"run":"/scratch/u6sp/hpcuser.u6sp/axl_md/stage1/rank02_FN1_pres_eqUiwYUP/rep3","status":"ok","type":"complex","irmsd_nm":0.701,"q":1.372,"n0_contacts":548,"window_ns":"20-200"}

{"run":"/scratch/u6sp/hpcuser.u6sp/axl_md/stage1/rank03_FN1_pres_SxkLfmDK/rep1","status":"ok","type":"complex","irmsd_nm":0.409,"q":1.067,"n0_contacts":817,"window_ns":"20-200"}

{"run":"/scratch/u6sp/hpcuser.u6sp/axl_md/stage1/rank03_FN1_pres_SxkLfmDK/rep2","status":"ok","type":"complex","irmsd_nm":0.496,"q":0.945,"n0_contacts":1001,"window_ns":"20-200"}

{"run":"/scratch/u6sp/hpcuser.u6sp/axl_md/stage1/rank03_FN1_pres_SxkLfmDK/rep3","status":"ok","type":"complex","irmsd_nm":0.306,"q":1.229,"n0_contacts":973,"window_ns":"20-200"}

{"run":"/scratch/u6sp/hpcuser.u6sp/axl_md/stage1/rank04_FN1_pres_2x2T8C5h/rep1","status":"ok","type":"complex","irmsd_nm":0.405,"q":1.079,"n0_contacts":926,"window_ns":"20-200"}

{"run":"/scratch/u6sp/hpcuser.u6sp/axl_md/stage1/rank04_FN1_pres_2x2T8C5h/rep2","status":"ok","type":"complex","irmsd_nm":0.413,"q":0.854,"n0_contacts":1284,"window_ns":"20-200"}

{"run":"/scratch/u6sp/hpcuser.u6sp/axl_md/stage1/rank04_FN1_pres_2x2T8C5h/rep3","status":"ok","type":"complex","irmsd_nm":0.461,"q":1.150,"n0_contacts":929,"window_ns":"20-200"}

{"run":"/scratch/u6sp/hpcuser.u6sp/axl_md/stage1/rank05_FN1_pres_42qX8MXK/rep1","status":"ok","type":"complex","irmsd_nm":1.496,"q":0.669,"n0_contacts":814,"window_ns":"20-200"}

{"run":"/scratch/u6sp/hpcuser.u6sp/axl_md/stage1/rank05_FN1_pres_42qX8MXK/rep2","status":"ok","type":"complex","irmsd_nm":1.293,"q":0.666,"n0_contacts":728,"window_ns":"20-200"}

{"run":"/scratch/u6sp/hpcuser.u6sp/axl_md/stage1/rank05_FN1_pres_42qX8MXK/rep3","status":"ok","type":"complex","irmsd_nm":3.512,"q":0.400,"n0_contacts":739,"window_ns":"20-200"}

{"run":"/scratch/u6sp/hpcuser.u6sp/axl_md/stage1/rank06_FN1_pres_8Zd3dq1e/rep1","status":"ok","type":"complex","irmsd_nm":0.533,"q":1.048,"n0_contacts":789,"window_ns":"20-200"}

{"run":"/scratch/u6sp/hpcuser.u6sp/axl_md/stage1/rank06_FN1_pres_8Zd3dq1e/rep2","status":"ok","type":"complex","irmsd_nm":0.763,"q":1.214,"n0_contacts":709,"window_ns":"20-200"}

{"run":"/scratch/u6sp/hpcuser.u6sp/axl_md/stage1/rank06_FN1_pres_8Zd3dq1e/rep3","status":"ok","type":"complex","irmsd_nm":0.623,"q":1.182,"n0_contacts":742,"window_ns":"20-200"}

{"run":"/scratch/u6sp/hpcuser.u6sp/axl_md/stage1/rank07_FN1_pres_Fh9qIeeO/rep1","status":"ok","type":"complex","irmsd_nm":0.794,"q":1.084,"n0_contacts":969,"window_ns":"20-200"}

{"run":"/scratch/u6sp/hpcuser.u6sp/axl_md/stage1/rank07_FN1_pres_Fh9qIeeO/rep2","status":"ok","type":"complex","irmsd_nm":0.800,"q":1.062,"n0_contacts":886,"window_ns":"20-200"}

{"run":"/scratch/u6sp/hpcuser.u6sp/axl_md/stage1/rank26_FN2_pres_OJTSZPx3/rep2","status":"ok","type":"complex","irmsd_nm":0.313,"q":1.064,"n0_contacts":1084,"window_ns":"20-200"}

{"run":"/scratch/u6sp/hpcuser.u6sp/axl_md/stage1/rank26_FN2_pres_OJTSZPx3/rep3","status":"ok","type":"complex","irmsd_nm":0.288,"q":0.938,"n0_contacts":1146,"window_ns":"20-200"}

{"run":"/scratch/u6sp/hpcuser.u6sp/axl_md/stage1/rank27_FN2_pres_mnOITPDz/rep1","status":"ok","type":"complex","irmsd_nm":0.313,"q":1.146,"n0_contacts":796,"window_ns":"20-200"}

{"run":"/scratch/u6sp/hpcuser.u6sp/axl_md/stage1/rank27_FN2_pres_mnOITPDz/rep2","status":"ok","type":"complex","irmsd_nm":0.311,"q":0.924,"n0_contacts":994,"window_ns":"20-200"}

{"run":"/scratch/u6sp/hpcuser.u6sp/axl_md/stage1/rank27_FN2_pres_mnOITPDz/rep3","status":"ok","type":"complex","irmsd_nm":0.483,"q":1.156,"n0_contacts":855,"window_ns":"20-200"}

{"run":"/scratch/u6sp/hpcuser.u6sp/axl_md/stage1/rank28_FN2_pres_SxJw30XT/rep1","status":"ok","type":"complex","irmsd_nm":0.439,"q":1.175,"n0_contacts":828,"window_ns":"20-200"}

{"run":"/scratch/u6sp/hpcuser.u6sp/axl_md/stage1/rank29_FN2_pres_HGLezWjU/rep2","status":"ok","type":"complex","irmsd_nm":0.320,"q":1.289,"n0_contacts":725,"window_ns":"20-200"}

{"run":"/scratch/u6sp/hpcuser.u6sp/axl_md/stage1/rank29_FN2_pres_HGLezWjU/rep3","status":"ok","type":"complex","irmsd_nm":0.366,"q":1.232,"n0_contacts":632,"window_ns":"20-200"}

{"run":"/scratch/u6sp/hpcuser.u6sp/axl_md/stage1/rank30_FN2_pres_eeiKgsz5/rep1","status":"ok","type":"complex","irmsd_nm":0.390,"q":1.064,"n0_contacts":1044,"window_ns":"20-200"}

{"run":"/scratch/u6sp/hpcuser.u6sp/axl_md/stage1/rank30_FN2_pres_eeiKgsz5/rep2","status":"ok","type":"complex","irmsd_nm":0.536,"q":1.052,"n0_contacts":1072,"window_ns":"20-200"}

{"run":"/scratch/u6sp/hpcuser.u6sp/axl_md/stage1/rank30_FN2_pres_eeiKgsz5/rep3","status":"ok","type":"complex","irmsd_nm":0.299,"q":0.883,"n0_contacts":1334,"window_ns":"20-200"}

{"run":"/scratch/u6sp/hpcuser.u6sp/axl_md/stage1/rank31_FN2_pres_kUR7YmCY/rep1","status":"ok","type":"complex","irmsd_nm":0.321,"q":0.965,"n0_contacts":966,"window_ns":"20-200"}

{"run":"/scratch/u6sp/hpcuser.u6sp/axl_md/stage1/rank31_FN2_pres_kUR7YmCY/rep2","status":"ok","type":"complex","irmsd_nm":0.611,"q":1.102,"n0_contacts":866,"window_ns":"20-200"}

{"run":"/scratch/u6sp/hpcuser.u6sp/axl_md/stage1/rank31_FN2_pres_kUR7YmCY/rep3","status":"ok","type":"complex","irmsd_nm":0.647,"q":0.889,"n0_contacts":1109,"window_ns":"20-200"}

{"run":"/scratch/u6sp/hpcuser.u6sp/axl_md/stage1/rank32_FN2_pres_x2h16dTW/rep1","status":"ok","type":"complex","irmsd_nm":0.445,"q":0.973,"n0_contacts":1146,"window_ns":"20-200"}

{"run":"/scratch/u6sp/hpcuser.u6sp/axl_md/stage1/rank32_FN2_pres_x2h16dTW/rep2","status":"ok","type":"complex","irmsd_nm":0.257,"q":0.983,"n0_contacts":1130,"window_ns":"20-200"}

{"run":"/scratch/u6sp/hpcuser.u6sp/axl_md/stage1/rank32_FN2_pres_x2h16dTW/rep3","status":"ok","type":"complex","irmsd_nm":0.267,"q":0.965,"n0_contacts":1300,"window_ns":"20-200"}

{"run":"/scratch/u6sp/hpcuser.u6sp/axl_md/stage1/rank33_FN2_pres_s5Cydk81/rep1","status":"ok","type":"complex","irmsd_nm":0.399,"q":1.017,"n0_contacts":931,"window_ns":"20-200"}

{"run":"/scratch/u6sp/hpcuser.u6sp/axl_md/stage1/rank33_FN2_pres_s5Cydk81/rep2","status":"ok","type":"complex","irmsd_nm":0.381,"q":0.754,"n0_contacts":1227,"window_ns":"20-200"}

{"run":"/scratch/u6sp/hpcuser.u6sp/axl_md/stage1/rank33_FN2_pres_s5Cydk81/rep3","status":"ok","type":"complex","irmsd_nm":0.543,"q":1.035,"n0_contacts":1150,"window_ns":"20-200"}

{"run":"/scratch/u6sp/hpcuser.u6sp/axl_md/stage1/rank34_FN2_pres_lMT3vqyL/rep1","status":"ok","type":"complex","irmsd_nm":0.320,"q":1.037,"n0_contacts":1184,"window_ns":"20-200"}

{"run":"/scratch/u6sp/hpcuser.u6sp/axl_md/stage1/rank34_FN2_pres_lMT3vqyL/rep2","status":"ok","type":"complex","irmsd_nm":0.357,"q":0.993,"n0_contacts":1254,"window_ns":"20-200"}

{"run":"/scratch/u6sp/hpcuser.u6sp/axl_md/stage1/rank34_FN2_pres_lMT3vqyL/rep3","status":"ok","type":"complex","irmsd_nm":0.248,"q":0.993,"n0_contacts":1199,"window_ns":"20-200"}

{"run":"/scratch/u6sp/hpcuser.u6sp/axl_md/stage1/rank35_FN2_pres_REPBL6Rz/rep1","status":"ok","type":"complex","irmsd_nm":0.199,"q":0.983,"n0_contacts":1087,"window_ns":"20-200"}

{"run":"/scratch/u6sp/hpcuser.u6sp/axl_md/stage1/rank35_FN2_pres_REPBL6Rz/rep2","status":"ok","type":"complex","irmsd_nm":0.279,"q":1.137,"n0_contacts":792,"window_ns":"20-200"}

{"run":"/scratch/u6sp/hpcuser.u6sp/axl_md/stage1/rank35_FN2_pres_REPBL6Rz/rep3","status":"ok","type":"complex","irmsd_nm":0.433,"q":1.289,"n0_contacts":698,"window_ns":"20-200"}

{"run":"/scratch/u6sp/hpcuser.u6sp/axl_md/stage1/rank36_FN2_pres_twEcmWNh/rep1","status":"ok","type":"complex","irmsd_nm":0.374,"q":0.986,"n0_contacts":969,"window_ns":"20-200"}

{"run":"/scratch/u6sp/hpcuser.u6sp/axl_md/stage1/rank36_FN2_pres_twEcmWNh/rep2","status":"ok","type":"complex","irmsd_nm":0.353,"q":0.787,"n0_contacts":1291,"window_ns":"20-200"}

{"run":"/scratch/u6sp/hpcuser.u6sp/axl_md/stage1/rank36_FN2_pres_twEcmWNh/rep3","status":"ok","type":"complex","irmsd_nm":0.419,"q":0.987,"n0_contacts":1101,"window_ns":"20-200"}

{"run":"/scratch/u6sp/hpcuser.u6sp/axl_md/stage1/rank37_FN2_pres_mo0PATes/rep1","status":"ok","type":"complex","irmsd_nm":0.280,"q":0.984,"n0_contacts":926,"window_ns":"20-200"}

{"run":"/scratch/u6sp/hpcuser.u6sp/axl_md/stage1/rank37_FN2_pres_mo0PATes/rep2","status":"ok","type":"complex","irmsd_nm":0.315,"q":0.931,"n0_contacts":1013,"window_ns":"20-200"}

{"run":"/scratch/u6sp/hpcuser.u6sp/axl_md/stage1/rank37_FN2_pres_mo0PATes/rep3","status":"ok","type":"complex","irmsd_nm":0.436,"q":0.957,"n0_contacts":1021,"window_ns":"20-200"}

{"run":"/scratch/u6sp/hpcuser.u6sp/axl_md/stage1/rank38_FN2_pres_pvdrNMFz/rep1","status":"ok","type":"complex","irmsd_nm":0.507,"q":0.962,"n0_contacts":1071,"window_ns":"20-200"}

{"run":"/scratch/u6sp/hpcuser.u6sp/axl_md/stage1/rank38_FN2_pres_pvdrNMFz/rep2","status":"ok","type":"complex","irmsd_nm":0.513,"q":0.773,"n0_contacts":1282,"window_ns":"20-200"}

{"run":"/scratch/u6sp/hpcuser.u6sp/axl_md/stage1/rank38_FN2_pres_pvdrNMFz/rep3","status":"ok","type":"complex","irmsd_nm":0.361,"q":1.055,"n0_contacts":1178,"window_ns":"20-200"}

{"run":"/scratch/u6sp/hpcuser.u6sp/axl_md/stage1/rank39_FN2_pres_O6wShIcb/rep1","status":"ok","type":"complex","irmsd_nm":0.432,"q":1.100,"n0_contacts":694,"window_ns":"20-200"}

{"run":"/scratch/u6sp/hpcuser.u6sp/axl_md/stage1/rank39_FN2_pres_O6wShIcb/rep2","status":"ok","type":"complex","irmsd_nm":0.368,"q":0.899,"n0_contacts":813,"window_ns":"20-200"}

{"run":"/scratch/u6sp/hpcuser.u6sp/axl_md/stage1/rank39_FN2_pres_O6wShIcb/rep3","status":"ok","type":"complex","irmsd_nm":0.454,"q":1.259,"n0_contacts":599,"window_ns":"20-200"}

{"run":"/scratch/u6sp/hpcuser.u6sp/axl_md/stage1/rank40_FN2_pres_kbptTsX3/rep1","status":"ok","type":"complex","irmsd_nm":0.261,"q":1.089,"n0_contacts":1178,"window_ns":"20-200"}

{"run":"/scratch/u6sp/hpcuser.u6sp/axl_md/stage1/rank40_FN2_pres_kbptTsX3/rep2","status":"ok","type":"complex","irmsd_nm":0.299,"q":1.017,"n0_contacts":1147,"window_ns":"20-200"}

{"run":"/scratch/u6sp/hpcuser.u6sp/axl_md/stage1/rank40_FN2_pres_kbptTsX3/rep3","status":"ok","type":"complex","irmsd_nm":0.245,"q":0.934,"n0_contacts":1305,"window_ns":"20-200"}

{"run":"/scratch/u6sp/hpcuser.u6sp/axl_md/controls/apo_FN1_antigen/rep1","status":"ok","type":"apo","self_rmsd_nm":0.197,"window_ns":"20-200"}

{"run":"/scratch/u6sp/hpcuser.u6sp/axl_md/controls/apo_FN2_antigen/rep1","status":"ok","type":"apo","self_rmsd_nm":0.249,"window_ns":"20-200"}

{"run":"/scratch/u6sp/hpcuser.u6sp/axl_md/controls/apo_VHH_FN1/rep1","status":"ok","type":"apo","self_rmsd_nm":0.098,"window_ns":"20-200"}

{"run":"/scratch/u6sp/hpcuser.u6sp/axl_md/controls/apo_VHH_FN2/rep1","status":"ok","type":"apo","self_rmsd_nm":0.180,"window_ns":"20-200"}

{"run":"/scratch/u6sp/hpcuser.u6sp/axl_md/controls/decoy1_r25_rot180x/rep1","status":"ok","type":"complex","irmsd_nm":2.282,"q":1.309,"n0_contacts":397,"window_ns":"20-200"}

{"run":"/scratch/u6sp/hpcuser.u6sp/axl_md/controls/decoy1_r25_rot180x/rep2","status":"ok","type":"complex","irmsd_nm":5.734,"q":0.588,"n0_contacts":40,"window_ns":"20-200"}

{"run":"/scratch/u6sp/hpcuser.u6sp/axl_md/controls/decoy1_r25_rot180x/rep3","status":"ok","type":"complex","irmsd_nm":4.870,"q":null,"n0_contacts":0,"window_ns":"20-200"}

{"run":"/scratch/u6sp/hpcuser.u6sp/axl_md/controls/decoy2_r25_rot120y/rep1","status":"ok","type":"complex","irmsd_nm":5.999,"q":null,"n0_contacts":0,"window_ns":"20-200"}

{"run":"/scratch/u6sp/hpcuser.u6sp/axl_md/controls/decoy2_r25_rot120y/rep2","status":"ok","type":"complex","irmsd_nm":4.362,"q":0.613,"n0_contacts":318,"window_ns":"20-200"}

{"run":"/scratch/u6sp/hpcuser.u6sp/axl_md/controls/decoy2_r25_rot120y/rep3","status":"ok","type":"complex","irmsd_nm":5.767,"q":null,"n0_contacts":0,"window_ns":"20-200"}

{"run":"/scratch/u6sp/hpcuser.u6sp/axl_md/controls/decoy3_r25_rot150d/rep1","status":"ok","type":"complex","irmsd_nm":5.162,"q":null,"n0_contacts":0,"window_ns":"20-200"}

{"run":"/scratch/u6sp/hpcuser.u6sp/axl_md/controls/decoy3_r25_rot150d/rep2","status":"ok","type":"complex","irmsd_nm":3.870,"q":0.709,"n0_contacts":237,"window_ns":"20-200"}

{"run":"/scratch/u6sp/hpcuser.u6sp/axl_md/controls/decoy3_r25_rot150d/rep3","status":"ok","type":"complex","irmsd_nm":1.205,"q":1.394,"n0_contacts":549,"window_ns":"20-200"}

{"run":"/scratch/u6sp/hpcuser.u6sp/axl_md/controls/pos_1mel_lyz/rep1","status":"ok","type":"complex","irmsd_nm":0.202,"q":1.006,"n0_contacts":1405,"window_ns":"20-200"}

{"run":"/scratch/u6sp/hpcuser.u6sp/axl_md/controls/pos_1mel_lyz/rep2","status":"ok","type":"complex","irmsd_nm":0.192,"q":1.109,"n0_contacts":1224,"window_ns":"20-200"}

{"run":"/scratch/u6sp/hpcuser.u6sp/axl_md/controls/pos_1mel_lyz/rep3","status":"ok","type":"complex","irmsd_nm":0.246,"q":0.953,"n0_contacts":1388,"window_ns":"20-200"}

{"run":"/scratch/u6sp/hpcuser.u6sp/axl_md/controls/pos_4krl_egfr/rep1","status":"ok","type":"complex","irmsd_nm":0.309,"q":1.143,"n0_contacts":1024,"window_ns":"20-200"}

{"run":"/scratch/u6sp/hpcuser.u6sp/axl_md/controls/pos_4krl_egfr/rep2","status":"ok","type":"complex","irmsd_nm":0.291,"q":1.079,"n0_contacts":866,"window_ns":"20-200"}

{"run":"/scratch/u6sp/hpcuser.u6sp/axl_md/controls/pos_4krl_egfr/rep3","status":"ok","type":"complex","irmsd_nm":0.305,"q":0.946,"n0_contacts":1048,"window_ns":"20-200"}

