
          -------------------------------------------------------
          Amber 24 PMEMD                              2024
          -------------------------------------------------------

| PMEMD implementation of SANDER, Release 24

|  Compiled date/time: Mon Apr 29 20:47:47 2024
| Run on 09/15/2026 at 20:17:48

|   Executable path: /appl/local/csc/soft/chem/amber/24-cpu/bin/pmemd.MPI
| Working directory: /pfs/lustrep4/scratch/project_462001483/rayca/max-48a5d695a7/out/job-22076604/md_runs/run_REF_85C
|          Hostname: nid001205

  [-O]verwriting output

File Assignments:
|   MDIN: equil.in                                                              
|  MDOUT: equil.out                                                             
| INPCRD: heat.rst7                                                             
|   PARM: system.prmtop                                                         
| RESTRT: equil.rst7                                                            
|   REFC: system.inpcrd                                                         
|  MDVEL: mdvel                                                                 
|   MDEN: mden                                                                  
|  MDCRD: mdcrd                                                                 
| MDINFO: equil.mdinfo                                                          
|LOGFILE: logfile                                                               
|  MDFRC: mdfrc                                                                 


 Here is the input file:

Equilibration 200 ps NPT - backbone restrained 1 kcal/mol                      
 &cntrl                                                                        
  imin=0, ntx=5, irest=1,                                                      
  nstlim=100000, dt=0.002,                                                     
  ntpr=2500, ntwx=0, ntwe=0,                                                   
  ntf=2, ntc=2,                                                                
  cut=10.0,                                                                    
  ntt=3, gamma_ln=2.0, temp0=300.0,                                            
  ntp=1, barostat=2, pres0=1.0, taup=2.0,                                      
  ig=-1,                                                                       
  ntr=1, restraintmask='@CA,C,N,O', restraint_wt=1.0,                          
 /                                                                             


Note: ig = -1. Setting random seed to   463984 based on wallclock time in
      microseconds and disabling the synchronization of random numbers 
      between tasks to improve performance.
| irandom = 1, using AMBER's internal random number generator (default).
 
 
| Conditional Compilation Defines Used:
| MPI
| PUBFFT
| BINTRAJ
| EMIL

| Largest sphere to fit in unit cell has radius =    49.810

| New format PARM file being parsed.
| Version =    1.000 Date = 09/15/26 Time = 16:11:03

| Note: 1-4 EEL scale factors are being read from the topology file.

| Note: 1-4 VDW scale factors are being read from the topology file.
| Duplicated    0 dihedrals

| Duplicated    0 dihedrals

--------------------------------------------------------------------------------
   1.  RESOURCE   USE: 
--------------------------------------------------------------------------------

 getting box info from netcdf restart file
 NATOM  =  127261 NTYPES =      28 NBONH =  122553 MBONA  =    4706
 NTHETH =   10697 MTHETA =    6379 NPHIH =   21400 MPHIA  =   20448
 NHPARM =       0 NPARM  =       0 NNB   =  208892 NRES   =   39964
 NBONA  =    4706 NTHETA =    6379 NPHIA =   20448 NUMBND =      94
 NUMANG =     215 NPTRA  =     216 NATYP =      51 NPHB   =       0
 IFBOX  =       2 NMXRS  =      72 IFCAP =       0 NEXTRA =       0
 NCOPY  =       0

| Coordinate Index Table dimensions:    18   18   18
| Direct force subcell size =     6.7783    6.7783    6.7783

     BOX TYPE: TRUNCATED OCTAHEDRON

--------------------------------------------------------------------------------
   2.  CONTROL  DATA  FOR  THE  RUN
--------------------------------------------------------------------------------

default_name                                                                    

General flags:
     imin    =       0, nmropt  =       0

Nature and format of input:
     ntx     =       5, irest   =       1, ntrx    =       1

Nature and format of output:
     ntxo    =       2, ntpr    =    2500, ntrx    =       1, ntwr    =  100000
     iwrap   =       0, ntwx    =       0, ntwv    =       0, ntwe    =       0
     ioutfm  =       1, ntwprt  =       0, idecomp =       0, rbornstat=      0

Potential function:
     ntf     =       2, ntb     =       2, igb     =       0, nsnb    =      25
     ipol    =       0, gbsa    =       0, iesp    =       0
     dielc   =   1.00000, cut     =  10.00000, intdiel =   1.00000

Frozen or restrained atoms:
     ibelly  =       0, ntr     =       1
     restraint_wt =   1.00000

Molecular dynamics:
     nstlim  =    100000, nscm    =         0, nrespa  =         1
     t       =   0.00000, dt      =   0.00200, vlimit  =  20.00000

Langevin dynamics temperature regulation:
     ig      =  463984
     temp0   = 300.00000, tempi   =   0.00000, gamma_ln=   2.00000

Pressure regulation:
     ntp     =       1
     pres0   =   1.00000, comp    =  44.60000, taup    =   2.00000
     Monte-Carlo Barostat:
     mcbarint  =     100

SHAKE:
     ntc     =       2, jfastw  =       0
     tol     =   0.00001

| Intermolecular bonds treatment:
|     no_intermolecular_bonds =       1

| Energy averages sample interval:
|     ene_avg_sampling =    2500

Ewald parameters:
     verbose =       0, ew_type =       0, nbflag  =       1, use_pme =       1
     vdwmeth =       1, eedmeth =       1, netfrc  =       1
     Box X =  122.010   Box Y =  122.010   Box Z =  122.010
     Alpha =  109.471   Beta  =  109.471   Gamma =  109.471
     NFFT1 =  128       NFFT2 =  125       NFFT3 =  125
     Cutoff=   10.000   Tol   =0.100E-04
     Ewald Coefficient =  0.27511
     Interpolation order =    4

| PMEMD ewald parallel performance parameters:
|     block_fft =    1
|     fft_blk_y_divisor =    4
|     excl_recip =    1
|     excl_master =    1
|     atm_redist_freq =   32

    LOADING THE CONSTRAINED ATOMS AS GROUPS


   5.  REFERENCE ATOM COORDINATES

  default_name                                                                    
     Mask @CA,C,N,O; matches 41588 atoms
| MONTE CARLO BAROSTAT IMPORTANT NOTE:
|   The Monte-Carlo barostat does not require the virial to adjust the system volume.
|   Since it is an expensive calculation, it is skipped for efficiency. A side-effect
|   is that the reported pressure is always 0 because it is not calculated.

--------------------------------------------------------------------------------
   3.  ATOMIC COORDINATES AND VELOCITIES
--------------------------------------------------------------------------------

default_name                                                                    
 begin time read from input coords =   100.000 ps

 
 Number of triangulated 3-point waters found:    39288

     Sum of charges from parm topology file =  -0.00100128
     Forcing neutrality...

| Dynamic Memory, Types Used:
| Reals             7101489
| Integers          5491550

| Nonbonded Pairs Initial Allocation:      779074

| Running AMBER/MPI version on  128 MPI task

 
--------------------------------------------------------------------------------
   4.  RESULTS
--------------------------------------------------------------------------------

 ---------------------------------------------------
 APPROXIMATING switch and d/dx switch using CUBIC SPLINE INTERPOLATION
 using   5000.0 points per unit in tabled values
 TESTING RELATIVE ERROR over r ranging from 0.0 to cutoff
| CHECK switch(x): max rel err =   0.3338E-14   at   2.509280
| CHECK d/dx switch(x): max rel err =   0.8155E-11   at   2.730040
 ---------------------------------------------------
|---------------------------------------------------
| APPROXIMATING direct energy using CUBIC SPLINE INTERPOLATION
|  with   50.0 points per unit in tabled values
| Relative Error Limit not exceeded for r .gt.   2.34
| APPROXIMATING direct force using CUBIC SPLINE INTERPOLATION
|  with   50.0 points per unit in tabled values
| Relative Error Limit not exceeded for r .gt.   2.81
|---------------------------------------------------

 NSTEP =     2500   TIME(PS) =     105.000  TEMP(K) =   300.34  PRESS =     0.0
 Etot   =   -298836.3909  EKtot   =     77357.5384  EPtot      =   -376193.9293
 BOND   =      1793.2949  ANGLE   =      4925.7002  DIHED      =      7720.5719
 1-4 NB =      2085.9967  1-4 EEL =     23481.5952  VDWAALS    =     51558.8192
 EELEC  =   -490176.9350  EHBOND  =         0.0000  RESTRAINT  =     22417.0277
 EAMBER (non-restraint)  =   -398610.9570
 EKCMT  =         0.0000  VIRIAL  =         0.0000  VOLUME     =   1312189.0589
                                                    Density    =         0.9827
 Ewald error estimate:   0.3910E-05
 ------------------------------------------------------------------------------


 NSTEP =     5000   TIME(PS) =     110.000  TEMP(K) =   300.56  PRESS =     0.0
 Etot   =   -300612.4989  EKtot   =     77414.0351  EPtot      =   -378026.5340
 BOND   =      1770.4450  ANGLE   =      5033.6507  DIHED      =      7676.6633
 1-4 NB =      2101.4705  1-4 EEL =     23460.2347  VDWAALS    =     54852.1431
 EELEC  =   -496169.7793  EHBOND  =         0.0000  RESTRAINT  =     23248.6378
 EAMBER (non-restraint)  =   -401275.1718
 EKCMT  =         0.0000  VIRIAL  =         0.0000  VOLUME     =   1263213.1156
                                                    Density    =         1.0208
 Ewald error estimate:   0.3261E-04
 ------------------------------------------------------------------------------


 NSTEP =     7500   TIME(PS) =     115.000  TEMP(K) =   300.25  PRESS =     0.0
 Etot   =   -301204.6170  EKtot   =     77335.6319  EPtot      =   -378540.2489
 BOND   =      1799.7306  ANGLE   =      4987.5544  DIHED      =      7703.4537
 1-4 NB =      2062.0219  1-4 EEL =     23378.9549  VDWAALS    =     55193.5312
 EELEC  =   -497319.4901  EHBOND  =         0.0000  RESTRAINT  =     23653.9944
 EAMBER (non-restraint)  =   -402194.2433
 EKCMT  =         0.0000  VIRIAL  =         0.0000  VOLUME     =   1252367.5055
                                                    Density    =         1.0296
 Ewald error estimate:   0.5654E-05
 ------------------------------------------------------------------------------


 NSTEP =    10000   TIME(PS) =     120.000  TEMP(K) =   299.80  PRESS =     0.0
 Etot   =   -301156.2368  EKtot   =     77218.7436  EPtot      =   -378374.9803
 BOND   =      1786.1944  ANGLE   =      4955.4427  DIHED      =      7717.8585
 1-4 NB =      2123.5366  1-4 EEL =     23399.7732  VDWAALS    =     55979.1836
 EELEC  =   -498099.4089  EHBOND  =         0.0000  RESTRAINT  =     23762.4395
 EAMBER (non-restraint)  =   -402137.4199
 EKCMT  =         0.0000  VIRIAL  =         0.0000  VOLUME     =   1249046.9506
                                                    Density    =         1.0323
 Ewald error estimate:   0.1953E-05
 ------------------------------------------------------------------------------

| MC Barostat: Decreasing size of volume moves
| MC Barostat: Decreasing size of volume moves

 NSTEP =    12500   TIME(PS) =     125.000  TEMP(K) =   300.61  PRESS =     0.0
 Etot   =   -301809.2018  EKtot   =     77427.0650  EPtot      =   -379236.2668
 BOND   =      1784.3959  ANGLE   =      4916.5225  DIHED      =      7675.3653
 1-4 NB =      2066.2924  1-4 EEL =     23417.5613  VDWAALS    =     56722.7320
 EELEC  =   -499468.3180  EHBOND  =         0.0000  RESTRAINT  =     23649.1818
 EAMBER (non-restraint)  =   -402885.4486
 EKCMT  =         0.0000  VIRIAL  =         0.0000  VOLUME     =   1246620.9408
                                                    Density    =         1.0343
 Ewald error estimate:   0.3895E-04
 ------------------------------------------------------------------------------

| MC Barostat: Decreasing size of volume moves
| MC Barostat: Decreasing size of volume moves
| MC Barostat: Decreasing size of volume moves

 NSTEP =    15000   TIME(PS) =     130.000  TEMP(K) =   299.75  PRESS =     0.0
 Etot   =   -302354.1201  EKtot   =     77207.1716  EPtot      =   -379561.2917
 BOND   =      1698.9297  ANGLE   =      4940.8622  DIHED      =      7679.5159
 1-4 NB =      2115.0057  1-4 EEL =     23540.2084  VDWAALS    =     55933.1958
 EELEC  =   -499113.4613  EHBOND  =         0.0000  RESTRAINT  =     23644.4520
 EAMBER (non-restraint)  =   -403205.7437
 EKCMT  =         0.0000  VIRIAL  =         0.0000  VOLUME     =   1245440.3617
                                                    Density    =         1.0353
 Ewald error estimate:   0.3097E-04
 ------------------------------------------------------------------------------

| MC Barostat: Decreasing size of volume moves
| MC Barostat: Decreasing size of volume moves

 NSTEP =    17500   TIME(PS) =     135.000  TEMP(K) =   299.59  PRESS =     0.0
 Etot   =   -301714.1185  EKtot   =     77164.6294  EPtot      =   -378878.7479
 BOND   =      1769.8238  ANGLE   =      5014.3633  DIHED      =      7677.2048
 1-4 NB =      2072.5158  1-4 EEL =     23424.0932  VDWAALS    =     55604.8253
 EELEC  =   -498396.4562  EHBOND  =         0.0000  RESTRAINT  =     23954.8822
 EAMBER (non-restraint)  =   -402833.6301
 EKCMT  =         0.0000  VIRIAL  =         0.0000  VOLUME     =   1246140.8474
                                                    Density    =         1.0347
 Ewald error estimate:   0.5788E-04
 ------------------------------------------------------------------------------

| MC Barostat: Decreasing size of volume moves

 NSTEP =    20000   TIME(PS) =     140.000  TEMP(K) =   299.67  PRESS =     0.0
 Etot   =   -301863.4123  EKtot   =     77185.8560  EPtot      =   -379049.2683
 BOND   =      1780.8478  ANGLE   =      4936.9645  DIHED      =      7649.0236
 1-4 NB =      2096.3374  1-4 EEL =     23418.9527  VDWAALS    =     55686.2895
 EELEC  =   -498665.1868  EHBOND  =         0.0000  RESTRAINT  =     24047.5030
 EAMBER (non-restraint)  =   -403096.7713
 EKCMT  =         0.0000  VIRIAL  =         0.0000  VOLUME     =   1245872.6009
                                                    Density    =         1.0350
 Ewald error estimate:   0.2741E-04
 ------------------------------------------------------------------------------


 NSTEP =    22500   TIME(PS) =     145.000  TEMP(K) =   299.93  PRESS =     0.0
 Etot   =   -301710.1277  EKtot   =     77252.8736  EPtot      =   -378963.0012
 BOND   =      1793.9586  ANGLE   =      4978.8271  DIHED      =      7683.1743
 1-4 NB =      2089.8500  1-4 EEL =     23458.4344  VDWAALS    =     55872.4043
 EELEC  =   -498902.7109  EHBOND  =         0.0000  RESTRAINT  =     24063.0610
 EAMBER (non-restraint)  =   -403026.0622
 EKCMT  =         0.0000  VIRIAL  =         0.0000  VOLUME     =   1242589.4842
                                                    Density    =         1.0377
 Ewald error estimate:   0.2851E-04
 ------------------------------------------------------------------------------

| MC Barostat: Decreasing size of volume moves
| MC Barostat: Decreasing size of volume moves

 NSTEP =    25000   TIME(PS) =     150.000  TEMP(K) =   299.88  PRESS =     0.0
 Etot   =   -301541.9293  EKtot   =     77239.2706  EPtot      =   -378781.1999
 BOND   =      1796.5588  ANGLE   =      4930.2360  DIHED      =      7691.1856
 1-4 NB =      2079.5746  1-4 EEL =     23456.2572  VDWAALS    =     55736.9457
 EELEC  =   -498347.5884  EHBOND  =         0.0000  RESTRAINT  =     23875.6305
 EAMBER (non-restraint)  =   -402656.8304
 EKCMT  =         0.0000  VIRIAL  =         0.0000  VOLUME     =   1244663.4654
                                                    Density    =         1.0360
 Ewald error estimate:   0.9397E-04
 ------------------------------------------------------------------------------

| MC Barostat: Decreasing size of volume moves

 NSTEP =    27500   TIME(PS) =     155.000  TEMP(K) =   299.31  PRESS =     0.0
 Etot   =   -301911.8543  EKtot   =     77092.0708  EPtot      =   -379003.9250
 BOND   =      1759.8096  ANGLE   =      4959.4229  DIHED      =      7683.7070
 1-4 NB =      2056.9357  1-4 EEL =     23314.3163  VDWAALS    =     55709.4766
 EELEC  =   -498323.0651  EHBOND  =         0.0000  RESTRAINT  =     23835.4719
 EAMBER (non-restraint)  =   -402839.3969
 EKCMT  =         0.0000  VIRIAL  =         0.0000  VOLUME     =   1243938.9022
                                                    Density    =         1.0366
 Ewald error estimate:   0.1066E-04
 ------------------------------------------------------------------------------

| MC Barostat: Decreasing size of volume moves
| MC Barostat: Decreasing size of volume moves

 NSTEP =    30000   TIME(PS) =     160.000  TEMP(K) =   300.12  PRESS =     0.0
 Etot   =   -301800.9786  EKtot   =     77302.0602  EPtot      =   -379103.0388
 BOND   =      1826.8860  ANGLE   =      4869.1922  DIHED      =      7718.4903
 1-4 NB =      2085.5755  1-4 EEL =     23374.2506  VDWAALS    =     55734.1945
 EELEC  =   -498597.4560  EHBOND  =         0.0000  RESTRAINT  =     23885.8281
 EAMBER (non-restraint)  =   -402988.8669
 EKCMT  =         0.0000  VIRIAL  =         0.0000  VOLUME     =   1244379.8226
                                                    Density    =         1.0362
 Ewald error estimate:   0.4435E-04
 ------------------------------------------------------------------------------

| MC Barostat: Decreasing size of volume moves
| MC Barostat: Decreasing size of volume moves

 NSTEP =    32500   TIME(PS) =     165.000  TEMP(K) =   299.08  PRESS =     0.0
 Etot   =   -301608.5875  EKtot   =     77033.9324  EPtot      =   -378642.5199
 BOND   =      1800.9907  ANGLE   =      4970.5899  DIHED      =      7678.9813
 1-4 NB =      2084.3584  1-4 EEL =     23417.1423  VDWAALS    =     55593.9606
 EELEC  =   -498213.7925  EHBOND  =         0.0000  RESTRAINT  =     24025.2495
 EAMBER (non-restraint)  =   -402667.7694
 EKCMT  =         0.0000  VIRIAL  =         0.0000  VOLUME     =   1243227.5432
                                                    Density    =         1.0372
 Ewald error estimate:   0.4991E-05
 ------------------------------------------------------------------------------

| MC Barostat: Decreasing size of volume moves

 NSTEP =    35000   TIME(PS) =     170.000  TEMP(K) =   299.30  PRESS =     0.0
 Etot   =   -301974.1628  EKtot   =     77091.0201  EPtot      =   -379065.1830
 BOND   =      1779.2612  ANGLE   =      4954.4080  DIHED      =      7604.5782
 1-4 NB =      2089.4946  1-4 EEL =     23442.7708  VDWAALS    =     55624.7002
 EELEC  =   -498522.5916  EHBOND  =         0.0000  RESTRAINT  =     23962.1957
 EAMBER (non-restraint)  =   -403027.3787
 EKCMT  =         0.0000  VIRIAL  =         0.0000  VOLUME     =   1244561.9497
                                                    Density    =         1.0361
 Ewald error estimate:   0.2441E-04
 ------------------------------------------------------------------------------

