
          -------------------------------------------------------
          Amber 24 PMEMD                              2024
          -------------------------------------------------------

| PMEMD implementation of SANDER, Release 24

|  Compiled date/time: Mon Apr 29 20:47:47 2024
| Run on 09/15/2026 at 20:07:16

|   Executable path: /appl/local/csc/soft/chem/amber/24-cpu/bin/pmemd.MPI
| Working directory: /pfs/lustrep4/scratch/project_462001483/rayca/max-48a5d695a7/out/job-22076604/md_runs/run_REF_85C
|          Hostname: nid001205

  [-O]verwriting output

File Assignments:
|   MDIN: min.in                                                                
|  MDOUT: min.out                                                               
| INPCRD: system.inpcrd                                                         
|   PARM: system.prmtop                                                         
| RESTRT: min.rst7                                                              
|   REFC: system.inpcrd                                                         
|  MDVEL: mdvel                                                                 
|   MDEN: mden                                                                  
|  MDCRD: mdcrd                                                                 
| MDINFO: min.mdinfo                                                            
|LOGFILE: logfile                                                               
|  MDFRC: mdfrc                                                                 


 Here is the input file:

Minimization - protein backbone restrained                                     
 &cntrl                                                                        
  imin=1, ntx=1, irest=0,                                                      
  maxcyc=10000, ncyc=5000,                                                     
  ntpr=500, ntwx=0,                                                            
  ntf=1, ntc=1,                                                                
  cut=10.0,                                                                    
  ntr=1, restraintmask='@CA,C,N,O', restraint_wt=5.0,                          
 /                                                                             


Note: ig = -1. Setting random seed to   478240 based on wallclock time in
      microseconds and disabling the synchronization of random numbers 
      between tasks to improve performance.
| irandom = 1, using AMBER's internal random number generator (default).
 
 
| Conditional Compilation Defines Used:
| MPI
| PUBFFT
| BINTRAJ
| EMIL

| Largest sphere to fit in unit cell has radius =    49.810

| New format PARM file being parsed.
| Version =    1.000 Date = 09/15/26 Time = 16:11:03

| Note: 1-4 EEL scale factors are being read from the topology file.

| Note: 1-4 VDW scale factors are being read from the topology file.
| Duplicated    0 dihedrals

| Duplicated    0 dihedrals

--------------------------------------------------------------------------------
   1.  RESOURCE   USE: 
--------------------------------------------------------------------------------

 getting new box info from bottom of inpcrd
 NATOM  =  127261 NTYPES =      28 NBONH =  122553 MBONA  =    4706
 NTHETH =   10697 MTHETA =    6379 NPHIH =   21400 MPHIA  =   20448
 NHPARM =       0 NPARM  =       0 NNB   =  208892 NRES   =   39964
 NBONA  =    4706 NTHETA =    6379 NPHIA =   20448 NUMBND =      94
 NUMANG =     215 NPTRA  =     216 NATYP =      51 NPHB   =       0
 IFBOX  =       2 NMXRS  =      72 IFCAP =       0 NEXTRA =       0
 NCOPY  =       0

| Coordinate Index Table dimensions:    18   18   18
| Direct force subcell size =     6.7783    6.7783    6.7783

     BOX TYPE: TRUNCATED OCTAHEDRON

--------------------------------------------------------------------------------
   2.  CONTROL  DATA  FOR  THE  RUN
--------------------------------------------------------------------------------

default_name                                                                    

General flags:
     imin    =       1, nmropt  =       0

Nature and format of input:
     ntx     =       1, irest   =       0, ntrx    =       1

Nature and format of output:
     ntxo    =       2, ntpr    =     500, ntrx    =       1, ntwr    =       1
     iwrap   =       0, ntwx    =       0, ntwv    =       0, ntwe    =       0
     ioutfm  =       1, ntwprt  =       0, idecomp =       0, rbornstat=      0

Potential function:
     ntf     =       1, ntb     =       1, igb     =       0, nsnb    =      25
     ipol    =       0, gbsa    =       0, iesp    =       0
     dielc   =   1.00000, cut     =  10.00000, intdiel =   1.00000

Frozen or restrained atoms:
     ibelly  =       0, ntr     =       1
     restraint_wt =   5.00000

Energy minimization:
     maxcyc  =   10000, ncyc    =    5000, ntmin   =       1
     dx0     =   0.01000, drms    =   0.00010

| Intermolecular bonds treatment:
|     no_intermolecular_bonds =       1

| Energy averages sample interval:
|     ene_avg_sampling =       1

Ewald parameters:
     verbose =       0, ew_type =       0, nbflag  =       1, use_pme =       1
     vdwmeth =       1, eedmeth =       1, netfrc  =       0
     Box X =  122.010   Box Y =  122.010   Box Z =  122.010
     Alpha =  109.471   Beta  =  109.471   Gamma =  109.471
     NFFT1 =  128       NFFT2 =  125       NFFT3 =  125
     Cutoff=   10.000   Tol   =0.100E-04
     Ewald Coefficient =  0.27511
     Interpolation order =    4

| PMEMD ewald parallel performance parameters:
|     block_fft =    0
|     fft_blk_y_divisor =    4
|     excl_recip =    0
|     excl_master =    0
|     atm_redist_freq =   32

    LOADING THE CONSTRAINED ATOMS AS GROUPS


   5.  REFERENCE ATOM COORDINATES

  default_name                                                                    
     Mask @CA,C,N,O; matches 41588 atoms

--------------------------------------------------------------------------------
   3.  ATOMIC COORDINATES AND VELOCITIES
--------------------------------------------------------------------------------

default_name                                                                    
 begin time read from input coords =     0.000 ps

 
 Number of triangulated 3-point waters found:    39288

     Sum of charges from parm topology file =  -0.00100128
     Forcing neutrality...

| Dynamic Memory, Types Used:
| Reals             4983492
| Integers          5023468

| Nonbonded Pairs Initial Allocation:      779074

| Running AMBER/MPI version on  128 MPI task

 
--------------------------------------------------------------------------------
   4.  RESULTS
--------------------------------------------------------------------------------

 ---------------------------------------------------
 APPROXIMATING switch and d/dx switch using CUBIC SPLINE INTERPOLATION
 using   5000.0 points per unit in tabled values
 TESTING RELATIVE ERROR over r ranging from 0.0 to cutoff
| CHECK switch(x): max rel err =   0.3338E-14   at   2.509280
| CHECK d/dx switch(x): max rel err =   0.8155E-11   at   2.730040
 ---------------------------------------------------
|---------------------------------------------------
| APPROXIMATING direct energy using CUBIC SPLINE INTERPOLATION
|  with   50.0 points per unit in tabled values
| Relative Error Limit not exceeded for r .gt.   2.34
| APPROXIMATING direct force using CUBIC SPLINE INTERPOLATION
|  with   50.0 points per unit in tabled values
| Relative Error Limit not exceeded for r .gt.   2.81
|---------------------------------------------------


   NSTEP       ENERGY          RMS            GMAX         NAME    NUMBER
      1       1.9143E+11     2.4033E+10     8.9776E+12     HE22     4394

 BOND    =    46916.2361  ANGLE   =     2792.7121  DIHED      =     8005.9833
 VDWAALS = *************  EEL     =  -436629.9325  HBOND      =        0.0000
 1-4 VDW =     3362.3796  1-4 EEL =    24555.1779  RESTRAINT  =        0.0000


   NSTEP       ENERGY          RMS            GMAX         NAME    NUMBER
    500      -4.6268E+05     8.9982E-01     1.5753E+02     H1      77781

 BOND    =    28062.5949  ANGLE   =     1508.4857  DIHED      =     7365.6395
 VDWAALS =    46090.1463  EEL     =  -581046.5847  HBOND      =        0.0000
 1-4 VDW =     2001.8578  1-4 EEL =    23730.2916  RESTRAINT  =     9611.5937
 EAMBER  =  -472287.5689


   NSTEP       ENERGY          RMS            GMAX         NAME    NUMBER
   1000      -4.6705E+05     3.7624E-01     6.3963E+01     CD1      4326

 BOND    =    29079.5937  ANGLE   =     1486.6074  DIHED      =     7246.7466
 VDWAALS =    49279.3417  EEL     =  -592375.0579  HBOND      =        0.0000
 1-4 VDW =     1940.8363  1-4 EEL =    23682.3776  RESTRAINT  =    12606.4829
 EAMBER  =  -479659.5547


   NSTEP       ENERGY          RMS            GMAX         NAME    NUMBER
   1500      -4.6869E+05     1.0127E-01     1.0081E+01     CD1      4326

 BOND    =    29460.1591  ANGLE   =     1480.3107  DIHED      =     7169.8429
 VDWAALS =    50379.0286  EEL     =  -596561.9356  HBOND      =        0.0000
 1-4 VDW =     1918.3812  1-4 EEL =    23665.0653  RESTRAINT  =    13802.4726
 EAMBER  =  -482489.1478


   NSTEP       ENERGY          RMS            GMAX         NAME    NUMBER
   2000      -4.6963E+05     2.1460E-01     4.1613E+01     CD1      4326

 BOND    =    29673.5581  ANGLE   =     1478.1628  DIHED      =     7123.6727
 VDWAALS =    50968.5257  EEL     =  -598872.6286  HBOND      =        0.0000
 1-4 VDW =     1906.2090  1-4 EEL =    23660.0807  RESTRAINT  =    14428.0276
 EAMBER  =  -484062.4195


   NSTEP       ENERGY          RMS            GMAX         NAME    NUMBER
   2500      -4.7023E+05     2.4888E-01     7.1533E+01     CG       2350

 BOND    =    29789.8120  ANGLE   =     1473.3511  DIHED      =     7098.8174
 VDWAALS =    51297.5964  EEL     =  -600217.2068  HBOND      =        0.0000
 1-4 VDW =     1899.1677  1-4 EEL =    23651.7319  RESTRAINT  =    14777.8379
 EAMBER  =  -485006.7303


   NSTEP       ENERGY          RMS            GMAX         NAME    NUMBER
   3000      -4.7064E+05     6.0954E-02     8.5005E+00     CD1      4326

 BOND    =    29854.0860  ANGLE   =     1470.6701  DIHED      =     7078.8680
 VDWAALS =    51492.9561  EEL     =  -601064.8767  HBOND      =        0.0000
 1-4 VDW =     1894.0376  1-4 EEL =    23642.0745  RESTRAINT  =    14990.1248
 EAMBER  =  -485632.1843


   NSTEP       ENERGY          RMS            GMAX         NAME    NUMBER
   3500      -4.7090E+05     1.2545E-01     2.8280E+01     CG       2350

 BOND    =    29900.7045  ANGLE   =     1470.4179  DIHED      =     7062.3972
 VDWAALS =    51623.6019  EEL     =  -601629.7854  HBOND      =        0.0000
 1-4 VDW =     1892.3344  1-4 EEL =    23647.5223  RESTRAINT  =    15135.8859
 EAMBER  =  -486032.8072


   NSTEP       ENERGY          RMS            GMAX         NAME    NUMBER
   4000      -4.7112E+05     4.0319E-02     4.2553E+00     OD2      6914

 BOND    =    29933.0140  ANGLE   =     1472.2874  DIHED      =     7046.9866
 VDWAALS =    51722.2316  EEL     =  -602068.7572  HBOND      =        0.0000
 1-4 VDW =     1891.1351  1-4 EEL =    23648.7908  RESTRAINT  =    15235.0966
 EAMBER  =  -486354.3116


   NSTEP       ENERGY          RMS            GMAX         NAME    NUMBER
   4500      -4.7128E+05     3.5004E-02     3.6692E+00     CD1      4326

 BOND    =    29958.9072  ANGLE   =     1472.7849  DIHED      =     7038.6774
 VDWAALS =    51809.6457  EEL     =  -602416.4531  HBOND      =        0.0000
 1-4 VDW =     1890.8883  1-4 EEL =    23646.6149  RESTRAINT  =    15315.8157
 EAMBER  =  -486598.9347


   NSTEP       ENERGY          RMS            GMAX         NAME    NUMBER
   5000      -4.7141E+05     4.9802E-02     8.0683E+00     CD1      4326

 BOND    =    29980.4607  ANGLE   =     1471.7480  DIHED      =     7033.3462
 VDWAALS =    51876.2526  EEL     =  -602688.7646  HBOND      =        0.0000
 1-4 VDW =     1891.0117  1-4 EEL =    23645.2351  RESTRAINT  =    15376.2102
 EAMBER  =  -486790.7102


   NSTEP       ENERGY          RMS            GMAX         NAME    NUMBER
   5500      -4.7185E+05     1.2392E-01     9.8832E+00     CD1      4326

 BOND    =    30043.3627  ANGLE   =     1469.0947  DIHED      =     7020.8113
 VDWAALS =    52075.9132  EEL     =  -603533.8159  HBOND      =        0.0000
 1-4 VDW =     1890.7847  1-4 EEL =    23648.3334  RESTRAINT  =    15532.7035
 EAMBER  =  -487385.5160


   NSTEP       ENERGY          RMS            GMAX         NAME    NUMBER
   6000      -4.7206E+05     5.2943E-02     5.0426E+00     CG       4200

 BOND    =    30066.9840  ANGLE   =     1467.1822  DIHED      =     7019.5892
 VDWAALS =    52135.7273  EEL     =  -603895.7151  HBOND      =        0.0000
 1-4 VDW =     1890.6043  1-4 EEL =    23647.5483  RESTRAINT  =    15607.5346
 EAMBER  =  -487668.0797


   NSTEP       ENERGY          RMS            GMAX         NAME    NUMBER
   6500      -4.7220E+05     1.0888E-01     1.9931E+01     CG       2667

 BOND    =    30080.9756  ANGLE   =     1467.1156  DIHED      =     7014.6844
 VDWAALS =    52186.2625  EEL     =  -604129.1346  HBOND      =        0.0000
 1-4 VDW =     1889.6902  1-4 EEL =    23648.5221  RESTRAINT  =    15639.7550
 EAMBER  =  -487841.8843


   NSTEP       ENERGY          RMS            GMAX         NAME    NUMBER
   7000      -4.7231E+05     4.3827E-02     3.7120E+00     CA       5586

 BOND    =    30089.0164  ANGLE   =     1465.7096  DIHED      =     7014.4385
 VDWAALS =    52223.6716  EEL     =  -604292.1862  HBOND      =        0.0000
 1-4 VDW =     1887.3924  1-4 EEL =    23645.3607  RESTRAINT  =    15657.6848
 EAMBER  =  -487966.5972


   NSTEP       ENERGY          RMS            GMAX         NAME    NUMBER
   7500      -4.7239E+05     6.5170E-02     8.3589E+00     CG       2350

 BOND    =    30097.0549  ANGLE   =     1467.1266  DIHED      =     7011.9941
 VDWAALS =    52258.2561  EEL     =  -604437.4707  HBOND      =        0.0000
 1-4 VDW =     1886.4298  1-4 EEL =    23647.7421  RESTRAINT  =    15676.8087
 EAMBER  =  -488068.8672


   NSTEP       ENERGY          RMS            GMAX         NAME    NUMBER
   8000      -4.7244E+05     2.8298E-02     3.5068E+00     CD       8267

 BOND    =    30101.7049  ANGLE   =     1468.0277  DIHED      =     7007.3017
 VDWAALS =    52272.5191  EEL     =  -604507.7442  HBOND      =        0.0000
 1-4 VDW =     1885.6738  1-4 EEL =    23646.2954  RESTRAINT  =    15690.5641
 EAMBER  =  -488126.2215


   NSTEP       ENERGY          RMS            GMAX         NAME    NUMBER
   8500      -4.7247E+05     1.7820E-02     2.8367E+00     CG       2350

 BOND    =    30106.1399  ANGLE   =     1469.1893  DIHED      =     7002.3719
 VDWAALS =    52282.8037  EEL     =  -604565.4015  HBOND      =        0.0000
 1-4 VDW =     1884.8200  1-4 EEL =    23644.5474  RESTRAINT  =    15702.9474
 EAMBER  =  -488175.5293


   NSTEP       ENERGY          RMS            GMAX         NAME    NUMBER
   9000      -4.7249E+05     1.4763E-02     1.7290E+00     C        7488

 BOND    =    30107.2296  ANGLE   =     1470.5338  DIHED      =     7001.9657
 VDWAALS =    52286.0969  EEL     =  -604588.1623  HBOND      =        0.0000
 1-4 VDW =     1884.3181  1-4 EEL =    23644.1099  RESTRAINT  =    15703.4893
 EAMBER  =  -488193.9083


   NSTEP       ENERGY          RMS            GMAX         NAME    NUMBER
   9500      -4.7250E+05     5.6051E-03     9.0208E-01     H2     125569

 BOND    =    30107.3829  ANGLE   =     1470.6559  DIHED      =     7000.8106
 VDWAALS =    52284.7806  EEL     =  -604593.8955  HBOND      =        0.0000
 1-4 VDW =     1884.1291  1-4 EEL =    23644.2499  RESTRAINT  =    15704.4076
 EAMBER  =  -488201.8865

     .... RESTARTED DUE TO LINMIN FAILURE ...


   NSTEP       ENERGY          RMS            GMAX         NAME    NUMBER
  10000      -4.7252E+05     2.4295E-02     5.2773E+00     H2      11296

 BOND    =    30109.6828  ANGLE   =     1470.3840  DIHED      =     6999.1853
 VDWAALS =    52285.9776  EEL     =  -604621.9429  HBOND      =        0.0000
 1-4 VDW =     1884.0660  1-4 EEL =    23645.1715  RESTRAINT  =    15711.4700
 EAMBER  =  -488227.4757


  Maximum number of minimization cycles reached.


                    FINAL RESULTS



   NSTEP       ENERGY          RMS            GMAX         NAME    NUMBER
  10000      -4.7252E+05     2.4295E-02     5.2773E+00     H2      11296

 BOND    =    30109.6828  ANGLE   =     1470.3840  DIHED      =     6999.1853
 VDWAALS =    52285.9776  EEL     =  -604621.9429  HBOND      =        0.0000
 1-4 VDW =     1884.0660  1-4 EEL =    23645.1715  RESTRAINT  =    15711.4700
 EAMBER  =  -488227.4757
--------------------------------------------------------------------------------
   5.  TIMINGS
--------------------------------------------------------------------------------

|  NonSetup CPU Time in Major Routines, Average for All Tasks:
|
|     Routine           Sec        %
|     ------------------------------
|     DataDistrib      96.84   47.40
|     Nonbond         105.85   51.81
|     Bond              0.35    0.17
|     Angle             0.12    0.06
|     Dihedral          0.60    0.29
|     Shake             0.00    0.00
|     Other             0.55    0.27
|     ------------------------------
|     Total           204.31

|  PME Nonbond Pairlist CPU Time, Average for All Tasks:
|
|     Routine              Sec        %
|     ---------------------------------
|     Set Up Cit           2.55    1.25
|     Build List           1.78    0.87
|     ---------------------------------
|     Total                4.33    2.12

|  PME Direct Force CPU Time, Average for All Tasks:
|
|     Routine              Sec        %
|     ---------------------------------
|     NonBonded Calc      42.62   20.86
|     Exclude Masked       0.61    0.30
|     Other                8.34    4.08
|     ---------------------------------
|     Total               51.57   25.24

|  PME Reciprocal Force CPU Time, Average for All Tasks:
|
|     Routine              Sec        %
|     ---------------------------------
|     1D bspline           4.39    2.15
|     Grid Charges         1.51    0.74
|     Scalar Sum           1.95    0.95
|     Gradient Sum         2.33    1.14
|     FFT                 17.69    8.66
|     ---------------------------------
|     Total               27.88   13.64

|  PME Load Balancing CPU Time, Average for All Tasks:
|
|     Routine                 Sec        %
|     ------------------------------------
|     Atom Reassign           0.14    0.07
|     Image Reassign          0.04    0.02
|     FFT Reassign            0.00    0.00
|     ------------------------------------
|     Total                   0.18    0.09

|  Master Setup CPU time:            1.09 seconds
|  Master NonSetup CPU time:       203.96 seconds
|  Master Total CPU time:          205.06 seconds     0.06 hours

|  Master Setup wall time:           1    seconds
|  Master NonSetup wall time:      205    seconds
|  Master Total wall time:         206    seconds     0.06 hours
