This software collection is provided and supported by CSC.
Run `module help Local-CSC` for more information about support.
Not all software may be compatible with software in other stacks,
so mix at your own risk. 

Lmod is automatically replacing "craype-x86-rome" with "craype-x86-milan".


Lmod is automatically replacing "cce/19.0.0" with "gcc-native/14.2".


Lmod is automatically replacing "PrgEnv-cray/8.6.0" with "PrgEnv-gnu/8.6.0".


    Amber24 (CPU-version) loaded.
    Note:
        * CSC has acquired a non-profit computing center license for Amber24.
          Thus, only users from non-profit organizations are allowed to use
          this module! By using the module you accept the terms.
        * See the detailed license text at https://ambermd.org/GetAmber.php
        * This module was recompiled on 2026-02-03.


Due to MODULEPATH changes, the following have been reloaded:
  1) cray-libsci/25.03.0     2) cray-mpich/8.1.32

=== Environment Tue Sep 15 18:30:35 EEST 2026 ===
Partition=standard CPUs=128
/appl/local/csc/soft/chem/amber/24-cpu/bin/antechamber
/appl/local/csc/soft/chem/amber/24-cpu/bin/pmemd.MPI
/appl/local/csc/soft/chem/amber/24-cpu/bin/cpptraj
pmemd.MPI: Version 24.0
Inputs: 10 files
MPI: srun
=== Parameterise 18:30 ===
  REF_85C FAILED: /appl/local/csc/soft/chem/amber/24-cpu/bin/wrapped_progs/antechamber: Fatal Error!
Cannot properly run "/appl/local/csc/soft/chem/amber/24-cpu/bin/sqm -O -i sqm.in -o sqm.out".
  CPD1 FAILED: /appl/local/csc/soft/chem/amber/24-cpu/bin/wrapped_progs/antechamber: Fatal Error!
Cannot properly run "/appl/local/csc/soft/chem/amber/24-cpu/bin/sqm -O -i sqm.in -o sqm.out".
  CPD4 OK
  CPD7 OK
  CPD8 FAILED: /appl/local/csc/soft/chem/amber/24-cpu/bin/wrapped_progs/antechamber: Fatal Error!
Cannot properly run "/appl/local/csc/soft/chem/amber/24-cpu/bin/sqm -O -i sqm.in -o sqm.out".
  CPD9 FAILED: /appl/local/csc/soft/chem/amber/24-cpu/bin/wrapped_progs/antechamber: Fatal Error!
Cannot properly run "/appl/local/csc/soft/chem/amber/24-cpu/bin/sqm -O -i sqm.in -o sqm.out".
  CPD10 OK
  CPD11 FAILED: /appl/local/csc/soft/chem/amber/24-cpu/bin/wrapped_progs/antechamber: Fatal Error!
Cannot properly run "/appl/local/csc/soft/chem/amber/24-cpu/bin/sqm -O -i sqm.in -o sqm.out".
  CPD12 FAILED: /appl/local/csc/soft/chem/amber/24-cpu/bin/wrapped_progs/antechamber: Fatal Error!
Cannot properly run "/appl/local/csc/soft/chem/amber/24-cpu/bin/sqm -O -i sqm.in -o sqm.out".
=== Topologies 18:42 ===
  CPD4: 123963 atoms
  CPD7: 123983 atoms
  CPD10: 123995 atoms
=== MD 18:44 ===
[REF_85C] no topology
[CPD1] no topology
[CPD9] no topology
[CPD8] no topology
[CPD12] no topology
[CPD11] no topology
[CPD7] 18:44
[CPD4] 18:44
[CPD10] 18:44
srun: Job 22075127 step creation temporarily disabled, retrying (Requested nodes are busy)
srun: Job 22075127 step creation temporarily disabled, retrying (Requested nodes are busy)
srun: Job 22075127 step creation still disabled, retrying (Requested nodes are busy)
srun: Job 22075127 step creation still disabled, retrying (Requested nodes are busy)
Note: The following floating-point exceptions are signalling: IEEE_INVALID_FLAG
srun: Job 22075127 step creation still disabled, retrying (Requested nodes are busy)
srun: Job 22075127 step creation still disabled, retrying (Requested nodes are busy)
srun: Job 22075127 step creation still disabled, retrying (Requested nodes are busy)
srun: Job 22075127 step creation still disabled, retrying (Requested nodes are busy)
srun: Job 22075127 step creation still disabled, retrying (Requested nodes are busy)
srun: Job 22075127 step creation still disabled, retrying (Requested nodes are busy)
srun: Job 22075127 step creation still disabled, retrying (Requested nodes are busy)
srun: Job 22075127 step creation still disabled, retrying (Requested nodes are busy)
srun: Job 22075127 step creation still disabled, retrying (Requested nodes are busy)
srun: Job 22075127 step creation still disabled, retrying (Requested nodes are busy)
srun: Job 22075127 step creation still disabled, retrying (Requested nodes are busy)
srun: Job 22075127 step creation still disabled, retrying (Requested nodes are busy)
srun: Job 22075127 step creation still disabled, retrying (Requested nodes are busy)
srun: Job 22075127 step creation still disabled, retrying (Requested nodes are busy)
srun: Job 22075127 step creation still disabled, retrying (Requested nodes are busy)
srun: Job 22075127 step creation still disabled, retrying (Requested nodes are busy)
srun: Job 22075127 step creation still disabled, retrying (Requested nodes are busy)
srun: Job 22075127 step creation still disabled, retrying (Requested nodes are busy)
srun: Job 22075127 step creation still disabled, retrying (Requested nodes are busy)
srun: Job 22075127 step creation still disabled, retrying (Requested nodes are busy)
srun: Job 22075127 step creation still disabled, retrying (Requested nodes are busy)
srun: Job 22075127 step creation still disabled, retrying (Requested nodes are busy)
srun: Job 22075127 step creation still disabled, retrying (Requested nodes are busy)
srun: Job 22075127 step creation still disabled, retrying (Requested nodes are busy)
srun: Job 22075127 step creation still disabled, retrying (Requested nodes are busy)
srun: Job 22075127 step creation still disabled, retrying (Requested nodes are busy)
srun: Job 22075127 step creation still disabled, retrying (Requested nodes are busy)
srun: Job 22075127 step creation still disabled, retrying (Requested nodes are busy)
srun: Job 22075127 step creation still disabled, retrying (Requested nodes are busy)
srun: Job 22075127 step creation still disabled, retrying (Requested nodes are busy)
srun: Job 22075127 step creation still disabled, retrying (Requested nodes are busy)
srun: Job 22075127 step creation still disabled, retrying (Requested nodes are busy)
srun: Job 22075127 step creation still disabled, retrying (Requested nodes are busy)
srun: Job 22075127 step creation still disabled, retrying (Requested nodes are busy)
srun: Job 22075127 step creation still disabled, retrying (Requested nodes are busy)
srun: Job 22075127 step creation still disabled, retrying (Requested nodes are busy)
srun: Job 22075127 step creation still disabled, retrying (Requested nodes are busy)
srun: Job 22075127 step creation still disabled, retrying (Requested nodes are busy)
srun: Job 22075127 step creation still disabled, retrying (Requested nodes are busy)
srun: Job 22075127 step creation still disabled, retrying (Requested nodes are busy)
srun: Job 22075127 step creation still disabled, retrying (Requested nodes are busy)
srun: Job 22075127 step creation still disabled, retrying (Requested nodes are busy)
srun: Job 22075127 step creation still disabled, retrying (Requested nodes are busy)
srun: Job 22075127 step creation still disabled, retrying (Requested nodes are busy)
srun: Job 22075127 step creation still disabled, retrying (Requested nodes are busy)
srun: Job 22075127 step creation still disabled, retrying (Requested nodes are busy)
srun: Job 22075127 step creation still disabled, retrying (Requested nodes are busy)
srun: Job 22075127 step creation still disabled, retrying (Requested nodes are busy)
srun: Job 22075127 step creation still disabled, retrying (Requested nodes are busy)
srun: Job 22075127 step creation still disabled, retrying (Requested nodes are busy)
srun: Job 22075127 step creation still disabled, retrying (Requested nodes are busy)
srun: Job 22075127 step creation still disabled, retrying (Requested nodes are busy)
srun: Job 22075127 step creation still disabled, retrying (Requested nodes are busy)
srun: Job 22075127 step creation still disabled, retrying (Requested nodes are busy)
srun: Job 22075127 step creation still disabled, retrying (Requested nodes are busy)
srun: Job 22075127 step creation still disabled, retrying (Requested nodes are busy)
srun: Job 22075127 step creation still disabled, retrying (Requested nodes are busy)
srun: Job 22075127 step creation still disabled, retrying (Requested nodes are busy)
srun: Job 22075127 step creation still disabled, retrying (Requested nodes are busy)
srun: Job 22075127 step creation still disabled, retrying (Requested nodes are busy)
srun: Job 22075127 step creation still disabled, retrying (Requested nodes are busy)
srun: Job 22075127 step creation still disabled, retrying (Requested nodes are busy)
srun: Job 22075127 step creation still disabled, retrying (Requested nodes are busy)
srun: Job 22075127 step creation still disabled, retrying (Requested nodes are busy)
srun: Job 22075127 step creation still disabled, retrying (Requested nodes are busy)
srun: Job 22075127 step creation still disabled, retrying (Requested nodes are busy)
srun: Job 22075127 step creation still disabled, retrying (Requested nodes are busy)
srun: Job 22075127 step creation still disabled, retrying (Requested nodes are busy)
srun: Job 22075127 step creation still disabled, retrying (Requested nodes are busy)
srun: Job 22075127 step creation still disabled, retrying (Requested nodes are busy)
srun: Job 22075127 step creation still disabled, retrying (Requested nodes are busy)
srun: Job 22075127 step creation still disabled, retrying (Requested nodes are busy)
srun: Job 22075127 step creation still disabled, retrying (Requested nodes are busy)
srun: Job 22075127 step creation still disabled, retrying (Requested nodes are busy)
srun: Job 22075127 step creation still disabled, retrying (Requested nodes are busy)
srun: Job 22075127 step creation still disabled, retrying (Requested nodes are busy)
srun: Job 22075127 step creation still disabled, retrying (Requested nodes are busy)
srun: Job 22075127 step creation still disabled, retrying (Requested nodes are busy)
srun: Job 22075127 step creation still disabled, retrying (Requested nodes are busy)
srun: Job 22075127 step creation still disabled, retrying (Requested nodes are busy)
srun: Job 22075127 step creation still disabled, retrying (Requested nodes are busy)
srun: Job 22075127 step creation still disabled, retrying (Requested nodes are busy)
srun: Job 22075127 step creation still disabled, retrying (Requested nodes are busy)
srun: Job 22075127 step creation still disabled, retrying (Requested nodes are busy)
srun: Job 22075127 step creation still disabled, retrying (Requested nodes are busy)
srun: Job 22075127 step creation still disabled, retrying (Requested nodes are busy)
srun: Job 22075127 step creation still disabled, retrying (Requested nodes are busy)
srun: Job 22075127 step creation still disabled, retrying (Requested nodes are busy)
srun: Job 22075127 step creation still disabled, retrying (Requested nodes are busy)
srun: Job 22075127 step creation still disabled, retrying (Requested nodes are busy)
srun: Job 22075127 step creation still disabled, retrying (Requested nodes are busy)
srun: Job 22075127 step creation still disabled, retrying (Requested nodes are busy)
srun: Job 22075127 step creation still disabled, retrying (Requested nodes are busy)
srun: Job 22075127 step creation still disabled, retrying (Requested nodes are busy)
srun: Job 22075127 step creation still disabled, retrying (Requested nodes are busy)
srun: Job 22075127 step creation still disabled, retrying (Requested nodes are busy)
srun: Job 22075127 step creation still disabled, retrying (Requested nodes are busy)
srun: Job 22075127 step creation still disabled, retrying (Requested nodes are busy)
srun: Job 22075127 step creation still disabled, retrying (Requested nodes are busy)
srun: Job 22075127 step creation still disabled, retrying (Requested nodes are busy)
srun: Job 22075127 step creation still disabled, retrying (Requested nodes are busy)
srun: Job 22075127 step creation still disabled, retrying (Requested nodes are busy)
srun: Job 22075127 step creation still disabled, retrying (Requested nodes are busy)
srun: Job 22075127 step creation still disabled, retrying (Requested nodes are busy)
srun: Job 22075127 step creation still disabled, retrying (Requested nodes are busy)
srun: Job 22075127 step creation still disabled, retrying (Requested nodes are busy)
srun: Job 22075127 step creation still disabled, retrying (Requested nodes are busy)
srun: Job 22075127 step creation still disabled, retrying (Requested nodes are busy)
srun: Job 22075127 step creation still disabled, retrying (Requested nodes are busy)
srun: Job 22075127 step creation still disabled, retrying (Requested nodes are busy)
srun: Job 22075127 step creation still disabled, retrying (Requested nodes are busy)
srun: Job 22075127 step creation still disabled, retrying (Requested nodes are busy)
srun: Job 22075127 step creation still disabled, retrying (Requested nodes are busy)
srun: Job 22075127 step creation still disabled, retrying (Requested nodes are busy)
srun: Job 22075127 step creation still disabled, retrying (Requested nodes are busy)
srun: Job 22075127 step creation still disabled, retrying (Requested nodes are busy)
srun: Job 22075127 step creation still disabled, retrying (Requested nodes are busy)
srun: Job 22075127 step creation still disabled, retrying (Requested nodes are busy)
srun: Job 22075127 step creation still disabled, retrying (Requested nodes are busy)
srun: Job 22075127 step creation still disabled, retrying (Requested nodes are busy)
srun: Job 22075127 step creation still disabled, retrying (Requested nodes are busy)
srun: Job 22075127 step creation still disabled, retrying (Requested nodes are busy)
srun: Job 22075127 step creation still disabled, retrying (Requested nodes are busy)
srun: Job 22075127 step creation still disabled, retrying (Requested nodes are busy)
srun: Job 22075127 step creation still disabled, retrying (Requested nodes are busy)
srun: Job 22075127 step creation still disabled, retrying (Requested nodes are busy)
srun: Job 22075127 step creation still disabled, retrying (Requested nodes are busy)
srun: Job 22075127 step creation still disabled, retrying (Requested nodes are busy)
srun: Job 22075127 step creation still disabled, retrying (Requested nodes are busy)
srun: Job 22075127 step creation still disabled, retrying (Requested nodes are busy)
srun: Job 22075127 step creation still disabled, retrying (Requested nodes are busy)
srun: Job 22075127 step creation still disabled, retrying (Requested nodes are busy)
srun: Job 22075127 step creation still disabled, retrying (Requested nodes are busy)
srun: Job 22075127 step creation still disabled, retrying (Requested nodes are busy)
srun: Job 22075127 step creation still disabled, retrying (Requested nodes are busy)
srun: Job 22075127 step creation still disabled, retrying (Requested nodes are busy)
srun: Job 22075127 step creation still disabled, retrying (Requested nodes are busy)
srun: Job 22075127 step creation still disabled, retrying (Requested nodes are busy)
srun: Job 22075127 step creation still disabled, retrying (Requested nodes are busy)
srun: Job 22075127 step creation still disabled, retrying (Requested nodes are busy)
srun: Job 22075127 step creation still disabled, retrying (Requested nodes are busy)
srun: Job 22075127 step creation still disabled, retrying (Requested nodes are busy)
srun: Job 22075127 step creation still disabled, retrying (Requested nodes are busy)
srun: Job 22075127 step creation still disabled, retrying (Requested nodes are busy)
srun: Job 22075127 step creation still disabled, retrying (Requested nodes are busy)
srun: Job 22075127 step creation still disabled, retrying (Requested nodes are busy)
srun: Job 22075127 step creation still disabled, retrying (Requested nodes are busy)
srun: Job 22075127 step creation still disabled, retrying (Requested nodes are busy)
srun: Job 22075127 step creation still disabled, retrying (Requested nodes are busy)
srun: Job 22075127 step creation still disabled, retrying (Requested nodes are busy)
srun: Job 22075127 step creation still disabled, retrying (Requested nodes are busy)
srun: Job 22075127 step creation still disabled, retrying (Requested nodes are busy)
srun: Job 22075127 step creation still disabled, retrying (Requested nodes are busy)
srun: Job 22075127 step creation still disabled, retrying (Requested nodes are busy)
srun: Job 22075127 step creation still disabled, retrying (Requested nodes are busy)
srun: Job 22075127 step creation still disabled, retrying (Requested nodes are busy)
srun: Job 22075127 step creation still disabled, retrying (Requested nodes are busy)
srun: Job 22075127 step creation still disabled, retrying (Requested nodes are busy)
srun: Job 22075127 step creation still disabled, retrying (Requested nodes are busy)
srun: Job 22075127 step creation still disabled, retrying (Requested nodes are busy)
srun: Job 22075127 step creation still disabled, retrying (Requested nodes are busy)
srun: Job 22075127 step creation still disabled, retrying (Requested nodes are busy)
Note: The following floating-point exceptions are signalling: IEEE_INVALID_FLAG
srun: Step created for StepId=22075127.2
srun: Job 22075127 step creation still disabled, retrying (Requested nodes are busy)
srun: Job 22075127 step creation temporarily disabled, retrying (Requested nodes are busy)
srun: Job 22075127 step creation still disabled, retrying (Requested nodes are busy)
srun: Job 22075127 step creation still disabled, retrying (Requested nodes are busy)
Note: The following floating-point exceptions are signalling: IEEE_INVALID_FLAG
srun: Step created for StepId=22075127.3
srun: Job 22075127 step creation still disabled, retrying (Requested nodes are busy)
srun: Job 22075127 step creation temporarily disabled, retrying (Requested nodes are busy)
srun: Job 22075127 step creation still disabled, retrying (Requested nodes are busy)
srun: Job 22075127 step creation still disabled, retrying (Requested nodes are busy)
Note: The following floating-point exceptions are signalling: IEEE_INVALID_FLAG
srun: Step created for StepId=22075127.4
srun: Job 22075127 step creation temporarily disabled, retrying (Requested nodes are busy)
srun: Job 22075127 step creation still disabled, retrying (Requested nodes are busy)
srun: Job 22075127 step creation still disabled, retrying (Requested nodes are busy)
srun: Job 22075127 step creation still disabled, retrying (Requested nodes are busy)
srun: Job 22075127 step creation still disabled, retrying (Requested nodes are busy)
srun: Job 22075127 step creation still disabled, retrying (Requested nodes are busy)
srun: Job 22075127 step creation still disabled, retrying (Requested nodes are busy)
srun: Job 22075127 step creation still disabled, retrying (Requested nodes are busy)
srun: Job 22075127 step creation still disabled, retrying (Requested nodes are busy)
srun: Job 22075127 step creation still disabled, retrying (Requested nodes are busy)
srun: Job 22075127 step creation still disabled, retrying (Requested nodes are busy)
srun: Job 22075127 step creation still disabled, retrying (Requested nodes are busy)
srun: Job 22075127 step creation still disabled, retrying (Requested nodes are busy)
srun: Job 22075127 step creation still disabled, retrying (Requested nodes are busy)
srun: Job 22075127 step creation still disabled, retrying (Requested nodes are busy)
srun: Job 22075127 step creation still disabled, retrying (Requested nodes are busy)
srun: Job 22075127 step creation still disabled, retrying (Requested nodes are busy)
srun: Job 22075127 step creation still disabled, retrying (Requested nodes are busy)
srun: Job 22075127 step creation still disabled, retrying (Requested nodes are busy)
srun: Job 22075127 step creation still disabled, retrying (Requested nodes are busy)
srun: Job 22075127 step creation still disabled, retrying (Requested nodes are busy)
srun: Job 22075127 step creation still disabled, retrying (Requested nodes are busy)
srun: Job 22075127 step creation still disabled, retrying (Requested nodes are busy)
srun: Job 22075127 step creation still disabled, retrying (Requested nodes are busy)
srun: Job 22075127 step creation still disabled, retrying (Requested nodes are busy)
srun: Job 22075127 step creation still disabled, retrying (Requested nodes are busy)
srun: Job 22075127 step creation still disabled, retrying (Requested nodes are busy)
srun: Job 22075127 step creation still disabled, retrying (Requested nodes are busy)
srun: Job 22075127 step creation still disabled, retrying (Requested nodes are busy)
srun: Job 22075127 step creation still disabled, retrying (Requested nodes are busy)
srun: Job 22075127 step creation still disabled, retrying (Requested nodes are busy)
srun: Job 22075127 step creation still disabled, retrying (Requested nodes are busy)
srun: Job 22075127 step creation still disabled, retrying (Requested nodes are busy)
srun: Job 22075127 step creation still disabled, retrying (Requested nodes are busy)
srun: Job 22075127 step creation still disabled, retrying (Requested nodes are busy)
srun: Job 22075127 step creation still disabled, retrying (Requested nodes are busy)
srun: Job 22075127 step creation still disabled, retrying (Requested nodes are busy)
srun: Job 22075127 step creation still disabled, retrying (Requested nodes are busy)
srun: Job 22075127 step creation still disabled, retrying (Requested nodes are busy)
srun: Job 22075127 step creation still disabled, retrying (Requested nodes are busy)
srun: Job 22075127 step creation still disabled, retrying (Requested nodes are busy)
srun: Job 22075127 step creation still disabled, retrying (Requested nodes are busy)
srun: Job 22075127 step creation still disabled, retrying (Requested nodes are busy)
srun: Job 22075127 step creation still disabled, retrying (Requested nodes are busy)
srun: Job 22075127 step creation still disabled, retrying (Requested nodes are busy)
srun: Job 22075127 step creation still disabled, retrying (Requested nodes are busy)
srun: Job 22075127 step creation still disabled, retrying (Requested nodes are busy)
srun: Job 22075127 step creation still disabled, retrying (Requested nodes are busy)
srun: Job 22075127 step creation still disabled, retrying (Requested nodes are busy)
srun: Job 22075127 step creation still disabled, retrying (Requested nodes are busy)
srun: Job 22075127 step creation still disabled, retrying (Requested nodes are busy)
srun: Job 22075127 step creation still disabled, retrying (Requested nodes are busy)
srun: Job 22075127 step creation still disabled, retrying (Requested nodes are busy)
srun: Job 22075127 step creation still disabled, retrying (Requested nodes are busy)
srun: Job 22075127 step creation still disabled, retrying (Requested nodes are busy)
srun: Job 22075127 step creation still disabled, retrying (Requested nodes are busy)
srun: Job 22075127 step creation still disabled, retrying (Requested nodes are busy)
srun: Job 22075127 step creation still disabled, retrying (Requested nodes are busy)
srun: Job 22075127 step creation still disabled, retrying (Requested nodes are busy)
srun: Job 22075127 step creation still disabled, retrying (Requested nodes are busy)
srun: Job 22075127 step creation still disabled, retrying (Requested nodes are busy)
srun: Job 22075127 step creation still disabled, retrying (Requested nodes are busy)
srun: Job 22075127 step creation still disabled, retrying (Requested nodes are busy)
srun: Job 22075127 step creation still disabled, retrying (Requested nodes are busy)
srun: Job 22075127 step creation still disabled, retrying (Requested nodes are busy)
srun: Job 22075127 step creation still disabled, retrying (Requested nodes are busy)
srun: Job 22075127 step creation still disabled, retrying (Requested nodes are busy)
srun: Job 22075127 step creation still disabled, retrying (Requested nodes are busy)
srun: Job 22075127 step creation still disabled, retrying (Requested nodes are busy)
srun: Job 22075127 step creation still disabled, retrying (Requested nodes are busy)
srun: Job 22075127 step creation still disabled, retrying (Requested nodes are busy)
srun: Job 22075127 step creation still disabled, retrying (Requested nodes are busy)
srun: Job 22075127 step creation still disabled, retrying (Requested nodes are busy)
srun: Job 22075127 step creation still disabled, retrying (Requested nodes are busy)
srun: Job 22075127 step creation still disabled, retrying (Requested nodes are busy)
srun: Job 22075127 step creation still disabled, retrying (Requested nodes are busy)
srun: Job 22075127 step creation still disabled, retrying (Requested nodes are busy)
srun: Job 22075127 step creation still disabled, retrying (Requested nodes are busy)
srun: Job 22075127 step creation still disabled, retrying (Requested nodes are busy)
srun: Job 22075127 step creation still disabled, retrying (Requested nodes are busy)
srun: Job 22075127 step creation still disabled, retrying (Requested nodes are busy)
srun: Job 22075127 step creation still disabled, retrying (Requested nodes are busy)
srun: Job 22075127 step creation still disabled, retrying (Requested nodes are busy)
srun: Job 22075127 step creation still disabled, retrying (Requested nodes are busy)
srun: Job 22075127 step creation still disabled, retrying (Requested nodes are busy)
srun: Job 22075127 step creation still disabled, retrying (Requested nodes are busy)
srun: Job 22075127 step creation still disabled, retrying (Requested nodes are busy)
srun: Job 22075127 step creation still disabled, retrying (Requested nodes are busy)
srun: Job 22075127 step creation still disabled, retrying (Requested nodes are busy)
srun: Job 22075127 step creation still disabled, retrying (Requested nodes are busy)
srun: Job 22075127 step creation still disabled, retrying (Requested nodes are busy)
srun: Job 22075127 step creation still disabled, retrying (Requested nodes are busy)
srun: Job 22075127 step creation still disabled, retrying (Requested nodes are busy)
srun: Job 22075127 step creation still disabled, retrying (Requested nodes are busy)
srun: Job 22075127 step creation still disabled, retrying (Requested nodes are busy)
srun: Job 22075127 step creation still disabled, retrying (Requested nodes are busy)
srun: Job 22075127 step creation still disabled, retrying (Requested nodes are busy)
srun: Job 22075127 step creation still disabled, retrying (Requested nodes are busy)
srun: Job 22075127 step creation still disabled, retrying (Requested nodes are busy)
srun: Job 22075127 step creation still disabled, retrying (Requested nodes are busy)
srun: Job 22075127 step creation still disabled, retrying (Requested nodes are busy)
srun: Job 22075127 step creation still disabled, retrying (Requested nodes are busy)
srun: Job 22075127 step creation still disabled, retrying (Requested nodes are busy)
srun: Job 22075127 step creation still disabled, retrying (Requested nodes are busy)
srun: Job 22075127 step creation still disabled, retrying (Requested nodes are busy)
srun: Job 22075127 step creation still disabled, retrying (Requested nodes are busy)
srun: Job 22075127 step creation still disabled, retrying (Requested nodes are busy)
srun: Job 22075127 step creation still disabled, retrying (Requested nodes are busy)
srun: Job 22075127 step creation still disabled, retrying (Requested nodes are busy)
srun: Job 22075127 step creation still disabled, retrying (Requested nodes are busy)
srun: Job 22075127 step creation still disabled, retrying (Requested nodes are busy)
srun: Job 22075127 step creation still disabled, retrying (Requested nodes are busy)
srun: Job 22075127 step creation still disabled, retrying (Requested nodes are busy)
srun: Job 22075127 step creation still disabled, retrying (Requested nodes are busy)
srun: Job 22075127 step creation still disabled, retrying (Requested nodes are busy)
srun: Job 22075127 step creation still disabled, retrying (Requested nodes are busy)
srun: Job 22075127 step creation still disabled, retrying (Requested nodes are busy)
srun: Job 22075127 step creation still disabled, retrying (Requested nodes are busy)
srun: Job 22075127 step creation still disabled, retrying (Requested nodes are busy)
srun: Job 22075127 step creation still disabled, retrying (Requested nodes are busy)
srun: Job 22075127 step creation still disabled, retrying (Requested nodes are busy)
srun: Job 22075127 step creation still disabled, retrying (Requested nodes are busy)
srun: Job 22075127 step creation still disabled, retrying (Requested nodes are busy)
srun: Job 22075127 step creation still disabled, retrying (Requested nodes are busy)
srun: Job 22075127 step creation still disabled, retrying (Requested nodes are busy)
srun: Job 22075127 step creation still disabled, retrying (Requested nodes are busy)
srun: Job 22075127 step creation still disabled, retrying (Requested nodes are busy)
srun: Job 22075127 step creation still disabled, retrying (Requested nodes are busy)
srun: Job 22075127 step creation still disabled, retrying (Requested nodes are busy)
srun: Job 22075127 step creation still disabled, retrying (Requested nodes are busy)
srun: Job 22075127 step creation still disabled, retrying (Requested nodes are busy)
srun: Job 22075127 step creation still disabled, retrying (Requested nodes are busy)
srun: Job 22075127 step creation still disabled, retrying (Requested nodes are busy)
srun: Job 22075127 step creation still disabled, retrying (Requested nodes are busy)
srun: Job 22075127 step creation still disabled, retrying (Requested nodes are busy)
srun: Job 22075127 step creation still disabled, retrying (Requested nodes are busy)
srun: Job 22075127 step creation still disabled, retrying (Requested nodes are busy)
srun: Job 22075127 step creation still disabled, retrying (Requested nodes are busy)
srun: Job 22075127 step creation still disabled, retrying (Requested nodes are busy)
srun: Job 22075127 step creation still disabled, retrying (Requested nodes are busy)
srun: Job 22075127 step creation still disabled, retrying (Requested nodes are busy)
srun: Job 22075127 step creation still disabled, retrying (Requested nodes are busy)
srun: Job 22075127 step creation still disabled, retrying (Requested nodes are busy)
srun: Job 22075127 step creation still disabled, retrying (Requested nodes are busy)
srun: Job 22075127 step creation still disabled, retrying (Requested nodes are busy)
srun: Job 22075127 step creation still disabled, retrying (Requested nodes are busy)
srun: Job 22075127 step creation still disabled, retrying (Requested nodes are busy)
srun: Job 22075127 step creation still disabled, retrying (Requested nodes are busy)
srun: Job 22075127 step creation still disabled, retrying (Requested nodes are busy)
srun: Job 22075127 step creation still disabled, retrying (Requested nodes are busy)
srun: Job 22075127 step creation still disabled, retrying (Requested nodes are busy)
srun: Job 22075127 step creation still disabled, retrying (Requested nodes are busy)
srun: Job 22075127 step creation still disabled, retrying (Requested nodes are busy)
srun: Job 22075127 step creation still disabled, retrying (Requested nodes are busy)
srun: Job 22075127 step creation still disabled, retrying (Requested nodes are busy)
srun: Job 22075127 step creation still disabled, retrying (Requested nodes are busy)
srun: Job 22075127 step creation still disabled, retrying (Requested nodes are busy)
srun: Job 22075127 step creation still disabled, retrying (Requested nodes are busy)
srun: Job 22075127 step creation still disabled, retrying (Requested nodes are busy)
srun: Job 22075127 step creation still disabled, retrying (Requested nodes are busy)
srun: Job 22075127 step creation still disabled, retrying (Requested nodes are busy)
srun: Job 22075127 step creation still disabled, retrying (Requested nodes are busy)
