This software collection is provided and supported by CSC.
Run `module help Local-CSC` for more information about support.
Not all software may be compatible with software in other stacks,
so mix at your own risk. 

Lmod is automatically replacing "craype-x86-rome" with "craype-x86-milan".


Lmod is automatically replacing "cce/19.0.0" with "gcc-native/14.2".


Lmod is automatically replacing "PrgEnv-cray/8.6.0" with "PrgEnv-gnu/8.6.0".


    Amber24 (CPU-version) loaded.
    Note:
        * CSC has acquired a non-profit computing center license for Amber24.
          Thus, only users from non-profit organizations are allowed to use
          this module! By using the module you accept the terms.
        * See the detailed license text at https://ambermd.org/GetAmber.php
        * This module was recompiled on 2026-02-03.


Due to MODULEPATH changes, the following have been reloaded:
  1) cray-libsci/25.03.0     2) cray-mpich/8.1.32

pmemd.MPI : /appl/local/csc/soft/chem/amber/24-cpu/bin/pmemd.MPI
cpptraj   : /appl/local/csc/soft/chem/amber/24-cpu/bin/cpptraj
Nodes     : 1
CPUs alloc: 128
Tue Sep 15 20:26:19 EEST 2026
--- srun smoke test ---
nid001079
srun 128 OK
Tarball extracted at Tue Sep 15 20:26:25 EEST 2026
inputs:
equil.in
heat.in
min.in
prod.in
systems:
CPD1
CPD10
CPD11
CPD12
CPD4
CPD7
CPD8
CPD9
REF_85C
===== START REF_85C Tue Sep 15 20:26:25 EEST 2026 =====
--- MIN Tue Sep 15 20:26:27 EEST 2026 ---
Note: The following floating-point exceptions are signalling: IEEE_INVALID_FLAG
--- HEAT Tue Sep 15 20:29:39 EEST 2026 ---
srun: Step created for StepId=22076930.2
Note: The following floating-point exceptions are signalling: IEEE_INVALID_FLAG
--- EQUIL Tue Sep 15 20:36:37 EEST 2026 ---
Note: The following floating-point exceptions are signalling: IEEE_INVALID_FLAG
--- PROD Tue Sep 15 20:52:50 EEST 2026 ---
Note: The following floating-point exceptions are signalling: IEEE_INVALID_FLAG
--- CPPTRAJ REF_85C Tue Sep 15 22:17:39 EEST 2026 ---
cpptraj exit 0
  REF_85C rmsd_lig.dat mean=1.142 n=200
  REF_85C dist_w380.dat mean=10.938 n=200
  REF_85C dist_k628.dat mean=10.782 n=200
  REF_85C dist_ppi.dat mean=42.593 n=200
===== DONE REF_85C Tue Sep 15 22:17:53 EEST 2026 =====
===== START CPD1 Tue Sep 15 22:17:53 EEST 2026 =====
--- MIN Tue Sep 15 22:17:54 EEST 2026 ---
Note: The following floating-point exceptions are signalling: IEEE_INVALID_FLAG
--- HEAT Tue Sep 15 22:21:06 EEST 2026 ---
Note: The following floating-point exceptions are signalling: IEEE_INVALID_FLAG
--- EQUIL Tue Sep 15 22:28:05 EEST 2026 ---
Note: The following floating-point exceptions are signalling: IEEE_INVALID_FLAG IEEE_UNDERFLOW_FLAG
Note: The following floating-point exceptions are signalling: IEEE_UNDERFLOW_FLAG
Note: The following floating-point exceptions are signalling: IEEE_UNDERFLOW_FLAG
Note: The following floating-point exceptions are signalling: IEEE_UNDERFLOW_FLAG
Note: The following floating-point exceptions are signalling: IEEE_UNDERFLOW_FLAG
Note: The following floating-point exceptions are signalling: IEEE_UNDERFLOW_FLAG
Note: The following floating-point exceptions are signalling: IEEE_UNDERFLOW_FLAG
Note: The following floating-point exceptions are signalling: IEEE_UNDERFLOW_FLAG
Note: The following floating-point exceptions are signalling: IEEE_UNDERFLOW_FLAG
Note: The following floating-point exceptions are signalling: IEEE_UNDERFLOW_FLAG
Note: The following floating-point exceptions are signalling: IEEE_UNDERFLOW_FLAG
Note: The following floating-point exceptions are signalling: IEEE_UNDERFLOW_FLAG
Note: The following floating-point exceptions are signalling: IEEE_UNDERFLOW_FLAG
Note: The following floating-point exceptions are signalling: IEEE_UNDERFLOW_FLAG
Note: The following floating-point exceptions are signalling: IEEE_UNDERFLOW_FLAG
Note: The following floating-point exceptions are signalling: IEEE_UNDERFLOW_FLAG
Note: The following floating-point exceptions are signalling: IEEE_UNDERFLOW_FLAG
Note: The following floating-point exceptions are signalling: IEEE_UNDERFLOW_FLAG
Note: The following floating-point exceptions are signalling: IEEE_UNDERFLOW_FLAG
Note: The following floating-point exceptions are signalling: IEEE_UNDERFLOW_FLAG
Note: The following floating-point exceptions are signalling: IEEE_UNDERFLOW_FLAG
Note: The following floating-point exceptions are signalling: IEEE_UNDERFLOW_FLAG
Note: The following floating-point exceptions are signalling: IEEE_UNDERFLOW_FLAG
Note: The following floating-point exceptions are signalling: IEEE_UNDERFLOW_FLAG
Note: The following floating-point exceptions are signalling: IEEE_UNDERFLOW_FLAG
Note: The following floating-point exceptions are signalling: IEEE_UNDERFLOW_FLAG
Note: The following floating-point exceptions are signalling: IEEE_UNDERFLOW_FLAG
Note: The following floating-point exceptions are signalling: IEEE_UNDERFLOW_FLAG
Note: The following floating-point exceptions are signalling: IEEE_UNDERFLOW_FLAG
Note: The following floating-point exceptions are signalling: IEEE_UNDERFLOW_FLAG
Note: The following floating-point exceptions are signalling: IEEE_UNDERFLOW_FLAG
Note: The following floating-point exceptions are signalling: IEEE_UNDERFLOW_FLAG
Note: The following floating-point exceptions are signalling: IEEE_UNDERFLOW_FLAG
Note: The following floating-point exceptions are signalling: IEEE_UNDERFLOW_FLAG
Note: The following floating-point exceptions are signalling: IEEE_UNDERFLOW_FLAG
Note: The following floating-point exceptions are signalling: IEEE_UNDERFLOW_FLAG
Note: The following floating-point exceptions are signalling: IEEE_UNDERFLOW_FLAG
Note: The following floating-point exceptions are signalling: IEEE_UNDERFLOW_FLAG
Note: The following floating-point exceptions are signalling: IEEE_UNDERFLOW_FLAG
Note: The following floating-point exceptions are signalling: IEEE_UNDERFLOW_FLAG
Note: The following floating-point exceptions are signalling: IEEE_UNDERFLOW_FLAG
Note: The following floating-point exceptions are signalling: IEEE_UNDERFLOW_FLAG
Note: The following floating-point exceptions are signalling: IEEE_UNDERFLOW_FLAG
Note: The following floating-point exceptions are signalling: IEEE_UNDERFLOW_FLAG
Note: The following floating-point exceptions are signalling: IEEE_UNDERFLOW_FLAG
Note: The following floating-point exceptions are signalling: IEEE_UNDERFLOW_FLAG
Note: The following floating-point exceptions are signalling: IEEE_UNDERFLOW_FLAG
Note: The following floating-point exceptions are signalling: IEEE_UNDERFLOW_FLAG
Note: The following floating-point exceptions are signalling: IEEE_UNDERFLOW_FLAG
Note: The following floating-point exceptions are signalling: IEEE_UNDERFLOW_FLAG
Note: The following floating-point exceptions are signalling: IEEE_UNDERFLOW_FLAG
Note: The following floating-point exceptions are signalling: IEEE_UNDERFLOW_FLAG
Note: The following floating-point exceptions are signalling: IEEE_UNDERFLOW_FLAG
Note: The following floating-point exceptions are signalling: IEEE_UNDERFLOW_FLAG
Note: The following floating-point exceptions are signalling: IEEE_UNDERFLOW_FLAG
Note: The following floating-point exceptions are signalling: IEEE_UNDERFLOW_FLAG
Note: The following floating-point exceptions are signalling: IEEE_UNDERFLOW_FLAG
Note: The following floating-point exceptions are signalling: IEEE_UNDERFLOW_FLAG
Note: The following floating-point exceptions are signalling: IEEE_UNDERFLOW_FLAG
Note: The following floating-point exceptions are signalling: IEEE_UNDERFLOW_FLAG
Note: The following floating-point exceptions are signalling: IEEE_UNDERFLOW_FLAG
Note: The following floating-point exceptions are signalling: IEEE_UNDERFLOW_FLAG
Note: The following floating-point exceptions are signalling: IEEE_UNDERFLOW_FLAG
Note: The following floating-point exceptions are signalling: IEEE_UNDERFLOW_FLAG
Note: The following floating-point exceptions are signalling: IEEE_UNDERFLOW_FLAG
Note: The following floating-point exceptions are signalling: IEEE_UNDERFLOW_FLAG
Note: The following floating-point exceptions are signalling: IEEE_UNDERFLOW_FLAG
Note: The following floating-point exceptions are signalling: IEEE_UNDERFLOW_FLAG
Note: The following floating-point exceptions are signalling: IEEE_UNDERFLOW_FLAG
Note: The following floating-point exceptions are signalling: IEEE_UNDERFLOW_FLAG
Note: The following floating-point exceptions are signalling: IEEE_UNDERFLOW_FLAG
Note: The following floating-point exceptions are signalling: IEEE_UNDERFLOW_FLAG
Note: The following floating-point exceptions are signalling: IEEE_UNDERFLOW_FLAG
Note: The following floating-point exceptions are signalling: IEEE_UNDERFLOW_FLAG
Note: The following floating-point exceptions are signalling: IEEE_UNDERFLOW_FLAG
Note: The following floating-point exceptions are signalling: IEEE_UNDERFLOW_FLAG
Note: The following floating-point exceptions are signalling: IEEE_UNDERFLOW_FLAG
Note: The following floating-point exceptions are signalling: IEEE_UNDERFLOW_FLAG
Note: The following floating-point exceptions are signalling: IEEE_UNDERFLOW_FLAG
Note: The following floating-point exceptions are signalling: IEEE_UNDERFLOW_FLAG
Note: The following floating-point exceptions are signalling: IEEE_UNDERFLOW_FLAG
Note: The following floating-point exceptions are signalling: IEEE_UNDERFLOW_FLAG
Note: The following floating-point exceptions are signalling: IEEE_UNDERFLOW_FLAG
Note: The following floating-point exceptions are signalling: IEEE_UNDERFLOW_FLAG
Note: The following floating-point exceptions are signalling: IEEE_UNDERFLOW_FLAG
Note: The following floating-point exceptions are signalling: IEEE_UNDERFLOW_FLAG
Note: The following floating-point exceptions are signalling: IEEE_UNDERFLOW_FLAG
Note: The following floating-point exceptions are signalling: IEEE_UNDERFLOW_FLAG
Note: The following floating-point exceptions are signalling: IEEE_UNDERFLOW_FLAG
Note: The following floating-point exceptions are signalling: IEEE_UNDERFLOW_FLAG
Note: The following floating-point exceptions are signalling: IEEE_UNDERFLOW_FLAG
Note: The following floating-point exceptions are signalling: IEEE_UNDERFLOW_FLAG
Note: The following floating-point exceptions are signalling: IEEE_UNDERFLOW_FLAG
Note: The following floating-point exceptions are signalling: IEEE_UNDERFLOW_FLAG
Note: The following floating-point exceptions are signalling: IEEE_UNDERFLOW_FLAG
Note: The following floating-point exceptions are signalling: IEEE_UNDERFLOW_FLAG
Note: The following floating-point exceptions are signalling: IEEE_UNDERFLOW_FLAG
Note: The following floating-point exceptions are signalling: IEEE_UNDERFLOW_FLAG
Note: The following floating-point exceptions are signalling: IEEE_UNDERFLOW_FLAG
Note: The following floating-point exceptions are signalling: IEEE_UNDERFLOW_FLAG
Note: The following floating-point exceptions are signalling: IEEE_UNDERFLOW_FLAG
Note: The following floating-point exceptions are signalling: IEEE_UNDERFLOW_FLAG
Note: The following floating-point exceptions are signalling: IEEE_UNDERFLOW_FLAG
Note: The following floating-point exceptions are signalling: IEEE_UNDERFLOW_FLAG
Note: The following floating-point exceptions are signalling: IEEE_UNDERFLOW_FLAG
Note: The following floating-point exceptions are signalling: IEEE_UNDERFLOW_FLAG
Note: The following floating-point exceptions are signalling: IEEE_UNDERFLOW_FLAG
Note: The following floating-point exceptions are signalling: IEEE_UNDERFLOW_FLAG
Note: The following floating-point exceptions are signalling: IEEE_UNDERFLOW_FLAG
Note: The following floating-point exceptions are signalling: IEEE_UNDERFLOW_FLAG
Note: The following floating-point exceptions are signalling: IEEE_UNDERFLOW_FLAG
Note: The following floating-point exceptions are signalling: IEEE_UNDERFLOW_FLAG
Note: The following floating-point exceptions are signalling: IEEE_UNDERFLOW_FLAG
Note: The following floating-point exceptions are signalling: IEEE_UNDERFLOW_FLAG
Note: The following floating-point exceptions are signalling: IEEE_UNDERFLOW_FLAG
Note: The following floating-point exceptions are signalling: IEEE_UNDERFLOW_FLAG
Note: The following floating-point exceptions are signalling: IEEE_UNDERFLOW_FLAG
Note: The following floating-point exceptions are signalling: IEEE_UNDERFLOW_FLAG
Note: The following floating-point exceptions are signalling: IEEE_UNDERFLOW_FLAG
Note: The following floating-point exceptions are signalling: IEEE_UNDERFLOW_FLAG
Note: The following floating-point exceptions are signalling: IEEE_UNDERFLOW_FLAG
Note: The following floating-point exceptions are signalling: IEEE_UNDERFLOW_FLAG
Note: The following floating-point exceptions are signalling: IEEE_UNDERFLOW_FLAG
Note: The following floating-point exceptions are signalling: IEEE_UNDERFLOW_FLAG
Note: The following floating-point exceptions are signalling: IEEE_UNDERFLOW_FLAG
Note: The following floating-point exceptions are signalling: IEEE_UNDERFLOW_FLAG
Note: The following floating-point exceptions are signalling: IEEE_UNDERFLOW_FLAG
Note: The following floating-point exceptions are signalling: IEEE_UNDERFLOW_FLAG
--- PROD Tue Sep 15 22:44:17 EEST 2026 ---
Note: The following floating-point exceptions are signalling: IEEE_INVALID_FLAG
--- CPPTRAJ CPD1 Wed Sep 16 00:05:33 EEST 2026 ---
cpptraj exit 0
  CPD1 rmsd_lig.dat mean=1.755 n=200
  CPD1 dist_w380.dat mean=14.110 n=200
  CPD1 dist_k628.dat mean=8.022 n=200
  CPD1 dist_ppi.dat mean=42.510 n=200
===== DONE CPD1 Wed Sep 16 00:05:46 EEST 2026 =====
===== START CPD4 Wed Sep 16 00:05:46 EEST 2026 =====
--- MIN Wed Sep 16 00:05:47 EEST 2026 ---
Note: The following floating-point exceptions are signalling: IEEE_INVALID_FLAG
--- HEAT Wed Sep 16 00:08:58 EEST 2026 ---
Note: The following floating-point exceptions are signalling: IEEE_INVALID_FLAG
--- EQUIL Wed Sep 16 00:15:54 EEST 2026 ---
Note: The following floating-point exceptions are signalling: IEEE_INVALID_FLAG IEEE_UNDERFLOW_FLAG
Note: The following floating-point exceptions are signalling: IEEE_UNDERFLOW_FLAG
Note: The following floating-point exceptions are signalling: IEEE_UNDERFLOW_FLAG
Note: The following floating-point exceptions are signalling: IEEE_UNDERFLOW_FLAG
Note: The following floating-point exceptions are signalling: IEEE_UNDERFLOW_FLAG
Note: The following floating-point exceptions are signalling: IEEE_UNDERFLOW_FLAG
Note: The following floating-point exceptions are signalling: IEEE_UNDERFLOW_FLAG
Note: The following floating-point exceptions are signalling: IEEE_UNDERFLOW_FLAG
Note: The following floating-point exceptions are signalling: IEEE_UNDERFLOW_FLAG
Note: The following floating-point exceptions are signalling: IEEE_UNDERFLOW_FLAG
Note: The following floating-point exceptions are signalling: IEEE_UNDERFLOW_FLAG
Note: The following floating-point exceptions are signalling: IEEE_UNDERFLOW_FLAG
Note: The following floating-point exceptions are signalling: IEEE_UNDERFLOW_FLAG
Note: The following floating-point exceptions are signalling: IEEE_UNDERFLOW_FLAG
Note: The following floating-point exceptions are signalling: IEEE_UNDERFLOW_FLAG
Note: The following floating-point exceptions are signalling: IEEE_UNDERFLOW_FLAG
Note: The following floating-point exceptions are signalling: IEEE_UNDERFLOW_FLAG
Note: The following floating-point exceptions are signalling: IEEE_UNDERFLOW_FLAG
Note: The following floating-point exceptions are signalling: IEEE_UNDERFLOW_FLAG
Note: The following floating-point exceptions are signalling: IEEE_UNDERFLOW_FLAG
Note: The following floating-point exceptions are signalling: IEEE_UNDERFLOW_FLAG
Note: The following floating-point exceptions are signalling: IEEE_UNDERFLOW_FLAG
Note: The following floating-point exceptions are signalling: IEEE_UNDERFLOW_FLAG
Note: The following floating-point exceptions are signalling: IEEE_UNDERFLOW_FLAG
Note: The following floating-point exceptions are signalling: IEEE_UNDERFLOW_FLAG
Note: The following floating-point exceptions are signalling: IEEE_UNDERFLOW_FLAG
Note: The following floating-point exceptions are signalling: IEEE_UNDERFLOW_FLAG
Note: The following floating-point exceptions are signalling: IEEE_UNDERFLOW_FLAG
Note: The following floating-point exceptions are signalling: IEEE_UNDERFLOW_FLAG
Note: The following floating-point exceptions are signalling: IEEE_UNDERFLOW_FLAG
Note: The following floating-point exceptions are signalling: IEEE_UNDERFLOW_FLAG
Note: The following floating-point exceptions are signalling: IEEE_UNDERFLOW_FLAG
Note: The following floating-point exceptions are signalling: IEEE_UNDERFLOW_FLAG
Note: The following floating-point exceptions are signalling: IEEE_UNDERFLOW_FLAG
Note: The following floating-point exceptions are signalling: IEEE_UNDERFLOW_FLAG
Note: The following floating-point exceptions are signalling: IEEE_UNDERFLOW_FLAG
Note: The following floating-point exceptions are signalling: IEEE_UNDERFLOW_FLAG
Note: The following floating-point exceptions are signalling: IEEE_UNDERFLOW_FLAG
Note: The following floating-point exceptions are signalling: IEEE_UNDERFLOW_FLAG
Note: The following floating-point exceptions are signalling: IEEE_UNDERFLOW_FLAG
Note: The following floating-point exceptions are signalling: IEEE_UNDERFLOW_FLAG
Note: The following floating-point exceptions are signalling: IEEE_UNDERFLOW_FLAG
Note: The following floating-point exceptions are signalling: IEEE_UNDERFLOW_FLAG
Note: The following floating-point exceptions are signalling: IEEE_UNDERFLOW_FLAG
Note: The following floating-point exceptions are signalling: IEEE_UNDERFLOW_FLAG
Note: The following floating-point exceptions are signalling: IEEE_UNDERFLOW_FLAG
Note: The following floating-point exceptions are signalling: IEEE_UNDERFLOW_FLAG
Note: The following floating-point exceptions are signalling: IEEE_UNDERFLOW_FLAG
Note: The following floating-point exceptions are signalling: IEEE_UNDERFLOW_FLAG
Note: The following floating-point exceptions are signalling: IEEE_UNDERFLOW_FLAG
Note: The following floating-point exceptions are signalling: IEEE_UNDERFLOW_FLAG
Note: The following floating-point exceptions are signalling: IEEE_UNDERFLOW_FLAG
Note: The following floating-point exceptions are signalling: IEEE_UNDERFLOW_FLAG
Note: The following floating-point exceptions are signalling: IEEE_UNDERFLOW_FLAG
Note: The following floating-point exceptions are signalling: IEEE_UNDERFLOW_FLAG
Note: The following floating-point exceptions are signalling: IEEE_UNDERFLOW_FLAG
Note: The following floating-point exceptions are signalling: IEEE_UNDERFLOW_FLAG
Note: The following floating-point exceptions are signalling: IEEE_UNDERFLOW_FLAG
Note: The following floating-point exceptions are signalling: IEEE_UNDERFLOW_FLAG
Note: The following floating-point exceptions are signalling: IEEE_UNDERFLOW_FLAG
Note: The following floating-point exceptions are signalling: IEEE_UNDERFLOW_FLAG
Note: The following floating-point exceptions are signalling: IEEE_UNDERFLOW_FLAG
Note: The following floating-point exceptions are signalling: IEEE_UNDERFLOW_FLAG
Note: The following floating-point exceptions are signalling: IEEE_UNDERFLOW_FLAG
Note: The following floating-point exceptions are signalling: IEEE_UNDERFLOW_FLAG
Note: The following floating-point exceptions are signalling: IEEE_UNDERFLOW_FLAG
Note: The following floating-point exceptions are signalling: IEEE_UNDERFLOW_FLAG
Note: The following floating-point exceptions are signalling: IEEE_UNDERFLOW_FLAG
Note: The following floating-point exceptions are signalling: IEEE_UNDERFLOW_FLAG
Note: The following floating-point exceptions are signalling: IEEE_UNDERFLOW_FLAG
Note: The following floating-point exceptions are signalling: IEEE_UNDERFLOW_FLAG
Note: The following floating-point exceptions are signalling: IEEE_UNDERFLOW_FLAG
Note: The following floating-point exceptions are signalling: IEEE_UNDERFLOW_FLAG
Note: The following floating-point exceptions are signalling: IEEE_UNDERFLOW_FLAG
Note: The following floating-point exceptions are signalling: IEEE_UNDERFLOW_FLAG
Note: The following floating-point exceptions are signalling: IEEE_UNDERFLOW_FLAG
Note: The following floating-point exceptions are signalling: IEEE_UNDERFLOW_FLAG
Note: The following floating-point exceptions are signalling: IEEE_UNDERFLOW_FLAG
Note: The following floating-point exceptions are signalling: IEEE_UNDERFLOW_FLAG
Note: The following floating-point exceptions are signalling: IEEE_UNDERFLOW_FLAG
Note: The following floating-point exceptions are signalling: IEEE_UNDERFLOW_FLAG
Note: The following floating-point exceptions are signalling: IEEE_UNDERFLOW_FLAG
Note: The following floating-point exceptions are signalling: IEEE_UNDERFLOW_FLAG
Note: The following floating-point exceptions are signalling: IEEE_UNDERFLOW_FLAG
Note: The following floating-point exceptions are signalling: IEEE_UNDERFLOW_FLAG
Note: The following floating-point exceptions are signalling: IEEE_UNDERFLOW_FLAG
Note: The following floating-point exceptions are signalling: IEEE_UNDERFLOW_FLAG
Note: The following floating-point exceptions are signalling: IEEE_UNDERFLOW_FLAG
Note: The following floating-point exceptions are signalling: IEEE_UNDERFLOW_FLAG
Note: The following floating-point exceptions are signalling: IEEE_UNDERFLOW_FLAG
Note: The following floating-point exceptions are signalling: IEEE_UNDERFLOW_FLAG
Note: The following floating-point exceptions are signalling: IEEE_UNDERFLOW_FLAG
Note: The following floating-point exceptions are signalling: IEEE_UNDERFLOW_FLAG
Note: The following floating-point exceptions are signalling: IEEE_UNDERFLOW_FLAG
Note: The following floating-point exceptions are signalling: IEEE_UNDERFLOW_FLAG
Note: The following floating-point exceptions are signalling: IEEE_UNDERFLOW_FLAG
Note: The following floating-point exceptions are signalling: IEEE_UNDERFLOW_FLAG
Note: The following floating-point exceptions are signalling: IEEE_UNDERFLOW_FLAG
Note: The following floating-point exceptions are signalling: IEEE_UNDERFLOW_FLAG
Note: The following floating-point exceptions are signalling: IEEE_UNDERFLOW_FLAG
Note: The following floating-point exceptions are signalling: IEEE_UNDERFLOW_FLAG
Note: The following floating-point exceptions are signalling: IEEE_UNDERFLOW_FLAG
Note: The following floating-point exceptions are signalling: IEEE_UNDERFLOW_FLAG
Note: The following floating-point exceptions are signalling: IEEE_UNDERFLOW_FLAG
Note: The following floating-point exceptions are signalling: IEEE_UNDERFLOW_FLAG
Note: The following floating-point exceptions are signalling: IEEE_UNDERFLOW_FLAG
Note: The following floating-point exceptions are signalling: IEEE_UNDERFLOW_FLAG
Note: The following floating-point exceptions are signalling: IEEE_UNDERFLOW_FLAG
Note: The following floating-point exceptions are signalling: IEEE_UNDERFLOW_FLAG
Note: The following floating-point exceptions are signalling: IEEE_UNDERFLOW_FLAG
Note: The following floating-point exceptions are signalling: IEEE_UNDERFLOW_FLAG
Note: The following floating-point exceptions are signalling: IEEE_UNDERFLOW_FLAG
Note: The following floating-point exceptions are signalling: IEEE_UNDERFLOW_FLAG
Note: The following floating-point exceptions are signalling: IEEE_UNDERFLOW_FLAG
Note: The following floating-point exceptions are signalling: IEEE_UNDERFLOW_FLAG
Note: The following floating-point exceptions are signalling: IEEE_UNDERFLOW_FLAG
Note: The following floating-point exceptions are signalling: IEEE_UNDERFLOW_FLAG
Note: The following floating-point exceptions are signalling: IEEE_UNDERFLOW_FLAG
Note: The following floating-point exceptions are signalling: IEEE_UNDERFLOW_FLAG
Note: The following floating-point exceptions are signalling: IEEE_UNDERFLOW_FLAG
Note: The following floating-point exceptions are signalling: IEEE_UNDERFLOW_FLAG
Note: The following floating-point exceptions are signalling: IEEE_UNDERFLOW_FLAG
Note: The following floating-point exceptions are signalling: IEEE_UNDERFLOW_FLAG
Note: The following floating-point exceptions are signalling: IEEE_UNDERFLOW_FLAG
Note: The following floating-point exceptions are signalling: IEEE_UNDERFLOW_FLAG
Note: The following floating-point exceptions are signalling: IEEE_UNDERFLOW_FLAG
Note: The following floating-point exceptions are signalling: IEEE_UNDERFLOW_FLAG
Note: The following floating-point exceptions are signalling: IEEE_UNDERFLOW_FLAG
--- PROD Wed Sep 16 00:32:09 EEST 2026 ---
Note: The following floating-point exceptions are signalling: IEEE_INVALID_FLAG
--- CPPTRAJ CPD4 Wed Sep 16 01:54:58 EEST 2026 ---
cpptraj exit 0
  CPD4 rmsd_lig.dat mean=2.014 n=200
  CPD4 dist_w380.dat mean=12.132 n=200
  CPD4 dist_k628.dat mean=9.622 n=200
  CPD4 dist_ppi.dat mean=41.988 n=200
===== DONE CPD4 Wed Sep 16 01:55:08 EEST 2026 =====
===== START CPD7 Wed Sep 16 01:55:08 EEST 2026 =====
--- MIN Wed Sep 16 01:55:08 EEST 2026 ---
Note: The following floating-point exceptions are signalling: IEEE_INVALID_FLAG
--- HEAT Wed Sep 16 01:58:22 EEST 2026 ---
Note: The following floating-point exceptions are signalling: IEEE_INVALID_FLAG
--- EQUIL Wed Sep 16 02:05:31 EEST 2026 ---
Note: The following floating-point exceptions are signalling: IEEE_INVALID_FLAG
--- PROD Wed Sep 16 02:21:47 EEST 2026 ---
