log started: Thu Sep  3 21:46:01 2026

Log file: ./leap.log
>> #
>> # ----- leaprc for loading the ff14SB force field
>> # ----- NOTE: this is designed for PDB format 3!
>> #
>> #	load atom type hybridizations
>> #
>> addAtomTypes {
>> 	{ "H"   "H" "sp3" }
>> 	{ "HO"  "H" "sp3" }
>> 	{ "HS"  "H" "sp3" }
>> 	{ "H1"  "H" "sp3" }
>> 	{ "H2"  "H" "sp3" }
>> 	{ "H3"  "H" "sp3" }
>> 	{ "H4"  "H" "sp3" }
>> 	{ "H5"  "H" "sp3" }
>> 	{ "HW"  "H" "sp3" }
>> 	{ "HC"  "H" "sp3" }
>> 	{ "HA"  "H" "sp3" }
>> 	{ "HP"  "H" "sp3" }
>> 	{ "HZ"  "H" "sp3" }
>> 	{ "OH"  "O" "sp3" }
>> 	{ "OS"  "O" "sp3" }
>> 	{ "O"   "O" "sp2" }
>> 	{ "O2"  "O" "sp2" }
>> 	{ "OP"  "O" "sp2" }
>> 	{ "OW"  "O" "sp3" }
>> 	{ "CT"  "C" "sp3" }
>> 	{ "CX"  "C" "sp3" }
>> 	{ "C8"  "C" "sp3" }
>> 	{ "2C"  "C" "sp3" }
>> 	{ "3C"  "C" "sp3" }
>> 	{ "CH"  "C" "sp3" }
>> 	{ "CS"  "C" "sp2" }
>> 	{ "C"   "C" "sp2" }
>> 	{ "CO"   "C" "sp2" }
>> 	{ "C*"  "C" "sp2" }
>> 	{ "CA"  "C" "sp2" }
>> 	{ "CB"  "C" "sp2" }
>> 	{ "CC"  "C" "sp2" }
>> 	{ "CN"  "C" "sp2" }
>> 	{ "CM"  "C" "sp2" }
>> 	{ "CK"  "C" "sp2" }
>> 	{ "CQ"  "C" "sp2" }
>> 	{ "CD"  "C" "sp2" }
>> 	{ "C5"  "C" "sp2" }
>> 	{ "C4"  "C" "sp2" }
>> 	{ "CP"  "C" "sp2" }
>> 	{ "CI"  "C" "sp3" }
>> 	{ "CJ"  "C" "sp2" }
>> 	{ "CW"  "C" "sp2" }
>> 	{ "CV"  "C" "sp2" }
>> 	{ "CR"  "C" "sp2" }
>> 	{ "CA"  "C" "sp2" }
>> 	{ "CY"  "C" "sp2" }
>> 	{ "C0"  "Ca" "sp3" }
>> 	{ "MG"  "Mg" "sp3" }
>> 	{ "N"   "N" "sp2" }
>> 	{ "NA"  "N" "sp2" }
>> 	{ "N2"  "N" "sp2" }
>> 	{ "N*"  "N" "sp2" }
>> 	{ "NP"  "N" "sp2" }
>> 	{ "NQ"  "N" "sp2" }
>> 	{ "NB"  "N" "sp2" }
>> 	{ "NC"  "N" "sp2" }
>> 	{ "NT"  "N" "sp3" }
>> 	{ "NY"  "N" "sp2" }
>> 	{ "N3"  "N" "sp3" }
>> 	{ "S"   "S" "sp3" }
>> 	{ "SH"  "S" "sp3" }
>> 	{ "P"   "P" "sp3" }
>> 	{ "LP"  ""  "sp3" }
>> 	{ "EP"  ""  "sp3" }
>> 	{ "F"   "F" "sp3" }
>> 	{ "Cl"  "Cl" "sp3" }
>> 	{ "Br"  "Br" "sp3" }
>> 	{ "I"   "I"  "sp3" }
>> }
>> #
>> #	Load the main parameter set.
>> #
>> parm10 = loadamberparams parm10.dat
Loading parameters: /home/ubuntu/rayca-runtime/.mamba/envs/rayca/dat/leap/parm/parm10.dat
Reading title:
PARM99 + frcmod.ff99SB + frcmod.parmbsc0 + OL3 for RNA
>> frcmod14SB = loadamberparams frcmod.ff14SB
Loading parameters: /home/ubuntu/rayca-runtime/.mamba/envs/rayca/dat/leap/parm/frcmod.ff14SB
Reading force field modification type file (frcmod)
Reading title:
ff14SB protein backbone and sidechain parameters
>> #
>> #	Load main chain and terminating amino acid libraries
>> #
>> loadOff amino12.lib
Loading library: /home/ubuntu/rayca-runtime/.mamba/envs/rayca/dat/leap/lib/amino12.lib
Loading: ALA
Loading: ARG
Loading: ASH
Loading: ASN
Loading: ASP
Loading: CYM
Loading: CYS
Loading: CYX
Loading: GLH
Loading: GLN
Loading: GLU
Loading: GLY
Loading: HID
Loading: HIE
Loading: HIP
Loading: HYP
Loading: ILE
Loading: LEU
Loading: LYN
Loading: LYS
Loading: MET
Loading: PHE
Loading: PRO
Loading: SER
Loading: THR
Loading: TRP
Loading: TYR
Loading: VAL
>> loadOff aminoct12.lib
Loading library: /home/ubuntu/rayca-runtime/.mamba/envs/rayca/dat/leap/lib/aminoct12.lib
Loading: CALA
Loading: CARG
Loading: CASN
Loading: CASP
Loading: CCYS
Loading: CCYX
Loading: CGLN
Loading: CGLU
Loading: CGLY
Loading: CHID
Loading: CHIE
Loading: CHIP
Loading: CHYP
Loading: CILE
Loading: CLEU
Loading: CLYS
Loading: CMET
Loading: CPHE
Loading: CPRO
Loading: CSER
Loading: CTHR
Loading: CTRP
Loading: CTYR
Loading: CVAL
Loading: NHE
Loading: NME
>> loadOff aminont12.lib
Loading library: /home/ubuntu/rayca-runtime/.mamba/envs/rayca/dat/leap/lib/aminont12.lib
Loading: ACE
Loading: NALA
Loading: NARG
Loading: NASN
Loading: NASP
Loading: NCYS
Loading: NCYX
Loading: NGLN
Loading: NGLU
Loading: NGLY
Loading: NHID
Loading: NHIE
Loading: NHIP
Loading: NILE
Loading: NLEU
Loading: NLYS
Loading: NMET
Loading: NPHE
Loading: NPRO
Loading: NSER
Loading: NTHR
Loading: NTRP
Loading: NTYR
Loading: NVAL
>> 
>> #
>> #	Define the PDB name map for the amino acids
>> #
>> addPdbResMap {
>>   { 0 "HYP" "HYP" } { 1 "HYP" "CHYP" }
>>   { 0 "ALA" "NALA" } { 1 "ALA" "CALA" }
>>   { 0 "ARG" "NARG" } { 1 "ARG" "CARG" }
>>   { 0 "ASN" "NASN" } { 1 "ASN" "CASN" }
>>   { 0 "ASP" "NASP" } { 1 "ASP" "CASP" }
>>   { 0 "CYS" "NCYS" } { 1 "CYS" "CCYS" }
>>   { 0 "CYX" "NCYX" } { 1 "CYX" "CCYX" }
>>   { 0 "GLN" "NGLN" } { 1 "GLN" "CGLN" }
>>   { 0 "GLU" "NGLU" } { 1 "GLU" "CGLU" }
>>   { 0 "GLY" "NGLY" } { 1 "GLY" "CGLY" }
>>   { 0 "HID" "NHID" } { 1 "HID" "CHID" }
>>   { 0 "HIE" "NHIE" } { 1 "HIE" "CHIE" }
>>   { 0 "HIP" "NHIP" } { 1 "HIP" "CHIP" }
>>   { 0 "ILE" "NILE" } { 1 "ILE" "CILE" }
>>   { 0 "LEU" "NLEU" } { 1 "LEU" "CLEU" }
>>   { 0 "LYS" "NLYS" } { 1 "LYS" "CLYS" }
>>   { 0 "MET" "NMET" } { 1 "MET" "CMET" }
>>   { 0 "PHE" "NPHE" } { 1 "PHE" "CPHE" }
>>   { 0 "PRO" "NPRO" } { 1 "PRO" "CPRO" }
>>   { 0 "SER" "NSER" } { 1 "SER" "CSER" }
>>   { 0 "THR" "NTHR" } { 1 "THR" "CTHR" }
>>   { 0 "TRP" "NTRP" } { 1 "TRP" "CTRP" }
>>   { 0 "TYR" "NTYR" } { 1 "TYR" "CTYR" }
>>   { 0 "VAL" "NVAL" } { 1 "VAL" "CVAL" }
>>   { 0 "HIS" "NHIS" } { 1 "HIS" "CHIS" }
>> }
>> 
>> #
>> # assume that most often proteins use HIE
>> #
>> NHIS = NHIE
>> HIS = HIE
>> CHIS = CHIE
> 
> source leaprc.gaff2
----- Source: /home/ubuntu/rayca-runtime/.mamba/envs/rayca/dat/leap/cmd/leaprc.gaff2
----- Source of /home/ubuntu/rayca-runtime/.mamba/envs/rayca/dat/leap/cmd/leaprc.gaff2 done
>> logFile leap.log
log started: Thu Sep  3 21:46:01 2026

Log file: ./leap.log
>> #
>> # ----- leaprc for loading the general Amber Force field.
>> #       This file is mostly for use with Antechamber
>> #
>> #	load atom type hybridizations
>> #
>> addAtomTypes {
>> 	{ "h1"  "H" "sp3" }
>> 	{ "h2"  "H" "sp3" }
>> 	{ "h3"  "H" "sp3" }
>> 	{ "h4"  "H" "sp3" }
>> 	{ "h5"  "H" "sp3" }
>> 	{ "ha"  "H" "sp3" }
>> 	{ "hc"  "H" "sp3" }
>> 	{ "hn"  "H" "sp3" }
>> 	{ "ho"  "H" "sp3" }
>> 	{ "hp"  "H" "sp3" }
>> 	{ "hs"  "H" "sp3" }
>> 	{ "hw"  "H" "sp3" }
>> 	{ "hx"  "H" "sp3" }
>> 	{ "o"  "O" "sp2" }
>> 	{ "o2"  "O" "sp2" }
>> 	{ "oh"  "O" "sp3" }
>> 	{ "op"  "O" "sp3" }
>> 	{ "oq"  "O" "sp3" }
>> 	{ "os"  "O" "sp3" }
>> 	{ "ow"  "O" "sp3" }
>> 	{ "c"  "C" "sp2" }
>> 	{ "c1"  "C" "sp2" }
>> 	{ "c2"  "C" "sp2" }
>> 	{ "c3"  "C" "sp3" }
>> 	{ "c5"  "C" "sp3" }
>> 	{ "c6"  "C" "sp3" }
>> 	{ "ca"  "C" "sp2" }
>> 	{ "cc"  "C" "sp2" }
>> 	{ "cd"  "C" "sp2" }
>> 	{ "ce"  "C" "sp2" }
>> 	{ "cf"  "C" "sp2" }
>> 	{ "cg"  "C" "sp2" }
>> 	{ "ch"  "C" "sp2" }
>> 	{ "cp"  "C" "sp2" }
>> 	{ "cs"  "C" "sp2" }
>> 	{ "cq"  "C" "sp2" }
>> 	{ "cu"  "C" "sp2" }
>> 	{ "cv"  "C" "sp2" }
>> 	{ "cx"  "C" "sp3" }
>> 	{ "cy"  "C" "sp3" }
>> 	{ "cz"  "C" "sp2" }
>> 	{ "n"   "N" "sp2" }
>> 	{ "n1"  "N" "sp2" }
>> 	{ "n2"  "N" "sp2" }
>> 	{ "n3"  "N" "sp3" }
>> 	{ "n4"  "N" "sp3" }
>> 	{ "n5"  "N" "sp3" }
>> 	{ "n6"  "N" "sp3" }
>> 	{ "n7"  "N" "sp3" }
>> 	{ "n8"  "N" "sp3" }
>> 	{ "n9"  "N" "sp3" }
>> 	{ "na"  "N" "sp2" }
>> 	{ "nb"  "N" "sp2" }
>> 	{ "nc"  "N" "sp2" }
>> 	{ "nd"  "N" "sp2" }
>> 	{ "ne"  "N" "sp2" }
>> 	{ "nf"  "N" "sp2" }
>> 	{ "nh"  "N" "sp2" }
>> 	{ "ni"  "N" "sp2" }
>> 	{ "nj"  "N" "sp2" }
>> 	{ "nk"  "N" "sp3" }
>> 	{ "nl"  "N" "sp3" }
>> 	{ "nm"  "N" "sp2" }
>> 	{ "nn"  "N" "sp2" }
>> 	{ "no"  "N" "sp2" }
>> 	{ "np"  "N" "sp3" }
>> 	{ "nq"  "N" "sp3" }
>> 	{ "ns"  "N" "sp2" }
>> 	{ "nt"  "N" "sp2" }
>> 	{ "nu"  "N" "sp2" }
>> 	{ "nv"  "N" "sp2" }
>> 	{ "nx"  "N" "sp3" }
>> 	{ "ny"  "N" "sp3" }
>> 	{ "nz"  "N" "sp3" }
>> 	{ "n+"  "N" "sp3" }
>> 	{ "s"   "S" "sp2" }
>> 	{ "s2"   "S" "sp2" }
>> 	{ "s3"   "S" "sp3" }
>> 	{ "s4"   "S" "sp3" }
>> 	{ "s6"   "S" "sp3" }
>> 	{ "sh"   "S" "sp3" }
>> 	{ "sp"   "S" "sp3" }
>> 	{ "sq"   "S" "sp3" }
>> 	{ "ss"   "S" "sp3" }
>> 	{ "sx"   "S" "sp3" }
>> 	{ "sy"   "S" "sp3" }
>> 	{ "p2"   "P" "sp2" }
>> 	{ "p3"   "P" "sp3" }
>> 	{ "p4"   "P" "sp3" }
>> 	{ "p5"   "P" "sp3" }
>> 	{ "pb"   "P" "sp3" }
>> 	{ "pc"   "P" "sp3" }
>> 	{ "pd"   "P" "sp3" }
>> 	{ "pe"   "P" "sp3" }
>> 	{ "pf"   "P" "sp3" }
>> 	{ "px"   "P" "sp3" }
>> 	{ "py"   "P" "sp3" }
>> 	{ "f"   "F" "sp3" }
>> 	{ "cl"  "Cl" "sp3" }
>> 	{ "br"  "Br" "sp3" }
>> 	{ "i"   "I"  "sp3" }
>> }
>> #
>> #	Load the general force field parameter set.
>> #
>> gaff = loadamberparams gaff2.dat
Loading parameters: /home/ubuntu/rayca-runtime/.mamba/envs/rayca/dat/leap/parm/gaff2.dat
Reading title:
AMBER General Force Field for organic molecules (Version 2.2.30, Oct 2025)
(UNKNOWN ATOM TYPE: hb)
> 
> LIG = loadmol2 /home/ubuntu/rayca-sessions/e26cbe99-cda1-479d-beb9-9d03c9c7cc03-d43a861c8a85/mmgbsa_EDS01806218_ent1/lig.mol2
Loading Mol2 file: /home/ubuntu/rayca-sessions/e26cbe99-cda1-479d-beb9-9d03c9c7cc03-d43a861c8a85/mmgbsa_EDS01806218_ent1/lig.mol2
Reading MOLECULE named LIG
> loadamberparams /home/ubuntu/rayca-sessions/e26cbe99-cda1-479d-beb9-9d03c9c7cc03-d43a861c8a85/mmgbsa_EDS01806218_ent1/lig.frcmod
Loading parameters: /home/ubuntu/rayca-sessions/e26cbe99-cda1-479d-beb9-9d03c9c7cc03-d43a861c8a85/mmgbsa_EDS01806218_ent1/lig.frcmod
Reading force field modification type file (frcmod)
Reading title:
Remark line goes here
> REC = loadpdb /home/ubuntu/rayca-sessions/e26cbe99-cda1-479d-beb9-9d03c9c7cc03-d43a861c8a85/md_EDS01806218_ent2/receptor_tleap.pdb
Loading PDB file: /home/ubuntu/rayca-sessions/e26cbe99-cda1-479d-beb9-9d03c9c7cc03-d43a861c8a85/md_EDS01806218_ent2/receptor_tleap.pdb
Matching PDB residue names to LEaP variables.
Mapped residue PHE, term: Terminal/beginning, seq. number: 0 to: NPHE.
Mapped residue LEU, term: Terminal/last, seq. number: 141 to: CLEU.
  Added missing heavy atom: .R<CLEU 145>.A<OXT 20>
  total atoms in file: 1140
  Leap added 1125 missing atoms according to residue templates:
       1 Heavy
       1124 H / lone pairs
> complex = combine { REC LIG }
  Sequence: default_name
  Sequence: LIG
> saveamberparm complex /home/ubuntu/rayca-sessions/e26cbe99-cda1-479d-beb9-9d03c9c7cc03-d43a861c8a85/mmgbsa_EDS01806218_ent1/complex.prmtop /home/ubuntu/rayca-sessions/e26cbe99-cda1-479d-beb9-9d03c9c7cc03-d43a861c8a85/mmgbsa_EDS01806218_ent1/complex.inpcrd
Checking Unit.

/home/ubuntu/rayca-runtime/.mamba/envs/rayca/bin/teLeap: Warning!
There is a bond of 4.398 angstroms between C and N atoms:
-------  .R<MET 133>.A<C 16> and .R<PRO 134>.A<N 1>

/home/ubuntu/rayca-runtime/.mamba/envs/rayca/bin/teLeap: Warning!
There is a bond of 4.111 angstroms between C and N atoms:
-------  .R<LYS 132>.A<C 21> and .R<MET 133>.A<N 1>

/home/ubuntu/rayca-runtime/.mamba/envs/rayca/bin/teLeap: Warning!
There is a bond of 3.843 angstroms between C and N atoms:
-------  .R<ARG 119>.A<C 23> and .R<CYS 120>.A<N 1>

/home/ubuntu/rayca-runtime/.mamba/envs/rayca/bin/teLeap: Warning!
There is a bond of 4.470 angstroms between C and N atoms:
-------  .R<TYR 91>.A<C 20> and .R<ALA 92>.A<N 1>

/home/ubuntu/rayca-runtime/.mamba/envs/rayca/bin/teLeap: Warning!
There is a bond of 10.428 angstroms between C and N atoms:
-------  .R<THR 65>.A<C 13> and .R<PHE 66>.A<N 1>

/home/ubuntu/rayca-runtime/.mamba/envs/rayca/bin/teLeap: Warning!
There is a bond of 10.942 angstroms between C and N atoms:
-------  .R<GLN 63>.A<C 16> and .R<ILE 64>.A<N 1>

/home/ubuntu/rayca-runtime/.mamba/envs/rayca/bin/teLeap: Warning!
There is a bond of 19.334 angstroms between C and N atoms:
-------  .R<ARG 60>.A<C 23> and .R<CYS 61>.A<N 1>

/home/ubuntu/rayca-runtime/.mamba/envs/rayca/bin/teLeap: Warning!
There is a bond of 8.214 angstroms between C and N atoms:
-------  .R<PRO 59>.A<C 13> and .R<ARG 60>.A<N 1>

/home/ubuntu/rayca-runtime/.mamba/envs/rayca/bin/teLeap: Warning!
There is a bond of 3.921 angstroms between C and N atoms:
-------  .R<CYS 58>.A<C 10> and .R<PRO 59>.A<N 1>

/home/ubuntu/rayca-runtime/.mamba/envs/rayca/bin/teLeap: Warning!
There is a bond of 14.102 angstroms between C and N atoms:
-------  .R<ALA 56>.A<C 9> and .R<ALA 57>.A<N 1>

/home/ubuntu/rayca-runtime/.mamba/envs/rayca/bin/teLeap: Warning!
There is a bond of 3.277 angstroms between C and N atoms:
-------  .R<TYR 48>.A<C 20> and .R<ILE 49>.A<N 1>

/home/ubuntu/rayca-runtime/.mamba/envs/rayca/bin/teLeap: Warning!
There is a bond of 4.185 angstroms between C and N atoms:
-------  .R<GLU 46>.A<C 14> and .R<GLU 47>.A<N 1>

/home/ubuntu/rayca-runtime/.mamba/envs/rayca/bin/teLeap: Warning!
There is a bond of 4.198 angstroms between C and N atoms:
-------  .R<ARG 45>.A<C 23> and .R<GLU 46>.A<N 1>

/home/ubuntu/rayca-runtime/.mamba/envs/rayca/bin/teLeap: Warning!
There is a bond of 25.544 angstroms between C and N atoms:
-------  .R<ARG 41>.A<C 23> and .R<TYR 42>.A<N 1>

/home/ubuntu/rayca-runtime/.mamba/envs/rayca/bin/teLeap: Warning!
There is a bond of 3.674 angstroms between C and N atoms:
-------  .R<VAL 40>.A<C 15> and .R<ARG 41>.A<N 1>

/home/ubuntu/rayca-runtime/.mamba/envs/rayca/bin/teLeap: Warning!
There is a bond of 12.320 angstroms between C and N atoms:
-------  .R<VAL 39>.A<C 15> and .R<VAL 40>.A<N 1>

/home/ubuntu/rayca-runtime/.mamba/envs/rayca/bin/teLeap: Warning!
There is a bond of 4.221 angstroms between C and N atoms:
-------  .R<PHE 38>.A<C 19> and .R<VAL 39>.A<N 1>

/home/ubuntu/rayca-runtime/.mamba/envs/rayca/bin/teLeap: Warning!
There is a bond of 13.140 angstroms between C and N atoms:
-------  .R<VAL 37>.A<C 15> and .R<PHE 38>.A<N 1>

/home/ubuntu/rayca-runtime/.mamba/envs/rayca/bin/teLeap: Warning!
There is a bond of 3.917 angstroms between C and N atoms:
-------  .R<HIE 35>.A<C 16> and .R<GLU 36>.A<N 1>

/home/ubuntu/rayca-runtime/.mamba/envs/rayca/bin/teLeap: Warning!
There is a bond of 6.346 angstroms between C and N atoms:
-------  .R<LEU 26>.A<C 18> and .R<GLN 27>.A<N 1>

/home/ubuntu/rayca-runtime/.mamba/envs/rayca/bin/teLeap: Warning!
There is a bond of 21.115 angstroms between C and N atoms:
-------  .R<MET 18>.A<C 16> and .R<LEU 19>.A<N 1>

/home/ubuntu/rayca-runtime/.mamba/envs/rayca/bin/teLeap: Warning!
There is a bond of 3.420 angstroms between C and N atoms:
-------  .R<SER 17>.A<C 10> and .R<MET 18>.A<N 1>

/home/ubuntu/rayca-runtime/.mamba/envs/rayca/bin/teLeap: Warning!
The unperturbed charge of the unit (4.999001) is not zero.

/home/ubuntu/rayca-runtime/.mamba/envs/rayca/bin/teLeap: Note.
Ignoring the warnings from Unit Checking.

Building topology.
Building atom parameters.
Building bond parameters.
Building angle parameters.
Building proper torsion parameters.

/home/ubuntu/rayca-runtime/.mamba/envs/rayca/bin/teLeap: Note.
1-4: angle 2297 2298 duplicates bond ('triangular' bond) or angle ('square' bond)


/home/ubuntu/rayca-runtime/.mamba/envs/rayca/bin/teLeap: Note.
1-4: angle 2296 2298 duplicates bond ('triangular' bond) or angle ('square' bond)


/home/ubuntu/rayca-runtime/.mamba/envs/rayca/bin/teLeap: Note.
1-4: angle 2296 2297 duplicates bond ('triangular' bond) or angle ('square' bond)


/home/ubuntu/rayca-runtime/.mamba/envs/rayca/bin/teLeap: Note.
1-4: angle 2292 2293 duplicates bond ('triangular' bond) or angle ('square' bond)


/home/ubuntu/rayca-runtime/.mamba/envs/rayca/bin/teLeap: Note.
1-4: angle 2291 2293 duplicates bond ('triangular' bond) or angle ('square' bond)


/home/ubuntu/rayca-runtime/.mamba/envs/rayca/bin/teLeap: Note.
1-4: angle 2291 2292 duplicates bond ('triangular' bond) or angle ('square' bond)

Building improper torsion parameters.
 total 498 improper torsions applied
Building H-Bond parameters.
Incorporating Non-Bonded adjustments.
Not Marking per-residue atom chain types.
Marking per-residue atom chain types.
  (Residues lacking connect0/connect1 - 
   these don't have chain types marked:

	res	total affected

	CLEU	1
	LIG	1
	NPHE	1
  )
 (no restraints)
> quit
	Quit

Exiting LEaP: Errors = 0; Warnings = 23; Notes = 7.
log started: Thu Sep  3 21:53:59 2026

Log file: ./leap.log
>> #
>> # ----- leaprc for loading the ff14SB force field
>> # ----- NOTE: this is designed for PDB format 3!
>> #
>> #	load atom type hybridizations
>> #
>> addAtomTypes {
>> 	{ "H"   "H" "sp3" }
>> 	{ "HO"  "H" "sp3" }
>> 	{ "HS"  "H" "sp3" }
>> 	{ "H1"  "H" "sp3" }
>> 	{ "H2"  "H" "sp3" }
>> 	{ "H3"  "H" "sp3" }
>> 	{ "H4"  "H" "sp3" }
>> 	{ "H5"  "H" "sp3" }
>> 	{ "HW"  "H" "sp3" }
>> 	{ "HC"  "H" "sp3" }
>> 	{ "HA"  "H" "sp3" }
>> 	{ "HP"  "H" "sp3" }
>> 	{ "HZ"  "H" "sp3" }
>> 	{ "OH"  "O" "sp3" }
>> 	{ "OS"  "O" "sp3" }
>> 	{ "O"   "O" "sp2" }
>> 	{ "O2"  "O" "sp2" }
>> 	{ "OP"  "O" "sp2" }
>> 	{ "OW"  "O" "sp3" }
>> 	{ "CT"  "C" "sp3" }
>> 	{ "CX"  "C" "sp3" }
>> 	{ "C8"  "C" "sp3" }
>> 	{ "2C"  "C" "sp3" }
>> 	{ "3C"  "C" "sp3" }
>> 	{ "CH"  "C" "sp3" }
>> 	{ "CS"  "C" "sp2" }
>> 	{ "C"   "C" "sp2" }
>> 	{ "CO"   "C" "sp2" }
>> 	{ "C*"  "C" "sp2" }
>> 	{ "CA"  "C" "sp2" }
>> 	{ "CB"  "C" "sp2" }
>> 	{ "CC"  "C" "sp2" }
>> 	{ "CN"  "C" "sp2" }
>> 	{ "CM"  "C" "sp2" }
>> 	{ "CK"  "C" "sp2" }
>> 	{ "CQ"  "C" "sp2" }
>> 	{ "CD"  "C" "sp2" }
>> 	{ "C5"  "C" "sp2" }
>> 	{ "C4"  "C" "sp2" }
>> 	{ "CP"  "C" "sp2" }
>> 	{ "CI"  "C" "sp3" }
>> 	{ "CJ"  "C" "sp2" }
>> 	{ "CW"  "C" "sp2" }
>> 	{ "CV"  "C" "sp2" }
>> 	{ "CR"  "C" "sp2" }
>> 	{ "CA"  "C" "sp2" }
>> 	{ "CY"  "C" "sp2" }
>> 	{ "C0"  "Ca" "sp3" }
>> 	{ "MG"  "Mg" "sp3" }
>> 	{ "N"   "N" "sp2" }
>> 	{ "NA"  "N" "sp2" }
>> 	{ "N2"  "N" "sp2" }
>> 	{ "N*"  "N" "sp2" }
>> 	{ "NP"  "N" "sp2" }
>> 	{ "NQ"  "N" "sp2" }
>> 	{ "NB"  "N" "sp2" }
>> 	{ "NC"  "N" "sp2" }
>> 	{ "NT"  "N" "sp3" }
>> 	{ "NY"  "N" "sp2" }
>> 	{ "N3"  "N" "sp3" }
>> 	{ "S"   "S" "sp3" }
>> 	{ "SH"  "S" "sp3" }
>> 	{ "P"   "P" "sp3" }
>> 	{ "LP"  ""  "sp3" }
>> 	{ "EP"  ""  "sp3" }
>> 	{ "F"   "F" "sp3" }
>> 	{ "Cl"  "Cl" "sp3" }
>> 	{ "Br"  "Br" "sp3" }
>> 	{ "I"   "I"  "sp3" }
>> }
>> #
>> #	Load the main parameter set.
>> #
>> parm10 = loadamberparams parm10.dat
Loading parameters: /home/ubuntu/rayca-runtime/.mamba/envs/rayca/dat/leap/parm/parm10.dat
Reading title:
PARM99 + frcmod.ff99SB + frcmod.parmbsc0 + OL3 for RNA
>> frcmod14SB = loadamberparams frcmod.ff14SB
Loading parameters: /home/ubuntu/rayca-runtime/.mamba/envs/rayca/dat/leap/parm/frcmod.ff14SB
Reading force field modification type file (frcmod)
Reading title:
ff14SB protein backbone and sidechain parameters
>> #
>> #	Load main chain and terminating amino acid libraries
>> #
>> loadOff amino12.lib
Loading library: /home/ubuntu/rayca-runtime/.mamba/envs/rayca/dat/leap/lib/amino12.lib
Loading: ALA
Loading: ARG
Loading: ASH
Loading: ASN
Loading: ASP
Loading: CYM
Loading: CYS
Loading: CYX
Loading: GLH
Loading: GLN
Loading: GLU
Loading: GLY
Loading: HID
Loading: HIE
Loading: HIP
Loading: HYP
Loading: ILE
Loading: LEU
Loading: LYN
Loading: LYS
Loading: MET
Loading: PHE
Loading: PRO
Loading: SER
Loading: THR
Loading: TRP
Loading: TYR
Loading: VAL
>> loadOff aminoct12.lib
Loading library: /home/ubuntu/rayca-runtime/.mamba/envs/rayca/dat/leap/lib/aminoct12.lib
Loading: CALA
Loading: CARG
Loading: CASN
Loading: CASP
Loading: CCYS
Loading: CCYX
Loading: CGLN
Loading: CGLU
Loading: CGLY
Loading: CHID
Loading: CHIE
Loading: CHIP
Loading: CHYP
Loading: CILE
Loading: CLEU
Loading: CLYS
Loading: CMET
Loading: CPHE
Loading: CPRO
Loading: CSER
Loading: CTHR
Loading: CTRP
Loading: CTYR
Loading: CVAL
Loading: NHE
Loading: NME
>> loadOff aminont12.lib
Loading library: /home/ubuntu/rayca-runtime/.mamba/envs/rayca/dat/leap/lib/aminont12.lib
Loading: ACE
Loading: NALA
Loading: NARG
Loading: NASN
Loading: NASP
Loading: NCYS
Loading: NCYX
Loading: NGLN
Loading: NGLU
Loading: NGLY
Loading: NHID
Loading: NHIE
Loading: NHIP
Loading: NILE
Loading: NLEU
Loading: NLYS
Loading: NMET
Loading: NPHE
Loading: NPRO
Loading: NSER
Loading: NTHR
Loading: NTRP
Loading: NTYR
Loading: NVAL
>> 
>> #
>> #	Define the PDB name map for the amino acids
>> #
>> addPdbResMap {
>>   { 0 "HYP" "HYP" } { 1 "HYP" "CHYP" }
>>   { 0 "ALA" "NALA" } { 1 "ALA" "CALA" }
>>   { 0 "ARG" "NARG" } { 1 "ARG" "CARG" }
>>   { 0 "ASN" "NASN" } { 1 "ASN" "CASN" }
>>   { 0 "ASP" "NASP" } { 1 "ASP" "CASP" }
>>   { 0 "CYS" "NCYS" } { 1 "CYS" "CCYS" }
>>   { 0 "CYX" "NCYX" } { 1 "CYX" "CCYX" }
>>   { 0 "GLN" "NGLN" } { 1 "GLN" "CGLN" }
>>   { 0 "GLU" "NGLU" } { 1 "GLU" "CGLU" }
>>   { 0 "GLY" "NGLY" } { 1 "GLY" "CGLY" }
>>   { 0 "HID" "NHID" } { 1 "HID" "CHID" }
>>   { 0 "HIE" "NHIE" } { 1 "HIE" "CHIE" }
>>   { 0 "HIP" "NHIP" } { 1 "HIP" "CHIP" }
>>   { 0 "ILE" "NILE" } { 1 "ILE" "CILE" }
>>   { 0 "LEU" "NLEU" } { 1 "LEU" "CLEU" }
>>   { 0 "LYS" "NLYS" } { 1 "LYS" "CLYS" }
>>   { 0 "MET" "NMET" } { 1 "MET" "CMET" }
>>   { 0 "PHE" "NPHE" } { 1 "PHE" "CPHE" }
>>   { 0 "PRO" "NPRO" } { 1 "PRO" "CPRO" }
>>   { 0 "SER" "NSER" } { 1 "SER" "CSER" }
>>   { 0 "THR" "NTHR" } { 1 "THR" "CTHR" }
>>   { 0 "TRP" "NTRP" } { 1 "TRP" "CTRP" }
>>   { 0 "TYR" "NTYR" } { 1 "TYR" "CTYR" }
>>   { 0 "VAL" "NVAL" } { 1 "VAL" "CVAL" }
>>   { 0 "HIS" "NHIS" } { 1 "HIS" "CHIS" }
>> }
>> 
>> #
>> # assume that most often proteins use HIE
>> #
>> NHIS = NHIE
>> HIS = HIE
>> CHIS = CHIE
> 
> source leaprc.gaff2
----- Source: /home/ubuntu/rayca-runtime/.mamba/envs/rayca/dat/leap/cmd/leaprc.gaff2
----- Source of /home/ubuntu/rayca-runtime/.mamba/envs/rayca/dat/leap/cmd/leaprc.gaff2 done
>> logFile leap.log
log started: Thu Sep  3 21:53:59 2026

Log file: ./leap.log
>> #
>> # ----- leaprc for loading the general Amber Force field.
>> #       This file is mostly for use with Antechamber
>> #
>> #	load atom type hybridizations
>> #
>> addAtomTypes {
>> 	{ "h1"  "H" "sp3" }
>> 	{ "h2"  "H" "sp3" }
>> 	{ "h3"  "H" "sp3" }
>> 	{ "h4"  "H" "sp3" }
>> 	{ "h5"  "H" "sp3" }
>> 	{ "ha"  "H" "sp3" }
>> 	{ "hc"  "H" "sp3" }
>> 	{ "hn"  "H" "sp3" }
>> 	{ "ho"  "H" "sp3" }
>> 	{ "hp"  "H" "sp3" }
>> 	{ "hs"  "H" "sp3" }
>> 	{ "hw"  "H" "sp3" }
>> 	{ "hx"  "H" "sp3" }
>> 	{ "o"  "O" "sp2" }
>> 	{ "o2"  "O" "sp2" }
>> 	{ "oh"  "O" "sp3" }
>> 	{ "op"  "O" "sp3" }
>> 	{ "oq"  "O" "sp3" }
>> 	{ "os"  "O" "sp3" }
>> 	{ "ow"  "O" "sp3" }
>> 	{ "c"  "C" "sp2" }
>> 	{ "c1"  "C" "sp2" }
>> 	{ "c2"  "C" "sp2" }
>> 	{ "c3"  "C" "sp3" }
>> 	{ "c5"  "C" "sp3" }
>> 	{ "c6"  "C" "sp3" }
>> 	{ "ca"  "C" "sp2" }
>> 	{ "cc"  "C" "sp2" }
>> 	{ "cd"  "C" "sp2" }
>> 	{ "ce"  "C" "sp2" }
>> 	{ "cf"  "C" "sp2" }
>> 	{ "cg"  "C" "sp2" }
>> 	{ "ch"  "C" "sp2" }
>> 	{ "cp"  "C" "sp2" }
>> 	{ "cs"  "C" "sp2" }
>> 	{ "cq"  "C" "sp2" }
>> 	{ "cu"  "C" "sp2" }
>> 	{ "cv"  "C" "sp2" }
>> 	{ "cx"  "C" "sp3" }
>> 	{ "cy"  "C" "sp3" }
>> 	{ "cz"  "C" "sp2" }
>> 	{ "n"   "N" "sp2" }
>> 	{ "n1"  "N" "sp2" }
>> 	{ "n2"  "N" "sp2" }
>> 	{ "n3"  "N" "sp3" }
>> 	{ "n4"  "N" "sp3" }
>> 	{ "n5"  "N" "sp3" }
>> 	{ "n6"  "N" "sp3" }
>> 	{ "n7"  "N" "sp3" }
>> 	{ "n8"  "N" "sp3" }
>> 	{ "n9"  "N" "sp3" }
>> 	{ "na"  "N" "sp2" }
>> 	{ "nb"  "N" "sp2" }
>> 	{ "nc"  "N" "sp2" }
>> 	{ "nd"  "N" "sp2" }
>> 	{ "ne"  "N" "sp2" }
>> 	{ "nf"  "N" "sp2" }
>> 	{ "nh"  "N" "sp2" }
>> 	{ "ni"  "N" "sp2" }
>> 	{ "nj"  "N" "sp2" }
>> 	{ "nk"  "N" "sp3" }
>> 	{ "nl"  "N" "sp3" }
>> 	{ "nm"  "N" "sp2" }
>> 	{ "nn"  "N" "sp2" }
>> 	{ "no"  "N" "sp2" }
>> 	{ "np"  "N" "sp3" }
>> 	{ "nq"  "N" "sp3" }
>> 	{ "ns"  "N" "sp2" }
>> 	{ "nt"  "N" "sp2" }
>> 	{ "nu"  "N" "sp2" }
>> 	{ "nv"  "N" "sp2" }
>> 	{ "nx"  "N" "sp3" }
>> 	{ "ny"  "N" "sp3" }
>> 	{ "nz"  "N" "sp3" }
>> 	{ "n+"  "N" "sp3" }
>> 	{ "s"   "S" "sp2" }
>> 	{ "s2"   "S" "sp2" }
>> 	{ "s3"   "S" "sp3" }
>> 	{ "s4"   "S" "sp3" }
>> 	{ "s6"   "S" "sp3" }
>> 	{ "sh"   "S" "sp3" }
>> 	{ "sp"   "S" "sp3" }
>> 	{ "sq"   "S" "sp3" }
>> 	{ "ss"   "S" "sp3" }
>> 	{ "sx"   "S" "sp3" }
>> 	{ "sy"   "S" "sp3" }
>> 	{ "p2"   "P" "sp2" }
>> 	{ "p3"   "P" "sp3" }
>> 	{ "p4"   "P" "sp3" }
>> 	{ "p5"   "P" "sp3" }
>> 	{ "pb"   "P" "sp3" }
>> 	{ "pc"   "P" "sp3" }
>> 	{ "pd"   "P" "sp3" }
>> 	{ "pe"   "P" "sp3" }
>> 	{ "pf"   "P" "sp3" }
>> 	{ "px"   "P" "sp3" }
>> 	{ "py"   "P" "sp3" }
>> 	{ "f"   "F" "sp3" }
>> 	{ "cl"  "Cl" "sp3" }
>> 	{ "br"  "Br" "sp3" }
>> 	{ "i"   "I"  "sp3" }
>> }
>> #
>> #	Load the general force field parameter set.
>> #
>> gaff = loadamberparams gaff2.dat
Loading parameters: /home/ubuntu/rayca-runtime/.mamba/envs/rayca/dat/leap/parm/gaff2.dat
Reading title:
AMBER General Force Field for organic molecules (Version 2.2.30, Oct 2025)
(UNKNOWN ATOM TYPE: hb)
> 
> LIG = loadmol2 /home/ubuntu/rayca-sessions/e26cbe99-cda1-479d-beb9-9d03c9c7cc03-d43a861c8a85/mmgbsa_EDS01806218_ent1/lig.mol2
Loading Mol2 file: /home/ubuntu/rayca-sessions/e26cbe99-cda1-479d-beb9-9d03c9c7cc03-d43a861c8a85/mmgbsa_EDS01806218_ent1/lig.mol2
Reading MOLECULE named LIG
> loadamberparams /home/ubuntu/rayca-sessions/e26cbe99-cda1-479d-beb9-9d03c9c7cc03-d43a861c8a85/mmgbsa_EDS01806218_ent1/lig.frcmod
Loading parameters: /home/ubuntu/rayca-sessions/e26cbe99-cda1-479d-beb9-9d03c9c7cc03-d43a861c8a85/mmgbsa_EDS01806218_ent1/lig.frcmod
Reading force field modification type file (frcmod)
Reading title:
Remark line goes here
> REC = loadpdb /home/ubuntu/rayca-sessions/e26cbe99-cda1-479d-beb9-9d03c9c7cc03-d43a861c8a85/md_EDS01806218_ent2/receptor_tleap.pdb
Loading PDB file: /home/ubuntu/rayca-sessions/e26cbe99-cda1-479d-beb9-9d03c9c7cc03-d43a861c8a85/md_EDS01806218_ent2/receptor_tleap.pdb
Matching PDB residue names to LEaP variables.
Mapped residue PHE, term: Terminal/beginning, seq. number: 0 to: NPHE.
Mapped residue LEU, term: Terminal/last, seq. number: 141 to: CLEU.
  Added missing heavy atom: .R<CLEU 145>.A<OXT 20>
  total atoms in file: 1140
  Leap added 1125 missing atoms according to residue templates:
       1 Heavy
       1124 H / lone pairs
> complex = combine { REC LIG }
  Sequence: default_name
  Sequence: LIG
> set default PBRadii mbondi2
Using H(N)-modified Bondi radii
> saveamberparm complex /home/ubuntu/rayca-sessions/e26cbe99-cda1-479d-beb9-9d03c9c7cc03-d43a861c8a85/mmgbsa_EDS01806218_ent1/complex.prmtop /home/ubuntu/rayca-sessions/e26cbe99-cda1-479d-beb9-9d03c9c7cc03-d43a861c8a85/mmgbsa_EDS01806218_ent1/complex.inpcrd
Checking Unit.

/home/ubuntu/rayca-runtime/.mamba/envs/rayca/bin/teLeap: Warning!
There is a bond of 4.398 angstroms between C and N atoms:
-------  .R<MET 133>.A<C 16> and .R<PRO 134>.A<N 1>

/home/ubuntu/rayca-runtime/.mamba/envs/rayca/bin/teLeap: Warning!
There is a bond of 4.111 angstroms between C and N atoms:
-------  .R<LYS 132>.A<C 21> and .R<MET 133>.A<N 1>

/home/ubuntu/rayca-runtime/.mamba/envs/rayca/bin/teLeap: Warning!
There is a bond of 3.843 angstroms between C and N atoms:
-------  .R<ARG 119>.A<C 23> and .R<CYS 120>.A<N 1>

/home/ubuntu/rayca-runtime/.mamba/envs/rayca/bin/teLeap: Warning!
There is a bond of 4.470 angstroms between C and N atoms:
-------  .R<TYR 91>.A<C 20> and .R<ALA 92>.A<N 1>

/home/ubuntu/rayca-runtime/.mamba/envs/rayca/bin/teLeap: Warning!
There is a bond of 10.428 angstroms between C and N atoms:
-------  .R<THR 65>.A<C 13> and .R<PHE 66>.A<N 1>

/home/ubuntu/rayca-runtime/.mamba/envs/rayca/bin/teLeap: Warning!
There is a bond of 10.942 angstroms between C and N atoms:
-------  .R<GLN 63>.A<C 16> and .R<ILE 64>.A<N 1>

/home/ubuntu/rayca-runtime/.mamba/envs/rayca/bin/teLeap: Warning!
There is a bond of 19.334 angstroms between C and N atoms:
-------  .R<ARG 60>.A<C 23> and .R<CYS 61>.A<N 1>

/home/ubuntu/rayca-runtime/.mamba/envs/rayca/bin/teLeap: Warning!
There is a bond of 8.214 angstroms between C and N atoms:
-------  .R<PRO 59>.A<C 13> and .R<ARG 60>.A<N 1>

/home/ubuntu/rayca-runtime/.mamba/envs/rayca/bin/teLeap: Warning!
There is a bond of 3.921 angstroms between C and N atoms:
-------  .R<CYS 58>.A<C 10> and .R<PRO 59>.A<N 1>

/home/ubuntu/rayca-runtime/.mamba/envs/rayca/bin/teLeap: Warning!
There is a bond of 14.102 angstroms between C and N atoms:
-------  .R<ALA 56>.A<C 9> and .R<ALA 57>.A<N 1>

/home/ubuntu/rayca-runtime/.mamba/envs/rayca/bin/teLeap: Warning!
There is a bond of 3.277 angstroms between C and N atoms:
-------  .R<TYR 48>.A<C 20> and .R<ILE 49>.A<N 1>

/home/ubuntu/rayca-runtime/.mamba/envs/rayca/bin/teLeap: Warning!
There is a bond of 4.185 angstroms between C and N atoms:
-------  .R<GLU 46>.A<C 14> and .R<GLU 47>.A<N 1>

/home/ubuntu/rayca-runtime/.mamba/envs/rayca/bin/teLeap: Warning!
There is a bond of 4.198 angstroms between C and N atoms:
-------  .R<ARG 45>.A<C 23> and .R<GLU 46>.A<N 1>

/home/ubuntu/rayca-runtime/.mamba/envs/rayca/bin/teLeap: Warning!
There is a bond of 25.544 angstroms between C and N atoms:
-------  .R<ARG 41>.A<C 23> and .R<TYR 42>.A<N 1>

/home/ubuntu/rayca-runtime/.mamba/envs/rayca/bin/teLeap: Warning!
There is a bond of 3.674 angstroms between C and N atoms:
-------  .R<VAL 40>.A<C 15> and .R<ARG 41>.A<N 1>

/home/ubuntu/rayca-runtime/.mamba/envs/rayca/bin/teLeap: Warning!
There is a bond of 12.320 angstroms between C and N atoms:
-------  .R<VAL 39>.A<C 15> and .R<VAL 40>.A<N 1>

/home/ubuntu/rayca-runtime/.mamba/envs/rayca/bin/teLeap: Warning!
There is a bond of 4.221 angstroms between C and N atoms:
-------  .R<PHE 38>.A<C 19> and .R<VAL 39>.A<N 1>

/home/ubuntu/rayca-runtime/.mamba/envs/rayca/bin/teLeap: Warning!
There is a bond of 13.140 angstroms between C and N atoms:
-------  .R<VAL 37>.A<C 15> and .R<PHE 38>.A<N 1>

/home/ubuntu/rayca-runtime/.mamba/envs/rayca/bin/teLeap: Warning!
There is a bond of 3.917 angstroms between C and N atoms:
-------  .R<HIE 35>.A<C 16> and .R<GLU 36>.A<N 1>

/home/ubuntu/rayca-runtime/.mamba/envs/rayca/bin/teLeap: Warning!
There is a bond of 6.346 angstroms between C and N atoms:
-------  .R<LEU 26>.A<C 18> and .R<GLN 27>.A<N 1>

/home/ubuntu/rayca-runtime/.mamba/envs/rayca/bin/teLeap: Warning!
There is a bond of 21.115 angstroms between C and N atoms:
-------  .R<MET 18>.A<C 16> and .R<LEU 19>.A<N 1>

/home/ubuntu/rayca-runtime/.mamba/envs/rayca/bin/teLeap: Warning!
There is a bond of 3.420 angstroms between C and N atoms:
-------  .R<SER 17>.A<C 10> and .R<MET 18>.A<N 1>

/home/ubuntu/rayca-runtime/.mamba/envs/rayca/bin/teLeap: Warning!
The unperturbed charge of the unit (4.999001) is not zero.

/home/ubuntu/rayca-runtime/.mamba/envs/rayca/bin/teLeap: Note.
Ignoring the warnings from Unit Checking.

Building topology.
Building atom parameters.
Building bond parameters.
Building angle parameters.
Building proper torsion parameters.

/home/ubuntu/rayca-runtime/.mamba/envs/rayca/bin/teLeap: Note.
1-4: angle 2297 2298 duplicates bond ('triangular' bond) or angle ('square' bond)


/home/ubuntu/rayca-runtime/.mamba/envs/rayca/bin/teLeap: Note.
1-4: angle 2296 2298 duplicates bond ('triangular' bond) or angle ('square' bond)


/home/ubuntu/rayca-runtime/.mamba/envs/rayca/bin/teLeap: Note.
1-4: angle 2296 2297 duplicates bond ('triangular' bond) or angle ('square' bond)


/home/ubuntu/rayca-runtime/.mamba/envs/rayca/bin/teLeap: Note.
1-4: angle 2292 2293 duplicates bond ('triangular' bond) or angle ('square' bond)


/home/ubuntu/rayca-runtime/.mamba/envs/rayca/bin/teLeap: Note.
1-4: angle 2291 2293 duplicates bond ('triangular' bond) or angle ('square' bond)


/home/ubuntu/rayca-runtime/.mamba/envs/rayca/bin/teLeap: Note.
1-4: angle 2291 2292 duplicates bond ('triangular' bond) or angle ('square' bond)

Building improper torsion parameters.
 total 498 improper torsions applied
Building H-Bond parameters.
Incorporating Non-Bonded adjustments.
Not Marking per-residue atom chain types.
Marking per-residue atom chain types.
  (Residues lacking connect0/connect1 - 
   these don't have chain types marked:

	res	total affected

	CLEU	1
	LIG	1
	NPHE	1
  )
 (no restraints)
> quit
	Quit

Exiting LEaP: Errors = 0; Warnings = 23; Notes = 7.
