            --------------------------------------------------------
                             AMBER SQM VERSION 19
 
                                     By
              Ross C. Walker, Michael F. Crowley, Scott Brozell,
                         Tim Giese, Andreas W. Goetz,
                        Tai-Sung Lee and David A. Case
 
            --------------------------------------------------------
 

--------------------------------------------------------------------------------
  QM CALCULATION INFO
--------------------------------------------------------------------------------

| QMMM: Citation for AMBER QMMM Run:
| QMMM: R.C. Walker, M.F. Crowley and D.A. Case, J. COMP. CHEM. 29:1019, 2008

QMMM: SINGLET STATE CALCULATION
QMMM: RHF CALCULATION, NO. OF DOUBLY OCCUPIED LEVELS = 87

| QMMM: *** Selected Hamiltonian *** 
| QMMM: AM1         

| QMMM: *** Parameter sets in use ***
| QMMM: C : M.J.S.DEWAR et al. JACS, 107, 3902, (1985)
| QMMM: N : M.J.S.DEWAR et al. JACS, 107, 3902, (1985)
| QMMM: O : M.J.S.DEWAR et al. JACS, 107, 3902, (1985)
| QMMM: S : M.J.S.DEWAR et al. INORG. CHEM., 29, 3881, (1990)
| QMMM: H : M.J.S.DEWAR et al. JACS, 107, 3902, (1985)

| QMMM: *** SCF convergence criteria ***
| QMMM: Energy change                :  0.1D-09 kcal/mol
| QMMM: Error matrix |FP-PF|         :  0.1D+00 au
| QMMM: Density matrix change        :  0.5D-06
| QMMM: Maximum number of SCF cycles :     1000

| QMMM: *** Diagonalization Routine Information ***
| QMMM: Pseudo diagonalizations are allowed.
| QMMM: Auto diagonalization routine selection is in use.
| QMMM:
| QMMM: Timing diagonalization routines:
| QMMM:                              norbs =      160
| QMMM:    diag iterations used for timing =        5
| QMMM:
| QMMM:              Internal diag routine = 0.032798 seconds
| QMMM:                 Dspev diag routine = 0.026499 seconds
| QMMM:                Dspevd diag routine = 0.013906 seconds
| QMMM:                Dspevx diag routine = 0.070316 seconds
| QMMM:                 Dsyev diag routine = 0.022334 seconds
| QMMM:                Dsyevd diag routine = 0.010742 seconds
| QMMM:                Dsyevr diag routine = 0.016193 seconds
| QMMM:
| QMMM:                Pseudo diag routine = 0.014467 seconds
| QMMM: Pseudo diagonalization appears to be slower than regular
| QMMM: diagonalization. Setting pseudo_diag=0 for optimum performance.
| QMMM:
| QMMM: Using dsyevd routine (diag_routine=6).

  QMMM: QM Region Cartesian Coordinates (*=link atom) 
  QMMM: QM_NO.   MM_NO.  ATOM         X         Y         Z
  QMMM:     1        1      C       80.8120  150.7870   15.8610
  QMMM:     2        2      N       81.8870  150.4190   15.1040
  QMMM:     3        3      C       80.9040  151.3720   17.1140
  QMMM:     4        4      C       83.1200  150.6450   15.6230
  QMMM:     5        5      C       82.1720  151.6000   17.6290
  QMMM:     6        6      C       83.2900  151.2360   16.8800
  QMMM:     7        7      C       84.3570  150.2550   14.8130
  QMMM:     8        8      O       85.6120  150.3920   15.5250
  QMMM:     9        9      C       84.4320  150.9090   13.4120
  QMMM:    10       10      C       86.1210  151.7350   15.5530
  QMMM:    11       11      N       84.9690  152.2690   13.4590
  QMMM:    12       12      C       86.2600  152.3290   14.1480
  QMMM:    13       13      C       84.0590  153.3310   13.4770
  QMMM:    14       14      O       82.8470  153.1280   13.5070
  QMMM:    15       15      C       84.5990  154.6690   13.4080
  QMMM:    16       16      N       85.6450  155.0530   12.6060
  QMMM:    17       17      C       84.2900  155.7980   14.1480
  QMMM:    18       18      N       85.9660  156.3590   12.7260
  QMMM:    19       19      C       86.3730  154.2260   11.6680
  QMMM:    20       20      C       85.1590  156.8100   13.6890
  QMMM:    21       21      C       85.2510  158.2220   14.1600
  QMMM:    22       22      C       84.5530  158.4380   15.4940
  QMMM:    23       23      N       78.5460  150.0330   16.1820
  QMMM:    24       24      C       79.4660  150.4980   15.2690
  QMMM:    25       25      O       79.2250  150.6880   14.0830
  QMMM:    26       26      C       77.1380  149.9440   15.8940
  QMMM:    27       27      S       77.0980  151.1410   18.4170
  QMMM:    28       28      C       76.3820  150.2300   17.1480
  QMMM:    29       29      C       75.6570  150.9870   19.3350
  QMMM:    30       30      C       75.0920  149.8700   17.5040
  QMMM:    31       31      N       74.6910  150.3100   18.7550
  QMMM:    32       32      C       75.5610  151.5890   20.6920
  QMMM:    33       33      C       74.1150  149.0970   16.6910
  QMMM:    34       34      H       80.0020  151.6470   17.6810
  QMMM:    35       35      H       82.2940  152.0640   18.6190
  QMMM:    36       36      H       84.3010  151.4120   17.2750
  QMMM:    37       37      H       84.2110  149.1770   14.6510
  QMMM:    38       38      H       85.0800  150.2950   12.7700
  QMMM:    39       39      H       83.4080  150.9670   13.0150
  QMMM:    40       40      H       85.4310  152.3630   16.1360
  QMMM:    41       41      H       87.1210  151.7080   16.0100
  QMMM:    42       42      H       86.5870  153.3760   14.2240
  QMMM:    43       43      H       87.0050  151.7510   13.5790
  QMMM:    44       44      H       83.5250  155.8870   14.9330
  QMMM:    45       45      H       87.0020  153.5120   12.2200
  QMMM:    46       46      H       85.6620  153.6750   11.0360
  QMMM:    47       47      H       87.0090  154.8630   11.0360
  QMMM:    48       48      H       86.3130  158.4880   14.2710
  QMMM:    49       49      H       84.7520  158.8570   13.4140
  QMMM:    50       50      H       85.2530  158.2210   16.3140
  QMMM:    51       51      H       84.2150  159.4820   15.5660
  QMMM:    52       52      H       83.6850  157.7660   15.5660
  QMMM:    53       53      H       78.8790  149.7370   17.1100
  QMMM:    54       54      H       76.8960  148.9320   15.5370
  QMMM:    55       55      H       76.8650  150.6690   15.1140
  QMMM:    56       56      H       75.6870  150.8030   21.4510
  QMMM:    57       57      H       76.3500  152.3460   20.8140
  QMMM:    58       58      H       74.5760  152.0630   20.8140
  QMMM:    59       59      H       73.4290  148.5550   17.3590
  QMMM:    60       60      H       73.5390  149.7870   16.0560
  QMMM:    61       61      H       74.6530  148.3780   16.0560

--------------------------------------------------------------------------------
  RESULTS
--------------------------------------------------------------------------------

      iter         sqm energy              rms gradient
      ----    -------------------    -----------------------
xmin    10       33.2028 kcal/mol        0.5299 kcal/(mol*A)
xmin    20       31.6069 kcal/mol        0.5473 kcal/(mol*A)
xmin    30       30.2992 kcal/mol        0.7755 kcal/(mol*A)
xmin    40       29.0347 kcal/mol        1.1040 kcal/(mol*A)
xmin    50       27.9306 kcal/mol        0.3713 kcal/(mol*A)
xmin    60       26.7459 kcal/mol        0.8339 kcal/(mol*A)
xmin    70       26.0783 kcal/mol        0.8291 kcal/(mol*A)
xmin    80       25.6606 kcal/mol        0.6338 kcal/(mol*A)
xmin    90       25.4269 kcal/mol        0.2025 kcal/(mol*A)
xmin   100       25.2867 kcal/mol        0.4107 kcal/(mol*A)
xmin   110       24.6986 kcal/mol        1.0131 kcal/(mol*A)
xmin   120       22.7462 kcal/mol        0.2426 kcal/(mol*A)
xmin   130       22.3238 kcal/mol        0.2409 kcal/(mol*A)
xmin   140       22.2206 kcal/mol        0.1463 kcal/(mol*A)
xmin   150       22.1375 kcal/mol        0.0557 kcal/(mol*A)
xmin   160       22.0915 kcal/mol        0.1985 kcal/(mol*A)
xmin   170       21.9714 kcal/mol        0.1053 kcal/(mol*A)
xmin   180       21.9380 kcal/mol        0.0429 kcal/(mol*A)
xmin   190       21.8459 kcal/mol        0.0786 kcal/(mol*A)
xmin   200       21.8281 kcal/mol        0.0305 kcal/(mol*A)
xmin   210       21.8270 kcal/mol        0.0194 kcal/(mol*A)
xmin   220       21.8247 kcal/mol        0.0255 kcal/(mol*A)
xmin   230       21.8239 kcal/mol        0.0040 kcal/(mol*A)
xmin   240       21.8238 kcal/mol        0.0012 kcal/(mol*A)
  ... geometry converged !
 
 Final MO eigenvalues (eV):
 -41.9973  -41.3758  -40.3874  -39.5775  -38.9599  -38.5450  -36.1768  -35.8285
 -35.3981  -33.8366  -33.5453  -32.9849  -32.4918  -31.5579  -30.9898  -29.9856
 -29.6426  -28.7839  -27.3658  -26.4712  -25.8587  -24.8600  -24.3503  -24.1218
 -23.6225  -22.8422  -22.0645  -21.5568  -20.7943  -19.8092  -19.5940  -19.1021
 -18.5275  -18.3128  -17.9627  -17.7002  -17.3838  -17.1639  -16.7619  -16.5997
 -16.4952  -16.3977  -16.2721  -16.0216  -15.7657  -15.6062  -15.3401  -15.2615
 -15.1124  -14.9493  -14.8156  -14.6810  -14.5102  -14.3910  -14.0190  -13.9881
 -13.8991  -13.7474  -13.6632  -13.6508  -13.4774  -13.3585  -13.2030  -13.0808
 -13.0030  -12.9372  -12.7389  -12.6438  -12.4610  -12.2981  -12.2440  -12.1672
 -11.8496  -11.7092  -11.4844  -11.2736  -11.1483  -11.0247  -10.7756  -10.6977
 -10.1534  -10.0559   -9.9064   -9.8743   -9.7687   -9.5644   -8.9715   -0.4648
  -0.1435   -0.1082    0.1714    0.6484    1.0295    1.0473    1.2770    1.4987
   1.5636    1.6523    1.9549    2.1492    2.3807    2.6993    2.7958    2.9734
   3.1157    3.2868    3.3324    3.3920    3.4862    3.5839    3.6036    3.6237
   3.7428    3.8115    3.8328    3.8625    3.8960    3.9318    3.9345    3.9809
   4.1023    4.1060    4.1421    4.1893    4.2000    4.2303    4.2408    4.2868
   4.3224    4.3697    4.3756    4.4073    4.4587    4.4770    4.5972    4.5989
   4.7195    4.7672    4.7761    4.8275    4.8734    4.9098    4.9333    5.0199
   5.0606    5.1799    5.1850    5.2817    5.4806    5.5051    5.5101    5.7071
   5.7175    5.8966    6.2891    6.5199    6.5875    6.6995    6.7630    7.1894


 Heat of formation   =         21.82375966 kcal/mol  (        0.94634923 eV)

 Total SCF energy    =    -132027.00187351 kcal/mol  (    -5725.12041427 eV)
 Electronic energy   =   -1200978.84374754 kcal/mol  (   -52078.35062432 eV)
 Core-core repulsion =    1068951.84187403 kcal/mol  (    46353.23021005 eV)
 
    Atomic Charges for Step       1 :
  Atom    Element       Mulliken Charge
     1      C                 -0.057
     2      N                 -0.123
     3      C                 -0.120
     4      C                 -0.059
     5      C                 -0.106
     6      C                 -0.141
     7      C                  0.052
     8      O                 -0.261
     9      C                 -0.049
    10      C                 -0.049
    11      N                 -0.291
    12      C                 -0.071
    13      C                  0.393
    14      O                 -0.382
    15      C                 -0.126
    16      N                 -0.088
    17      C                 -0.192
    18      N                 -0.060
    19      C                 -0.074
    20      C                 -0.121
    21      C                 -0.085
    22      C                 -0.209
    23      N                 -0.350
    24      C                  0.351
    25      O                 -0.380
    26      C                  0.048
    27      S                  0.499
    28      C                 -0.440
    29      C                 -0.276
    30      C                 -0.058
    31      N                 -0.111
    32      C                 -0.155
    33      C                 -0.156
    34      H                  0.173
    35      H                  0.147
    36      H                  0.151
    37      H                  0.128
    38      H                  0.098
    39      H                  0.139
    40      H                  0.087
    41      H                  0.117
    42      H                  0.121
    43      H                  0.100
    44      H                  0.170
    45      H                  0.091
    46      H                  0.121
    47      H                  0.116
    48      H                  0.087
    49      H                  0.094
    50      H                  0.080
    51      H                  0.072
    52      H                  0.086
    53      H                  0.261
    54      H                  0.102
    55      H                  0.124
    56      H                  0.104
    57      H                  0.084
    58      H                  0.104
    59      H                  0.096
    60      H                  0.090
    61      H                  0.105
 Total Mulliken Charge =       0.000
 
                  X        Y        Z     TOTAL  
  QM DIPOLE     2.853   -1.685    0.060    3.314
 
 Final Structure

  QMMM: QM Region Cartesian Coordinates (*=link atom) 
  QMMM: QM_NO.   MM_NO.  ATOM         X         Y         Z
  QMMM:     1        1      C       82.3229  151.8196   18.2546
  QMMM:     2        2      N       83.0451  151.3054   17.2331
  QMMM:     3        3      C       82.5666  151.5033   19.6082
  QMMM:     4        4      C       84.0223  150.4233   17.5351
  QMMM:     5        5      C       83.5917  150.6047   19.9062
  QMMM:     6        6      C       84.3298  150.0490   18.8629
  QMMM:     7        7      C       84.8252  149.7853   16.4188
  QMMM:     8        8      O       86.1134  150.3871   16.3141
  QMMM:     9        9      C       84.0942  149.7601   15.0605
  QMMM:    10       10      C       86.1065  151.6718   15.7005
  QMMM:    11       11      N       84.1177  151.0275   14.3592
  QMMM:    12       12      C       85.4301  151.6333   14.3229
  QMMM:    13       13      C       82.9396  151.7424   14.1876
  QMMM:    14       14      O       81.8281  151.1886   14.3362
  QMMM:    15       15      C       83.0092  153.1502   13.7271
  QMMM:    16       16      N       82.3465  153.6261   12.5794
  QMMM:    17       17      C       83.6029  154.2669   14.3393
  QMMM:    18       18      N       82.5072  154.9441   12.4324
  QMMM:    19       19      C       81.6052  152.7947   11.6584
  QMMM:    20       20      C       83.2599  155.3828   13.4877
  QMMM:    21       21      C       83.6691  156.7882   13.7138
  QMMM:    22       22      C       82.4893  157.7212   13.8385
  QMMM:    23       23      N       80.5641  152.7238   16.7581
  QMMM:    24       24      C       81.1912  152.7845   17.9774
  QMMM:    25       25      O       80.8646  153.6082   18.8590
  QMMM:    26       26      C       79.3870  153.4990   16.4664
  QMMM:    27       27      S       76.8328  152.9279   17.4324
  QMMM:    28       28      C       78.1331  152.7056   16.3965
  QMMM:    29       29      C       75.9373  151.7077   16.6210
  QMMM:    30       30      C       77.8479  151.7005   15.4676
  QMMM:    31       31      N       76.5833  151.1323   15.6030
  QMMM:    32       32      C       74.5676  151.3611   17.0550
  QMMM:    33       33      C       78.7888  151.2414   14.4196
  QMMM:    34       34      H       81.9577  151.9744   20.3950
  QMMM:    35       35      H       83.8125  150.3393   20.9508
  QMMM:    36       36      H       85.1449  149.3381   19.0572
  QMMM:    37       37      H       85.0610  148.7215   16.7168
  QMMM:    38       38      H       84.6233  149.0092   14.4049
  QMMM:    39       39      H       83.0311  149.4223   15.2124
  QMMM:    40       40      H       85.6008  152.4107   16.3758
  QMMM:    41       41      H       87.1936  151.9270   15.5919
  QMMM:    42       42      H       85.3852  152.6758   13.9054
  QMMM:    43       43      H       86.0629  151.0044   13.6309
  QMMM:    44       44      H       84.1727  154.2994   15.2613
  QMMM:    45       45      H       82.3138  152.3238   10.9256
  QMMM:    46       46      H       81.0785  151.9943   12.2465
  QMMM:    47       47      H       80.8518  153.4092   11.0983
  QMMM:    48       48      H       84.2845  156.8285   14.6529
  QMMM:    49       49      H       84.3263  157.1249   12.8657
  QMMM:    50       50      H       81.8225  157.4052   14.6764
  QMMM:    51       51      H       82.8475  158.7592   14.0427
  QMMM:    52       52      H       81.8903  157.7310   12.8963
  QMMM:    53       53      H       80.8071  152.0131   16.1005
  QMMM:    54       54      H       79.5472  153.9952   15.4613
  QMMM:    55       55      H       79.2814  154.3104   17.2457
  QMMM:    56       56      H       74.5135  150.2848   17.3587
  QMMM:    57       57      H       74.2662  151.9947   17.9252
  QMMM:    58       58      H       73.8386  151.5254   16.2214
  QMMM:    59       59      H       78.2483  150.8209   13.5365
  QMMM:    60       60      H       79.4324  152.0919   14.0796
  QMMM:    61       61      H       79.4632  150.4477   14.8329

           --------- Calculation Completed ----------

