            --------------------------------------------------------
                             AMBER SQM VERSION 19
 
                                     By
              Ross C. Walker, Michael F. Crowley, Scott Brozell,
                         Tim Giese, Andreas W. Goetz,
                        Tai-Sung Lee and David A. Case
 
            --------------------------------------------------------
 

--------------------------------------------------------------------------------
  QM CALCULATION INFO
--------------------------------------------------------------------------------

| QMMM: Citation for AMBER QMMM Run:
| QMMM: R.C. Walker, M.F. Crowley and D.A. Case, J. COMP. CHEM. 29:1019, 2008

QMMM: SINGLET STATE CALCULATION
QMMM: RHF CALCULATION, NO. OF DOUBLY OCCUPIED LEVELS = 87

| QMMM: *** Selected Hamiltonian *** 
| QMMM: AM1         

| QMMM: *** Parameter sets in use ***
| QMMM: C : M.J.S.DEWAR et al. JACS, 107, 3902, (1985)
| QMMM: N : M.J.S.DEWAR et al. JACS, 107, 3902, (1985)
| QMMM: O : M.J.S.DEWAR et al. JACS, 107, 3902, (1985)
| QMMM: S : M.J.S.DEWAR et al. INORG. CHEM., 29, 3881, (1990)
| QMMM: H : M.J.S.DEWAR et al. JACS, 107, 3902, (1985)

| QMMM: *** SCF convergence criteria ***
| QMMM: Energy change                :  0.1D-09 kcal/mol
| QMMM: Error matrix |FP-PF|         :  0.1D+00 au
| QMMM: Density matrix change        :  0.5D-06
| QMMM: Maximum number of SCF cycles :     1000

| QMMM: *** Diagonalization Routine Information ***
| QMMM: Pseudo diagonalizations are allowed.
| QMMM: Auto diagonalization routine selection is in use.
| QMMM:
| QMMM: Timing diagonalization routines:
| QMMM:                              norbs =      160
| QMMM:    diag iterations used for timing =        5
| QMMM:
| QMMM:              Internal diag routine = 0.030727 seconds
| QMMM:                 Dspev diag routine = 0.030834 seconds
| QMMM:                Dspevd diag routine = 0.013912 seconds
| QMMM:                Dspevx diag routine = 0.069601 seconds
| QMMM:                 Dsyev diag routine = 0.019613 seconds
| QMMM:                Dsyevd diag routine = 0.010516 seconds
| QMMM:                Dsyevr diag routine = 0.015985 seconds
| QMMM:
| QMMM:                Pseudo diag routine = 0.015483 seconds
| QMMM: Pseudo diagonalization appears to be slower than regular
| QMMM: diagonalization. Setting pseudo_diag=0 for optimum performance.
| QMMM:
| QMMM: Using dsyevd routine (diag_routine=6).

  QMMM: QM Region Cartesian Coordinates (*=link atom) 
  QMMM: QM_NO.   MM_NO.  ATOM         X         Y         Z
  QMMM:     1        1      C       80.9310  148.9100   17.7390
  QMMM:     2        2      N       81.6630  149.9360   17.2170
  QMMM:     3        3      C       81.2220  148.2840   18.9420
  QMMM:     4        4      C       82.7450  150.3540   17.9200
  QMMM:     5        5      C       82.3250  148.7330   19.6570
  QMMM:     6        6      C       83.0930  149.7780   19.1450
  QMMM:     7        7      C       83.5750  151.5050   17.3640
  QMMM:     8        8      O       84.9600  151.0920   17.2880
  QMMM:     9        9      C       83.0130  152.0470   16.0290
  QMMM:    10       10      C       85.6230  151.4680   16.0770
  QMMM:    11       11      N       83.8670  153.0940   15.4560
  QMMM:    12       12      C       85.3050  152.9090   15.6690
  QMMM:    13       13      C       83.3110  153.9510   14.5080
  QMMM:    14       14      O       82.1630  153.7710   14.1030
  QMMM:    15       15      C       84.1150  155.0500   14.0160
  QMMM:    16       16      N       85.0830  154.9220   13.0480
  QMMM:    17       17      C       84.0750  156.4070   14.2870
  QMMM:    18       18      N       85.7110  156.0770   12.7500
  QMMM:    19       19      C       85.4940  153.7090   12.3770
  QMMM:    20       20      C       85.0800  156.9940   13.4890
  QMMM:    21       21      C       85.4610  158.4320   13.4000
  QMMM:    22       22      C       84.9660  159.2360   14.5920
  QMMM:    23       23      N       78.5440  148.5920   17.5650
  QMMM:    24       24      C       79.7550  148.4590   16.9240
  QMMM:    25       25      O       79.8890  148.0250   15.7870
  QMMM:    26       26      C       77.2790  148.3650   16.9170
  QMMM:    27       27      S       76.9230  150.8340   18.1690
  QMMM:    28       28      C       76.3550  149.4760   17.2850
  QMMM:    29       29      C       75.3480  151.5100   18.1320
  QMMM:    30       30      C       75.0040  149.6270   17.0150
  QMMM:    31       31      N       74.4390  150.7950   17.5070
  QMMM:    32       32      C       75.0850  152.8230   18.7800
  QMMM:    33       33      C       74.1330  148.6880   16.2590
  QMMM:    34       34      H       80.5990  147.4590   19.3180
  QMMM:    35       35      H       82.5890  148.2690   20.6180
  QMMM:    36       36      H       83.9670  150.1460   19.7020
  QMMM:    37       37      H       83.5130  152.3630   18.0490
  QMMM:    38       38      H       82.9400  151.2170   15.3120
  QMMM:    39       39      H       82.0260  152.4880   16.2310
  QMMM:    40       40      H       86.7090  151.3710   16.2230
  QMMM:    41       41      H       85.2670  150.8030   15.2760
  QMMM:    42       42      H       85.6400  153.5890   16.4660
  QMMM:    43       43      H       85.8280  153.1280   14.7270
  QMMM:    44       44      H       83.3970  156.9230   14.9830
  QMMM:    45       45      H       85.7530  152.9460   13.1250
  QMMM:    46       46      H       84.6710  153.3410   11.7470
  QMMM:    47       47      H       86.3720  153.9180   11.7470
  QMMM:    48       48      H       86.5580  158.5050   13.3550
  QMMM:    49       49      H       84.9930  158.8490   12.4960
  QMMM:    50       50      H       85.2730  158.7370   15.5230
  QMMM:    51       51      H       85.3990  160.2470   14.5580
  QMMM:    52       52      H       83.8690  159.3050   14.5580
  QMMM:    53       53      H       78.5430  148.8680   18.5580
  QMMM:    54       54      H       76.8570  147.4050   17.2510
  QMMM:    55       55      H       77.4140  148.3310   15.8260
  QMMM:    56       56      H       75.1090  152.7030   19.8730
  QMMM:    57       57      H       75.8560  153.5440   18.4730
  QMMM:    58       58      H       74.0940  153.1910   18.4730
  QMMM:    59       59      H       73.5600  148.0700   16.9650
  QMMM:    60       60      H       73.4390  149.2610   15.6260
  QMMM:    61       61      H       74.7560  148.0400   15.6260

--------------------------------------------------------------------------------
  RESULTS
--------------------------------------------------------------------------------

      iter         sqm energy              rms gradient
      ----    -------------------    -----------------------
xmin    10       32.7481 kcal/mol        1.8840 kcal/(mol*A)
xmin    20       30.2753 kcal/mol        0.8312 kcal/(mol*A)
xmin    30       29.2739 kcal/mol        0.3640 kcal/(mol*A)
xmin    40       28.6650 kcal/mol        0.5582 kcal/(mol*A)
xmin    50       28.1658 kcal/mol        0.4056 kcal/(mol*A)
xmin    60       27.8847 kcal/mol        0.2877 kcal/(mol*A)
xmin    70       27.7704 kcal/mol        0.1325 kcal/(mol*A)
xmin    80       27.7308 kcal/mol        0.0663 kcal/(mol*A)
xmin    90       27.7146 kcal/mol        0.0770 kcal/(mol*A)
xmin   100       27.6915 kcal/mol        0.0259 kcal/(mol*A)
xmin   110       27.6879 kcal/mol        0.0077 kcal/(mol*A)
xmin   120       27.6864 kcal/mol        0.0250 kcal/(mol*A)
xmin   130       27.6848 kcal/mol        0.0074 kcal/(mol*A)
xmin   140       27.6843 kcal/mol        0.0035 kcal/(mol*A)
xmin   150       27.6840 kcal/mol        0.0217 kcal/(mol*A)
xmin   160       27.6838 kcal/mol        0.0021 kcal/(mol*A)
xmin   170       27.6835 kcal/mol        0.0040 kcal/(mol*A)
xmin   180       27.6833 kcal/mol        0.0045 kcal/(mol*A)
xmin   190       27.6830 kcal/mol        0.0029 kcal/(mol*A)
xmin   200       27.6828 kcal/mol        0.0037 kcal/(mol*A)
xmin   210       27.6827 kcal/mol        0.0026 kcal/(mol*A)
xmin   220       27.6826 kcal/mol        0.0036 kcal/(mol*A)
xmin   230       27.6826 kcal/mol        0.0013 kcal/(mol*A)
  ... geometry converged !
 
 Final MO eigenvalues (eV):
 -42.0555  -41.4178  -40.6226  -39.6752  -39.1919  -38.8084  -36.2666  -36.1083
 -35.6300  -34.0844  -33.7137  -33.1109  -32.4913  -31.7574  -31.0860  -30.1102
 -29.6479  -29.0049  -27.2131  -26.6554  -26.1769  -25.0068  -24.5027  -24.2250
 -23.3571  -22.9335  -21.8125  -21.4510  -20.8727  -20.0804  -19.8242  -19.2419
 -18.8328  -18.7345  -18.4216  -18.0600  -17.3564  -17.2201  -17.0848  -16.8266
 -16.4751  -16.4660  -16.2493  -16.1196  -15.7368  -15.6603  -15.4695  -15.3713
 -15.3254  -14.9732  -14.8176  -14.6387  -14.4625  -14.3806  -14.2420  -14.2146
 -14.1720  -13.9317  -13.8180  -13.7623  -13.5758  -13.5027  -13.4671  -13.2904
 -13.2409  -13.2098  -12.9778  -12.7775  -12.5656  -12.5402  -12.4778  -12.1707
 -12.0778  -11.8061  -11.6968  -11.4469  -11.0966  -11.0843  -10.9280  -10.8100
 -10.3370  -10.2098   -9.9997   -9.9293   -9.9136   -9.5816   -9.0381   -0.5717
  -0.2127   -0.1902    0.3633    0.5389    0.6371    0.9308    1.1977    1.3847
   1.3891    1.5375    1.8004    1.8796    2.1821    2.4041    2.7771    2.9266
   2.9992    3.1836    3.2078    3.2542    3.3068    3.4011    3.5216    3.5569
   3.6176    3.6605    3.7095    3.7461    3.7663    3.8911    3.9021    3.9385
   3.9542    3.9626    4.0129    4.0428    4.0948    4.1496    4.1603    4.1934
   4.2127    4.2605    4.3112    4.3194    4.3231    4.3568    4.4168    4.5168
   4.5546    4.6061    4.6575    4.6804    4.7373    4.8294    4.8320    4.8370
   4.9027    4.9343    5.0362    5.2058    5.2568    5.3416    5.4649    5.5798
   5.6139    5.7198    6.0711    6.2905    6.4817    6.5367    6.6741    6.9125


 Heat of formation   =         27.68254485 kcal/mol  (        1.20040522 eV)

 Total SCF energy    =    -132021.14308832 kcal/mol  (    -5724.86635828 eV)
 Electronic energy   =   -1102137.90295680 kcal/mol  (   -47792.28580533 eV)
 Core-core repulsion =     970116.75986848 kcal/mol  (    42067.41944705 eV)
 
    Atomic Charges for Step       1 :
  Atom    Element       Mulliken Charge
     1      C                 -0.061
     2      N                 -0.136
     3      C                 -0.120
     4      C                 -0.048
     5      C                 -0.106
     6      C                 -0.137
     7      C                  0.052
     8      O                 -0.268
     9      C                 -0.052
    10      C                 -0.034
    11      N                 -0.320
    12      C                 -0.064
    13      C                  0.370
    14      O                 -0.328
    15      C                 -0.122
    16      N                 -0.100
    17      C                 -0.186
    18      N                 -0.068
    19      C                 -0.066
    20      C                 -0.115
    21      C                 -0.090
    22      C                 -0.212
    23      N                 -0.363
    24      C                  0.354
    25      O                 -0.366
    26      C                  0.044
    27      S                  0.505
    28      C                 -0.439
    29      C                 -0.273
    30      C                 -0.070
    31      N                 -0.104
    32      C                 -0.155
    33      C                 -0.151
    34      H                  0.174
    35      H                  0.147
    36      H                  0.165
    37      H                  0.132
    38      H                  0.100
    39      H                  0.148
    40      H                  0.120
    41      H                  0.081
    42      H                  0.106
    43      H                  0.092
    44      H                  0.173
    45      H                  0.097
    46      H                  0.100
    47      H                  0.116
    48      H                  0.096
    49      H                  0.100
    50      H                  0.075
    51      H                  0.078
    52      H                  0.080
    53      H                  0.244
    54      H                  0.136
    55      H                  0.096
    56      H                  0.105
    57      H                  0.086
    58      H                  0.106
    59      H                  0.086
    60      H                  0.104
    61      H                  0.086
 Total Mulliken Charge =      -0.000
 
                  X        Y        Z     TOTAL  
  QM DIPOLE     5.395   -0.665   -1.035    5.534
 
 Final Structure

  QMMM: QM Region Cartesian Coordinates (*=link atom) 
  QMMM: QM_NO.   MM_NO.  ATOM         X         Y         Z
  QMMM:     1        1      C       81.1188  148.8463   18.4059
  QMMM:     2        2      N       81.5410  150.0019   17.8434
  QMMM:     3        3      C       81.9570  148.0080   19.1711
  QMMM:     4        4      C       82.8316  150.3600   18.0308
  QMMM:     5        5      C       83.2869  148.3891   19.3538
  QMMM:     6        6      C       83.7368  149.5777   18.7834
  QMMM:     7        7      C       83.2976  151.6858   17.4555
  QMMM:     8        8      O       84.7232  151.7650   17.5182
  QMMM:     9        9      C       82.7350  151.9031   16.0345
  QMMM:    10       10      C       85.3728  151.6387   16.2607
  QMMM:    11       11      N       83.4723  152.8695   15.2539
  QMMM:    12       12      C       84.9121  152.7223   15.2767
  QMMM:    13       13      C       82.8882  154.0878   14.9111
  QMMM:    14       14      O       81.6762  154.2967   15.0932
  QMMM:    15       15      C       83.7600  155.1016   14.2704
  QMMM:    16       16      N       84.1727  155.0727   12.9256
  QMMM:    17       17      C       84.3100  156.2584   14.8411
  QMMM:    18       18      N       84.9118  156.1467   12.6211
  QMMM:    19       19      C       83.6960  154.1217   11.9486
  QMMM:    20       20      C       85.0366  156.8926   13.7612
  QMMM:    21       21      C       85.8099  158.1545   13.8422
  QMMM:    22       22      C       85.7517  158.7774   15.2147
  QMMM:    23       23      N       78.9454  148.9091   17.2023
  QMMM:    24       24      C       79.6809  148.4067   18.2523
  QMMM:    25       25      O       79.2104  147.5634   19.0434
  QMMM:    26       26      C       77.5541  148.5911   17.0234
  QMMM:    27       27      S       76.9192  151.2071   17.8922
  QMMM:    28       28      C       76.6245  149.7449   17.1258
  QMMM:    29       29      C       75.3443  151.7695   17.4933
  QMMM:    30       30      C       75.3299  149.7301   16.5931
  QMMM:    31       31      N       74.6015  150.8956   16.8093
  QMMM:    32       32      C       74.9034  153.1199   17.9007
  QMMM:    33       33      C       74.7620  148.5795   15.8536
  QMMM:    34       34      H       81.5485  147.0868   19.6145
  QMMM:    35       35      H       83.9686  147.7609   19.9463
  QMMM:    36       36      H       84.7752  149.9179   18.9119
  QMMM:    37       37      H       82.9492  152.5095   18.1464
  QMMM:    38       38      H       82.7714  150.9249   15.4743
  QMMM:    39       39      H       81.6578  152.2242   16.1227
  QMMM:    40       40      H       86.4607  151.7753   16.5002
  QMMM:    41       41      H       85.1970  150.6149   15.8385
  QMMM:    42       42      H       85.3977  153.7012   15.5566
  QMMM:    43       43      H       85.2616  152.4444   14.2414
  QMMM:    44       44      H       84.2138  156.6130   15.8610
  QMMM:    45       45      H       83.7034  153.1001   12.4128
  QMMM:    46       46      H       82.6484  154.3857   11.6408
  QMMM:    47       47      H       84.3592  154.1285   11.0436
  QMMM:    48       48      H       86.8813  157.9496   13.5676
  QMMM:    49       49      H       85.4092  158.8821   13.0835
  QMMM:    50       50      H       86.1797  158.0889   15.9828
  QMMM:    51       51      H       86.3403  159.7267   15.2230
  QMMM:    52       52      H       84.6977  159.0113   15.5005
  QMMM:    53       53      H       79.3173  149.6416   16.6440
  QMMM:    54       54      H       77.2512  147.8098   17.7855
  QMMM:    55       55      H       77.4328  148.1327   15.9944
  QMMM:    56       56      H       74.0036  153.0546   18.5637
  QMMM:    57       57      H       75.7213  153.6419   18.4560
  QMMM:    58       58      H       74.6323  153.7312   17.0027
  QMMM:    59       59      H       74.9054  147.6443   16.4509
  QMMM:    60       60      H       73.6712  148.7109   15.6488
  QMMM:    61       61      H       75.2963  148.4628   14.8769

           --------- Calculation Completed ----------

