            --------------------------------------------------------
                             AMBER SQM VERSION 19
 
                                     By
              Ross C. Walker, Michael F. Crowley, Scott Brozell,
                         Tim Giese, Andreas W. Goetz,
                        Tai-Sung Lee and David A. Case
 
            --------------------------------------------------------
 

--------------------------------------------------------------------------------
  QM CALCULATION INFO
--------------------------------------------------------------------------------

| QMMM: Citation for AMBER QMMM Run:
| QMMM: R.C. Walker, M.F. Crowley and D.A. Case, J. COMP. CHEM. 29:1019, 2008

QMMM: SINGLET STATE CALCULATION
QMMM: RHF CALCULATION, NO. OF DOUBLY OCCUPIED LEVELS = 87

| QMMM: *** Selected Hamiltonian *** 
| QMMM: AM1         

| QMMM: *** Parameter sets in use ***
| QMMM: N : M.J.S.DEWAR et al. JACS, 107, 3902, (1985)
| QMMM: C : M.J.S.DEWAR et al. JACS, 107, 3902, (1985)
| QMMM: O : M.J.S.DEWAR et al. JACS, 107, 3902, (1985)
| QMMM: S : M.J.S.DEWAR et al. INORG. CHEM., 29, 3881, (1990)
| QMMM: H : M.J.S.DEWAR et al. JACS, 107, 3902, (1985)

| QMMM: *** SCF convergence criteria ***
| QMMM: Energy change                :  0.1D-09 kcal/mol
| QMMM: Error matrix |FP-PF|         :  0.1D+00 au
| QMMM: Density matrix change        :  0.5D-06
| QMMM: Maximum number of SCF cycles :     1000

| QMMM: *** Diagonalization Routine Information ***
| QMMM: Pseudo diagonalizations are allowed.
| QMMM: Auto diagonalization routine selection is in use.
| QMMM:
| QMMM: Timing diagonalization routines:
| QMMM:                              norbs =      160
| QMMM:    diag iterations used for timing =        5
| QMMM:
| QMMM:              Internal diag routine = 0.029794 seconds
| QMMM:                 Dspev diag routine = 0.030121 seconds
| QMMM:                Dspevd diag routine = 0.014889 seconds
| QMMM:                Dspevx diag routine = 0.080489 seconds
| QMMM:                 Dsyev diag routine = 0.023518 seconds
| QMMM:                Dsyevd diag routine = 0.012506 seconds
| QMMM:                Dsyevr diag routine = 0.017465 seconds
| QMMM:
| QMMM:                Pseudo diag routine = 0.014319 seconds
| QMMM: Pseudo diagonalization appears to be slower than regular
| QMMM: diagonalization. Setting pseudo_diag=0 for optimum performance.
| QMMM:
| QMMM: Using dsyevd routine (diag_routine=6).

  QMMM: QM Region Cartesian Coordinates (*=link atom) 
  QMMM: QM_NO.   MM_NO.  ATOM         X         Y         Z
  QMMM:     1        1      N       83.8000  151.9290   15.3980
  QMMM:     2        2      C       83.7840  150.5330   14.8510
  QMMM:     3        3      C       82.5730  152.7050   15.0590
  QMMM:     4        4      C       82.4780  149.8010   15.2640
  QMMM:     5        5      C       81.2820  151.9210   15.4060
  QMMM:     6        6      N       81.3110  150.5790   14.8040
  QMMM:     7        7      C       82.4280  149.6610   16.7680
  QMMM:     8        8      C       81.0500  151.7790   16.9220
  QMMM:     9        9      C       80.1310  150.0340   14.3290
  QMMM:    10       10      C       83.1090  148.6650   17.4490
  QMMM:    11       11      C       81.8160  150.6350   17.5480
  QMMM:    12       12      O       79.0950  150.6910   14.2390
  QMMM:    13       13      C       80.1600  148.5920   13.8940
  QMMM:    14       14      N       83.1410  148.6260   18.7890
  QMMM:    15       15      N       81.8360  150.6000   18.8940
  QMMM:    16       16      C       82.5180  149.5990   19.4810
  QMMM:    17       17      S       85.2790  152.7560   15.3580
  QMMM:    18       18      O       86.2170  151.9680   14.5880
  QMMM:    19       19      O       85.5880  153.1790   16.7080
  QMMM:    20       20      C       84.9190  154.2070   14.4260
  QMMM:    21       21      C       84.5790  154.0890   13.0910
  QMMM:    22       22      C       85.0340  155.4770   14.9880
  QMMM:    23       23      N       84.2880  155.1550   12.3060
  QMMM:    24       24      C       84.7560  156.5870   14.1960
  QMMM:    25       25      C       84.3860  156.3780   12.8750
  QMMM:    26       26      C       82.5750  149.5570   20.9880
  QMMM:    27       27      C       81.8160  148.4930   21.7490
  QMMM:    28       28      C       83.3120  148.4370   21.6860
  QMMM:    29       29      N       83.7510  147.6540   16.7060
  QMMM:    30       30      C       85.1980  147.8040   16.5550
  QMMM:    31       31      C       85.8780  147.5470   17.8680
  QMMM:    32       32      C       87.3740  147.3610   17.9390
  QMMM:    33       33      C       86.4610  146.1930   18.1900
  QMMM:    34       34      H       83.8450  150.5730   13.7540
  QMMM:    35       35      H       84.6440  149.9820   15.2590
  QMMM:    36       36      H       82.5800  153.6470   15.6270
  QMMM:    37       37      H       82.5770  152.8950   13.9760
  QMMM:    38       38      H       82.4580  148.8020   14.8030
  QMMM:    39       39      H       80.4520  152.5110   14.9900
  QMMM:    40       40      H       81.3610  152.7140   17.4110
  QMMM:    41       41      H       79.9800  151.5660   17.0660
  QMMM:    42       42      H       80.1730  147.9410   14.7810
  QMMM:    43       43      H       79.2660  148.3730   13.2920
  QMMM:    44       44      H       81.0620  148.4090   13.2920
  QMMM:    45       45      H       84.5420  153.0840   12.6450
  QMMM:    46       46      H       85.3380  155.6000   16.0380
  QMMM:    47       47      H       84.8280  157.6050   14.6060
  QMMM:    48       48      H       84.1600  157.2570   12.2550
  QMMM:    49       49      H       82.6150  150.6560   21.0140
  QMMM:    50       50      H       81.3150  148.7460   22.6950
  QMMM:    51       51      H       81.0020  147.7940   21.5040
  QMMM:    52       52      H       83.8080  147.6530   21.0940
  QMMM:    53       53      H       84.1190  148.3850   22.4320
  QMMM:    54       54      H       83.2350  146.8630   16.2950
  QMMM:    55       55      H       85.5630  147.0830   15.8090
  QMMM:    56       56      H       85.4240  148.8280   16.2250
  QMMM:    57       57      H       85.1510  148.2160   18.3520
  QMMM:    58       58      H       87.9770  147.4000   17.0190
  QMMM:    59       59      H       88.1920  147.8430   18.4950
  QMMM:    60       60      H       86.3640  145.7800   19.2050
  QMMM:    61       61      H       86.3580  145.1830   17.7690

--------------------------------------------------------------------------------
  RESULTS
--------------------------------------------------------------------------------

      iter         sqm energy              rms gradient
      ----    -------------------    -----------------------
xmin    10       53.1909 kcal/mol        0.7795 kcal/(mol*A)
xmin    20       51.1919 kcal/mol        0.4001 kcal/(mol*A)
xmin    30       50.5226 kcal/mol        0.2134 kcal/(mol*A)
xmin    40       50.2941 kcal/mol        0.1831 kcal/(mol*A)
xmin    50       50.0241 kcal/mol        0.1245 kcal/(mol*A)
xmin    60       49.9296 kcal/mol        0.0705 kcal/(mol*A)
xmin    70       49.9156 kcal/mol        0.0079 kcal/(mol*A)
xmin    80       49.9151 kcal/mol        0.0021 kcal/(mol*A)
  ... geometry converged !
 
 Final MO eigenvalues (eV):
 -42.0948  -40.6021  -40.4141  -39.2782  -38.7282  -38.1840  -38.0614  -37.1908
 -36.4971  -35.8222  -33.9948  -33.8902  -33.2469  -32.4189  -32.1099  -30.5887
 -28.5847  -27.9535  -27.0805  -25.9177  -25.3409  -24.8887  -24.5515  -23.3162
 -23.2264  -22.9339  -22.7943  -21.8984  -21.1571  -20.6416  -19.7253  -19.1864
 -18.7314  -18.7029  -18.1179  -17.9348  -17.8526  -17.4202  -17.3765  -17.1551
 -16.6442  -16.5262  -16.2460  -16.1285  -15.8346  -15.6869  -15.5979  -15.5142
 -15.3913  -15.1069  -15.0638  -14.8398  -14.7281  -14.5436  -14.5134  -14.0371
 -13.8554  -13.7486  -13.6256  -13.4197  -13.2776  -13.1485  -13.0633  -13.0235
 -12.9681  -12.8698  -12.7192  -12.6408  -12.5834  -12.4362  -12.3112  -12.2567
 -12.1430  -11.7259  -11.6251  -11.5010  -11.4887  -11.2347  -11.1650  -11.0845
 -11.0084  -10.8077  -10.6986  -10.4685  -10.2455   -9.8675   -9.6938   -1.0204
  -0.5769   -0.3465   -0.2551   -0.1149    1.0799    1.5736    1.8146    2.1291
   2.1441    2.3392    2.6546    2.7134    2.8020    2.9249    2.9458    3.0710
   3.1059    3.1534    3.1804    3.1960    3.2632    3.2970    3.3040    3.5118
   3.5399    3.5856    3.6289    3.6826    3.6935    3.7511    3.7724    3.8070
   3.8242    3.8725    3.9329    3.9733    4.0127    4.0676    4.0895    4.1148
   4.1382    4.1557    4.1589    4.2098    4.2747    4.3510    4.3881    4.4832
   4.4978    4.5274    4.5668    4.6439    4.6637    4.6713    4.6918    4.8013
   4.9043    4.9557    5.0068    5.0471    5.0750    5.0754    5.0883    5.1253
   5.1843    5.6212    5.7176    5.9235    6.0090    6.1532    6.7693    6.8870


 Heat of formation   =         49.91510603 kcal/mol  (        2.16448142 eV)

 Total SCF energy    =    -131998.91052714 kcal/mol  (    -5723.90228208 eV)
 Electronic energy   =   -1213810.19512088 kcal/mol  (   -52634.75977281 eV)
 Core-core repulsion =    1081811.28459374 kcal/mol  (    46910.85749073 eV)
 
    Atomic Charges for Step       1 :
  Atom    Element       Mulliken Charge
     1      N                 -0.833
     2      C                 -0.019
     3      C                 -0.018
     4      C                  0.075
     5      C                  0.007
     6      N                 -0.321
     7      C                 -0.198
     8      C                 -0.148
     9      C                  0.309
    10      C                  0.104
    11      C                  0.048
    12      O                 -0.362
    13      C                 -0.238
    14      N                 -0.216
    15      N                 -0.175
    16      C                  0.088
    17      S                  2.853
    18      O                 -0.932
    19      O                 -0.928
    20      C                 -0.877
    21      C                  0.042
    22      C                  0.021
    23      N                 -0.154
    24      C                 -0.207
    25      C                 -0.009
    26      C                 -0.126
    27      C                 -0.191
    28      C                 -0.187
    29      N                 -0.257
    30      C                 -0.061
    31      C                 -0.197
    32      C                 -0.199
    33      C                 -0.217
    34      H                  0.088
    35      H                  0.123
    36      H                  0.113
    37      H                  0.087
    38      H                  0.136
    39      H                  0.142
    40      H                  0.128
    41      H                  0.124
    42      H                  0.105
    43      H                  0.118
    44      H                  0.103
    45      H                  0.178
    46      H                  0.161
    47      H                  0.155
    48      H                  0.167
    49      H                  0.147
    50      H                  0.110
    51      H                  0.124
    52      H                  0.126
    53      H                  0.112
    54      H                  0.178
    55      H                  0.092
    56      H                  0.127
    57      H                  0.138
    58      H                  0.110
    59      H                  0.113
    60      H                  0.111
    61      H                  0.106
 Total Mulliken Charge =       0.000
 
                  X        Y        Z     TOTAL  
  QM DIPOLE     1.293   -0.254   -2.974    3.253
 
 Final Structure

  QMMM: QM Region Cartesian Coordinates (*=link atom) 
  QMMM: QM_NO.   MM_NO.  ATOM         X         Y         Z
  QMMM:     1        1      N       83.1313  152.3331   15.3632
  QMMM:     2        2      C       83.2666  150.9952   14.8470
  QMMM:     3        3      C       81.8102  152.8996   15.2622
  QMMM:     4        4      C       82.1135  150.0472   15.3117
  QMMM:     5        5      C       80.6584  151.9176   15.6371
  QMMM:     6        6      N       80.8403  150.6496   14.9458
  QMMM:     7        7      C       82.2195  149.8395   16.7997
  QMMM:     8        8      C       80.5672  151.7338   17.1611
  QMMM:     9        9      C       79.7454  149.9270   14.4764
  QMMM:    10       10      C       83.0735  148.8598   17.3774
  QMMM:    11       11      C       81.4589  150.6430   17.6911
  QMMM:    12       12      O       78.6220  150.4663   14.4349
  QMMM:    13       13      C       79.9558  148.5300   13.9512
  QMMM:    14       14      N       83.1031  148.6636   18.7284
  QMMM:    15       15      N       81.4964  150.4594   19.0296
  QMMM:    16       16      C       82.3120  149.4626   19.5007
  QMMM:    17       17      S       84.3824  153.1182   16.0478
  QMMM:    18       18      O       85.3294  152.1768   16.5135
  QMMM:    19       19      O       83.9036  154.0723   16.9714
  QMMM:    20       20      C       85.0753  153.9527   14.7548
  QMMM:    21       21      C       86.0712  153.3591   13.9478
  QMMM:    22       22      C       84.7205  155.2778   14.4630
  QMMM:    23       23      N       86.6761  153.9772   12.9198
  QMMM:    24       24      C       85.3366  155.9411   13.4042
  QMMM:    25       25      C       86.3065  155.2471   12.6567
  QMMM:    26       26      C       82.3335  149.2600   20.9816
  QMMM:    27       27      C       82.4940  147.8738   21.5572
  QMMM:    28       28      C       83.6147  148.8593   21.6723
  QMMM:    29       29      N       83.9083  148.0691   16.5084
  QMMM:    30       30      C       85.3175  148.4360   16.5556
  QMMM:    31       31      C       86.1397  147.7463   17.6137
  QMMM:    32       32      C       87.5963  147.4896   17.3386
  QMMM:    33       33      C       86.6304  146.3431   17.3732
  QMMM:    34       34      H       83.2635  151.0229   13.7193
  QMMM:    35       35      H       84.2411  150.5476   15.1970
  QMMM:    36       36      H       81.7379  153.7950   15.9446
  QMMM:    37       37      H       81.6343  153.2401   14.2003
  QMMM:    38       38      H       82.2438  149.0678   14.7682
  QMMM:    39       39      H       79.6943  152.3894   15.2807
  QMMM:    40       40      H       80.8198  152.7043   17.6669
  QMMM:    41       41      H       79.5036  151.4827   17.4287
  QMMM:    42       42      H       80.2889  147.8511   14.7730
  QMMM:    43       43      H       78.9845  148.1559   13.5432
  QMMM:    44       44      H       80.7176  148.5231   13.1349
  QMMM:    45       45      H       86.4119  152.3245   14.1577
  QMMM:    46       46      H       83.9668  155.7912   15.0859
  QMMM:    47       47      H       85.0796  156.9794   13.1567
  QMMM:    48       48      H       86.8203  155.7296   11.8043
  QMMM:    49       49      H       81.6603  149.9638   21.5154
  QMMM:    50       50      H       81.9034  147.6176   22.4554
  QMMM:    51       51      H       82.6046  147.0113   20.8762
  QMMM:    52       52      H       84.5298  148.7056   21.0724
  QMMM:    53       53      H       83.8361  149.3168   22.6535
  QMMM:    54       54      H       83.8019  147.0914   16.7287
  QMMM:    55       55      H       85.7252  148.1745   15.5354
  QMMM:    56       56      H       85.4207  149.5525   16.6948
  QMMM:    57       57      H       85.8412  148.0266   18.6441
  QMMM:    58       58      H       88.0222  147.8036   16.3690
  QMMM:    59       59      H       88.3205  147.6104   18.1635
  QMMM:    60       60      H       86.6626  145.6369   18.2213
  QMMM:    61       61      H       86.3654  145.8387   16.4270

           --------- Calculation Completed ----------

