            --------------------------------------------------------
                             AMBER SQM VERSION 19
 
                                     By
              Ross C. Walker, Michael F. Crowley, Scott Brozell,
                         Tim Giese, Andreas W. Goetz,
                        Tai-Sung Lee and David A. Case
 
            --------------------------------------------------------
 

--------------------------------------------------------------------------------
  QM CALCULATION INFO
--------------------------------------------------------------------------------

| QMMM: Citation for AMBER QMMM Run:
| QMMM: R.C. Walker, M.F. Crowley and D.A. Case, J. COMP. CHEM. 29:1019, 2008

QMMM: SINGLET STATE CALCULATION
QMMM: RHF CALCULATION, NO. OF DOUBLY OCCUPIED LEVELS = 87

| QMMM: *** Selected Hamiltonian *** 
| QMMM: AM1         

| QMMM: *** Parameter sets in use ***
| QMMM: N : M.J.S.DEWAR et al. JACS, 107, 3902, (1985)
| QMMM: C : M.J.S.DEWAR et al. JACS, 107, 3902, (1985)
| QMMM: O : M.J.S.DEWAR et al. JACS, 107, 3902, (1985)
| QMMM: S : M.J.S.DEWAR et al. INORG. CHEM., 29, 3881, (1990)
| QMMM: H : M.J.S.DEWAR et al. JACS, 107, 3902, (1985)

| QMMM: *** SCF convergence criteria ***
| QMMM: Energy change                :  0.1D-09 kcal/mol
| QMMM: Error matrix |FP-PF|         :  0.1D+00 au
| QMMM: Density matrix change        :  0.5D-06
| QMMM: Maximum number of SCF cycles :     1000

| QMMM: *** Diagonalization Routine Information ***
| QMMM: Pseudo diagonalizations are allowed.
| QMMM: Auto diagonalization routine selection is in use.
| QMMM:
| QMMM: Timing diagonalization routines:
| QMMM:                              norbs =      160
| QMMM:    diag iterations used for timing =        5
| QMMM:
| QMMM:              Internal diag routine = 0.030194 seconds
| QMMM:                 Dspev diag routine = 0.029248 seconds
| QMMM:                Dspevd diag routine = 0.014290 seconds
| QMMM:                Dspevx diag routine = 0.069799 seconds
| QMMM:                 Dsyev diag routine = 0.019059 seconds
| QMMM:                Dsyevd diag routine = 0.009907 seconds
| QMMM:                Dsyevr diag routine = 0.015102 seconds
| QMMM:
| QMMM:                Pseudo diag routine = 0.014924 seconds
| QMMM: Pseudo diagonalization appears to be slower than regular
| QMMM: diagonalization. Setting pseudo_diag=0 for optimum performance.
| QMMM:
| QMMM: Using dsyevd routine (diag_routine=6).

  QMMM: QM Region Cartesian Coordinates (*=link atom) 
  QMMM: QM_NO.   MM_NO.  ATOM         X         Y         Z
  QMMM:     1        1      N       84.1370  154.3390   14.4660
  QMMM:     2        2      C       82.8770  153.5130   14.2590
  QMMM:     3        3      C       85.2170  153.6390   15.2330
  QMMM:     4        4      C       83.1040  151.9800   14.3540
  QMMM:     5        5      C       85.4830  152.1730   14.7700
  QMMM:     6        6      N       84.4440  151.6910   13.8520
  QMMM:     7        7      C       82.9460  151.4570   15.7700
  QMMM:     8        8      C       85.4570  151.2340   15.9840
  QMMM:     9        9      C       84.6120  151.2620   12.5520
  QMMM:    10       10      C       81.7100  151.3300   16.3870
  QMMM:    11       11      C       84.0550  151.1320   16.5470
  QMMM:    12       12      O       83.6550  151.0180   11.8170
  QMMM:    13       13      C       86.0250  151.0610   12.0690
  QMMM:    14       14      N       81.6080  150.9500   17.6700
  QMMM:    15       15      N       83.9580  150.7240   17.8250
  QMMM:    16       16      C       82.7260  150.6510   18.3580
  QMMM:    17       17      S       84.7010  155.2220   13.1200
  QMMM:    18       18      O       83.6700  155.1880   12.1080
  QMMM:    19       19      O       86.0430  154.7650   12.8230
  QMMM:    20       20      C       84.8410  156.8570   13.7430
  QMMM:    21       21      C       85.2510  157.8810   12.9110
  QMMM:    22       22      C       84.5550  157.1330   15.0790
  QMMM:    23       23      N       85.3730  159.1640   13.3310
  QMMM:    24       24      C       84.6800  158.4430   15.5320
  QMMM:    25       25      C       85.0870  159.4140   14.6290
  QMMM:    26       26      C       82.5890  150.2040   19.7920
  QMMM:    27       27      C       81.5910  149.1280   20.1610
  QMMM:    28       28      C       83.0590  148.8280   20.2100
  QMMM:    29       29      N       80.5460  151.6490   15.6650
  QMMM:    30       30      C       79.8950  150.5520   14.9520
  QMMM:    31       31      C       78.4040  150.7260   14.9730
  QMMM:    32       32      C       77.5330  149.8440   15.8340
  QMMM:    33       33      C       77.5020  149.6990   14.3370
  QMMM:    34       34      H       82.1440  153.8030   15.0270
  QMMM:    35       35      H       82.5250  153.7210   13.2380
  QMMM:    36       36      H       86.1490  154.2120   15.1180
  QMMM:    37       37      H       84.8780  153.5840   16.2780
  QMMM:    38       38      H       82.3390  151.4710   13.7490
  QMMM:    39       39      H       86.4600  152.1730   14.2650
  QMMM:    40       40      H       85.7960  150.2340   15.6760
  QMMM:    41       41      H       86.1230  151.6380   16.7610
  QMMM:    42       42      H       86.6980  150.9650   12.9340
  QMMM:    43       43      H       86.0780  150.1460   11.4600
  QMMM:    44       44      H       86.3300  151.9250   11.4600
  QMMM:    45       45      H       85.4890  157.6450   11.8630
  QMMM:    46       46      H       84.2360  156.3320   15.7620
  QMMM:    47       47      H       84.4620  158.7010   16.5790
  QMMM:    48       48      H       85.1840  160.4490   14.9910
  QMMM:    49       49      H       82.7900  151.2320   20.1270
  QMMM:    50       50      H       81.0160  149.2100   21.0950
  QMMM:    51       51      H       80.7220  148.6730   19.6640
  QMMM:    52       52      H       83.5070  148.1510   19.4670
  QMMM:    53       53      H       83.7470  148.4430   20.9770
  QMMM:    54       54      H       80.1710  152.6080   15.6390
  QMMM:    55       55      H       80.2440  150.5390   13.9090
  QMMM:    56       56      H       80.1500  149.6030   15.4480
  QMMM:    57       57      H       78.5470  151.8120   14.8670
  QMMM:    58       58      H       77.9890  149.0580   16.4530
  QMMM:    59       59      H       76.7770  150.0210   16.6130
  QMMM:    60       60      H       76.6150  150.0210   13.7720
  QMMM:    61       61      H       77.6470  148.8650   13.6340

--------------------------------------------------------------------------------
  RESULTS
--------------------------------------------------------------------------------

      iter         sqm energy              rms gradient
      ----    -------------------    -----------------------
xmin    10       59.6668 kcal/mol        1.7159 kcal/(mol*A)
xmin    20       56.6465 kcal/mol        0.6689 kcal/(mol*A)
xmin    30       55.4195 kcal/mol        1.2279 kcal/(mol*A)
xmin    40       54.5823 kcal/mol        0.2858 kcal/(mol*A)
xmin    50       54.2921 kcal/mol        0.2988 kcal/(mol*A)
xmin    60       54.1365 kcal/mol        0.0540 kcal/(mol*A)
xmin    70       54.0299 kcal/mol        0.0707 kcal/(mol*A)
xmin    80       53.9654 kcal/mol        0.2647 kcal/(mol*A)
xmin    90       53.8377 kcal/mol        0.1787 kcal/(mol*A)
xmin   100       53.8099 kcal/mol        0.0621 kcal/(mol*A)
xmin   110       53.8056 kcal/mol        0.0098 kcal/(mol*A)
xmin   120       53.8034 kcal/mol        0.0044 kcal/(mol*A)
xmin   130       53.8031 kcal/mol        0.0013 kcal/(mol*A)
xmin   140       53.8030 kcal/mol        0.0007 kcal/(mol*A)
  ... geometry converged !
 
 Final MO eigenvalues (eV):
 -42.1747  -40.5291  -40.4585  -39.3788  -38.7635  -38.1591  -38.1010  -37.1660
 -36.7004  -35.9411  -33.8938  -33.8163  -33.6307  -32.3427  -32.1215  -30.7628
 -28.6684  -27.9511  -27.3587  -25.7775  -25.2543  -24.8304  -24.5322  -23.4395
 -23.2769  -22.9845  -22.8209  -22.0199  -21.3280  -20.6754  -19.7680  -19.1042
 -18.7403  -18.6828  -18.1949  -18.0613  -17.8700  -17.5793  -17.3641  -17.1425
 -16.9730  -16.6298  -16.3961  -16.0239  -15.9348  -15.6402  -15.5580  -15.4403
 -15.3775  -15.2299  -15.0615  -14.9536  -14.9010  -14.4438  -14.1608  -14.0721
 -14.0077  -13.7562  -13.6992  -13.6421  -13.5789  -13.3509  -13.3097  -13.1230
 -12.9675  -12.8873  -12.7350  -12.5912  -12.5288  -12.4315  -12.3591  -12.3178
 -12.0161  -11.8625  -11.6974  -11.6166  -11.4706  -11.4123  -11.2121  -11.1429
 -11.1012  -10.6710  -10.5490  -10.4416  -10.3954   -9.9612   -9.6264   -0.9589
  -0.5285   -0.3556   -0.1905   -0.1810    0.9726    1.4471    1.9007    2.0679
   2.2166    2.2768    2.4904    2.7034    2.7677    2.8345    2.9098    2.9421
   3.0323    3.0494    3.0935    3.1898    3.2194    3.2954    3.3718    3.4051
   3.4201    3.4675    3.6315    3.6343    3.6682    3.7062    3.7604    3.7836
   3.8105    3.8406    3.8729    3.8768    3.9451    3.9780    4.0005    4.0436
   4.0657    4.0974    4.1074    4.1800    4.2361    4.2873    4.3356    4.3634
   4.3826    4.4838    4.5160    4.5528    4.6086    4.6340    4.6628    4.6959
   4.8174    4.8683    4.9212    4.9455    4.9666    4.9946    5.0305    5.0384
   5.2851    5.4014    5.7336    5.9084    5.9459    6.2278    6.6691    6.8248


 Heat of formation   =         53.80303500 kcal/mol  (        2.33307467 eV)

 Total SCF energy    =    -131995.02259817 kcal/mol  (    -5723.73368883 eV)
 Electronic energy   =   -1199230.47526177 kcal/mol  (   -52002.53567763 eV)
 Core-core repulsion =    1067235.45266360 kcal/mol  (    46278.80198880 eV)
 
    Atomic Charges for Step       1 :
  Atom    Element       Mulliken Charge
     1      N                 -0.826
     2      C                 -0.015
     3      C                 -0.018
     4      C                  0.068
     5      C                  0.013
     6      N                 -0.313
     7      C                 -0.203
     8      C                 -0.147
     9      C                  0.312
    10      C                  0.119
    11      C                  0.037
    12      O                 -0.361
    13      C                 -0.238
    14      N                 -0.210
    15      N                 -0.181
    16      C                  0.078
    17      S                  2.855
    18      O                 -0.925
    19      O                 -0.933
    20      C                 -0.876
    21      C                  0.041
    22      C                  0.022
    23      N                 -0.155
    24      C                 -0.207
    25      C                 -0.009
    26      C                 -0.114
    27      C                 -0.193
    28      C                 -0.193
    29      N                 -0.255
    30      C                 -0.052
    31      C                 -0.205
    32      C                 -0.203
    33      C                 -0.203
    34      H                  0.091
    35      H                  0.117
    36      H                  0.113
    37      H                  0.086
    38      H                  0.155
    39      H                  0.113
    40      H                  0.110
    41      H                  0.123
    42      H                  0.097
    43      H                  0.120
    44      H                  0.110
    45      H                  0.182
    46      H                  0.159
    47      H                  0.154
    48      H                  0.166
    49      H                  0.141
    50      H                  0.113
    51      H                  0.121
    52      H                  0.120
    53      H                  0.113
    54      H                  0.188
    55      H                  0.105
    56      H                  0.116
    57      H                  0.121
    58      H                  0.114
    59      H                  0.111
    60      H                  0.111
    61      H                  0.118
 Total Mulliken Charge =      -0.000
 
                  X        Y        Z     TOTAL  
  QM DIPOLE    -0.464   -1.221    3.864    4.079
 
 Final Structure

  QMMM: QM Region Cartesian Coordinates (*=link atom) 
  QMMM: QM_NO.   MM_NO.  ATOM         X         Y         Z
  QMMM:     1        1      N       84.4573  154.2837   13.8817
  QMMM:     2        2      C       83.1064  153.8154   14.0633
  QMMM:     3        3      C       85.5141  153.4293   14.3490
  QMMM:     4        4      C       82.9431  152.2589   14.0843
  QMMM:     5        5      C       85.2958  151.8918   14.1388
  QMMM:     6        6      N       84.0687  151.6221   13.4140
  QMMM:     7        7      C       82.8271  151.8060   15.5186
  QMMM:     8        8      C       85.2892  151.1980   15.5144
  QMMM:     9        9      C       83.8808  150.5044   12.6024
  QMMM:    10       10      C       81.5950  151.8509   16.2381
  QMMM:    11       11      C       83.9742  151.3672   16.2291
  QMMM:    12       12      O       82.7265  150.1558   12.2858
  QMMM:    13       13      C       85.0898  149.7844   12.0624
  QMMM:    14       14      N       81.5542  151.5481   17.5733
  QMMM:    15       15      N       83.9345  151.0585   17.5461
  QMMM:    16       16      C       82.7233  151.1846   18.1701
  QMMM:    17       17      S       84.7710  155.6632   13.0676
  QMMM:    18       18      O       83.7064  155.9638   12.1930
  QMMM:    19       19      O       86.0665  155.6008   12.5081
  QMMM:    20       20      C       84.7879  156.8292   14.2873
  QMMM:    21       21      C       85.9936  157.2182   14.9126
  QMMM:    22       22      C       83.6156  157.4830   14.6933
  QMMM:    23       23      N       86.0764  158.1544   15.8725
  QMMM:    24       24      C       83.6769  158.4598   15.6845
  QMMM:    25       25      C       84.9311  158.7585   16.2492
  QMMM:    26       26      C       82.6843  150.9087   19.6406
  QMMM:    27       27      C       81.6835  149.9311   20.1943
  QMMM:    28       28      C       83.1390  149.5717   20.1603
  QMMM:    29       29      N       80.4038  152.2936   15.5860
  QMMM:    30       30      C       79.7966  151.3426   14.6685
  QMMM:    31       31      C       78.7803  150.4016   15.2657
  QMMM:    32       32      C       79.1769  148.9949   15.6283
  QMMM:    33       33      C       78.3165  149.2404   14.4262
  QMMM:    34       34      H       82.6921  154.2173   15.0321
  QMMM:    35       35      H       82.4739  154.2100   13.2144
  QMMM:    36       36      H       86.4681  153.7081   13.8123
  QMMM:    37       37      H       85.6669  153.6117   15.4527
  QMMM:    38       38      H       82.0053  152.0107   13.5049
  QMMM:    39       39      H       86.1735  151.5029   13.5470
  QMMM:    40       40      H       85.4690  150.0968   15.3740
  QMMM:    41       41      H       86.1335  151.5960   16.1367
  QMMM:    42       42      H       85.6782  149.3318   12.8968
  QMMM:    43       43      H       84.7419  148.9706   11.3794
  QMMM:    44       44      H       85.7418  150.4853   11.4869
  QMMM:    45       45      H       86.9535  156.7545   14.6044
  QMMM:    46       46      H       82.6542  157.2297   14.2130
  QMMM:    47       47      H       82.7746  158.9887   16.0186
  QMMM:    48       48      H       85.0302  159.5231   17.0421
  QMMM:    49       49      H       82.9234  151.8222   20.2216
  QMMM:    50       50      H       81.2052  150.1639   21.1625
  QMMM:    51       51      H       80.9860  149.4254   19.5033
  QMMM:    52       52      H       83.4900  148.8079   19.4440
  QMMM:    53       53      H       83.7132  149.5443   21.1036
  QMMM:    54       54      H       79.7228  152.6207   16.2520
  QMMM:    55       55      H       79.2761  151.9701   13.8861
  QMMM:    56       56      H       80.5977  150.7393   14.1509
  QMMM:    57       57      H       78.0324  150.9101   15.9065
  QMMM:    58       58      H       80.2247  148.6779   15.4798
  QMMM:    59       59      H       78.7310  148.5333   16.5269
  QMMM:    60       60      H       77.2501  148.9558   14.4576
  QMMM:    61       61      H       78.7510  149.1033   13.4194

           --------- Calculation Completed ----------

