            --------------------------------------------------------
                             AMBER SQM VERSION 19
 
                                     By
              Ross C. Walker, Michael F. Crowley, Scott Brozell,
                         Tim Giese, Andreas W. Goetz,
                        Tai-Sung Lee and David A. Case
 
            --------------------------------------------------------
 

--------------------------------------------------------------------------------
  QM CALCULATION INFO
--------------------------------------------------------------------------------

| QMMM: Citation for AMBER QMMM Run:
| QMMM: R.C. Walker, M.F. Crowley and D.A. Case, J. COMP. CHEM. 29:1019, 2008

QMMM: SINGLET STATE CALCULATION
QMMM: RHF CALCULATION, NO. OF DOUBLY OCCUPIED LEVELS = 87

| QMMM: *** Selected Hamiltonian *** 
| QMMM: AM1         

| QMMM: *** Parameter sets in use ***
| QMMM: C : M.J.S.DEWAR et al. JACS, 107, 3902, (1985)
| QMMM: N : M.J.S.DEWAR et al. JACS, 107, 3902, (1985)
| QMMM: O : M.J.S.DEWAR et al. JACS, 107, 3902, (1985)
| QMMM: S : M.J.S.DEWAR et al. INORG. CHEM., 29, 3881, (1990)
| QMMM: H : M.J.S.DEWAR et al. JACS, 107, 3902, (1985)

| QMMM: *** SCF convergence criteria ***
| QMMM: Energy change                :  0.1D-09 kcal/mol
| QMMM: Error matrix |FP-PF|         :  0.1D+00 au
| QMMM: Density matrix change        :  0.5D-06
| QMMM: Maximum number of SCF cycles :     1000

| QMMM: *** Diagonalization Routine Information ***
| QMMM: Pseudo diagonalizations are allowed.
| QMMM: Auto diagonalization routine selection is in use.
| QMMM:
| QMMM: Timing diagonalization routines:
| QMMM:                              norbs =      160
| QMMM:    diag iterations used for timing =        5
| QMMM:
| QMMM:              Internal diag routine = 0.032951 seconds
| QMMM:                 Dspev diag routine = 0.032078 seconds
| QMMM:                Dspevd diag routine = 0.014379 seconds
| QMMM:                Dspevx diag routine = 0.072166 seconds
| QMMM:                 Dsyev diag routine = 0.020413 seconds
| QMMM:                Dsyevd diag routine = 0.010865 seconds
| QMMM:                Dsyevr diag routine = 0.015952 seconds
| QMMM:
| QMMM:                Pseudo diag routine = 0.014528 seconds
| QMMM: Pseudo diagonalization appears to be slower than regular
| QMMM: diagonalization. Setting pseudo_diag=0 for optimum performance.
| QMMM:
| QMMM: Using dsyevd routine (diag_routine=6).

  QMMM: QM Region Cartesian Coordinates (*=link atom) 
  QMMM: QM_NO.   MM_NO.  ATOM         X         Y         Z
  QMMM:     1        1      C       87.5480  152.5570   11.9120
  QMMM:     2        2      N       86.8780  153.6910   12.2680
  QMMM:     3        3      C       87.0780  151.3400   12.4150
  QMMM:     4        4      C       85.8080  153.6490   13.0880
  QMMM:     5        5      C       85.9760  151.4090   13.2480
  QMMM:     6        6      C       87.4300  149.9660   12.3030
  QMMM:     7        7      N       85.3170  152.5170   13.6150
  QMMM:     8        8      N       85.6650  150.1320   13.6410
  QMMM:     9        9      C       86.5410  149.2430   13.0720
  QMMM:    10       10      C       84.5740  149.7920   14.5220
  QMMM:    11       11      N       85.2030  154.8510   13.4370
  QMMM:    12       12      C       84.0140  155.2460   12.6800
  QMMM:    13       13      C       85.3040  155.2500   14.8340
  QMMM:    14       14      C       84.1680  156.6300   12.0390
  QMMM:    15       15      C       84.8600  156.6960   15.0520
  QMMM:    16       16      O       83.7600  156.8660   10.8980
  QMMM:    17       17      N       84.6550  157.6820   12.7700
  QMMM:    18       18      C       85.4340  157.6250   13.9920
  QMMM:    19       19      C       91.4130  150.2660    8.5990
  QMMM:    20       20      O       92.6000  150.5910    8.6280
  QMMM:    21       21      N       90.4820  150.8460    9.4660
  QMMM:    22       22      C       89.0250  150.7960    9.2920
  QMMM:    23       23      C       91.0000  151.7260   10.5070
  QMMM:    24       24      C       88.3970  152.1630    9.5510
  QMMM:    25       25      C       89.9600  152.0300   11.5750
  QMMM:    26       26      C       88.7170  152.6940   10.9620
  QMMM:    27       27      S       90.2360  147.0000    6.6520
  QMMM:    28       28      C       90.1330  148.3660    5.6290
  QMMM:    29       29      C       90.7910  147.9550    7.9520
  QMMM:    30       30      C       90.5280  149.5280    6.2620
  QMMM:    31       31      C       90.9490  149.2890    7.6150
  QMMM:    32       32      O       90.5080  150.7770    5.7250
  QMMM:    33       33      C       89.2200  151.3560    5.5540
  QMMM:    34       34      H       88.2610  149.5550   11.7120
  QMMM:    35       35      H       86.5360  148.1510   13.2040
  QMMM:    36       36      H       84.9000  149.8940   15.5670
  QMMM:    37       37      H       83.7270  150.4690   14.3350
  QMMM:    38       38      H       84.2610  148.7540   14.3350
  QMMM:    39       39      H       83.8380  154.5050   11.8860
  QMMM:    40       40      H       83.1670  155.2900   13.3810
  QMMM:    41       41      H       84.6660  154.5890   15.4390
  QMMM:    42       42      H       86.3590  155.1710   15.1340
  QMMM:    43       43      H       83.7620  156.7430   15.0090
  QMMM:    44       44      H       85.2290  157.0250   16.0340
  QMMM:    45       45      H       84.4430  158.6230   12.4100
  QMMM:    46       46      H       85.4900  158.6390   14.4150
  QMMM:    47       47      H       86.4220  157.2230   13.7200
  QMMM:    48       48      H       88.7960  150.4840    8.2620
  QMMM:    49       49      H       88.6100  150.0760   10.0130
  QMMM:    50       50      H       91.8650  151.2420   10.9820
  QMMM:    51       51      H       91.2820  152.6780   10.0330
  QMMM:    52       52      H       88.7840  152.8770    8.8090
  QMMM:    53       53      H       87.3060  152.0540    9.4710
  QMMM:    54       54      H       89.6620  151.0900   12.0640
  QMMM:    55       55      H       90.4020  152.7210   12.3070
  QMMM:    56       56      H       88.9290  153.7640   10.8250
  QMMM:    57       57      H       89.7920  148.3250    4.5840
  QMMM:    58       58      H       91.0010  147.5530    8.9540
  QMMM:    59       59      H       88.7750  151.5560    6.5400
  QMMM:    60       60      H       89.3130  152.2990    4.9950
  QMMM:    61       61      H       88.5770  150.6600    4.9950

--------------------------------------------------------------------------------
  RESULTS
--------------------------------------------------------------------------------

      iter         sqm energy              rms gradient
      ----    -------------------    -----------------------
xmin    10       30.8481 kcal/mol        1.4993 kcal/(mol*A)
xmin    20       29.4819 kcal/mol        0.3811 kcal/(mol*A)
xmin    30       28.5728 kcal/mol        0.1705 kcal/(mol*A)
xmin    40       28.0538 kcal/mol        0.1836 kcal/(mol*A)
xmin    50       27.5427 kcal/mol        0.4315 kcal/(mol*A)
xmin    60       26.9281 kcal/mol        0.4916 kcal/(mol*A)
xmin    70       26.4459 kcal/mol        0.5093 kcal/(mol*A)
xmin    80       26.1887 kcal/mol        0.2882 kcal/(mol*A)
xmin    90       25.8968 kcal/mol        0.3546 kcal/(mol*A)
xmin   100       25.4964 kcal/mol        0.3590 kcal/(mol*A)
xmin   110       25.0681 kcal/mol        0.1361 kcal/(mol*A)
xmin   120       24.8618 kcal/mol        0.3263 kcal/(mol*A)
xmin   130       23.6221 kcal/mol        0.2586 kcal/(mol*A)
xmin   140       23.4719 kcal/mol        0.0623 kcal/(mol*A)
xmin   150       23.4290 kcal/mol        0.0146 kcal/(mol*A)
xmin   160       23.4277 kcal/mol        0.0093 kcal/(mol*A)
xmin   170       23.4273 kcal/mol        0.0046 kcal/(mol*A)
xmin   180       23.4272 kcal/mol        0.0014 kcal/(mol*A)
  ... geometry converged !
 
 Final MO eigenvalues (eV):
 -41.7409  -40.9018  -40.3922  -39.8823  -38.7366  -38.0553  -37.1728  -36.4498
 -35.7773  -34.7863  -33.3504  -32.7912  -32.1328  -31.7497  -30.2057  -29.5986
 -28.6403  -27.9072  -27.4814  -26.9083  -26.5623  -25.4930  -24.4050  -23.7220
 -23.3943  -22.4810  -21.5662  -20.9533  -20.8469  -20.5169  -19.5596  -19.0820
 -18.6376  -18.3404  -18.0567  -17.8278  -17.5379  -17.1086  -16.9510  -16.6959
 -16.6555  -16.6195  -16.4001  -16.0799  -15.9018  -15.7362  -15.6475  -15.2059
 -14.8979  -14.7678  -14.6844  -14.5723  -14.3596  -14.2662  -14.2187  -14.0833
 -14.0542  -13.9337  -13.9164  -13.6875  -13.6091  -13.2430  -13.1541  -13.0956
 -12.9913  -12.9094  -12.6089  -12.4812  -12.3802  -12.3170  -12.2052  -12.0849
 -12.0253  -11.9467  -11.8792  -11.3455  -11.2412  -10.9251  -10.6562  -10.2703
 -10.0752   -9.8663   -9.8273   -9.4610   -9.3036   -9.0257   -8.4354   -0.2181
  -0.1963    0.3510    0.4985    0.9182    1.0749    1.3425    1.4446    1.6489
   1.7359    1.9345    2.2143    2.2373    2.3701    2.6661    3.0435    3.2500
   3.3017    3.3586    3.4660    3.5416    3.5859    3.6542    3.6710    3.6947
   3.7225    3.7532    3.8421    3.8745    3.8902    3.9119    3.9700    4.0454
   4.0597    4.0693    4.0795    4.0943    4.1060    4.1236    4.1447    4.3095
   4.3297    4.3692    4.3830    4.4139    4.4595    4.5022    4.5315    4.5983
   4.6470    4.6520    4.6859    4.7058    4.7976    4.8789    4.9643    4.9929
   5.0903    5.1520    5.2438    5.5803    5.6612    5.6793    5.7604    5.8644
   6.0093    6.0260    6.3362    6.4280    6.5059    7.1214    7.2425    7.2490


 Heat of formation   =         23.42720086 kcal/mol  (        1.01587966 eV)

 Total SCF energy    =    -132025.39843231 kcal/mol  (    -5725.05088384 eV)
 Electronic energy   =   -1162971.82241061 kcal/mol  (   -50430.24250512 eV)
 Core-core repulsion =    1030946.42397831 kcal/mol  (    44705.19162128 eV)
 
    Atomic Charges for Step       1 :
  Atom    Element       Mulliken Charge
     1      C                  0.099
     2      N                 -0.223
     3      C                 -0.204
     4      C                  0.144
     5      C                  0.085
     6      C                 -0.169
     7      N                 -0.221
     8      N                 -0.153
     9      C                 -0.087
    10      C                 -0.072
    11      N                 -0.208
    12      C                 -0.050
    13      C                 -0.051
    14      C                  0.290
    15      C                 -0.207
    16      O                 -0.379
    17      N                 -0.385
    18      C                 -0.012
    19      C                  0.375
    20      O                 -0.359
    21      N                 -0.316
    22      C                 -0.016
    23      C                 -0.026
    24      C                 -0.180
    25      C                 -0.166
    26      C                 -0.062
    27      S                  0.614
    28      C                 -0.543
    29      C                 -0.390
    30      C                  0.073
    31      C                 -0.149
    32      O                 -0.188
    33      C                 -0.076
    34      H                  0.160
    35      H                  0.171
    36      H                  0.086
    37      H                  0.123
    38      H                  0.087
    39      H                  0.145
    40      H                  0.116
    41      H                  0.095
    42      H                  0.129
    43      H                  0.094
    44      H                  0.099
    45      H                  0.231
    46      H                  0.085
    47      H                  0.079
    48      H                  0.104
    49      H                  0.076
    50      H                  0.090
    51      H                  0.102
    52      H                  0.100
    53      H                  0.098
    54      H                  0.093
    55      H                  0.103
    56      H                  0.120
    57      H                  0.178
    58      H                  0.187
    59      H                  0.072
    60      H                  0.108
    61      H                  0.081
 Total Mulliken Charge =       0.000
 
                  X        Y        Z     TOTAL  
  QM DIPOLE    -2.672   -0.804   -5.074    5.790
 
 Final Structure

  QMMM: QM Region Cartesian Coordinates (*=link atom) 
  QMMM: QM_NO.   MM_NO.  ATOM         X         Y         Z
  QMMM:     1        1      C       87.5235  152.1598   12.1876
  QMMM:     2        2      N       87.4164  153.4230   12.6291
  QMMM:     3        3      C       86.5366  151.1952   12.4859
  QMMM:     4        4      C       86.3055  153.7715   13.4047
  QMMM:     5        5      C       85.4053  151.6585   13.2822
  QMMM:     6        6      C       86.2993  149.8018   12.2125
  QMMM:     7        7      N       85.2645  152.9344   13.7371
  QMMM:     8        8      N       84.5277  150.5783   13.4541
  QMMM:     9        9      C       85.0925  149.4626   12.8140
  QMMM:    10       10      C       83.3389  150.5797   14.2421
  QMMM:    11       11      N       86.2997  155.0887   13.9680
  QMMM:    12       12      C       85.1660  155.4549   14.7838
  QMMM:    13       13      C       86.8413  156.1745   13.1713
  QMMM:    14       14      C       83.7843  155.5108   14.1292
  QMMM:    15       15      C       85.8177  157.0216   12.4134
  QMMM:    16       16      O       82.7700  155.2529   14.8104
  QMMM:    17       17      N       83.6178  155.8950   12.8173
  QMMM:    18       18      C       84.6498  156.2021   11.8717
  QMMM:    19       19      C       91.5863  150.1723    9.0324
  QMMM:    20       20      O       92.7549  150.3663    9.4265
  QMMM:    21       21      N       90.5545  150.0783    9.9576
  QMMM:    22       22      C       89.1615  150.0125    9.5992
  QMMM:    23       23      C       90.8419  150.4184   11.3392
  QMMM:    24       24      C       88.3376  151.2393   10.0039
  QMMM:    25       25      C       89.6029  150.8062   12.1430
  QMMM:    26       26      C       88.7404  151.7919   11.3666
  QMMM:    27       27      S       91.4058  148.9897    5.2563
  QMMM:    28       28      C       90.5716  150.4247    5.4226
  QMMM:    29       29      C       91.7994  148.8891    6.8688
  QMMM:    30       30      C       90.5794  150.8562    6.7368
  QMMM:    31       31      C       91.3039  149.9541    7.5963
  QMMM:    32       32      O       89.9893  151.9724    7.2690
  QMMM:    33       33      C       89.4717  152.8905    6.3064
  QMMM:    34       34      H       86.9480  149.1443   11.6397
  QMMM:    35       35      H       84.5712  148.5036   12.8346
  QMMM:    36       36      H       83.5781  150.3287   15.3117
  QMMM:    37       37      H       82.8591  151.5949   14.2089
  QMMM:    38       38      H       82.6241  149.8145   13.8380
  QMMM:    39       39      H       85.0849  154.7250   15.6416
  QMMM:    40       40      H       85.3673  156.4799   15.2117
  QMMM:    41       41      H       87.3878  156.8459   13.8972
  QMMM:    42       42      H       87.6050  155.7869   12.4416
  QMMM:    43       43      H       85.4412  157.8457   13.0737
  QMMM:    44       44      H       86.3390  157.5016   11.5443
  QMMM:    45       45      H       82.6876  155.8752   12.4629
  QMMM:    46       46      H       84.1701  156.7868   11.0327
  QMMM:    47       47      H       85.0573  155.2464   11.4245
  QMMM:    48       48      H       89.0554  149.8645    8.4881
  QMMM:    49       49      H       88.7268  149.1043   10.1128
  QMMM:    50       50      H       91.3330  149.5264   11.8236
  QMMM:    51       51      H       91.5867  151.2670   11.3636
  QMMM:    52       52      H       88.4717  152.0415    9.2302
  QMMM:    53       53      H       87.2573  150.9385    9.9985
  QMMM:    54       54      H       89.0023  149.8937   12.3962
  QMMM:    55       55      H       89.9400  151.2713   13.1052
  QMMM:    56       56      H       89.3667  152.7160   11.1904
  QMMM:    57       57      H       90.0967  150.9366    4.5892
  QMMM:    58       58      H       92.3982  148.0809    7.2917
  QMMM:    59       59      H       88.6345  152.4210    5.7350
  QMMM:    60       60      H       89.1012  153.7406    6.9327
  QMMM:    61       61      H       90.2778  153.2264    5.6107

           --------- Calculation Completed ----------

