            --------------------------------------------------------
                             AMBER SQM VERSION 19
 
                                     By
              Ross C. Walker, Michael F. Crowley, Scott Brozell,
                         Tim Giese, Andreas W. Goetz,
                        Tai-Sung Lee and David A. Case
 
            --------------------------------------------------------
 

--------------------------------------------------------------------------------
  QM CALCULATION INFO
--------------------------------------------------------------------------------

| QMMM: Citation for AMBER QMMM Run:
| QMMM: R.C. Walker, M.F. Crowley and D.A. Case, J. COMP. CHEM. 29:1019, 2008

QMMM: SINGLET STATE CALCULATION
QMMM: RHF CALCULATION, NO. OF DOUBLY OCCUPIED LEVELS = 87

| QMMM: *** Selected Hamiltonian *** 
| QMMM: AM1         

| QMMM: *** Parameter sets in use ***
| QMMM: N : M.J.S.DEWAR et al. JACS, 107, 3902, (1985)
| QMMM: C : M.J.S.DEWAR et al. JACS, 107, 3902, (1985)
| QMMM: O : M.J.S.DEWAR et al. JACS, 107, 3902, (1985)
| QMMM: S : M.J.S.DEWAR et al. INORG. CHEM., 29, 3881, (1990)
| QMMM: H : M.J.S.DEWAR et al. JACS, 107, 3902, (1985)

| QMMM: *** SCF convergence criteria ***
| QMMM: Energy change                :  0.1D-09 kcal/mol
| QMMM: Error matrix |FP-PF|         :  0.1D+00 au
| QMMM: Density matrix change        :  0.5D-06
| QMMM: Maximum number of SCF cycles :     1000

| QMMM: *** Diagonalization Routine Information ***
| QMMM: Pseudo diagonalizations are allowed.
| QMMM: Auto diagonalization routine selection is in use.
| QMMM:
| QMMM: Timing diagonalization routines:
| QMMM:                              norbs =      160
| QMMM:    diag iterations used for timing =        5
| QMMM:
| QMMM:              Internal diag routine = 0.029773 seconds
| QMMM:                 Dspev diag routine = 0.131200 seconds
| QMMM:                Dspevd diag routine = 0.017124 seconds
| QMMM:                Dspevx diag routine = 0.075675 seconds
| QMMM:                 Dsyev diag routine = 0.028118 seconds
| QMMM:                Dsyevd diag routine = 0.014867 seconds
| QMMM:                Dsyevr diag routine = 0.017545 seconds
| QMMM:
| QMMM:                Pseudo diag routine = 0.014671 seconds
| QMMM:
| QMMM: Using dsyevd routine (diag_routine=6).

  QMMM: QM Region Cartesian Coordinates (*=link atom) 
  QMMM: QM_NO.   MM_NO.  ATOM         X         Y         Z
  QMMM:     1        1      N       84.1370  154.3390   14.4660
  QMMM:     2        2      C       82.8770  153.5130   14.2590
  QMMM:     3        3      C       85.2170  153.6390   15.2330
  QMMM:     4        4      C       83.1040  151.9800   14.3540
  QMMM:     5        5      C       85.4830  152.1730   14.7700
  QMMM:     6        6      N       84.4440  151.6910   13.8520
  QMMM:     7        7      C       82.9460  151.4570   15.7700
  QMMM:     8        8      C       85.4570  151.2340   15.9840
  QMMM:     9        9      C       84.6120  151.2620   12.5520
  QMMM:    10       10      C       81.7100  151.3300   16.3870
  QMMM:    11       11      C       84.0550  151.1320   16.5470
  QMMM:    12       12      O       83.6550  151.0180   11.8170
  QMMM:    13       13      C       86.0250  151.0610   12.0690
  QMMM:    14       14      N       81.6080  150.9500   17.6700
  QMMM:    15       15      N       83.9580  150.7240   17.8250
  QMMM:    16       16      C       82.7260  150.6510   18.3580
  QMMM:    17       17      S       84.7010  155.2220   13.1200
  QMMM:    18       18      O       83.6700  155.1880   12.1080
  QMMM:    19       19      O       86.0430  154.7650   12.8230
  QMMM:    20       20      C       84.8410  156.8570   13.7430
  QMMM:    21       21      C       85.2510  157.8810   12.9110
  QMMM:    22       22      C       84.5550  157.1330   15.0790
  QMMM:    23       23      N       85.3730  159.1640   13.3310
  QMMM:    24       24      C       84.6800  158.4430   15.5320
  QMMM:    25       25      C       85.0870  159.4140   14.6290
  QMMM:    26       26      C       82.5890  150.2040   19.7920
  QMMM:    27       27      C       81.5910  149.1280   20.1610
  QMMM:    28       28      C       83.0590  148.8280   20.2100
  QMMM:    29       29      N       80.5460  151.6490   15.6650
  QMMM:    30       30      H       80.7480  152.4070   15.0160
  QMMM:    31       31      C       79.8950  150.5520   14.9520
  QMMM:    32       32      C       78.4040  150.7260   14.9730
  QMMM:    33       33      C       77.5330  149.8440   15.8340
  QMMM:    34       34      C       77.5020  149.6990   14.3370
  QMMM:    35       35      H       82.1440  153.8030   15.0270
  QMMM:    36       36      H       82.5250  153.7210   13.2380
  QMMM:    37       37      H       86.1490  154.2120   15.1180
  QMMM:    38       38      H       84.8780  153.5840   16.2780
  QMMM:    39       39      H       82.3390  151.4710   13.7490
  QMMM:    40       40      H       86.4600  152.1730   14.2650
  QMMM:    41       41      H       85.7960  150.2340   15.6760
  QMMM:    42       42      H       86.1230  151.6380   16.7610
  QMMM:    43       43      H       86.6980  150.9650   12.9340
  QMMM:    44       44      H       86.0780  150.1460   11.4600
  QMMM:    45       45      H       86.3300  151.9250   11.4600
  QMMM:    46       46      H       85.4890  157.6450   11.8630
  QMMM:    47       47      H       84.2360  156.3320   15.7620
  QMMM:    48       48      H       84.4620  158.7010   16.5790
  QMMM:    49       49      H       85.1840  160.4490   14.9910
  QMMM:    50       50      H       82.7900  151.2320   20.1270
  QMMM:    51       51      H       81.0160  149.2100   21.0950
  QMMM:    52       52      H       80.7220  148.6730   19.6640
  QMMM:    53       53      H       83.5070  148.1510   19.4670
  QMMM:    54       54      H       83.7470  148.4430   20.9770
  QMMM:    55       55      H       80.2440  150.5390   13.9090
  QMMM:    56       56      H       80.1500  149.6030   15.4480
  QMMM:    57       57      H       78.5470  151.8120   14.8670
  QMMM:    58       58      H       77.9890  149.0580   16.4530
  QMMM:    59       59      H       76.7770  150.0210   16.6130
  QMMM:    60       60      H       76.6150  150.0210   13.7720
  QMMM:    61       61      H       77.6470  148.8650   13.6340

--------------------------------------------------------------------------------
  RESULTS
--------------------------------------------------------------------------------

      iter         sqm energy              rms gradient
      ----    -------------------    -----------------------
xmin    10       59.7488 kcal/mol        1.4312 kcal/(mol*A)
xmin    20       55.0293 kcal/mol        1.3339 kcal/(mol*A)
xmin    30       52.4731 kcal/mol        0.4835 kcal/(mol*A)
xmin    40       51.8133 kcal/mol        0.0729 kcal/(mol*A)
xmin    50       51.6666 kcal/mol        0.1922 kcal/(mol*A)
xmin    60       51.6055 kcal/mol        0.0453 kcal/(mol*A)
xmin    70       51.5961 kcal/mol        0.0111 kcal/(mol*A)
xmin    80       51.5934 kcal/mol        0.0071 kcal/(mol*A)
xmin    90       51.5933 kcal/mol        0.0012 kcal/(mol*A)
  ... geometry converged !
 
 Final MO eigenvalues (eV):
 -42.1240  -40.5531  -40.4523  -39.5605  -38.7163  -38.1700  -38.1112  -37.2025
 -36.8893  -35.9440  -33.8973  -33.8325  -33.6544  -32.3623  -32.0965  -30.7350
 -28.7908  -27.9432  -27.5433  -25.8317  -25.2722  -24.8467  -24.5057  -23.5797
 -23.3436  -23.1024  -22.6266  -21.9314  -21.4557  -20.6641  -19.8180  -18.9913
 -18.7855  -18.6236  -18.2921  -18.0034  -17.9051  -17.6145  -17.5412  -17.1697
 -17.0290  -16.7786  -16.2471  -16.0442  -15.9393  -15.6625  -15.6458  -15.5493
 -15.4224  -15.3722  -15.0614  -14.9794  -14.7584  -14.5228  -14.4804  -14.1966
 -13.9974  -13.8974  -13.7164  -13.6650  -13.5304  -13.3259  -13.2406  -13.1231
 -12.9849  -12.9116  -12.7308  -12.6098  -12.5649  -12.5412  -12.3886  -12.3080
 -12.0527  -11.9190  -11.7718  -11.6065  -11.5453  -11.4439  -11.3575  -11.1971
 -11.1486  -10.6952  -10.5339  -10.3949  -10.3879   -9.8919   -9.2271   -0.9803
  -0.5515   -0.2218   -0.2031    0.0635    1.0192    1.4578    1.7897    1.8403
   2.1668    2.3661    2.6090    2.6371    2.6942    2.8124    2.8824    2.9385
   3.0193    3.0809    3.0954    3.1789    3.2009    3.2570    3.3214    3.3502
   3.3712    3.4993    3.5612    3.6454    3.6493    3.7042    3.7280    3.7672
   3.7874    3.8213    3.8364    3.8755    3.8808    3.9359    3.9990    4.0337
   4.0595    4.0947    4.1392    4.1455    4.1921    4.2636    4.3071    4.3259
   4.4203    4.4543    4.4681    4.5167    4.5255    4.5854    4.6585    4.6697
   4.7531    4.7748    4.8208    4.8725    4.9732    5.0096    5.0175    5.0572
   5.2345    5.3765    5.8203    5.9562    6.0578    6.2110    6.7094    6.9863


 Heat of formation   =         51.59328270 kcal/mol  (        2.23725262 eV)

 Total SCF energy    =    -131997.23235047 kcal/mol  (    -5723.82951088 eV)
 Electronic energy   =   -1191762.52894015 kcal/mol  (   -51678.70122459 eV)
 Core-core repulsion =    1059765.29658968 kcal/mol  (    45954.87171370 eV)
 
    Atomic Charges for Step       1 :
  Atom    Element       Mulliken Charge
     1      N                 -0.828
     2      C                 -0.041
     3      C                 -0.037
     4      C                  0.078
     5      C                  0.021
     6      N                 -0.318
     7      C                 -0.249
     8      C                 -0.127
     9      C                  0.315
    10      C                  0.163
    11      C                  0.064
    12      O                 -0.361
    13      C                 -0.238
    14      N                 -0.227
    15      N                 -0.205
    16      C                  0.094
    17      S                  2.855
    18      O                 -0.923
    19      O                 -0.933
    20      C                 -0.881
    21      C                  0.041
    22      C                  0.024
    23      N                 -0.154
    24      C                 -0.207
    25      C                 -0.008
    26      C                 -0.112
    27      C                 -0.195
    28      C                 -0.193
    29      N                 -0.286
    30      H                  0.216
    31      C                 -0.010
    32      C                 -0.190
    33      C                 -0.197
    34      C                 -0.214
    35      H                  0.090
    36      H                  0.116
    37      H                  0.109
    38      H                  0.087
    39      H                  0.138
    40      H                  0.111
    41      H                  0.117
    42      H                  0.118
    43      H                  0.102
    44      H                  0.121
    45      H                  0.107
    46      H                  0.186
    47      H                  0.154
    48      H                  0.155
    49      H                  0.166
    50      H                  0.140
    51      H                  0.112
    52      H                  0.119
    53      H                  0.121
    54      H                  0.112
    55      H                  0.082
    56      H                  0.113
    57      H                  0.129
    58      H                  0.114
    59      H                  0.115
    60      H                  0.116
    61      H                  0.113
 Total Mulliken Charge =       0.000
 
                  X        Y        Z     TOTAL  
  QM DIPOLE    -1.036   -1.028    3.725    4.001
 
 Final Structure

  QMMM: QM Region Cartesian Coordinates (*=link atom) 
  QMMM: QM_NO.   MM_NO.  ATOM         X         Y         Z
  QMMM:     1        1      N       84.4012  153.9801   13.7473
  QMMM:     2        2      C       83.1735  153.2324   13.8509
  QMMM:     3        3      C       85.5832  153.4284   14.3521
  QMMM:     4        4      C       83.3629  151.6940   14.0667
  QMMM:     5        5      C       85.7284  151.8705   14.2724
  QMMM:     6        6      N       84.6454  151.2450   13.5417
  QMMM:     7        7      C       83.2545  151.3913   15.5371
  QMMM:     8        8      C       85.7772  151.2956   15.7009
  QMMM:     9        9      C       84.7540  150.7081   12.2620
  QMMM:    10       10      C       81.9834  151.2897   16.2016
  QMMM:    11       11      C       84.4112  151.2183   16.3295
  QMMM:    12       12      O       83.7214  150.3977   11.6362
  QMMM:    13       13      C       86.1218  150.4461   11.6862
  QMMM:    14       14      N       81.9200  150.9991   17.5433
  QMMM:    15       15      N       84.3510  150.9563   17.6586
  QMMM:    16       16      C       83.1022  150.8560   18.2043
  QMMM:    17       17      S       84.4357  155.4242   12.9867
  QMMM:    18       18      O       83.3334  155.5282   12.1140
  QMMM:    19       19      O       85.7175  155.6377   12.4327
  QMMM:    20       20      C       84.2221  156.5273   14.2438
  QMMM:    21       21      C       85.3120  157.2555   14.7720
  QMMM:    22       22      C       82.9542  156.7927   14.7810
  QMMM:    23       23      N       85.2042  158.1650   15.7548
  QMMM:    24       24      C       82.8171  157.7336   15.7988
  QMMM:    25       25      C       83.9736  158.3927   16.2566
  QMMM:    26       26      C       83.0210  150.5856   19.6751
  QMMM:    27       27      C       82.2697  149.3805   20.1724
  QMMM:    28       28      C       83.7663  149.4185   20.2633
  QMMM:    29       29      N       80.8051  151.5695   15.5077
  QMMM:    30       30      H       80.8575  151.4266   14.5210
  QMMM:    31       31      C       79.5188  151.2527   16.0927
  QMMM:    32       32      C       78.3855  151.4930   15.1272
  QMMM:    33       33      C       77.1556  150.6334   15.2452
  QMMM:    34       34      C       78.0745  150.4632   14.0731
  QMMM:    35       35      H       82.5573  153.6331   14.7064
  QMMM:    36       36      H       82.5896  153.3764   12.8941
  QMMM:    37       37      H       86.4847  153.8787   13.8415
  QMMM:    38       38      H       85.6125  153.7277   15.4404
  QMMM:    39       39      H       82.5559  151.1570   13.4843
  QMMM:    40       40      H       86.7130  151.6450   13.7716
  QMMM:    41       41      H       86.2050  150.2566   15.6655
  QMMM:    42       42      H       86.4655  151.9219   16.3276
  QMMM:    43       43      H       86.7308  149.8115   12.3738
  QMMM:    44       44      H       85.9969  149.9087   10.7135
  QMMM:    45       45      H       86.6548  151.4097   11.4992
  QMMM:    46       46      H       86.3326  157.1015   14.3628
  QMMM:    47       47      H       82.0706  156.2630   14.3849
  QMMM:    48       48      H       81.8357  157.9614   16.2350
  QMMM:    49       49      H       83.9166  159.1453   17.0652
  QMMM:    50       50      H       82.9619  151.5321   20.2493
  QMMM:    51       51      H       81.6678  149.4814   21.0931
  QMMM:    52       52      H       81.7905  148.7064   19.4406
  QMMM:    53       53      H       84.3644  148.7713   19.5976
  QMMM:    54       54      H       84.2461  149.5476   21.2498
  QMMM:    55       55      H       79.4901  150.1795   16.4456
  QMMM:    56       56      H       79.3764  151.9107   16.9982
  QMMM:    57       57      H       78.2556  152.5624   14.8681
  QMMM:    58       58      H       77.1227  149.8468   16.0203
  QMMM:    59       59      H       76.1672  151.1020   15.0923
  QMMM:    60       60      H       77.7454  150.8043   13.0755
  QMMM:    61       61      H       78.6993  149.5543   14.0114

           --------- Calculation Completed ----------

