
Processing 22 compounds...
  Compound_10_ent1... cpptraj FAILED
  Compound_10_ent2... cpptraj FAILED
  Compound_11_ent1... cpptraj FAILED
  Compound_11_ent2... cpptraj FAILED
  Compound_12_ent1... cpptraj FAILED
  Compound_12_ent2... cpptraj FAILED
  Compound_1_ent1... cpptraj FAILED
  Compound_1_ent2... cpptraj FAILED
  Compound_4_s1... cpptraj FAILED
  Compound_4_s12... cpptraj FAILED
  Compound_4_s13... cpptraj FAILED
  Compound_4_s16... cpptraj FAILED
  Compound_4_s4... cpptraj FAILED
  Compound_4_s5... cpptraj FAILED
  Compound_4_s8... cpptraj FAILED
  Compound_4_s9... cpptraj FAILED
  Compound_7_ent1... cpptraj FAILED
  Compound_7_ent2... cpptraj FAILED
  Compound_8_ent1... cpptraj FAILED
  Compound_8_ent2... cpptraj FAILED
  Compound_9_ent1... cpptraj FAILED
  Compound_9_ent2... cpptraj FAILED

=== MM-GBSA COMPLETE ===
0/22 succeeded

Name                        ΔG_GBSA (kcal/mol)
───────────────────────────────────────────────
