Receptor topology: 2632 KB

Processing 22 compounds...
  Compound_10_ent1... ΔG=-33.0 kcal/mol
  Compound_10_ent2... ΔG=-36.0 kcal/mol
  Compound_11_ent1... ΔG=9.3 kcal/mol
  Compound_11_ent2... ΔG=-30.3 kcal/mol
  Compound_12_ent1... ΔG=-29.2 kcal/mol
  Compound_12_ent2... ΔG=-24.3 kcal/mol
  Compound_1_ent1... ΔG=-14.9 kcal/mol
  Compound_1_ent2... ΔG=-21.4 kcal/mol
  Compound_4_s1... ΔG=-33.1 kcal/mol
  Compound_4_s12... ΔG=-37.6 kcal/mol
  Compound_4_s13... ΔG=-24.4 kcal/mol
  Compound_4_s16... ΔG=-36.1 kcal/mol
  Compound_4_s4... ΔG=-26.0 kcal/mol
  Compound_4_s5... ΔG=-30.7 kcal/mol
  Compound_4_s8... ΔG=-35.6 kcal/mol
  Compound_4_s9... ΔG=-33.0 kcal/mol
  Compound_7_ent1... ΔG=-30.0 kcal/mol
  Compound_7_ent2... ΔG=-30.6 kcal/mol
  Compound_8_ent1... ΔG=-8.8 kcal/mol
  Compound_8_ent2... ΔG=-13.2 kcal/mol
  Compound_9_ent1... ΔG=-19.4 kcal/mol
  Compound_9_ent2... ΔG=-11.6 kcal/mol

=== MM-GBSA COMPLETE ===
22/22 succeeded

Name                        ΔG_GBSA (kcal/mol)
───────────────────────────────────────────────
Compound_4_s12                          -37.56
Compound_4_s16                          -36.06
Compound_10_ent2                        -36.00
Compound_4_s8                           -35.63
Compound_4_s1                           -33.06
Compound_10_ent1                        -33.02
Compound_4_s9                           -33.00
Compound_4_s5                           -30.66
Compound_7_ent2                         -30.61
Compound_11_ent2                        -30.27
Compound_7_ent1                         -29.95
Compound_12_ent1                        -29.15
Compound_4_s4                           -25.99
Compound_4_s13                          -24.37
Compound_12_ent2                        -24.32
Compound_1_ent2                         -21.38
Compound_9_ent1                         -19.43
Compound_1_ent1                         -14.95
Compound_8_ent2                         -13.21
Compound_9_ent2                         -11.63
Compound_8_ent1                          -8.80
Compound_11_ent1                          9.35
