            --------------------------------------------------------
                             AMBER SQM VERSION 19
 
                                     By
              Ross C. Walker, Michael F. Crowley, Scott Brozell,
                         Tim Giese, Andreas W. Goetz,
                        Tai-Sung Lee and David A. Case
 
            --------------------------------------------------------
 

--------------------------------------------------------------------------------
  QM CALCULATION INFO
--------------------------------------------------------------------------------

| QMMM: Citation for AMBER QMMM Run:
| QMMM: R.C. Walker, M.F. Crowley and D.A. Case, J. COMP. CHEM. 29:1019, 2008

QMMM: SINGLET STATE CALCULATION
QMMM: RHF CALCULATION, NO. OF DOUBLY OCCUPIED LEVELS = 85

| QMMM: *** Selected Hamiltonian *** 
| QMMM: AM1         

| QMMM: *** Parameter sets in use ***
| QMMM: C : M.J.S.DEWAR et al. JACS, 107, 3902, (1985)
| QMMM: S : M.J.S.DEWAR et al. INORG. CHEM., 29, 3881, (1990)
| QMMM: O : M.J.S.DEWAR et al. JACS, 107, 3902, (1985)
| QMMM: N : M.J.S.DEWAR et al. JACS, 107, 3902, (1985)
| QMMM: H : M.J.S.DEWAR et al. JACS, 107, 3902, (1985)

| QMMM: *** SCF convergence criteria ***
| QMMM: Energy change                :  0.1D-09 kcal/mol
| QMMM: Error matrix |FP-PF|         :  0.1D+00 au
| QMMM: Density matrix change        :  0.5D-06
| QMMM: Maximum number of SCF cycles :     1000

| QMMM: *** Diagonalization Routine Information ***
| QMMM: Pseudo diagonalizations are allowed.
| QMMM: Auto diagonalization routine selection is in use.
| QMMM:
| QMMM: Timing diagonalization routines:
| QMMM:                              norbs =      150
| QMMM:    diag iterations used for timing =       10
| QMMM:
| QMMM:              Internal diag routine = 0.051554 seconds
| QMMM:                 Dspev diag routine = 0.166982 seconds
| QMMM:                Dspevd diag routine = 0.031113 seconds
| QMMM:                Dspevx diag routine = 0.138883 seconds
| QMMM:                 Dsyev diag routine = 0.051119 seconds
| QMMM:                Dsyevd diag routine = 0.023992 seconds
| QMMM:                Dsyevr diag routine = 0.033612 seconds
| QMMM:
| QMMM:                Pseudo diag routine = 0.026927 seconds
| QMMM: Pseudo diagonalization appears to be slower than regular
| QMMM: diagonalization. Setting pseudo_diag=0 for optimum performance.
| QMMM:
| QMMM: Using dsyevd routine (diag_routine=6).

  QMMM: QM Region Cartesian Coordinates (*=link atom) 
  QMMM: QM_NO.   MM_NO.  ATOM         X         Y         Z
  QMMM:     1        1      C       83.8030  149.5550   16.3000
  QMMM:     2        2      S       81.9130  149.6110   18.1660
  QMMM:     3        3      O       82.0830  148.4720   19.1440
  QMMM:     4        4      O       82.7970  150.7360   18.7060
  QMMM:     5        5      N       82.4900  149.1640   16.6560
  QMMM:     6        6      C       80.2450  150.1360   18.2490
  QMMM:     7        7      C       81.5720  148.8730   15.6260
  QMMM:     8        8      C       79.3140  149.4460   17.2980
  QMMM:     9        9      C       80.6780  150.0190   15.2070
  QMMM:    10       10      N       79.4470  149.9260   15.9440
  QMMM:    11       11      C       78.2930  150.3530   15.2460
  QMMM:    12       12      O       78.4020  150.7690   14.0730
  QMMM:    13       13      C       76.9410  150.3220   15.8740
  QMMM:    14       14      O       77.0080  150.3310   17.2650
  QMMM:    15       15      C       76.2090  151.0420   18.1330
  QMMM:    16       16      C       74.8790  151.3130   17.9510
  QMMM:    17       17      C       76.8050  151.5300   19.2990
  QMMM:    18       18      C       74.1710  152.0370   18.8860
  QMMM:    19       19      C       76.1010  152.2540   20.2350
  QMMM:    20       20      C       74.7630  152.5230   20.0440
  QMMM:    21       21      C       83.8600  150.4650   15.1260
  QMMM:    22       22      C       84.1230  151.8190   15.2660
  QMMM:    23       23      C       83.6460  149.9090   13.8830
  QMMM:    24       24      C       84.1830  152.6710   14.1740
  QMMM:    25       25      C       83.7030  150.7420   12.7860
  QMMM:    26       26      C       83.9650  152.0860   12.9440
  QMMM:    27       27      C       84.4550  154.0910   14.2930
  QMMM:    28       28      O       85.2240  154.4670   15.2180
  QMMM:    29       29      N       83.9310  155.0900   13.4580
  QMMM:    30       30      H       83.3300  154.8060   12.7320
  QMMM:    31       31      C       84.2060  156.5040   13.5830
  QMMM:    32       32      C       85.4420  156.9110   12.8830
  QMMM:    33       33      C       84.3910  156.8240   15.0500
  QMMM:    34       34      O       86.1270  156.1630   12.1410
  QMMM:    35       35      N       85.8650  158.2610   13.0850
  QMMM:    36       36      C       84.7630  158.2400   15.3180
  QMMM:    37       37      C       85.2350  158.9930   14.1310
  QMMM:    38       38      O       85.1060  160.2360   14.0070
  QMMM:    39       39      H       86.5630  158.6690   12.5230

--------------------------------------------------------------------------------
  RESULTS
--------------------------------------------------------------------------------

      iter         sqm energy              rms gradient
      ----    -------------------    -----------------------
xmin    10     1023.3069 kcal/mol        7.1256 kcal/(mol*A)
