
          -------------------------------------------------------
          Amber 26 SANDER                              2026
          -------------------------------------------------------

| Run on 08/31/2026 at 14:06:33

|   Executable path: /home/ubuntu/rayca-runtime/.mamba/envs/rayca/bin/sander
| Working directory: /home/ubuntu/rayca-sessions/02401922-b475-444f-9b2f-fb824dbff349-fec3a540149a/mmgbsa/CTX-1020458
|          Hostname: Unknown
  [-O]verwriting output

File Assignments:
|  MDIN: /home/ubuntu/rayca-sessions/02401922-b475-444f-9b2f-fb824dbff349-fec3a
| MDOUT: /home/ubuntu/rayca-sessions/02401922-b475-444f-9b2f-fb824dbff349-fec3a
|INPCRD: /home/ubuntu/rayca-sessions/02401922-b475-444f-9b2f-fb824dbff349-fec3a
|  PARM: /home/ubuntu/rayca-sessions/02401922-b475-444f-9b2f-fb824dbff349-fec3a
|RESTRT: /home/ubuntu/rayca-sessions/02401922-b475-444f-9b2f-fb824dbff349-fec3a
|  REFC: /home/ubuntu/rayca-sessions/02401922-b475-444f-9b2f-fb824dbff349-fec3a
| MDVEL: mdvel                                                                 
| MDFRC: mdfrc                                                                 
|  MDEN: mden                                                                  
| MDCRD: mdcrd                                                                 
|MDINFO: mdinfo                                                                
|  MTMD: mtmd                                                                  
|INPDIP: inpdip                                                                
|RSTDIP: rstdip                                                                
|INPTRA: inptraj                                                               


 Here is the input file:

Minimization                                                                   
&cntrl                                                                         
 imin=1, maxcyc=300, ncyc=100,                                                 
 ntb=0, igb=5, cut=12.0,                                                       
/                                                                              

--------------------------------------------------------------------------------
   1.  RESOURCE   USE: 
--------------------------------------------------------------------------------

| Flags:                                                                        
| New format PARM file being parsed.
| Version =    1.000 Date = 08/28/26 Time = 15:16:29
 NATOM  =    9294 NTYPES =      29 NBONH =    4670 MBONA  =    4746
 NTHETH =   10643 MTHETA =    6445 NPHIH =   21173 MPHIA  =   20330
 NHPARM =       0 NPARM  =       0 NNB   =   51592 NRES   =     566
 NBONA  =    4746 NTHETA =    6445 NPHIA =   20330 NUMBND =      94
 NUMANG =     211 NPTRA  =     216 NATYP =      52 NPHB   =       0
 IFBOX  =       0 NMXRS  =      70 IFCAP =       0 NEXTRA =       0
 NCOPY  =       0

 Implicit solvent radii are modified Bondi radii (mbondi)                                                   

|     Memory Use     Allocated
|     Real             1493922
|     Hollerith          28450
|     Integer           541049
|     Max Pairs              1
|     nblistReal             0
|     nblist Int             0
|       Total            13895 kbytes

| Note: 1-4 EEL scale factors are being read from the topology file.

| Note: 1-4 VDW scale factors are being read from the topology file.
| Duplicated    0 dihedrals
| Duplicated    0 dihedrals

--------------------------------------------------------------------------------
   2.  CONTROL  DATA  FOR  THE  RUN
--------------------------------------------------------------------------------

default_name                                                                    

General flags:
     imin    =       1, nmropt  =       0

Nature and format of input:
     ntx     =       1, irest   =       0, ntrx    =       1

Nature and format of output:
     ntxo    =       2, ntpr    =      50, ntrx    =       1, ntwr    =       1
     iwrap   =       0, ntwx    =       0, ntwv    =       0, ntwe    =       0
     ioutfm  =       1, ntwprt  =       0, idecomp =       0, rbornstat=      0

Potential function:
     ntf     =       1, ntb     =       0, igb     =       5, nsnb    =      25
     ipol    =       0, gbsa    =       0, iesp    =       0
     dielc   =   1.00000, cut     =  12.00000, intdiel =   1.00000
     saltcon =   0.00000, offset  =   0.09000, gbalpha=    1.00000
     gbbeta  =   0.80000, gbgamma =   4.85000, surften =   0.00500
     rdt     =   0.00000, rgbmax  =  25.00000  extdiel =  78.50000
     alpb  =        0

Frozen or restrained atoms:
     ibelly  =       0, ntr     =       0

Energy minimization:
     maxcyc  =     300, ncyc    =     100, ntmin   =       1
     dx0     =   0.01000, drms    =   0.00010
|  INFO: Old style inpcrd file read


--------------------------------------------------------------------------------
   3.  ATOMIC COORDINATES AND VELOCITIES
--------------------------------------------------------------------------------

default_name                                                                    
 begin time read from input coords =     0.000 ps

 Number of triangulated 3-point waters found:        0

--------------------------------------------------------------------------------
   4.  RESULTS
--------------------------------------------------------------------------------



   NSTEP       ENERGY          RMS            GMAX         NAME    NUMBER
      1       9.1164E+04     6.2626E+02     6.3735E+04     HG23     2689

 BOND    =    97289.6214  ANGLE   =     1560.6819  DIHED      =     6728.3430
 VDWAALS =     4076.0038  EEL     =   -41690.5585  EGB        =    -5303.4248
 1-4 VDW =     2898.6786  1-4 EEL =    25605.0198  RESTRAINT  =        0.0000


   NSTEP       ENERGY          RMS            GMAX         NAME    NUMBER
     50      -1.1590E+04     6.8693E+00     3.3368E+02     CA       7513

 BOND    =     3283.9581  ANGLE   =     2155.5739  DIHED      =     6730.5021
 VDWAALS =    -4347.9475  EEL     =   -41305.3360  EGB        =    -5681.1699
 1-4 VDW =     2516.3498  1-4 EEL =    25058.4729  RESTRAINT  =        0.0000


   NSTEP       ENERGY          RMS            GMAX         NAME    NUMBER
    100      -1.5859E+04     1.9800E+00     7.3987E+01     CA       7513

 BOND    =      715.7692  ANGLE   =     1616.7424  DIHED      =     6706.1693
 VDWAALS =    -4847.8417  EEL     =   -42085.8921  EGB        =    -4906.1779
 1-4 VDW =     2195.5671  1-4 EEL =    24746.1856  RESTRAINT  =        0.0000


   NSTEP       ENERGY          RMS            GMAX         NAME    NUMBER
    150      -1.7162E+04     1.8980E+00     1.1444E+02     CG       3030

 BOND    =      428.0553  ANGLE   =     1383.4116  DIHED      =     6647.9002
 VDWAALS =    -5114.1978  EEL     =   -42297.3609  EGB        =    -4766.0047
 1-4 VDW =     2006.4792  1-4 EEL =    24549.6160  RESTRAINT  =        0.0000
