
          -------------------------------------------------------
          Amber 26 SANDER                              2026
          -------------------------------------------------------

| Run on 08/31/2026 at 14:09:33

|   Executable path: /home/ubuntu/rayca-runtime/.mamba/envs/rayca/bin/sander
| Working directory: /home/ubuntu/rayca-sessions/02401922-b475-444f-9b2f-fb824dbff349-fec3a540149a/mmgbsa/CTX-1019813
|          Hostname: Unknown
  [-O]verwriting output

File Assignments:
|  MDIN: /home/ubuntu/rayca-sessions/02401922-b475-444f-9b2f-fb824dbff349-fec3a
| MDOUT: /home/ubuntu/rayca-sessions/02401922-b475-444f-9b2f-fb824dbff349-fec3a
|INPCRD: /home/ubuntu/rayca-sessions/02401922-b475-444f-9b2f-fb824dbff349-fec3a
|  PARM: /home/ubuntu/rayca-sessions/02401922-b475-444f-9b2f-fb824dbff349-fec3a
|RESTRT: /home/ubuntu/rayca-sessions/02401922-b475-444f-9b2f-fb824dbff349-fec3a
|  REFC: /home/ubuntu/rayca-sessions/02401922-b475-444f-9b2f-fb824dbff349-fec3a
| MDVEL: mdvel                                                                 
| MDFRC: mdfrc                                                                 
|  MDEN: mden                                                                  
| MDCRD: mdcrd                                                                 
|MDINFO: mdinfo                                                                
|  MTMD: mtmd                                                                  
|INPDIP: inpdip                                                                
|RSTDIP: rstdip                                                                
|INPTRA: inptraj                                                               


 Here is the input file:

Minimization                                                                   
&cntrl                                                                         
 imin=1, maxcyc=300, ncyc=100,                                                 
 ntb=0, igb=5, cut=12.0,                                                       
/                                                                              

--------------------------------------------------------------------------------
   1.  RESOURCE   USE: 
--------------------------------------------------------------------------------

| Flags:                                                                        
| New format PARM file being parsed.
| Version =    1.000 Date = 08/28/26 Time = 15:22:00
 NATOM  =    9294 NTYPES =      29 NBONH =    4671 MBONA  =    4745
 NTHETH =   10645 MTHETA =    6443 NPHIH =   21177 MPHIA  =   20326
 NHPARM =       0 NPARM  =       0 NNB   =   51593 NRES   =     566
 NBONA  =    4745 NTHETA =    6443 NPHIA =   20326 NUMBND =      94
 NUMANG =     211 NPTRA  =     215 NATYP =      52 NPHB   =       0
 IFBOX  =       0 NMXRS  =      70 IFCAP =       0 NEXTRA =       0
 NCOPY  =       0

 Implicit solvent radii are modified Bondi radii (mbondi)                                                   

|     Memory Use     Allocated
|     Real             1493922
|     Hollerith          28450
|     Integer           541051
|     Max Pairs              1
|     nblistReal             0
|     nblist Int             0
|       Total            13895 kbytes

| Note: 1-4 EEL scale factors are being read from the topology file.

| Note: 1-4 VDW scale factors are being read from the topology file.
| Duplicated    0 dihedrals
| Duplicated    0 dihedrals

--------------------------------------------------------------------------------
   2.  CONTROL  DATA  FOR  THE  RUN
--------------------------------------------------------------------------------

default_name                                                                    

General flags:
     imin    =       1, nmropt  =       0

Nature and format of input:
     ntx     =       1, irest   =       0, ntrx    =       1

Nature and format of output:
     ntxo    =       2, ntpr    =      50, ntrx    =       1, ntwr    =       1
     iwrap   =       0, ntwx    =       0, ntwv    =       0, ntwe    =       0
     ioutfm  =       1, ntwprt  =       0, idecomp =       0, rbornstat=      0

Potential function:
     ntf     =       1, ntb     =       0, igb     =       5, nsnb    =      25
     ipol    =       0, gbsa    =       0, iesp    =       0
     dielc   =   1.00000, cut     =  12.00000, intdiel =   1.00000
     saltcon =   0.00000, offset  =   0.09000, gbalpha=    1.00000
     gbbeta  =   0.80000, gbgamma =   4.85000, surften =   0.00500
     rdt     =   0.00000, rgbmax  =  25.00000  extdiel =  78.50000
     alpb  =        0

Frozen or restrained atoms:
     ibelly  =       0, ntr     =       0

Energy minimization:
     maxcyc  =     300, ncyc    =     100, ntmin   =       1
     dx0     =   0.01000, drms    =   0.00010
|  INFO: Old style inpcrd file read


--------------------------------------------------------------------------------
   3.  ATOMIC COORDINATES AND VELOCITIES
--------------------------------------------------------------------------------

default_name                                                                    
 begin time read from input coords =     0.000 ps

 Number of triangulated 3-point waters found:        0

--------------------------------------------------------------------------------
   4.  RESULTS
--------------------------------------------------------------------------------



   NSTEP       ENERGY          RMS            GMAX         NAME    NUMBER
      1       9.1722E+04     6.2628E+02     6.3735E+04     HG23     2689

 BOND    =    97523.9922  ANGLE   =     1702.3911  DIHED      =     6778.0308
 VDWAALS =     4194.9227  EEL     =   -41792.5948  EGB        =    -5230.8644
 1-4 VDW =     2893.8611  1-4 EEL =    25652.5001  RESTRAINT  =        0.0000


   NSTEP       ENERGY          RMS            GMAX         NAME    NUMBER
     50      -1.1037E+04     8.4840E+00     7.0939E+02     C        7523

 BOND    =     3582.5320  ANGLE   =     2322.1844  DIHED      =     6759.1044
 VDWAALS =    -4327.6003  EEL     =   -41189.5768  EGB        =    -5829.2530
 1-4 VDW =     2529.5379  1-4 EEL =    25116.5305  RESTRAINT  =        0.0000


   NSTEP       ENERGY          RMS            GMAX         NAME    NUMBER
    100      -1.5721E+04     1.1578E+00     5.2820E+01     C        7537

 BOND    =      761.4426  ANGLE   =     1666.8183  DIHED      =     6711.2272
 VDWAALS =    -4839.8547  EEL     =   -41920.9215  EGB        =    -5100.3565
 1-4 VDW =     2200.5476  1-4 EEL =    24800.2113  RESTRAINT  =        0.0000
