
=== CTX-1020521 (lig61, nc=+1) ===
  antechamber AM1-BCC...
  antechamber done
  parmchk2 done
  tleap done
  SANDER FAILED: cmd /home/ubuntu/rayca-runtime/.mamba/envs/rayca/bin/sander failed rc=1


=== CTX-1020520 (lig62, nc=+1) ===
  antechamber AM1-BCC...
  antechamber done
  parmchk2 done
  tleap done
  SANDER FAILED: cmd /home/ubuntu/rayca-runtime/.mamba/envs/rayca/bin/sander failed rc=1


=== CTX-1020810 (lig12, nc=+1) ===
  antechamber AM1-BCC...
  antechamber done
  parmchk2 done
  tleap done
  SANDER FAILED: cmd /home/ubuntu/rayca-runtime/.mamba/envs/rayca/bin/sander failed rc=1


=== CTX-1019660 (lig77, nc=+1) ===
  antechamber AM1-BCC...
  antechamber done
  parmchk2 done
  tleap done
  SANDER FAILED: cmd /home/ubuntu/rayca-runtime/.mamba/envs/rayca/bin/sander failed rc=1


=== CTX-1020458 (lig68, nc=+1) ===
  antechamber AM1-BCC...
  antechamber done
  parmchk2 done
  tleap done
  SANDER FAILED: cmd /home/ubuntu/rayca-runtime/.mamba/envs/rayca/bin/sander failed rc=1


=== CTX-1019813 (lig74, nc=+1) ===
  antechamber AM1-BCC...
  antechamber done
  parmchk2 done
  tleap done
  SANDER FAILED: cmd /home/ubuntu/rayca-runtime/.mamba/envs/rayca/bin/sander failed rc=1


=== CTX-1020882 (lig4, nc=+1) ===
  antechamber AM1-BCC...
  antechamber done
  parmchk2 done
  tleap done
  SANDER FAILED: cmd /home/ubuntu/rayca-runtime/.mamba/envs/rayca/bin/sander failed rc=1


=== CTX-1020555 (lig59, nc=+1) ===
  antechamber AM1-BCC...
  antechamber done
  parmchk2 done
  tleap done
  SANDER FAILED: cmd /home/ubuntu/rayca-runtime/.mamba/envs/rayca/bin/sander failed rc=1


=== CTX-1020816 (lig10, nc=+1) ===
  antechamber AM1-BCC...
  antechamber done
  parmchk2 done
  tleap done
  SANDER FAILED: cmd /home/ubuntu/rayca-runtime/.mamba/envs/rayca/bin/sander failed rc=1


=== CTX-1020751 (lig27, nc=+0) ===
  antechamber AM1-BCC...
  antechamber done
  parmchk2 done
  tleap done
  SANDER FAILED: cmd /home/ubuntu/rayca-runtime/.mamba/envs/rayca/bin/sander failed rc=1


=== CTX-1017233 (lig84, nc=+1) ===
  antechamber AM1-BCC...
  antechamber done
  parmchk2 done
  tleap done
  SANDER FAILED: cmd /home/ubuntu/rayca-runtime/.mamba/envs/rayca/bin/sander failed rc=1


ALL DONE
