
=== CTX-1020521 (lig61) ===
  mol2↔SDF max: 0.00081 Å  SDF↔InPDBQT max: 0.00081 Å
  mol2 coords updated (d1=0.00081, d2=0.00081)
  tleap done
  MMPBSA.py done
  dat tail:
000              0.0000
ESURF                       -9.2388                0.0000              0.0000

DELTA G gas                -70.7354                0.0000              0.0000
DELTA G solv                57.3128                0.0000              0.0000

DELTA TOTAL                -13.4219                0.0000              0.0000


-------------------------------------------------------------------------------
-------------------------------------------------------------------------------

  ΔG = -13.422 kcal/mol

=== CTX-1020520 (lig62) ===
  mol2↔SDF max: 0.00081 Å  SDF↔InPDBQT max: 0.00081 Å
  mol2 coords updated (d1=0.00081, d2=0.00081)
  tleap done
  MMPBSA.py done
  dat tail:
000              0.0000
ESURF                       -8.9148                0.0000              0.0000

DELTA G gas                -68.7559                0.0000              0.0000
DELTA G solv                69.4546                0.0000              0.0000

DELTA TOTAL                  0.6987                0.0000              0.0000


-------------------------------------------------------------------------------
-------------------------------------------------------------------------------

  ΔG = 0.699 kcal/mol

=== CTX-1020810 (lig12) ===
  mol2↔SDF max: 0.00081 Å  SDF↔InPDBQT max: 0.00081 Å
  mol2 coords updated (d1=0.00081, d2=0.00081)
  tleap done
