
=== CTX-1020521 ===
  MMPBSA.py done
  last 800 chars of dat:
     0.0000
EEL                        -47.0070                0.0000              0.0000
1-4 VDW                      0.0000                0.0000              0.0000
1-4 EEL                      0.0000                0.0000              0.0000
EGB                         50.3450                0.0000              0.0000
ESURF                       -0.0940                0.0000              0.0000

DELTA G gas                -48.9430                0.0000              0.0000
DELTA G solv                50.2510                0.0000              0.0000

DELTA TOTAL                  1.3080                0.0000              0.0000


-------------------------------------------------------------------------------
-------------------------------------------------------------------------------

  ΔG_MMGBSA = 1.31 kcal/mol

=== CTX-1020520 ===
  MMPBSA.py done
  last 800 chars of dat:
     0.0000
EEL                        -28.9569                0.0000              0.0000
1-4 VDW                     -0.0000                0.0000              0.0000
1-4 EEL                      0.0000                0.0000              0.0000
EGB                         30.0877                0.0000              0.0000
ESURF                        0.0000                0.0000              0.0000

DELTA G gas                -29.2330                0.0000              0.0000
DELTA G solv                30.0877                0.0000              0.0000

DELTA TOTAL                  0.8547                0.0000              0.0000


-------------------------------------------------------------------------------
-------------------------------------------------------------------------------

  ΔG_MMGBSA = 0.85 kcal/mol

=== CTX-1020810 ===
  MMPBSA.py done
  last 800 chars of dat:
     0.0000
EEL                        -38.8439                0.0000              0.0000
1-4 VDW                      0.0000                0.0000              0.0000
1-4 EEL                     -0.0000                0.0000              0.0000
EGB                         41.7439                0.0000              0.0000
ESURF                       -0.1877                0.0000              0.0000

DELTA G gas                -41.4964                0.0000              0.0000
DELTA G solv                41.5562                0.0000              0.0000

DELTA TOTAL                  0.0598                0.0000              0.0000


-------------------------------------------------------------------------------
-------------------------------------------------------------------------------

  ΔG_MMGBSA = 0.06 kcal/mol

=== CTX-1019660 ===
  MMPBSA.py done
  last 800 chars of dat:
     0.0000
EEL                        -59.5347                0.0000              0.0000
1-4 VDW                      0.0000                0.0000              0.0000
1-4 EEL                      0.0000                0.0000              0.0000
EGB                         62.2789                0.0000              0.0000
ESURF                       -0.0046                0.0000              0.0000

DELTA G gas                -61.0909                0.0000              0.0000
DELTA G solv                62.2743                0.0000              0.0000

DELTA TOTAL                  1.1834                0.0000              0.0000


-------------------------------------------------------------------------------
-------------------------------------------------------------------------------

  ΔG_MMGBSA = 1.18 kcal/mol

=== CTX-1020458 ===
  MMPBSA.py done
  last 800 chars of dat:
     0.0000
EEL                        -33.0392                0.0000              0.0000
1-4 VDW                      0.0000                0.0000              0.0000
1-4 EEL                      0.0000                0.0000              0.0000
EGB                         33.9819                0.0000              0.0000
ESURF                       -0.0000                0.0000              0.0000

DELTA G gas                -33.3181                0.0000              0.0000
DELTA G solv                33.9819                0.0000              0.0000

DELTA TOTAL                  0.6638                0.0000              0.0000


-------------------------------------------------------------------------------
-------------------------------------------------------------------------------

  ΔG_MMGBSA = 0.66 kcal/mol

=== CTX-1019813 ===
  MMPBSA.py done
  last 800 chars of dat:
     0.0000
EEL                        -34.4665                0.0000              0.0000
1-4 VDW                     -0.0001                0.0000              0.0000
1-4 EEL                     -0.0001                0.0000              0.0000
EGB                         48.9386                0.0000              0.0000
ESURF                       -1.0947                0.0000              0.0000

DELTA G gas                 89.6174                0.0000              0.0000
DELTA G solv                47.8439                0.0000              0.0000

DELTA TOTAL                137.4613                0.0000              0.0000


-------------------------------------------------------------------------------
-------------------------------------------------------------------------------

  ΔG_MMGBSA = 137.46 kcal/mol

=== CTX-1020882 ===
  MMPBSA.py done
  last 800 chars of dat:
     0.0000
EEL                        -23.6936                0.0000              0.0000
1-4 VDW                      0.0000                0.0000              0.0000
1-4 EEL                     -0.0000                0.0000              0.0000
EGB                         33.1681                0.0000              0.0000
ESURF                       -0.2959                0.0000              0.0000

DELTA G gas                -26.3678                0.0000              0.0000
DELTA G solv                32.8722                0.0000              0.0000

DELTA TOTAL                  6.5044                0.0000              0.0000


-------------------------------------------------------------------------------
-------------------------------------------------------------------------------

  ΔG_MMGBSA = 6.50 kcal/mol

=== CTX-1020555 ===
  MMPBSA.py done
  last 800 chars of dat:
     0.0000
EEL                        -21.5627                0.0000              0.0000
1-4 VDW                      0.0000                0.0000              0.0000
1-4 EEL                      0.0000                0.0000              0.0000
EGB                         53.9987                0.0000              0.0000
ESURF                       -1.7115                0.0000              0.0000

DELTA G gas             122670.1256                0.0000              0.0000
DELTA G solv                52.2872                0.0000              0.0000

DELTA TOTAL             122722.4128                0.0000              0.0000


-------------------------------------------------------------------------------
-------------------------------------------------------------------------------

  ΔG_MMGBSA = 122722.41 kcal/mol

=== CTX-1020816 ===
  MMPBSA.py done
  last 800 chars of dat:
     0.0000
EEL                        -24.6815                0.0000              0.0000
1-4 VDW                     -0.0001                0.0000              0.0000
1-4 EEL                     -0.0000                0.0000              0.0000
EGB                         34.1992                0.0000              0.0000
ESURF                       -0.2874                0.0000              0.0000

DELTA G gas                -27.4352                0.0000              0.0000
DELTA G solv                33.9118                0.0000              0.0000

DELTA TOTAL                  6.4766                0.0000              0.0000


-------------------------------------------------------------------------------
-------------------------------------------------------------------------------

  ΔG_MMGBSA = 6.48 kcal/mol

=== CTX-1020751 ===
  MMPBSA.py done
  last 800 chars of dat:
     0.0000
EEL                          4.5425                0.0000              0.0000
1-4 VDW                     -0.0001                0.0000              0.0000
1-4 EEL                     -0.0001                0.0000              0.0000
EGB                         18.4759                0.0000              0.0000
ESURF                       -1.5381                0.0000              0.0000

DELTA G gas               8659.4867                0.0000              0.0000
DELTA G solv                16.9378                0.0000              0.0000

DELTA TOTAL               8676.4245                0.0000              0.0000


-------------------------------------------------------------------------------
-------------------------------------------------------------------------------

  ΔG_MMGBSA = 8676.42 kcal/mol

=== CTX-1017233 ===
  MMPBSA.py done
  last 800 chars of dat:
     0.0000
EEL                        -33.1481                0.0000              0.0000
1-4 VDW                      0.0000                0.0000              0.0000
1-4 EEL                     -0.0001                0.0000              0.0000
EGB                         34.8185                0.0000              0.0000
ESURF                        0.0000                0.0000              0.0000

DELTA G gas                -33.8395                0.0000              0.0000
DELTA G solv                34.8185                0.0000              0.0000

DELTA TOTAL                  0.9790                0.0000              0.0000


-------------------------------------------------------------------------------
-------------------------------------------------------------------------------

  ΔG_MMGBSA = 0.98 kcal/mol

ALL DONE
