            --------------------------------------------------------
                             AMBER SQM VERSION 19
 
                                     By
              Ross C. Walker, Michael F. Crowley, Scott Brozell,
                         Tim Giese, Andreas W. Goetz,
                        Tai-Sung Lee and David A. Case
 
            --------------------------------------------------------
 

--------------------------------------------------------------------------------
  QM CALCULATION INFO
--------------------------------------------------------------------------------

| QMMM: Citation for AMBER QMMM Run:
| QMMM: R.C. Walker, M.F. Crowley and D.A. Case, J. COMP. CHEM. 29:1019, 2008

QMMM: SINGLET STATE CALCULATION
QMMM: RHF CALCULATION, NO. OF DOUBLY OCCUPIED LEVELS = 92

| QMMM: *** Selected Hamiltonian *** 
| QMMM: AM1         

| QMMM: *** Parameter sets in use ***
| QMMM: F : M.J.S.DEWAR et al. THEOCHEM, 180, 1, (1988)
| QMMM: C : M.J.S.DEWAR et al. JACS, 107, 3902, (1985)
| QMMM: N : M.J.S.DEWAR et al. JACS, 107, 3902, (1985)
| QMMM: O : M.J.S.DEWAR et al. JACS, 107, 3902, (1985)
| QMMM: H : M.J.S.DEWAR et al. JACS, 107, 3902, (1985)

| QMMM: *** SCF convergence criteria ***
| QMMM: Energy change                :  0.1D-09 kcal/mol
| QMMM: Error matrix |FP-PF|         :  0.1D+00 au
| QMMM: Density matrix change        :  0.5D-06
| QMMM: Maximum number of SCF cycles :     1000

| QMMM: *** Diagonalization Routine Information ***
| QMMM: Pseudo diagonalizations are allowed.
| QMMM: Auto diagonalization routine selection is in use.
| QMMM:
| QMMM: Timing diagonalization routines:
| QMMM:                              norbs =      166
| QMMM:    diag iterations used for timing =        5
| QMMM:
| QMMM:              Internal diag routine = 0.034223 seconds
| QMMM:                 Dspev diag routine = 0.036465 seconds
| QMMM:                Dspevd diag routine = 0.017420 seconds
| QMMM:                Dspevx diag routine = 0.078857 seconds
| QMMM:                 Dsyev diag routine = 0.023455 seconds
| QMMM:                Dsyevd diag routine = 0.012353 seconds
| QMMM:                Dsyevr diag routine = 0.018523 seconds
| QMMM:
| QMMM:                Pseudo diag routine = 0.016603 seconds
| QMMM: Pseudo diagonalization appears to be slower than regular
| QMMM: diagonalization. Setting pseudo_diag=0 for optimum performance.
| QMMM:
| QMMM: Using dsyevd routine (diag_routine=6).

  QMMM: QM Region Cartesian Coordinates (*=link atom) 
  QMMM: QM_NO.   MM_NO.  ATOM         X         Y         Z
  QMMM:     1        1      F       11.8540    5.9840    3.8060
  QMMM:     2        2      C       11.1220    5.5980    2.7240
  QMMM:     3        3      F       11.7230    6.1730    1.6450
  QMMM:     4        4      F       11.3300    4.2570    2.5950
  QMMM:     5        5      C        9.6580    5.9490    2.8290
  QMMM:     6        6      C        9.1470    6.5930    3.9630
  QMMM:     7        7      C        8.7830    5.6260    1.7820
  QMMM:     8        8      C        7.7880    6.9120    4.0450
  QMMM:     9        9      C        7.4250    5.9420    1.8670
  QMMM:    10       10      C        6.9140    6.5970    2.9970
  QMMM:    11       11      C        5.4430    6.8990    3.1040
  QMMM:    12       12      N        4.9920    7.7650    2.0430
  QMMM:    13       13      C        3.6910    7.7410    1.5940
  QMMM:    14       14      O        2.8430    6.9470    2.0020
  QMMM:    15       15      C        3.3510    8.7570    0.5290
  QMMM:    16       16      N        4.3420    9.6230    0.1590
  QMMM:    17       17      C        2.0820    8.7310   -0.0250
  QMMM:    18       18      C        4.0520   10.4930   -0.8490
  QMMM:    19       19      C        1.8040    9.6330   -1.0410
  QMMM:    20       20      C        2.7920   10.5290   -1.4680
  QMMM:    21       21      C        5.1470   11.4740   -1.2760
  QMMM:    22       22      C        2.5120   11.4320   -2.6410
  QMMM:    23       23      N        4.8880   12.0950   -2.5740
  QMMM:    24       24      C        3.5280   12.5590   -2.7970
  QMMM:    25       25      C        5.9460   12.4420   -3.4210
  QMMM:    26       26      O        7.0710   12.6650   -2.9750
  QMMM:    27       27      C        5.6880   12.2380   -4.8560
  QMMM:    28       28      O        4.7190   11.2870   -5.1150
  QMMM:    29       29      C        6.5780   12.1850   -5.9330
  QMMM:    30       30      C        5.4040   10.2950   -5.7230
  QMMM:    31       31      C        6.6110   10.7810   -6.2070
  QMMM:    32       32      C        7.4670   13.2260   -6.5030
  QMMM:    33       33      C        5.0000    8.9680   -5.7600
  QMMM:    34       34      C        7.5190    9.8680   -6.7660
  QMMM:    35       35      C        5.9520    8.0630   -6.2290
  QMMM:    36       36      C        7.1910    8.5030   -6.7140
  QMMM:    37       37      H        9.7770    6.8330    4.7440
  QMMM:    38       38      H        9.1460    5.1490    0.9420
  QMMM:    39       39      H        7.4260    7.3840    4.8880
  QMMM:    40       40      H        6.7920    5.6910    1.0910
  QMMM:    41       41      H        5.2560    7.3760    4.0430
  QMMM:    42       42      H        4.9090    5.9750    3.0280
  QMMM:    43       43      H        5.6310    8.3890    1.6280
  QMMM:    44       44      H        1.3670    8.0650    0.3070
  QMMM:    45       45      H        0.8710    9.6440   -1.4820
  QMMM:    46       46      H        6.0760   10.9450   -1.3310
  QMMM:    47       47      H        5.1750   12.2580   -0.5470
  QMMM:    48       48      H        1.5420   11.8660   -2.5100
  QMMM:    49       49      H        2.5710   10.8300   -3.5230
  QMMM:    50       50      H        3.3040   13.3280   -2.0880
  QMMM:    51       51      H        3.4630   12.9290   -3.7990
  QMMM:    52       52      H        7.1960   14.1820   -6.1060
  QMMM:    53       53      H        7.3630   13.2390   -7.5680
  QMMM:    54       54      H        8.4820   13.0070   -6.2450
  QMMM:    55       55      H        4.0580    8.6700   -5.4620
  QMMM:    56       56      H        8.3980   10.1890   -7.2010
  QMMM:    57       57      H        5.7410    7.0530   -6.2180
  QMMM:    58       58      H        7.8790    7.8070   -7.0400

--------------------------------------------------------------------------------
  RESULTS
--------------------------------------------------------------------------------

      iter         sqm energy              rms gradient
      ----    -------------------    -----------------------
xmin    10     -127.2224 kcal/mol        2.7999 kcal/(mol*A)
xmin    20     -132.7969 kcal/mol        1.5169 kcal/(mol*A)
xmin    30     -133.7168 kcal/mol        0.4529 kcal/(mol*A)
xmin    40     -135.1062 kcal/mol        1.4597 kcal/(mol*A)
xmin    50     -137.3894 kcal/mol        0.3298 kcal/(mol*A)
xmin    60     -138.1761 kcal/mol        0.1979 kcal/(mol*A)
xmin    70     -138.3998 kcal/mol        0.1812 kcal/(mol*A)
xmin    80     -138.4368 kcal/mol        0.1758 kcal/(mol*A)
xmin    90     -138.8586 kcal/mol        1.3670 kcal/(mol*A)
xmin   100     -139.2787 kcal/mol        0.4105 kcal/(mol*A)
xmin   110     -139.4490 kcal/mol        0.4197 kcal/(mol*A)
xmin   120     -139.5423 kcal/mol        0.1572 kcal/(mol*A)
xmin   130     -139.5868 kcal/mol        0.0671 kcal/(mol*A)
xmin   140     -139.6454 kcal/mol        0.0766 kcal/(mol*A)
xmin   150     -139.6544 kcal/mol        0.0866 kcal/(mol*A)
xmin   160     -139.6720 kcal/mol        0.1154 kcal/(mol*A)
xmin   170     -139.6778 kcal/mol        0.0305 kcal/(mol*A)
xmin   180     -139.6798 kcal/mol        0.0167 kcal/(mol*A)
xmin   190     -139.6802 kcal/mol        0.0102 kcal/(mol*A)
xmin   200     -139.6803 kcal/mol        0.0045 kcal/(mol*A)
xmin   210     -139.6804 kcal/mol        0.0032 kcal/(mol*A)
xmin   220     -139.6806 kcal/mol        0.0101 kcal/(mol*A)
xmin   230     -139.6808 kcal/mol        0.0055 kcal/(mol*A)
xmin   240     -139.6810 kcal/mol        0.0125 kcal/(mol*A)
xmin   250     -139.6813 kcal/mol        0.0122 kcal/(mol*A)
xmin   260     -139.6816 kcal/mol        0.0029 kcal/(mol*A)
xmin   270     -139.6818 kcal/mol        0.0040 kcal/(mol*A)
xmin   280     -139.6819 kcal/mol        0.0028 kcal/(mol*A)
xmin   290     -139.6820 kcal/mol        0.0022 kcal/(mol*A)
xmin   300     -139.6820 kcal/mol        0.0031 kcal/(mol*A)
xmin   310     -139.6820 kcal/mol        0.0013 kcal/(mol*A)
xmin   320     -139.6820 kcal/mol        0.0013 kcal/(mol*A)
xmin   330     -139.6820 kcal/mol        0.0007 kcal/(mol*A)
xmin   330     -139.6820 kcal/mol        0.0004 kcal/(mol*A)
  ... geometry converged !
 
 Final MO eigenvalues (eV):
 -51.7611  -48.4108  -48.3360  -42.4685  -41.4738  -40.5176  -39.9105  -39.0740
 -38.2231  -37.3885  -36.0308  -35.1995  -34.6669  -33.0334  -32.7253  -31.9629
 -31.5520  -31.2761  -30.6227  -28.9937  -28.4651  -27.2432  -26.2347  -25.0975
 -24.8874  -23.9609  -23.9028  -23.5138  -22.9373  -22.3810  -21.6551  -21.1518
 -20.0961  -19.4568  -19.2505  -19.2252  -19.0370  -18.7622  -18.1168  -17.9674
 -17.4821  -17.4124  -17.1244  -16.9114  -16.7111  -16.5015  -16.2018  -16.0311
 -15.8871  -15.7701  -15.6246  -15.4417  -15.2963  -15.2040  -15.1255  -15.0821
 -14.9692  -14.7714  -14.6894  -14.5748  -14.4789  -14.3140  -14.2518  -14.2131
 -14.1903  -14.1524  -14.0507  -13.8987  -13.7138  -13.5525  -13.3565  -13.2251
 -13.2091  -13.0927  -12.9927  -12.8456  -12.5489  -12.4875  -12.2476  -12.2411
 -11.5802  -11.3477  -10.9971  -10.9677  -10.8974  -10.3346  -10.1551  -10.0981
 -10.0397   -9.8678   -9.7200   -9.2866   -0.6827   -0.6555   -0.3260   -0.1460
   0.1051    0.1107    0.5385    1.2385    1.2963    1.4580    1.7936    1.8319
   2.0268    2.3366    2.3961    2.4621    2.6933    2.9866    3.1290    3.1728
   3.1788    3.2521    3.3388    3.3963    3.4117    3.4546    3.4940    3.5227
   3.5645    3.6615    3.6828    3.6921    3.6957    3.7507    3.8345    3.8830
   3.9518    3.9879    4.0020    4.0708    4.0960    4.1364    4.1867    4.2017
   4.2302    4.2541    4.2953    4.3316    4.3976    4.4300    4.4688    4.6022
   4.6708    4.6846    4.7085    4.8368    4.8649    4.9330    4.9825    5.0136
   5.0253    5.1070    5.1195    5.1927    5.2128    5.2345    5.2915    5.5465
   5.6733    5.8506    6.0169    6.2979    6.5815    6.8496

 Heat of formation   =       -139.68201817 kcal/mol  (       -6.05706683 eV)

 Total SCF energy    =    -156719.97815174 kcal/mol  (    -6795.88821611 eV)
 Electronic energy   =   -1197595.81151775 kcal/mol  (   -51931.65133853 eV)
 Core-core repulsion =    1040875.83336601 kcal/mol  (    45135.76312241 eV)
 
    Atomic Charges for Step       1 :
  Atom    Element       Mulliken Charge
     1      F                 -0.167
     2      C                  0.466
     3      F                 -0.166
     4      F                 -0.166
     5      C                 -0.157
     6      C                 -0.085
     7      C                 -0.083
     8      C                 -0.126
     9      C                 -0.117
    10      C                 -0.086
    11      C                  0.002
    12      N                 -0.348
    13      C                  0.351
    14      O                 -0.375
    15      C                 -0.062
    16      N                 -0.128
    17      C                 -0.119
    18      C                 -0.036
    19      C                 -0.105
    20      C                 -0.088
    21      C                  0.007
    22      C                 -0.151
    23      N                 -0.303
    24      C                 -0.032
    25      C                  0.377
    26      O                 -0.340
    27      C                 -0.077
    28      O                 -0.113
    29      C                 -0.033
    30      C                  0.029
    31      C                 -0.109
    32      C                 -0.174
    33      C                 -0.129
    34      C                 -0.069
    35      C                 -0.100
    36      C                 -0.151
    37      H                  0.151
    38      H                  0.153
    39      H                  0.140
    40      H                  0.166
    41      H                  0.096
    42      H                  0.129
    43      H                  0.243
    44      H                  0.173
    45      H                  0.146
    46      H                  0.152
    47      H                  0.109
    48      H                  0.104
    49      H                  0.116
    50      H                  0.095
    51      H                  0.118
    52      H                  0.116
    53      H                  0.092
    54      H                  0.095
    55      H                  0.151
    56      H                  0.143
    57      H                  0.139
    58      H                  0.138
 Total Mulliken Charge =       0.000
 
                  X        Y        Z     TOTAL  
  QM DIPOLE    -4.933    4.595   -4.179    7.932
 
 Final Structure

  QMMM: QM Region Cartesian Coordinates (*=link atom) 
  QMMM: QM_NO.   MM_NO.  ATOM         X         Y         Z
  QMMM:     1        1      F       11.6516    5.6239    4.2639
  QMMM:     2        2      C       10.4947    4.8835    4.2200
  QMMM:     3        3      F       10.6584    4.0709    3.1243
  QMMM:     4        4      F       10.6085    4.0267    5.2893
  QMMM:     5        5      C        9.2137    5.7074    4.2151
  QMMM:     6        6      C        9.1832    6.9413    4.8677
  QMMM:     7        7      C        8.0749    5.2158    3.5723
  QMMM:     8        8      C        8.0055    7.6873    4.8776
  QMMM:     9        9      C        6.8994    5.9634    3.5870
  QMMM:    10       10      C        6.8607    7.2000    4.2410
  QMMM:    11       11      C        5.5752    7.9812    4.2787
  QMMM:    12       12      N        5.1778    8.5611    3.0237
  QMMM:    13       13      C        4.3979    7.8632    2.1242
  QMMM:    14       14      O        3.8985    6.7550    2.4130
  QMMM:    15       15      C        4.0843    8.4953    0.7895
  QMMM:    16       16      N        4.8492    9.5066    0.3189
  QMMM:    17       17      C        2.9866    7.9659    0.0791
  QMMM:    18       18      C        4.5389   10.0295   -0.8871
  QMMM:    19       19      C        2.6739    8.5142   -1.1633
  QMMM:    20       20      C        3.4500    9.5621   -1.6688
  QMMM:    21       21      C        5.3968   11.1871   -1.3779
  QMMM:    22       22      C        3.1435   10.1435   -2.9992
  QMMM:    23       23      N        5.2230   11.4882   -2.7843
  QMMM:    24       24      C        3.8462   11.4856   -3.2176
  QMMM:    25       25      C        6.2987   11.2981   -3.6502
  QMMM:    26       26      O        7.4616   11.2338   -3.2036
  QMMM:    27       27      C        6.0862   11.2842   -5.1123
  QMMM:    28       28      O        5.0321   10.4839   -5.6116
  QMMM:    29       29      C        6.8132   11.8708   -6.1283
  QMMM:    30       30      C        5.1135   10.5883   -7.0008
  QMMM:    31       31      C        6.1955   11.4420   -7.3757
  QMMM:    32       32      C        7.9773   12.7502   -6.0088
  QMMM:    33       33      C        4.2823    9.9646   -7.9263
  QMMM:    34       34      C        6.4394   11.6705   -8.7281
  QMMM:    35       35      C        4.5541   10.2171   -9.2694
  QMMM:    36       36      C        5.6110   11.0532   -9.6619
  QMMM:    37       37      H       10.0887    7.3224    5.3657
  QMMM:    38       38      H        8.1112    4.2439    3.0550
  QMMM:    39       39      H        7.9824    8.6600    5.3919
  QMMM:    40       40      H        5.9912    5.5866    3.0854
  QMMM:    41       41      H        5.6723    8.8250    5.0222
  QMMM:    42       42      H        4.7526    7.2897    4.6300
  QMMM:    43       43      H        5.7144    9.3328    2.6989
  QMMM:    44       44      H        2.4081    7.1336    0.5088
  QMMM:    45       45      H        1.8242    8.1255   -1.7445
  QMMM:    46       46      H        6.4866   10.9746   -1.1684
  QMMM:    47       47      H        5.0978   12.1060   -0.7922
  QMMM:    48       48      H        2.0374   10.2968   -3.1096
  QMMM:    49       49      H        3.4667    9.4203   -3.7986
  QMMM:    50       50      H        3.3124   12.2787   -2.6163
  QMMM:    51       51      H        3.7746   11.7731   -4.3027
  QMMM:    52       52      H        8.4260   12.6741   -4.9852
  QMMM:    53       53      H        7.6794   13.8141   -6.1926
  QMMM:    54       54      H        8.7540   12.4687   -6.7637
  QMMM:    55       55      H        3.4615    9.3088   -7.6106
  QMMM:    56       56      H        7.2677   12.3201   -9.0448
  QMMM:    57       57      H        3.9256    9.7477  -10.0417
  QMMM:    58       58      H        5.7876   11.2210  -10.7352

           --------- Calculation Completed ----------

