            --------------------------------------------------------
                             AMBER SQM VERSION 19
 
                                     By
              Ross C. Walker, Michael F. Crowley, Scott Brozell,
                         Tim Giese, Andreas W. Goetz,
                        Tai-Sung Lee and David A. Case
 
            --------------------------------------------------------
 

--------------------------------------------------------------------------------
  QM CALCULATION INFO
--------------------------------------------------------------------------------

| QMMM: Citation for AMBER QMMM Run:
| QMMM: R.C. Walker, M.F. Crowley and D.A. Case, J. COMP. CHEM. 29:1019, 2008

QMMM: SINGLET STATE CALCULATION
QMMM: RHF CALCULATION, NO. OF DOUBLY OCCUPIED LEVELS =102

| QMMM: *** Selected Hamiltonian *** 
| QMMM: AM1         

| QMMM: *** Parameter sets in use ***
| QMMM: S : M.J.S.DEWAR et al. INORG. CHEM., 29, 3881, (1990)
| QMMM: C : M.J.S.DEWAR et al. JACS, 107, 3902, (1985)
| QMMM: O : M.J.S.DEWAR et al. JACS, 107, 3902, (1985)
| QMMM: N : M.J.S.DEWAR et al. JACS, 107, 3902, (1985)
| QMMM: H : M.J.S.DEWAR et al. JACS, 107, 3902, (1985)

| QMMM: *** SCF convergence criteria ***
| QMMM: Energy change                :  0.1D-09 kcal/mol
| QMMM: Error matrix |FP-PF|         :  0.1D+00 au
| QMMM: Density matrix change        :  0.5D-06
| QMMM: Maximum number of SCF cycles :     1000

| QMMM: *** Diagonalization Routine Information ***
| QMMM: Pseudo diagonalizations are allowed.
| QMMM: Auto diagonalization routine selection is in use.
| QMMM:
| QMMM: Timing diagonalization routines:
| QMMM:                              norbs =      192
| QMMM:    diag iterations used for timing =        5
| QMMM:
| QMMM:              Internal diag routine = 0.058894 seconds
| QMMM:                 Dspev diag routine = 0.054350 seconds
| QMMM:                Dspevd diag routine = 0.029754 seconds
| QMMM:                Dspevx diag routine = 0.128006 seconds
| QMMM:                 Dsyev diag routine = 0.041255 seconds
| QMMM:                Dsyevd diag routine = 0.017055 seconds
| QMMM:                Dsyevr diag routine = 0.022109 seconds
| QMMM:
| QMMM:                Pseudo diag routine = 0.029878 seconds
| QMMM: Pseudo diagonalization appears to be slower than regular
| QMMM: diagonalization. Setting pseudo_diag=0 for optimum performance.
| QMMM:
| QMMM: Using dsyevd routine (diag_routine=6).

  QMMM: QM Region Cartesian Coordinates (*=link atom) 
  QMMM: QM_NO.   MM_NO.  ATOM         X         Y         Z
  QMMM:     1        1      S        1.8710   -0.7230   -0.0070
  QMMM:     2        2      C        2.1980    0.9580    0.0840
  QMMM:     3        3      C        0.1900   -0.4610    0.0190
  QMMM:     4        4      C        3.5380    1.5270    0.0790
  QMMM:     5        5      C        1.0260    1.6890    0.1560
  QMMM:     6        6      C       -0.1390    0.8740    0.1310
  QMMM:     7        7      C       -0.8180   -1.5540   -0.1350
  QMMM:     8        8      O        3.7260    2.7420    0.1020
  QMMM:     9        9      N        4.5840    0.6360    0.0550
  QMMM:    10       10      C       -1.5410    1.3810    0.1530
  QMMM:    11       11      C       -2.2240   -1.0120    0.1720
  QMMM:    12       12      C        5.9630    1.0660    0.0840
  QMMM:    13       13      N       -2.4500    0.3610   -0.3200
  QMMM:    14       14      C        6.7020    0.6400   -1.1550
  QMMM:    15       15      C       -3.6670    0.6360   -0.9290
  QMMM:    16       16      C        6.2760    1.0750   -2.4120
  QMMM:    17       17      C        7.8560   -0.1500   -1.0780
  QMMM:    18       18      O       -4.3150   -0.3110   -1.3910
  QMMM:    19       19      C       -4.2160    2.0130   -1.0310
  QMMM:    20       20      C        6.9720    0.6950   -3.5600
  QMMM:    21       21      C        8.5550   -0.5180   -2.2390
  QMMM:    22       22      O       -5.5970    1.9460   -1.2340
  QMMM:    23       23      C       -3.8300    3.1260   -1.7980
  QMMM:    24       24      C        8.1130   -0.1210   -3.5030
  QMMM:    25       25      C       -5.7380    2.2350   -2.5600
  QMMM:    26       26      C       -4.6380    2.9780   -2.9680
  QMMM:    27       27      C       -2.7890    4.1700   -1.6160
  QMMM:    28       28      N        8.7480   -0.4540   -4.6920
  QMMM:    29       29      C       -6.7560    1.8150   -3.4050
  QMMM:    30       30      C       -4.5610    3.3890   -4.3070
  QMMM:    31       31      C       10.1680   -0.8350   -4.7310
  QMMM:    32       32      C        7.9340   -1.2290   -5.6510
  QMMM:    33       33      C       -7.8400    1.0460   -2.8940
  QMMM:    34       34      C       -6.5930    2.1090   -4.7590
  QMMM:    35       35      C       -5.5140    2.8840   -5.2040
  QMMM:    36       36      C       10.6990   -0.6360   -6.1780
  QMMM:    37       37      C        8.4850   -1.0080   -7.0750
  QMMM:    38       38      N       -8.7400    0.4370   -2.4910
  QMMM:    39       39      N        9.9130   -1.3840   -7.1910
  QMMM:    40       40      C       10.4010   -1.1040   -8.5390
  QMMM:    41       41      H        1.0000    2.7180    0.2220
  QMMM:    42       42      H       -0.5870   -2.3480    0.5450
  QMMM:    43       43      H       -0.7910   -1.9210   -1.1390
  QMMM:    44       44      H        4.3870   -0.3280    0.0170
  QMMM:    45       45      H       -1.6150    2.2410   -0.4800
  QMMM:    46       46      H       -1.8010    1.6410    1.1570
  QMMM:    47       47      H       -2.3660   -1.0200    1.2320
  QMMM:    48       48      H       -2.9210   -1.6450   -0.3370
  QMMM:    49       49      H        6.4430    0.6380    0.9390
  QMMM:    50       50      H        5.9790    2.1350    0.1320
  QMMM:    51       51      H        5.4430    1.6790   -2.4920
  QMMM:    52       52      H        8.1950   -0.4670   -0.1570
  QMMM:    53       53      H        6.6370    1.0240   -4.4790
  QMMM:    54       54      H        9.4090   -1.0910   -2.1560
  QMMM:    55       55      H       -2.3340    4.0560   -0.6540
  QMMM:    56       56      H       -3.2390    5.1380   -1.6870
  QMMM:    57       57      H       -2.0440    4.0670   -2.3770
  QMMM:    58       58      H       -3.8280    4.0430   -4.6220
  QMMM:    59       59      H       10.2740   -1.8610   -4.4470
  QMMM:    60       60      H       10.7270   -0.2260   -4.0510
  QMMM:    61       61      H        6.9170   -0.8990   -5.6060
  QMMM:    62       62      H        7.9790   -2.2690   -5.4050
  QMMM:    63       63      H       -7.2770    1.7500   -5.4430
  QMMM:    64       64      H       -5.4190    3.0870   -6.2110
  QMMM:    65       65      H       11.7140   -0.9720   -6.2180
  QMMM:    66       66      H       10.6130    0.4050   -6.4100
  QMMM:    67       67      H        8.3800    0.0270   -7.3280
  QMMM:    68       68      H        7.9270   -1.6310   -7.7420
  QMMM:    69       69      H       10.0190   -2.3840   -7.0200
  QMMM:    70       70      H       10.3010   -0.0580   -8.7440
  QMMM:    71       71      H        9.8280   -1.6630   -9.2490
  QMMM:    72       72      H       11.4310   -1.3840   -8.6110

--------------------------------------------------------------------------------
  RESULTS
--------------------------------------------------------------------------------

      iter         sqm energy              rms gradient
      ----    -------------------    -----------------------
xmin    10      234.9865 kcal/mol        3.9350 kcal/(mol*A)
xmin    20      221.3137 kcal/mol        2.1805 kcal/(mol*A)
xmin    30      219.2665 kcal/mol        0.3671 kcal/(mol*A)
xmin    40      218.2733 kcal/mol        0.5245 kcal/(mol*A)
xmin    50      216.7847 kcal/mol        1.8597 kcal/(mol*A)
xmin    60      215.9905 kcal/mol        0.7363 kcal/(mol*A)
xmin    70      215.2467 kcal/mol        0.7706 kcal/(mol*A)
xmin    80      215.0575 kcal/mol        0.4817 kcal/(mol*A)
xmin    90      214.4889 kcal/mol        0.8190 kcal/(mol*A)
xmin   100      213.2151 kcal/mol        0.8784 kcal/(mol*A)
xmin   110      212.8391 kcal/mol        0.6284 kcal/(mol*A)
xmin   120      212.5553 kcal/mol        0.3428 kcal/(mol*A)
xmin   130      212.1150 kcal/mol        0.5181 kcal/(mol*A)
xmin   140      211.9802 kcal/mol        0.4060 kcal/(mol*A)
xmin   150      211.8042 kcal/mol        0.1763 kcal/(mol*A)
xmin   160      211.7800 kcal/mol        0.1205 kcal/(mol*A)
xmin   170      211.6831 kcal/mol        0.3042 kcal/(mol*A)
xmin   180      211.5491 kcal/mol        0.1007 kcal/(mol*A)
xmin   190      211.4112 kcal/mol        0.3322 kcal/(mol*A)
xmin   200      211.3252 kcal/mol        0.2171 kcal/(mol*A)
xmin   210      211.2915 kcal/mol        0.0607 kcal/(mol*A)
xmin   220      211.1956 kcal/mol        0.1233 kcal/(mol*A)
xmin   230      211.1447 kcal/mol        0.1163 kcal/(mol*A)
xmin   240      211.1232 kcal/mol        0.1709 kcal/(mol*A)
xmin   250      211.0473 kcal/mol        0.1619 kcal/(mol*A)
xmin   260      211.0020 kcal/mol        0.0515 kcal/(mol*A)
xmin   270      210.9978 kcal/mol        0.0773 kcal/(mol*A)
xmin   280      210.9705 kcal/mol        0.1613 kcal/(mol*A)
xmin   290      210.9491 kcal/mol        0.0352 kcal/(mol*A)
xmin   300      210.9453 kcal/mol        0.0381 kcal/(mol*A)
xmin   310      210.9377 kcal/mol        0.0233 kcal/(mol*A)
xmin   320      210.9352 kcal/mol        0.0272 kcal/(mol*A)
xmin   330      210.9340 kcal/mol        0.0365 kcal/(mol*A)
xmin   340      210.9279 kcal/mol        0.0224 kcal/(mol*A)
xmin   350      210.9274 kcal/mol        0.0106 kcal/(mol*A)
xmin   360      210.9263 kcal/mol        0.0325 kcal/(mol*A)
xmin   370      210.9253 kcal/mol        0.0295 kcal/(mol*A)
xmin   380      210.9244 kcal/mol        0.0197 kcal/(mol*A)
xmin   390      210.9205 kcal/mol        0.0311 kcal/(mol*A)
xmin   400      210.9164 kcal/mol        0.0151 kcal/(mol*A)
xmin   410      210.9102 kcal/mol        0.0796 kcal/(mol*A)
xmin   420      210.9076 kcal/mol        0.0424 kcal/(mol*A)
xmin   430      210.9041 kcal/mol        0.0202 kcal/(mol*A)
xmin   440      210.9001 kcal/mol        0.0734 kcal/(mol*A)
xmin   450      210.8845 kcal/mol        0.0466 kcal/(mol*A)
xmin   460      210.8737 kcal/mol        0.0932 kcal/(mol*A)
xmin   470      210.8650 kcal/mol        0.0450 kcal/(mol*A)
xmin   480      210.8596 kcal/mol        0.0334 kcal/(mol*A)
xmin   490      210.8559 kcal/mol        0.0244 kcal/(mol*A)
xmin   500      210.8482 kcal/mol        0.1432 kcal/(mol*A)
xmin   510      210.8287 kcal/mol        0.0560 kcal/(mol*A)
xmin   520      210.8058 kcal/mol        0.1156 kcal/(mol*A)
xmin   530      210.7624 kcal/mol        0.1817 kcal/(mol*A)
xmin   540      210.7287 kcal/mol        0.0862 kcal/(mol*A)
xmin   550      210.7088 kcal/mol        0.0785 kcal/(mol*A)
xmin   560      210.6840 kcal/mol        0.0322 kcal/(mol*A)
xmin   570      210.6609 kcal/mol        0.0485 kcal/(mol*A)
xmin   580      210.6267 kcal/mol        0.0728 kcal/(mol*A)
xmin   590      210.5702 kcal/mol        0.1179 kcal/(mol*A)
xmin   600      210.5508 kcal/mol        0.0771 kcal/(mol*A)
xmin   610      210.5400 kcal/mol        0.1660 kcal/(mol*A)
xmin   620      210.5261 kcal/mol        0.1553 kcal/(mol*A)
xmin   630      210.4839 kcal/mol        0.0759 kcal/(mol*A)
xmin   640      210.4554 kcal/mol        0.0622 kcal/(mol*A)
xmin   650      210.4456 kcal/mol        0.0410 kcal/(mol*A)
xmin   660      210.4414 kcal/mol        0.0510 kcal/(mol*A)
xmin   670      210.4378 kcal/mol        0.0305 kcal/(mol*A)
xmin   680      210.4351 kcal/mol        0.0271 kcal/(mol*A)
xmin   690      210.4289 kcal/mol        0.0885 kcal/(mol*A)
xmin   700      210.4259 kcal/mol        0.0374 kcal/(mol*A)
xmin   710      210.4080 kcal/mol        0.1205 kcal/(mol*A)
xmin   720      210.4036 kcal/mol        0.0580 kcal/(mol*A)
xmin   730      210.3992 kcal/mol        0.0432 kcal/(mol*A)
xmin   740      210.3945 kcal/mol        0.0232 kcal/(mol*A)
xmin   750      210.3904 kcal/mol        0.0365 kcal/(mol*A)
xmin   760      210.3893 kcal/mol        0.0144 kcal/(mol*A)
xmin   770      210.3875 kcal/mol        0.0211 kcal/(mol*A)
xmin   780      210.3858 kcal/mol        0.0122 kcal/(mol*A)
xmin   790      210.3795 kcal/mol        0.0374 kcal/(mol*A)
xmin   800      210.3754 kcal/mol        0.0592 kcal/(mol*A)
xmin   810      210.3718 kcal/mol        0.0308 kcal/(mol*A)
xmin   820      210.3705 kcal/mol        0.0134 kcal/(mol*A)
xmin   830      210.3700 kcal/mol        0.0513 kcal/(mol*A)
xmin   840      210.3676 kcal/mol        0.0277 kcal/(mol*A)
xmin   850      210.3665 kcal/mol        0.0133 kcal/(mol*A)
xmin   860      210.3640 kcal/mol        0.0136 kcal/(mol*A)
xmin   870      210.3601 kcal/mol        0.0940 kcal/(mol*A)
xmin   880      210.3563 kcal/mol        0.0170 kcal/(mol*A)
xmin   890      210.3532 kcal/mol        0.0246 kcal/(mol*A)
xmin   900      210.3504 kcal/mol        0.0282 kcal/(mol*A)
xmin   910      210.3483 kcal/mol        0.0101 kcal/(mol*A)
xmin   920      210.3466 kcal/mol        0.0124 kcal/(mol*A)
xmin   930      210.3451 kcal/mol        0.0139 kcal/(mol*A)
xmin   940      210.3436 kcal/mol        0.0297 kcal/(mol*A)
xmin   950      210.3423 kcal/mol        0.0213 kcal/(mol*A)
xmin   960      210.3393 kcal/mol        0.0297 kcal/(mol*A)
xmin   970      210.3338 kcal/mol        0.0680 kcal/(mol*A)
xmin   980      210.3311 kcal/mol        0.0168 kcal/(mol*A)
xmin   990      210.3340 kcal/mol        0.1015 kcal/(mol*A)
xmin  1000      210.3302 kcal/mol        0.0897 kcal/(mol*A)
xmin  1010      210.3195 kcal/mol        0.0191 kcal/(mol*A)
xmin  1020      210.3136 kcal/mol        0.0234 kcal/(mol*A)
xmin  1030      210.3121 kcal/mol        0.0350 kcal/(mol*A)
xmin  1040      210.2914 kcal/mol        0.0544 kcal/(mol*A)
xmin  1050      210.2540 kcal/mol        0.1453 kcal/(mol*A)
xmin  1060      210.2018 kcal/mol        0.1069 kcal/(mol*A)
xmin  1070      210.1168 kcal/mol        0.2290 kcal/(mol*A)
xmin  1080      209.9442 kcal/mol        0.4625 kcal/(mol*A)
xmin  1090      209.8248 kcal/mol        0.2187 kcal/(mol*A)
xmin  1100      209.7447 kcal/mol        0.0681 kcal/(mol*A)
xmin  1110      209.6860 kcal/mol        0.0358 kcal/(mol*A)
xmin  1120      209.6677 kcal/mol        0.0558 kcal/(mol*A)
xmin  1130      209.6590 kcal/mol        0.0443 kcal/(mol*A)
xmin  1140      209.6310 kcal/mol        0.1687 kcal/(mol*A)
xmin  1150      209.6127 kcal/mol        0.2265 kcal/(mol*A)
xmin  1160      209.5961 kcal/mol        0.0624 kcal/(mol*A)
xmin  1170      209.5788 kcal/mol        0.0771 kcal/(mol*A)
xmin  1180      209.5377 kcal/mol        0.2019 kcal/(mol*A)
xmin  1190      209.4574 kcal/mol        0.1868 kcal/(mol*A)
xmin  1200      209.3439 kcal/mol        0.1814 kcal/(mol*A)
xmin  1210      209.2696 kcal/mol        0.1059 kcal/(mol*A)
xmin  1220      208.8200 kcal/mol        0.1722 kcal/(mol*A)
xmin  1230      208.2828 kcal/mol        0.2016 kcal/(mol*A)
xmin  1240      207.8825 kcal/mol        0.5416 kcal/(mol*A)
xmin  1250      207.5629 kcal/mol        0.1858 kcal/(mol*A)
xmin  1260      206.8540 kcal/mol        0.3217 kcal/(mol*A)
xmin  1270      206.4031 kcal/mol        0.1579 kcal/(mol*A)
xmin  1280      206.2961 kcal/mol        0.2375 kcal/(mol*A)
xmin  1290      206.2697 kcal/mol        0.3504 kcal/(mol*A)
xmin  1300      206.2249 kcal/mol        0.0342 kcal/(mol*A)
xmin  1310      206.2103 kcal/mol        0.0747 kcal/(mol*A)
xmin  1320      206.1952 kcal/mol        0.0788 kcal/(mol*A)
xmin  1330      206.1936 kcal/mol        0.0321 kcal/(mol*A)
xmin  1340      206.1914 kcal/mol        0.0058 kcal/(mol*A)
xmin  1350      206.1906 kcal/mol        0.0112 kcal/(mol*A)
xmin  1360      206.1900 kcal/mol        0.0043 kcal/(mol*A)
xmin  1370      206.1900 kcal/mol        0.0015 kcal/(mol*A)
  ... geometry converged !
 
 Final MO eigenvalues (eV):
 -45.5061  -44.6899  -42.8046  -42.6874  -41.6683  -41.0943  -40.4344  -40.0183
 -39.5026  -38.0661  -37.4387  -37.3632  -36.1033  -35.3345  -34.6245  -34.2901
 -33.9734  -33.0242  -32.8716  -32.1101  -30.7404  -30.1325  -29.0739  -29.0537
 -28.7156  -27.6820  -27.0170  -26.3365  -26.1098  -25.5688  -25.3747  -24.6670
 -24.2734  -23.3688  -22.6160  -22.2632  -21.9238  -21.6779  -21.4911  -21.1785
 -20.8380  -20.7085  -20.3995  -20.1222  -19.9072  -19.5279  -19.5026  -19.1115
 -18.9894  -18.6926  -18.6416  -18.3936  -18.1871  -18.0222  -17.9906  -17.9363
 -17.8003  -17.6507  -17.6284  -17.4696  -17.3920  -17.2273  -17.1607  -17.1119
 -17.0667  -16.8564  -16.7205  -16.4947  -16.4062  -16.3574  -16.2675  -16.1808
 -16.1630  -16.0466  -16.0243  -16.0127  -15.8096  -15.6497  -15.3732  -15.3346
 -15.2636  -15.1081  -15.0747  -14.7975  -14.7724  -14.5627  -14.4851  -14.2663
 -13.9195  -13.8069  -13.3676  -13.2455  -13.1020  -12.9453  -12.2071  -12.0128
 -11.9939  -11.8292  -11.4705  -11.4159  -11.3688  -11.1969   -3.3447   -3.0861
  -2.3855   -2.3083   -2.2616   -1.9389   -1.5878   -1.4716   -1.3975   -1.3111
  -1.2677   -1.2094   -1.1599   -0.8950   -0.8894   -0.8054   -0.6872   -0.4928
  -0.4290   -0.4100   -0.2853   -0.1840   -0.1346   -0.1261   -0.0948    0.0211
   0.1244    0.1758    0.2026    0.2661    0.2745    0.3457    0.5630    0.5906
   0.8139    0.8627    0.9391    1.0030    1.0948    1.3209    1.3657    1.3883
   1.5093    1.6183    1.6286    1.6541    1.7018    1.7716    1.8051    1.8340
   1.8930    1.8971    1.9076    1.9825    2.0584    2.1862    2.1907    2.2080
   2.3110    2.3803    2.4215    2.4498    2.4651    2.5306    2.5640    2.6430
   2.6653    2.7002    2.7041    2.7215    2.7674    2.7912    2.8489    2.8638
   2.9755    2.9877    3.1009    3.1395    3.1704    3.2538    3.3201    3.3866
   3.3990    3.4723    3.6109    3.7382    4.0015    4.1962    4.7695    5.1378


 Heat of formation   =        206.18997069 kcal/mol  (        8.94106807 eV)

 Total SCF energy    =    -151977.75491682 kcal/mol  (    -6590.24998555 eV)
 Electronic energy   =   -1472397.36355636 kcal/mol  (   -63847.94083328 eV)
 Core-core repulsion =    1320419.60863954 kcal/mol  (    57257.69084773 eV)
 
    Atomic Charges for Step       1 :
  Atom    Element       Mulliken Charge
     1      S                  0.625
     2      C                 -0.461
     3      C                 -0.353
     4      C                  0.366
     5      C                 -0.065
     6      C                 -0.162
     7      C                 -0.124
     8      O                 -0.330
     9      N                 -0.343
    10      C                  0.023
    11      C                 -0.042
    12      C                 -0.006
    13      N                 -0.290
    14      C                 -0.113
    15      C                  0.362
    16      C                 -0.082
    17      C                 -0.103
    18      O                 -0.308
    19      C                 -0.054
    20      C                 -0.135
    21      C                 -0.162
    22      O                 -0.088
    23      C                 -0.056
    24      C                  0.008
    25      C                  0.072
    26      C                 -0.105
    27      C                 -0.173
    28      N                 -0.220
    29      C                 -0.057
    30      C                 -0.028
    31      C                 -0.086
    32      C                 -0.090
    33      C                  0.020
    34      C                 -0.055
    35      C                 -0.155
    36      C                 -0.132
    37      C                 -0.122
    38      N                 -0.182
    39      N                 -0.004
    40      C                 -0.187
    41      H                  0.176
    42      H                  0.112
    43      H                  0.109
    44      H                  0.198
    45      H                  0.109
    46      H                  0.115
    47      H                  0.106
    48      H                  0.129
    49      H                  0.112
    50      H                  0.135
    51      H                  0.157
    52      H                  0.140
    53      H                  0.141
    54      H                  0.132
    55      H                  0.108
    56      H                  0.097
    57      H                  0.106
    58      H                  0.160
    59      H                  0.087
    60      H                  0.149
    61      H                  0.145
    62      H                  0.101
    63      H                  0.146
    64      H                  0.156
    65      H                  0.140
    66      H                  0.150
    67      H                  0.144
    68      H                  0.149
    69      H                  0.269
    70      H                  0.138
    71      H                  0.145
    72      H                  0.139
 Total Mulliken Charge =       1.000
 
                  X        Y        Z     TOTAL  
  QM DIPOLE    20.899    3.526  -28.132   35.222
 
 Final Structure

  QMMM: QM Region Cartesian Coordinates (*=link atom) 
  QMMM: QM_NO.   MM_NO.  ATOM         X         Y         Z
  QMMM:     1        1      S        1.9423   -1.3577    1.6014
  QMMM:     2        2      C        2.3131    0.2651    1.3789
  QMMM:     3        3      C        0.5026   -1.2598    0.7695
  QMMM:     4        4      C        3.5733    0.9268    1.7528
  QMMM:     5        5      C        1.3030    0.9302    0.6980
  QMMM:     6        6      C        0.2569    0.0383    0.3335
  QMMM:     7        7      C       -0.4052   -2.3808    0.4688
  QMMM:     8        8      O        3.6690    2.1649    1.8314
  QMMM:     9        9      N        4.6747    0.0965    2.0140
  QMMM:    10       10      C       -0.9658    0.4076   -0.4337
  QMMM:    11       11      C       -1.7343   -1.8853   -0.1212
  QMMM:    12       12      C        6.0036    0.5864    1.7377
  QMMM:    13       13      N       -1.6336   -0.7454   -1.0169
  QMMM:    14       14      C        6.3350    0.5926    0.2681
  QMMM:    15       15      C       -1.5182   -0.9923   -2.3904
  QMMM:    16       16      C        6.6424    1.7879   -0.3870
  QMMM:    17       17      C        6.2611   -0.5883   -0.4745
  QMMM:    18       18      O       -1.5484   -2.1379   -2.8693
  QMMM:    19       19      C       -1.5126    0.1901   -3.2897
  QMMM:    20       20      C        6.7875    1.8211   -1.7701
  QMMM:    21       21      C        6.3815   -0.5681   -1.8606
  QMMM:    22       22      O       -0.3343    0.3532   -4.0585
  QMMM:    23       23      C       -2.4785    1.1136   -3.6210
  QMMM:    24       24      C        6.6017    0.6491   -2.5364
  QMMM:    25       25      C       -0.5932    1.4227   -4.9094
  QMMM:    26       26      C       -1.9094    1.9375   -4.6812
  QMMM:    27       27      C       -3.8269    1.2615   -3.0703
  QMMM:    28       28      N        6.6648    0.7390   -3.9655
  QMMM:    29       29      C        0.2620    1.9665   -5.8707
  QMMM:    30       30      C       -2.3675    3.0116   -5.4345
  QMMM:    31       31      C        6.6417   -0.5365   -4.6638
  QMMM:    32       32      C        5.6927    1.6834   -4.5094
  QMMM:    33       33      C        1.5692    1.4766   -6.1048
  QMMM:    34       34      C       -0.2352    3.0497   -6.6175
  QMMM:    35       35      C       -1.5184    3.5566   -6.4001
  QMMM:    36       36      C        6.8033   -0.3707   -6.1864
  QMMM:    37       37      C        5.8531    1.8739   -6.0268
  QMMM:    38       38      N        2.6511    1.0988   -6.3094
  QMMM:    39       39      N        5.7780    0.5643   -6.7528
  QMMM:    40       40      C        5.9581    0.7456   -8.2113
  QMMM:    41       41      H        1.3178    1.9989    0.4642
  QMMM:    42       42      H       -0.6336   -2.9723    1.3954
  QMMM:    43       43      H        0.0892   -3.0762   -0.2640
  QMMM:    44       44      H        4.5450   -0.8704    1.8056
  QMMM:    45       45      H       -0.7020    1.1534   -1.2364
  QMMM:    46       46      H       -1.7023    0.8978    0.2707
  QMMM:    47       47      H       -2.4075   -1.5622    0.7239
  QMMM:    48       48      H       -2.2263   -2.7387   -0.6682
  QMMM:    49       49      H        6.7354   -0.0764    2.2827
  QMMM:    50       50      H        6.0883    1.6319    2.1541
  QMMM:    51       51      H        6.7493    2.7200    0.1923
  QMMM:    52       52      H        6.0866   -1.5491    0.0351
  QMMM:    53       53      H        7.0389    2.7768   -2.2556
  QMMM:    54       54      H        6.2909   -1.5208   -2.4031
  QMMM:    55       55      H       -4.5785    0.8171   -3.7734
  QMMM:    56       56      H       -4.0754    2.3438   -2.9312
  QMMM:    57       57      H       -3.9196    0.7423   -2.0838
  QMMM:    58       58      H       -3.3772    3.4204   -5.2736
  QMMM:    59       59      H        5.6953   -1.1227   -4.4676
  QMMM:    60       60      H        7.5190   -1.1479   -4.3035
  QMMM:    61       61      H        5.8682    2.6908   -4.0337
  QMMM:    62       62      H        4.6292    1.3753   -4.2862
  QMMM:    63       63      H        0.4019    3.5056   -7.3917
  QMMM:    64       64      H       -1.8676    4.4061   -7.0086
  QMMM:    65       65      H        6.6825   -1.3750   -6.6805
  QMMM:    66       66      H        7.8240    0.0408   -6.4285
  QMMM:    67       67      H        6.8490    2.3450   -6.2623
  QMMM:    68       68      H        5.0269    2.5390   -6.4045
  QMMM:    69       69      H        4.8449    0.1572   -6.5809
  QMMM:    70       70      H        6.9608    1.2061   -8.4164
  QMMM:    71       71      H        5.1472    1.4185   -8.6004
  QMMM:    72       72      H        5.8925   -0.2535   -8.7197

           --------- Calculation Completed ----------

