            --------------------------------------------------------
                             AMBER SQM VERSION 19
 
                                     By
              Ross C. Walker, Michael F. Crowley, Scott Brozell,
                         Tim Giese, Andreas W. Goetz,
                        Tai-Sung Lee and David A. Case
 
            --------------------------------------------------------
 

--------------------------------------------------------------------------------
  QM CALCULATION INFO
--------------------------------------------------------------------------------

| QMMM: Citation for AMBER QMMM Run:
| QMMM: R.C. Walker, M.F. Crowley and D.A. Case, J. COMP. CHEM. 29:1019, 2008

QMMM: SINGLET STATE CALCULATION
QMMM: RHF CALCULATION, NO. OF DOUBLY OCCUPIED LEVELS =101

| QMMM: *** Selected Hamiltonian *** 
| QMMM: AM1         

| QMMM: *** Parameter sets in use ***
| QMMM: S : M.J.S.DEWAR et al. INORG. CHEM., 29, 3881, (1990)
| QMMM: C : M.J.S.DEWAR et al. JACS, 107, 3902, (1985)
| QMMM: O : M.J.S.DEWAR et al. JACS, 107, 3902, (1985)
| QMMM: N : M.J.S.DEWAR et al. JACS, 107, 3902, (1985)
| QMMM: H : M.J.S.DEWAR et al. JACS, 107, 3902, (1985)

| QMMM: *** SCF convergence criteria ***
| QMMM: Energy change                :  0.1D-09 kcal/mol
| QMMM: Error matrix |FP-PF|         :  0.1D+00 au
| QMMM: Density matrix change        :  0.5D-06
| QMMM: Maximum number of SCF cycles :     1000

| QMMM: *** Diagonalization Routine Information ***
| QMMM: Pseudo diagonalizations are allowed.
| QMMM: Auto diagonalization routine selection is in use.
| QMMM:
| QMMM: Timing diagonalization routines:
| QMMM:                              norbs =      189
| QMMM:    diag iterations used for timing =        5
| QMMM:
| QMMM:              Internal diag routine = 0.049518 seconds
| QMMM:                 Dspev diag routine = 0.043036 seconds
| QMMM:                Dspevd diag routine = 0.019772 seconds
| QMMM:                Dspevx diag routine = 0.107793 seconds
| QMMM:                 Dsyev diag routine = 0.031947 seconds
| QMMM:                Dsyevd diag routine = 0.019485 seconds
| QMMM:                Dsyevr diag routine = 0.025773 seconds
| QMMM:
| QMMM:                Pseudo diag routine = 0.027416 seconds
| QMMM: Pseudo diagonalization appears to be slower than regular
| QMMM: diagonalization. Setting pseudo_diag=0 for optimum performance.
| QMMM:
| QMMM: Using dsyevd routine (diag_routine=6).

  QMMM: QM Region Cartesian Coordinates (*=link atom) 
  QMMM: QM_NO.   MM_NO.  ATOM         X         Y         Z
  QMMM:     1        1      S        1.8800   -0.7390    0.0020
  QMMM:     2        2      C        2.2040    0.9400    0.0920
  QMMM:     3        3      C        0.1980   -0.4790    0.0260
  QMMM:     4        4      C        3.5420    1.5070    0.0820
  QMMM:     5        5      C        1.0320    1.6690    0.1680
  QMMM:     6        6      C       -0.1360    0.8470    0.1320
  QMMM:     7        7      C       -0.8070   -1.5730   -0.1310
  QMMM:     8        8      O        3.7340    2.7210    0.1140
  QMMM:     9        9      N        4.5880    0.6160    0.0330
  QMMM:    10       10      C       -1.5340    1.3600    0.1450
  QMMM:    11       11      C       -2.2120   -1.0380    0.1870
  QMMM:    12       12      C        5.9650    1.0490    0.0270
  QMMM:    13       13      N       -2.4510    0.3350   -0.3010
  QMMM:    14       14      C        6.6710    0.6220   -1.2330
  QMMM:    15       15      C       -3.7000    0.6120   -0.8460
  QMMM:    16       16      C        6.2180    1.0550   -2.4780
  QMMM:    17       17      C        7.8250   -0.1670   -1.1700
  QMMM:    18       18      O       -4.3870   -0.3440   -1.2300
  QMMM:    19       19      C       -4.2450    1.9850   -0.9700
  QMMM:    20       20      C        6.8890    0.6700   -3.6380
  QMMM:    21       21      C        8.5010   -0.5370   -2.3450
  QMMM:    22       22      O       -5.6260    1.9190   -1.1570
  QMMM:    23       23      C       -3.8560    3.1190   -1.7050
  QMMM:    24       24      C        8.0340   -0.1410   -3.6040
  QMMM:    25       25      C       -5.7900    2.2920   -2.4530
  QMMM:    26       26      C       -4.6970    3.0370   -2.8590
  QMMM:    27       27      C       -2.8030    4.1480   -1.5030
  QMMM:    28       28      N        8.6500   -0.4710   -4.8030
  QMMM:    29       29      C       -6.8460    1.9240   -3.2690
  QMMM:    30       30      C       -4.6680    3.5060   -4.1810
  QMMM:    31       31      C       10.0720   -0.8470   -4.8580
  QMMM:    32       32      C        7.8270   -1.2750   -5.7310
  QMMM:    33       33      O       -7.8730    1.1400   -2.8190
  QMMM:    34       34      C       -6.7450    2.2730   -4.6090
  QMMM:    35       35      C       -5.6690    3.0530   -5.0590
  QMMM:    36       36      C       10.5790   -0.6780   -6.3160
  QMMM:    37       37      C        8.3520   -1.0870   -7.1700
  QMMM:    38       38      N        9.7830   -1.4500   -7.3020
  QMMM:    39       39      C       10.2440   -1.1850   -8.6630
  QMMM:    40       40      H        1.0040    2.6980    0.2420
  QMMM:    41       41      H       -0.5710   -2.3720    0.5410
  QMMM:    42       42      H       -0.7840   -1.9320   -1.1380
  QMMM:    43       43      H        4.3910   -0.3480    0.0010
  QMMM:    44       44      H       -1.6060    2.2050   -0.5070
  QMMM:    45       45      H       -1.7900    1.6440    1.1440
  QMMM:    46       46      H       -2.3450   -1.0470    1.2480
  QMMM:    47       47      H       -2.9100   -1.6740   -0.3170
  QMMM:    48       48      H        6.4680    0.6210    0.8690
  QMMM:    49       49      H        5.9820    2.1180    0.0770
  QMMM:    50       50      H        5.3860    1.6620   -2.5410
  QMMM:    51       51      H        8.1820   -0.4790   -0.2530
  QMMM:    52       52      H        6.5320    0.9920   -4.5510
  QMMM:    53       53      H        9.3560   -1.1120   -2.2800
  QMMM:    54       54      H       -2.3210    3.9860   -0.5620
  QMMM:    55       55      H       -3.2490    5.1210   -1.5130
  QMMM:    56       56      H       -2.0810    4.0790   -2.2900
  QMMM:    57       57      H       -3.9370    4.1620   -4.4980
  QMMM:    58       58      H       10.1870   -1.8660   -4.5530
  QMMM:    59       59      H       10.6390   -0.2200   -4.2010
  QMMM:    60       60      H        6.8080   -0.9520   -5.6770
  QMMM:    61       61      H        7.8840   -2.3090   -5.4600
  QMMM:    62       62      H       -7.9260    0.9130   -1.9120
  QMMM:    63       63      H       -7.4650    1.9580   -5.2780
  QMMM:    64       64      H       -5.6100    3.2990   -6.0600
  QMMM:    65       65      H       11.5950   -1.0100   -6.3640
  QMMM:    66       66      H       10.4830    0.3570   -6.5700
  QMMM:    67       67      H        8.2320   -0.0600   -7.4470
  QMMM:    68       68      H        7.7910   -1.7350   -7.8090
  QMMM:    69       69      H        9.9010   -2.4460   -7.1160
  QMMM:    70       70      H       10.1290   -0.1440   -8.8820
  QMMM:    71       71      H        9.6650   -1.7610   -9.3540
  QMMM:    72       72      H       11.2750   -1.4560   -8.7490

--------------------------------------------------------------------------------
  RESULTS
--------------------------------------------------------------------------------

      iter         sqm energy              rms gradient
      ----    -------------------    -----------------------
xmin    10      157.1675 kcal/mol        1.4472 kcal/(mol*A)
xmin    20      143.3064 kcal/mol        1.0333 kcal/(mol*A)
xmin    30      140.8529 kcal/mol        0.5494 kcal/(mol*A)
xmin    40      139.4474 kcal/mol        0.6100 kcal/(mol*A)
xmin    50      138.7317 kcal/mol        0.7076 kcal/(mol*A)
xmin    60      137.5468 kcal/mol        0.1385 kcal/(mol*A)
xmin    70      137.2268 kcal/mol        0.2156 kcal/(mol*A)
xmin    80      137.0452 kcal/mol        0.1531 kcal/(mol*A)
xmin    90      136.8970 kcal/mol        0.1525 kcal/(mol*A)
xmin   100      136.7541 kcal/mol        0.1558 kcal/(mol*A)
xmin   110      136.6529 kcal/mol        0.0659 kcal/(mol*A)
xmin   120      136.5989 kcal/mol        0.0739 kcal/(mol*A)
xmin   130      136.5812 kcal/mol        0.0737 kcal/(mol*A)
xmin   140      136.5201 kcal/mol        0.2859 kcal/(mol*A)
xmin   150      136.4151 kcal/mol        0.1802 kcal/(mol*A)
xmin   160      136.3506 kcal/mol        0.1196 kcal/(mol*A)
xmin   170      136.2889 kcal/mol        0.0720 kcal/(mol*A)
xmin   180      136.2617 kcal/mol        0.0937 kcal/(mol*A)
xmin   190      136.2356 kcal/mol        0.0879 kcal/(mol*A)
xmin   200      136.1819 kcal/mol        0.1274 kcal/(mol*A)
xmin   210      136.1665 kcal/mol        0.0443 kcal/(mol*A)
xmin   220      136.1325 kcal/mol        0.0314 kcal/(mol*A)
xmin   230      136.1092 kcal/mol        0.0835 kcal/(mol*A)
xmin   240      136.1041 kcal/mol        0.0309 kcal/(mol*A)
xmin   250      136.0886 kcal/mol        0.0344 kcal/(mol*A)
xmin   260      136.0848 kcal/mol        0.0412 kcal/(mol*A)
xmin   270      136.0794 kcal/mol        0.0364 kcal/(mol*A)
xmin   280      136.0723 kcal/mol        0.0456 kcal/(mol*A)
xmin   290      136.0600 kcal/mol        0.0148 kcal/(mol*A)
xmin   300      136.0565 kcal/mol        0.0413 kcal/(mol*A)
xmin   310      136.0545 kcal/mol        0.0067 kcal/(mol*A)
xmin   320      136.0541 kcal/mol        0.0170 kcal/(mol*A)
xmin   330      136.0527 kcal/mol        0.0181 kcal/(mol*A)
xmin   340      136.0488 kcal/mol        0.0126 kcal/(mol*A)
xmin   350      136.0481 kcal/mol        0.0141 kcal/(mol*A)
xmin   360      136.0471 kcal/mol        0.0249 kcal/(mol*A)
xmin   370      136.0452 kcal/mol        0.0076 kcal/(mol*A)
xmin   380      136.0446 kcal/mol        0.0058 kcal/(mol*A)
xmin   390      136.0441 kcal/mol        0.0166 kcal/(mol*A)
xmin   400      136.0431 kcal/mol        0.0085 kcal/(mol*A)
xmin   410      136.0423 kcal/mol        0.0103 kcal/(mol*A)
xmin   420      136.0422 kcal/mol        0.0045 kcal/(mol*A)
xmin   430      136.0421 kcal/mol        0.0176 kcal/(mol*A)
xmin   440      136.0419 kcal/mol        0.0082 kcal/(mol*A)
xmin   450      136.0416 kcal/mol        0.0085 kcal/(mol*A)
xmin   460      136.0415 kcal/mol        0.0032 kcal/(mol*A)
xmin   470      136.0414 kcal/mol        0.0108 kcal/(mol*A)
xmin   480      136.0413 kcal/mol        0.0014 kcal/(mol*A)
xmin   490      136.0413 kcal/mol        0.0045 kcal/(mol*A)
xmin   500      136.0410 kcal/mol        0.0112 kcal/(mol*A)
xmin   510      136.0407 kcal/mol        0.0068 kcal/(mol*A)
xmin   520      136.0404 kcal/mol        0.0040 kcal/(mol*A)
xmin   530      136.0404 kcal/mol        0.0025 kcal/(mol*A)
xmin   540      136.0403 kcal/mol        0.0025 kcal/(mol*A)
xmin   550      136.0402 kcal/mol        0.0027 kcal/(mol*A)
xmin   560      136.0402 kcal/mol        0.0011 kcal/(mol*A)
xmin   570      136.0401 kcal/mol        0.0020 kcal/(mol*A)
xmin   580      136.0398 kcal/mol        0.0026 kcal/(mol*A)
xmin   590      136.0396 kcal/mol        0.0101 kcal/(mol*A)
xmin   600      136.0393 kcal/mol        0.0248 kcal/(mol*A)
xmin   610      136.0385 kcal/mol        0.0096 kcal/(mol*A)
xmin   620      136.0380 kcal/mol        0.0099 kcal/(mol*A)
xmin   630      136.0378 kcal/mol        0.0081 kcal/(mol*A)
xmin   640      136.0372 kcal/mol        0.0204 kcal/(mol*A)
xmin   650      136.0362 kcal/mol        0.0400 kcal/(mol*A)
xmin   660      135.9791 kcal/mol        0.3325 kcal/(mol*A)
xmin   670      135.8313 kcal/mol        0.3614 kcal/(mol*A)
xmin   680      135.5799 kcal/mol        0.2153 kcal/(mol*A)
xmin   690      135.4178 kcal/mol        0.4975 kcal/(mol*A)
xmin   700      135.2249 kcal/mol        0.1476 kcal/(mol*A)
xmin   710      135.1543 kcal/mol        0.2900 kcal/(mol*A)
xmin   720      135.1105 kcal/mol        0.0764 kcal/(mol*A)
xmin   730      135.0788 kcal/mol        0.0391 kcal/(mol*A)
xmin   740      135.0697 kcal/mol        0.1177 kcal/(mol*A)
xmin   750      135.0631 kcal/mol        0.0237 kcal/(mol*A)
xmin   760      135.0566 kcal/mol        0.0252 kcal/(mol*A)
xmin   770      135.0536 kcal/mol        0.0237 kcal/(mol*A)
xmin   780      135.0516 kcal/mol        0.0066 kcal/(mol*A)
xmin   790      135.0470 kcal/mol        0.0312 kcal/(mol*A)
xmin   800      135.0460 kcal/mol        0.0159 kcal/(mol*A)
xmin   810      135.0430 kcal/mol        0.0385 kcal/(mol*A)
xmin   820      135.0413 kcal/mol        0.0244 kcal/(mol*A)
xmin   830      135.0407 kcal/mol        0.0262 kcal/(mol*A)
xmin   840      135.0375 kcal/mol        0.0379 kcal/(mol*A)
xmin   850      135.0370 kcal/mol        0.0163 kcal/(mol*A)
xmin   860      135.0354 kcal/mol        0.0474 kcal/(mol*A)
xmin   870      135.0344 kcal/mol        0.0120 kcal/(mol*A)
xmin   880      135.0339 kcal/mol        0.0056 kcal/(mol*A)
xmin   890      135.0336 kcal/mol        0.0047 kcal/(mol*A)
xmin   900      135.0335 kcal/mol        0.0037 kcal/(mol*A)
xmin   910      135.0333 kcal/mol        0.0077 kcal/(mol*A)
xmin   920      135.0324 kcal/mol        0.0091 kcal/(mol*A)
xmin   930      135.0321 kcal/mol        0.0035 kcal/(mol*A)
xmin   940      135.0319 kcal/mol        0.0049 kcal/(mol*A)
xmin   950      135.0319 kcal/mol        0.0037 kcal/(mol*A)
xmin   960      135.0318 kcal/mol        0.0009 kcal/(mol*A)
xmin   970      135.0318 kcal/mol        0.0008 kcal/(mol*A)
  ... geometry converged !
 
 Final MO eigenvalues (eV):
 -45.8972  -43.8451  -42.8054  -42.3042  -41.6209  -40.8558  -40.3513  -39.8789
 -38.9346  -37.7482  -37.3196  -36.4201  -36.0951  -35.0444  -34.7783  -34.0162
 -33.0371  -32.1295  -32.0160  -31.8537  -30.4719  -30.0580  -29.3775  -28.8975
 -28.3580  -27.0578  -26.4720  -26.2319  -25.6972  -25.2200  -24.7864  -24.4339
 -23.3918  -22.9596  -22.6758  -22.2829  -21.9750  -21.5532  -21.2822  -20.9008
 -20.7787  -20.3937  -20.2934  -19.9489  -19.7164  -19.4509  -19.1869  -18.8798
 -18.4772  -18.4645  -18.4249  -18.3576  -18.2386  -18.0769  -17.9558  -17.8402
 -17.8250  -17.6085  -17.4459  -17.3551  -17.2161  -17.0405  -16.8771  -16.7705
 -16.6321  -16.4535  -16.4136  -16.2995  -16.2378  -16.1368  -16.0689  -15.8904
 -15.7410  -15.6930  -15.4576  -15.4470  -15.2891  -15.1039  -14.9603  -14.7881
 -14.5465  -14.3943  -14.2743  -14.2142  -14.1818  -14.0946  -13.7182  -13.5757
 -13.5238  -13.4568  -12.8390  -12.6138  -12.2322  -11.9826  -11.9479  -11.6560
 -11.3099  -11.1323  -10.9928  -10.8902  -10.3217   -3.8605   -2.3482   -2.1526
  -1.9706   -1.8805   -1.8438   -1.7745   -1.6863   -1.2856   -1.2562   -1.2358
  -0.8361   -0.7727   -0.7013   -0.6978   -0.6482   -0.5829   -0.5542   -0.5474
  -0.4627   -0.3712   -0.2664   -0.1659   -0.1590    0.0045    0.2185    0.2365
   0.3006    0.4859    0.5551    0.5875    0.6618    0.7383    1.1425    1.2229
   1.2933    1.3162    1.6353    1.6545    1.6860    1.8935    1.8966    1.9556
   2.0008    2.0672    2.0916    2.1546    2.1786    2.1972    2.3377    2.3814
   2.4767    2.5327    2.5738    2.5823    2.6345    2.6523    2.6859    2.7231
   2.8415    2.9092    2.9096    2.9575    3.0461    3.0687    3.1091    3.1365
   3.1624    3.1943    3.1976    3.2944    3.3869    3.4322    3.4669    3.4978
   3.5869    3.6149    3.6594    3.7975    3.8638    3.8728    4.0085    4.1738
   4.3396    4.5648    4.6466    5.2447    5.3699

 Heat of formation   =        135.03182037 kcal/mol  (        5.85541912 eV)

 Total SCF energy    =    -151975.21011414 kcal/mol  (    -6590.13963463 eV)
 Electronic energy   =   -1398903.08803249 kcal/mol  (   -60660.98989777 eV)
 Core-core repulsion =    1246927.87791835 kcal/mol  (    54070.85026314 eV)
 
    Atomic Charges for Step       1 :
  Atom    Element       Mulliken Charge
     1      S                  0.619
     2      C                 -0.464
     3      C                 -0.349
     4      C                  0.379
     5      C                 -0.064
     6      C                 -0.151
     7      C                 -0.124
     8      O                 -0.360
     9      N                 -0.370
    10      C                  0.026
    11      C                 -0.035
    12      C                  0.007
    13      N                 -0.298
    14      C                 -0.106
    15      C                  0.372
    16      C                 -0.090
    17      C                 -0.098
    18      O                 -0.332
    19      C                 -0.062
    20      C                 -0.129
    21      C                 -0.165
    22      O                 -0.119
    23      C                 -0.043
    24      C                  0.004
    25      C                 -0.053
    26      C                 -0.062
    27      C                 -0.173
    28      N                 -0.242
    29      C                  0.081
    30      C                 -0.101
    31      C                 -0.075
    32      C                 -0.078
    33      O                 -0.257
    34      C                 -0.140
    35      C                 -0.116
    36      C                 -0.132
    37      C                 -0.133
    38      N                 -0.004
    39      C                 -0.192
    40      H                  0.175
    41      H                  0.109
    42      H                  0.108
    43      H                  0.218
    44      H                  0.120
    45      H                  0.110
    46      H                  0.101
    47      H                  0.135
    48      H                  0.101
    49      H                  0.133
    50      H                  0.180
    51      H                  0.144
    52      H                  0.142
    53      H                  0.129
    54      H                  0.112
    55      H                  0.098
    56      H                  0.097
    57      H                  0.150
    58      H                  0.081
    59      H                  0.155
    60      H                  0.156
    61      H                  0.087
    62      H                  0.231
    63      H                  0.147
    64      H                  0.142
    65      H                  0.141
    66      H                  0.156
    67      H                  0.155
    68      H                  0.143
    69      H                  0.240
    70      H                  0.147
    71      H                  0.143
    72      H                  0.143
 Total Mulliken Charge =       1.000
 
                  X        Y        Z     TOTAL  
  QM DIPOLE    32.695   -4.639  -33.611   47.119
 
 Final Structure

  QMMM: QM Region Cartesian Coordinates (*=link atom) 
  QMMM: QM_NO.   MM_NO.  ATOM         X         Y         Z
  QMMM:     1        1      S        1.8279   -0.2548    1.9593
  QMMM:     2        2      C        2.4539    1.0200    1.0619
  QMMM:     3        3      C        0.2428    0.1830    1.6862
  QMMM:     4        4      C        3.8758    1.2907    0.8129
  QMMM:     5        5      C        1.4470    1.8291    0.5533
  QMMM:     6        6      C        0.1627    1.3335    0.9082
  QMMM:     7        7      C       -0.9573   -0.5293    2.1611
  QMMM:     8        8      O        4.2905    2.4259    0.5026
  QMMM:     9        9      N        4.7584    0.2214    0.9509
  QMMM:    10       10      C       -1.1373    1.9510    0.5200
  QMMM:    11       11      C       -2.2272    0.3140    1.9521
  QMMM:    12       12      C        6.1382    0.3427    0.5689
  QMMM:    13       13      N       -2.2596    1.0522    0.7023
  QMMM:    14       14      C        6.4005    0.1869   -0.9060
  QMMM:    15       15      C       -3.0027    0.5426   -0.3587
  QMMM:    16       16      C        6.1025    1.2434   -1.7743
  QMMM:    17       17      C        6.9463   -0.9890   -1.4213
  QMMM:    18       18      O       -3.8680   -0.3336   -0.1677
  QMMM:    19       19      C       -2.8548    1.1272   -1.7118
  QMMM:    20       20      C        6.3360    1.1276   -3.1393
  QMMM:    21       21      C        7.1808   -1.1231   -2.7886
  QMMM:    22       22      O       -1.5728    1.0408   -2.3031
  QMMM:    23       23      C       -3.7846    1.6774   -2.5683
  QMMM:    24       24      C        6.8764   -0.0657   -3.6668
  QMMM:    25       25      C       -1.7293    1.5702   -3.5870
  QMMM:    26       26      C       -3.0745    1.9873   -3.8047
  QMMM:    27       27      C       -5.2073    1.9122   -2.3165
  QMMM:    28       28      N        7.1375   -0.1289   -5.0707
  QMMM:    29       29      C       -0.7403    1.6904   -4.5650
  QMMM:    30       30      C       -3.4241    2.5434   -5.0330
  QMMM:    31       31      C        8.1048   -1.1167   -5.5040
  QMMM:    32       32      C        5.9514   -0.1137   -5.9101
  QMMM:    33       33      O        0.5649    1.2899   -4.3952
  QMMM:    34       34      C       -1.1152    2.2556   -5.7914
  QMMM:    35       35      C       -2.4356    2.6700   -6.0073
  QMMM:    36       36      C        8.5241   -0.8674   -6.9676
  QMMM:    37       37      C        6.3197    0.1530   -7.3828
  QMMM:    38       38      N        7.3390   -0.8270   -7.8886
  QMMM:    39       39      C        7.7499   -0.5037   -9.2757
  QMMM:    40       40      H        1.6201    2.7317   -0.0400
  QMMM:    41       41      H       -0.8751   -0.7692    3.2545
  QMMM:    42       42      H       -1.0600   -1.5022    1.6070
  QMMM:    43       43      H        4.3792   -0.6965    0.9665
  QMMM:    44       44      H       -1.0830    2.3201   -0.5423
  QMMM:    45       45      H       -1.3179    2.8485    1.1862
  QMMM:    46       46      H       -2.2967    1.0735    2.7826
  QMMM:    47       47      H       -3.1262   -0.3631    2.0097
  QMMM:    48       48      H        6.7204   -0.4389    1.1372
  QMMM:    49       49      H        6.5036    1.3639    0.8884
  QMMM:    50       50      H        5.6735    2.1762   -1.3623
  QMMM:    51       51      H        7.1959   -1.8240   -0.7476
  QMMM:    52       52      H        6.1028    1.9778   -3.7989
  QMMM:    53       53      H        7.6085   -2.0660   -3.1606
  QMMM:    54       54      H       -5.5683    1.2723   -1.4711
  QMMM:    55       55      H       -5.8081    1.6736   -3.2299
  QMMM:    56       56      H       -5.3829    2.9866   -2.0523
  QMMM:    57       57      H       -4.4555    2.8711   -5.2257
  QMMM:    58       58      H        7.7251   -2.1768   -5.4114
  QMMM:    59       59      H        9.0308   -1.0176   -4.8672
  QMMM:    60       60      H        5.2796    0.7283   -5.5735
  QMMM:    61       61      H        5.3625   -1.0752   -5.8460
  QMMM:    62       62      H        0.6413    0.9303   -3.4983
  QMMM:    63       63      H       -0.3589    2.3688   -6.5805
  QMMM:    64       64      H       -2.6957    3.1094   -6.9832
  QMMM:    65       65      H        9.2074   -1.6955   -7.3057
  QMMM:    66       66      H        9.0633    0.1188   -7.0531
  QMMM:    67       67      H        6.7511    1.1884   -7.4935
  QMMM:    68       68      H        5.3961    0.0648   -8.0205
  QMMM:    69       69      H        6.9053   -1.7598   -7.8808
  QMMM:    70       70      H        8.2265    0.5128   -9.3015
  QMMM:    71       71      H        6.8456   -0.5091   -9.9418
  QMMM:    72       72      H        8.4877   -1.2713   -9.6332

           --------- Calculation Completed ----------

