            --------------------------------------------------------
                             AMBER SQM VERSION 19
 
                                     By
              Ross C. Walker, Michael F. Crowley, Scott Brozell,
                         Tim Giese, Andreas W. Goetz,
                        Tai-Sung Lee and David A. Case
 
            --------------------------------------------------------
 

--------------------------------------------------------------------------------
  QM CALCULATION INFO
--------------------------------------------------------------------------------

| QMMM: Citation for AMBER QMMM Run:
| QMMM: R.C. Walker, M.F. Crowley and D.A. Case, J. COMP. CHEM. 29:1019, 2008

QMMM: SINGLET STATE CALCULATION
QMMM: RHF CALCULATION, NO. OF DOUBLY OCCUPIED LEVELS = 97

| QMMM: *** Selected Hamiltonian *** 
| QMMM: AM1         

| QMMM: *** Parameter sets in use ***
| QMMM: O : M.J.S.DEWAR et al. JACS, 107, 3902, (1985)
| QMMM: C : M.J.S.DEWAR et al. JACS, 107, 3902, (1985)
| QMMM: N : M.J.S.DEWAR et al. JACS, 107, 3902, (1985)
| QMMM: H : M.J.S.DEWAR et al. JACS, 107, 3902, (1985)

| QMMM: *** SCF convergence criteria ***
| QMMM: Energy change                :  0.1D-09 kcal/mol
| QMMM: Error matrix |FP-PF|         :  0.1D+00 au
| QMMM: Density matrix change        :  0.5D-06
| QMMM: Maximum number of SCF cycles :     1000

| QMMM: *** Diagonalization Routine Information ***
| QMMM: Pseudo diagonalizations are allowed.
| QMMM: Auto diagonalization routine selection is in use.
| QMMM:
| QMMM: Timing diagonalization routines:
| QMMM:                              norbs =      183
| QMMM:    diag iterations used for timing =        5
| QMMM:
| QMMM:              Internal diag routine = 0.046726 seconds
| QMMM:                 Dspev diag routine = 0.045620 seconds
| QMMM:                Dspevd diag routine = 0.020454 seconds
| QMMM:                Dspevx diag routine = 0.099567 seconds
| QMMM:                 Dsyev diag routine = 0.027474 seconds
| QMMM:                Dsyevd diag routine = 0.013694 seconds
| QMMM:                Dsyevr diag routine = 0.021776 seconds
| QMMM:
| QMMM:                Pseudo diag routine = 0.023871 seconds
| QMMM: Pseudo diagonalization appears to be slower than regular
| QMMM: diagonalization. Setting pseudo_diag=0 for optimum performance.
| QMMM:
| QMMM: Using dsyevd routine (diag_routine=6).

  QMMM: QM Region Cartesian Coordinates (*=link atom) 
  QMMM: QM_NO.   MM_NO.  ATOM         X         Y         Z
  QMMM:     1        1      O        1.2140   -0.0080   -0.0870
  QMMM:     2        2      C        2.3840   -0.0570    0.0510
  QMMM:     3        3      N        3.1110    0.8840    0.8270
  QMMM:     4        4      C        3.2190   -1.1770   -0.6290
  QMMM:     5        5      C        2.4300    2.0130    1.4750
  QMMM:     6        6      N        4.5930   -1.2670   -0.4410
  QMMM:     7        7      C        2.4760   -2.1050   -1.3360
  QMMM:     8        8      C        2.9210    3.3750    1.0000
  QMMM:     9        9      C        5.2600   -2.4080   -0.9270
  QMMM:    10       10      C        3.1780   -3.1740   -1.9160
  QMMM:    11       11      C        2.3000    4.0190   -0.0710
  QMMM:    12       12      C        4.0290    4.0010    1.5890
  QMMM:    13       13      C        4.5850   -3.3320   -1.7310
  QMMM:    14       14      C        6.8170   -2.7020   -0.5730
  QMMM:    15       15      C        2.7730    5.2450   -0.5520
  QMMM:    16       16      C        4.5660    5.1710    1.0350
  QMMM:    17       17      C        5.3150   -4.5350   -2.3040
  QMMM:    18       18      N        7.3850   -4.2630   -0.7410
  QMMM:    19       19      C        3.9210    5.8430   -0.0230
  QMMM:    20       20      C        6.9050   -4.5620   -2.1810
  QMMM:    21       21      C        8.3400   -5.0490    0.4760
  QMMM:    22       22      N        4.3610    7.0650   -0.4820
  QMMM:    23       23      O        8.4270   -4.2870    1.4610
  QMMM:    24       24      C        9.4760   -6.4890    0.5800
  QMMM:    25       25      C        5.0880    7.9740    0.3980
  QMMM:    26       26      C        4.3600    7.4240   -1.9090
  QMMM:    27       27      C       10.7660   -7.5210    1.2130
  QMMM:    28       28      C       10.1520   -6.3950   -0.6060
  QMMM:    29       29      C        4.5850    9.4180    0.1830
  QMMM:    30       30      C        3.9060    8.8930   -2.0670
  QMMM:    31       31      N       10.9490   -8.1930   -0.0120
  QMMM:    32       32      C       12.0490   -8.3670    2.2090
  QMMM:    33       33      N       10.2840   -7.6190   -1.0420
  QMMM:    34       34      N        4.7170    9.8220   -1.2400
  QMMM:    35       35      C       11.9290   -9.1330   -0.2590
  QMMM:    36       36      N       13.2380   -9.1510    1.6750
  QMMM:    37       37      C        4.3020   11.2040   -1.4310
  QMMM:    38       38      C       13.1570   -9.1370    0.2840
  QMMM:    39       39      H        4.0850    0.7790    0.9320
  QMMM:    40       40      H        2.5900    1.9450    2.5300
  QMMM:    41       41      H        1.3940    1.9450    1.2160
  QMMM:    42       42      H        1.4530   -2.0160   -1.4330
  QMMM:    43       43      H        2.6650   -3.8610   -2.4900
  QMMM:    44       44      H        1.4770    3.5830   -0.5160
  QMMM:    45       45      H        4.4520    3.5960    2.4390
  QMMM:    46       46      H        6.9700   -2.4170    0.4470
  QMMM:    47       47      H        7.3650   -2.1420   -1.3020
  QMMM:    48       48      H        2.2640    5.7180   -1.3140
  QMMM:    49       49      H        5.4510    5.5480    1.4090
  QMMM:    50       50      H        5.0730   -4.5900   -3.3450
  QMMM:    51       51      H        4.9820   -5.3620   -1.7120
  QMMM:    52       52      H        7.3140   -3.8260   -2.8410
  QMMM:    53       53      H        7.2380   -5.5450   -2.4410
  QMMM:    54       54      H        6.1330    7.9250    0.1750
  QMMM:    55       55      H        4.9240    7.6900    1.4160
  QMMM:    56       56      H        3.6870    6.7830   -2.4390
  QMMM:    57       57      H        5.3470    7.3100   -2.3080
  QMMM:    58       58      H       10.4890   -5.5330   -1.0630
  QMMM:    59       59      H        5.1610   10.0830    0.7900
  QMMM:    60       60      H        3.5500    9.4620    0.4540
  QMMM:    61       61      H        2.8810    8.9710   -1.7690
  QMMM:    62       62      H        4.0340    9.1690   -3.0930
  QMMM:    63       63      H       11.9560   -8.3060    3.2350
  QMMM:    64       64      H        5.6940    9.7670   -1.5260
  QMMM:    65       65      H       11.6990   -9.8970   -0.9140
  QMMM:    66       66      H        3.2770   11.3120   -1.1420
  QMMM:    67       67      H        4.4120   11.4710   -2.4610
  QMMM:    68       68      H        4.9120   11.8460   -0.8290
  QMMM:    69       69      H       14.0050   -9.1300   -0.3040

--------------------------------------------------------------------------------
  RESULTS
--------------------------------------------------------------------------------

      iter         sqm energy              rms gradient
      ----    -------------------    -----------------------
xmin    10      410.5364 kcal/mol        6.6379 kcal/(mol*A)
xmin    20      285.0968 kcal/mol        2.5393 kcal/(mol*A)
xmin    30      278.5447 kcal/mol        0.2482 kcal/(mol*A)
xmin    40      278.1125 kcal/mol        0.1972 kcal/(mol*A)
xmin    50      276.9157 kcal/mol        1.4366 kcal/(mol*A)
xmin    60      276.7599 kcal/mol        1.1506 kcal/(mol*A)
xmin    70      276.2535 kcal/mol        0.3027 kcal/(mol*A)
xmin    80      276.0541 kcal/mol        0.1178 kcal/(mol*A)
xmin    90      276.0239 kcal/mol        0.0453 kcal/(mol*A)
xmin   100      275.9868 kcal/mol        0.0823 kcal/(mol*A)
xmin   110      275.9790 kcal/mol        0.0276 kcal/(mol*A)
xmin   120      275.9708 kcal/mol        0.0931 kcal/(mol*A)
xmin   130      275.9668 kcal/mol        0.0179 kcal/(mol*A)
xmin   140      275.9658 kcal/mol        0.0069 kcal/(mol*A)
xmin   150      275.9655 kcal/mol        0.0092 kcal/(mol*A)
xmin   160      275.9655 kcal/mol        0.0027 kcal/(mol*A)
xmin   170      275.9653 kcal/mol        0.0052 kcal/(mol*A)
xmin   180      275.9653 kcal/mol        0.0018 kcal/(mol*A)
xmin   190      275.9652 kcal/mol        0.0066 kcal/(mol*A)
xmin   200      275.9652 kcal/mol        0.0041 kcal/(mol*A)
xmin   210      275.9651 kcal/mol        0.0107 kcal/(mol*A)
xmin   220      275.9650 kcal/mol        0.0043 kcal/(mol*A)
xmin   230      275.9649 kcal/mol        0.0131 kcal/(mol*A)
xmin   240      275.9647 kcal/mol        0.0120 kcal/(mol*A)
xmin   250      275.9647 kcal/mol        0.0008 kcal/(mol*A)
  ... geometry converged !
 
 Final MO eigenvalues (eV):
 -45.8669  -43.7957  -42.8074  -42.6157  -41.5401  -40.7450  -40.0420  -39.6258
 -38.4070  -37.3475  -36.3828  -35.8838  -35.5167  -34.7978  -33.9978  -33.9116
 -32.9343  -32.8468  -32.2789  -31.5765  -30.4532  -29.3353  -29.0489  -28.4190
 -27.0869  -26.5144  -26.3190  -25.9736  -25.6157  -25.1895  -24.8775  -24.5167
 -23.6075  -22.9777  -22.6274  -22.2480  -21.5266  -21.4421  -20.8372  -20.5013
 -20.2443  -20.0973  -19.7103  -19.6617  -19.3298  -19.0113  -18.7349  -18.5537
 -18.4078  -18.3714  -18.2349  -18.1724  -17.9124  -17.8043  -17.7896  -17.7162
 -17.6057  -17.3196  -17.1812  -17.0319  -17.0084  -16.9066  -16.6933  -16.5844
 -16.5357  -16.2609  -16.2157  -16.0191  -15.8757  -15.7614  -15.5955  -15.4107
 -15.3580  -15.0753  -15.0166  -14.9196  -14.8845  -14.8562  -14.3882  -14.2319
 -14.1006  -13.7884  -13.6157  -13.3761  -12.9144  -12.8847  -12.4465  -12.3741
 -12.2645  -12.1357  -12.1225  -11.8142  -11.5856  -11.5619  -11.2052  -11.1008
 -10.2816   -3.8347   -2.2547   -1.8968   -1.8720   -1.8475   -1.8174   -1.7479
  -1.6560   -1.5384   -1.3763   -1.2387   -0.8063   -0.7444   -0.6744   -0.5540
  -0.5242   -0.5198   -0.4339   -0.3481   -0.3222   -0.2430   -0.1373   -0.1206
   0.1819    0.2750    0.3444    0.5011    0.5973    0.6090    0.6906    0.7176
   1.0479    1.0559    1.3599    1.4012    1.4526    1.6257    1.7458    1.7742
   1.8280    1.9043    1.9244    1.9711    2.0101    2.0286    2.1128    2.1758
   2.2151    2.2739    2.3806    2.4016    2.4163    2.4814    2.5780    2.6437
   2.7021    2.7186    2.7458    2.8041    2.8201    2.9101    2.9606    3.0057
   3.0079    3.0882    3.1109    3.1523    3.2032    3.2184    3.3870    3.4803
   3.6076    3.6654    3.6773    3.6824    3.7768    3.9205    3.9753    4.0702
   4.5981    4.6538    5.0091    5.0397    5.2055    5.4300    5.5538

 Heat of formation   =        275.96468182 kcal/mol  (       11.96672659 eV)

 Total SCF energy    =    -145227.10487681 kcal/mol  (    -6297.51983335 eV)
 Electronic energy   =   -1263745.76739322 kcal/mol  (   -54800.12867583 eV)
 Core-core repulsion =    1118518.66251641 kcal/mol  (    48502.60884248 eV)
 
    Atomic Charges for Step       1 :
  Atom    Element       Mulliken Charge
     1      O                 -0.374
     2      C                  0.357
     3      N                 -0.357
     4      C                 -0.064
     5      C                  0.008
     6      N                 -0.132
     7      C                 -0.121
     8      C                 -0.097
     9      C                 -0.032
    10      C                 -0.099
    11      C                 -0.091
    12      C                 -0.097
    13      C                 -0.089
    14      C                 -0.001
    15      C                 -0.127
    16      C                 -0.163
    17      C                 -0.154
    18      N                 -0.305
    19      C                 -0.001
    20      C                 -0.038
    21      C                  0.379
    22      N                 -0.241
    23      O                 -0.356
    24      C                 -0.237
    25      C                 -0.076
    26      C                 -0.077
    27      C                 -0.029
    28      C                 -0.095
    29      C                 -0.132
    30      C                 -0.133
    31      N                 -0.015
    32      C                 -0.027
    33      N                 -0.084
    34      N                 -0.004
    35      C                 -0.061
    36      N                 -0.101
    37      C                 -0.192
    38      C                 -0.125
    39      H                  0.245
    40      H                  0.100
    41      H                  0.129
    42      H                  0.169
    43      H                  0.150
    44      H                  0.179
    45      H                  0.146
    46      H                  0.148
    47      H                  0.107
    48      H                  0.141
    49      H                  0.128
    50      H                  0.108
    51      H                  0.109
    52      H                  0.097
    53      H                  0.111
    54      H                  0.081
    55      H                  0.156
    56      H                  0.154
    57      H                  0.086
    58      H                  0.194
    59      H                  0.141
    60      H                  0.156
    61      H                  0.154
    62      H                  0.141
    63      H                  0.203
    64      H                  0.240
    65      H                  0.193
    66      H                  0.147
    67      H                  0.143
    68      H                  0.143
    69      H                  0.187
 Total Mulliken Charge =       1.000
 
                  X        Y        Z     TOTAL  
  QM DIPOLE    25.408   36.126   -7.173   44.745
 
 Final Structure

  QMMM: QM Region Cartesian Coordinates (*=link atom) 
  QMMM: QM_NO.   MM_NO.  ATOM         X         Y         Z
  QMMM:     1        1      O        1.8796    0.1684   -0.0829
  QMMM:     2        2      C        3.0103   -0.1732    0.3201
  QMMM:     3        3      N        3.6137    0.4401    1.3994
  QMMM:     4        4      C        3.7302   -1.3322   -0.3206
  QMMM:     5        5      C        3.0088    1.5557    2.0710
  QMMM:     6        6      N        5.0737   -1.2780   -0.4677
  QMMM:     7        7      C        2.9450   -2.4198   -0.7511
  QMMM:     8        8      C        3.3080    2.9020    1.4673
  QMMM:     9        9      C        5.6864   -2.3317   -1.0504
  QMMM:    10       10      C        3.5904   -3.5062   -1.3403
  QMMM:    11       11      C        2.7247    3.2587    0.2462
  QMMM:    12       12      C        4.1370    3.8128    2.1228
  QMMM:    13       13      C        4.9803   -3.4794   -1.4951
  QMMM:    14       14      C        7.1895   -2.2387   -1.2556
  QMMM:    15       15      C        2.9606    4.5088   -0.3139
  QMMM:    16       16      C        4.3873    5.0679    1.5718
  QMMM:    17       17      C        5.6869   -4.6427   -2.0840
  QMMM:    18       18      N        7.8464   -3.4967   -1.5437
  QMMM:    19       19      C        3.7981    5.4340    0.3469
  QMMM:    20       20      C        7.1293   -4.3242   -2.4879
  QMMM:    21       21      C        8.6202   -4.0875   -0.5207
  QMMM:    22       22      N        3.9704    6.7293   -0.2340
  QMMM:    23       23      O        8.6810   -3.5589    0.6086
  QMMM:    24       24      C        9.4216   -5.2657   -0.8395
  QMMM:    25       25      C        4.3823    7.7872    0.6669
  QMMM:    26       26      C        4.7214    6.7424   -1.4777
  QMMM:    27       27      C        9.8828   -6.2178    0.1045
  QMMM:    28       28      C       10.0019   -5.6818   -2.0903
  QMMM:    29       29      C        4.2249    9.1681   -0.0021
  QMMM:    30       30      C        4.5799    8.0999   -2.1944
  QMMM:    31       31      N       10.6769   -7.1435   -0.6401
  QMMM:    32       32      C        9.7358   -6.4247    1.5200
  QMMM:    33       33      N       10.7474   -6.8117   -1.9407
  QMMM:    34       34      N        4.9698    9.2443   -1.3038
  QMMM:    35       35      C       11.2572   -8.2125    0.0343
  QMMM:    36       36      N       10.2925   -7.4423    2.1481
  QMMM:    37       37      C        4.7428   10.5463   -1.9749
  QMMM:    38       38      C       11.0417   -8.3246    1.4007
  QMMM:    39       39      H        4.5751    0.2647    1.5805
  QMMM:    40       40      H        3.3617    1.5415    3.1429
  QMMM:    41       41      H        1.8869    1.4118    2.0625
  QMMM:    42       42      H        1.8524   -2.3932   -0.6254
  QMMM:    43       43      H        3.0118   -4.3783   -1.6815
  QMMM:    44       44      H        2.0683    2.5333   -0.2700
  QMMM:    45       45      H        4.6019    3.5442    3.0848
  QMMM:    46       46      H        7.6700   -1.7635   -0.3509
  QMMM:    47       47      H        7.3642   -1.5652   -2.1465
  QMMM:    48       48      H        2.4790    4.7705   -1.2686
  QMMM:    49       49      H        5.0475    5.7603    2.1150
  QMMM:    50       50      H        5.1381   -5.0068   -2.9935
  QMMM:    51       51      H        5.6809   -5.4805   -1.3335
  QMMM:    52       52      H        7.1174   -3.7676   -3.4696
  QMMM:    53       53      H        7.6743   -5.2960   -2.6446
  QMMM:    54       54      H        5.4494    7.6759    1.0210
  QMMM:    55       55      H        3.7081    7.7720    1.5715
  QMMM:    56       56      H        4.2969    5.9534   -2.1634
  QMMM:    57       57      H        5.8179    6.5187   -1.3257
  QMMM:    58       58      H        9.9137   -5.1878   -3.0616
  QMMM:    59       59      H        4.6291    9.9635    0.6842
  QMMM:    60       60      H        3.1371    9.3751   -0.2125
  QMMM:    61       61      H        3.5110    8.2598   -2.5142
  QMMM:    62       62      H        5.2460    8.1147   -3.1018
  QMMM:    63       63      H        9.1443   -5.6872    2.0969
  QMMM:    64       64      H        5.9727    9.1496   -1.0954
  QMMM:    65       65      H       11.8649   -8.9187   -0.5553
  QMMM:    66       66      H        3.6509   10.6659   -2.2084
  QMMM:    67       67      H        5.3347   10.5809   -2.9288
  QMMM:    68       68      H        5.0724   11.3773   -1.2949
  QMMM:    69       69      H       11.4869   -9.1620    1.9666

           --------- Calculation Completed ----------

