            --------------------------------------------------------
                             AMBER SQM VERSION 19
 
                                     By
              Ross C. Walker, Michael F. Crowley, Scott Brozell,
                         Tim Giese, Andreas W. Goetz,
                        Tai-Sung Lee and David A. Case
 
            --------------------------------------------------------
 

--------------------------------------------------------------------------------
  QM CALCULATION INFO
--------------------------------------------------------------------------------

| QMMM: Citation for AMBER QMMM Run:
| QMMM: R.C. Walker, M.F. Crowley and D.A. Case, J. COMP. CHEM. 29:1019, 2008

QMMM: SINGLET STATE CALCULATION
QMMM: RHF CALCULATION, NO. OF DOUBLY OCCUPIED LEVELS =103

| QMMM: *** Selected Hamiltonian *** 
| QMMM: AM1         

| QMMM: *** Parameter sets in use ***
| QMMM: S : M.J.S.DEWAR et al. INORG. CHEM., 29, 3881, (1990)
| QMMM: C : M.J.S.DEWAR et al. JACS, 107, 3902, (1985)
| QMMM: F : M.J.S.DEWAR et al. THEOCHEM, 180, 1, (1988)
| QMMM: O : M.J.S.DEWAR et al. JACS, 107, 3902, (1985)
| QMMM: N : M.J.S.DEWAR et al. JACS, 107, 3902, (1985)
| QMMM: H : M.J.S.DEWAR et al. JACS, 107, 3902, (1985)

| QMMM: *** SCF convergence criteria ***
| QMMM: Energy change                :  0.1D-09 kcal/mol
| QMMM: Error matrix |FP-PF|         :  0.1D+00 au
| QMMM: Density matrix change        :  0.5D-06
| QMMM: Maximum number of SCF cycles :     1000

| QMMM: *** Diagonalization Routine Information ***
| QMMM: Pseudo diagonalizations are allowed.
| QMMM: Auto diagonalization routine selection is in use.
| QMMM:
| QMMM: Timing diagonalization routines:
| QMMM:                              norbs =      193
| QMMM:    diag iterations used for timing =        5
| QMMM:
| QMMM:              Internal diag routine = 0.053467 seconds
| QMMM:                 Dspev diag routine = 0.048002 seconds
| QMMM:                Dspevd diag routine = 0.022966 seconds
| QMMM:                Dspevx diag routine = 0.113381 seconds
| QMMM:                 Dsyev diag routine = 0.035688 seconds
| QMMM:                Dsyevd diag routine = 0.017653 seconds
| QMMM:                Dsyevr diag routine = 0.025863 seconds
| QMMM:
| QMMM:                Pseudo diag routine = 0.032069 seconds
| QMMM: Pseudo diagonalization appears to be slower than regular
| QMMM: diagonalization. Setting pseudo_diag=0 for optimum performance.
| QMMM:
| QMMM: Using dsyevd routine (diag_routine=6).

  QMMM: QM Region Cartesian Coordinates (*=link atom) 
  QMMM: QM_NO.   MM_NO.  ATOM         X         Y         Z
  QMMM:     1        1      S        6.4390   -2.5480    1.1750
  QMMM:     2        2      C        6.0460   -4.1980    1.0030
  QMMM:     3        3      C        5.1590   -1.9940    0.1940
  QMMM:     4        4      C        6.7420   -5.2940    1.5380
  QMMM:     5        5      C        4.8850   -4.3690    0.2570
  QMMM:     6        6      C        4.3430   -3.0860   -0.1860
  QMMM:     7        7      C        4.9390   -0.5420   -0.0300
  QMMM:     8        8      F        7.8560   -5.1120    2.2580
  QMMM:     9        9      C        6.2830   -6.5930    1.3200
  QMMM:    10       10      C        4.4180   -5.7080    0.0690
  QMMM:    11       11      C        3.0470   -3.0610   -0.9610
  QMMM:    12       12      O        3.8020   -0.1710   -0.3420
  QMMM:    13       13      N        5.9530    0.4900    0.1010
  QMMM:    14       14      C        5.1230   -6.8000    0.5930
  QMMM:    15       15      C        7.4430    0.3140    0.1950
  QMMM:    16       16      C        5.4230    1.8170   -0.2020
  QMMM:    17       17      C        8.3600    1.5660    0.1400
  QMMM:    18       18      C        6.3030    3.0410   -0.0320
  QMMM:    19       19      N        9.7430    1.4270    0.2520
  QMMM:    20       20      C        7.7740    2.8250    0.0270
  QMMM:    21       21      C       10.4950    2.5830    0.2690
  QMMM:    22       22      C        8.5820    3.9660    0.0290
  QMMM:    23       23      C       12.0160    2.5930    0.4120
  QMMM:    24       24      C        9.9500    3.8520    0.1550
  QMMM:    25       25      O       12.6090    3.6700    0.5240
  QMMM:    26       26      N       12.7060    1.4050    0.3870
  QMMM:    27       27      C       14.1610    1.4300    0.3580
  QMMM:    28       28      C       14.7590    0.1670    0.9060
  QMMM:    29       29      C       15.6370   -0.5990    0.1400
  QMMM:    30       30      C       14.4610   -0.2530    2.2080
  QMMM:    31       31      C       16.1400   -1.7960    0.6470
  QMMM:    32       32      C       14.9570   -1.4650    2.7010
  QMMM:    33       33      C       15.7850   -2.2740    1.9190
  QMMM:    34       34      N       16.3010   -3.4900    2.3410
  QMMM:    35       35      C       16.3960   -3.8410    3.7660
  QMMM:    36       36      C       15.9970   -4.6570    1.4890
  QMMM:    37       37      C       17.4730   -4.9490    3.9400
  QMMM:    38       38      C       17.1110   -5.7060    1.6720
  QMMM:    39       39      N       17.2330   -6.1380    3.0830
  QMMM:    40       40      C       18.3160   -7.1080    3.2190
  QMMM:    41       41      H        6.8070   -7.3970    1.7000
  QMMM:    42       42      H        3.5470   -5.8720   -0.4610
  QMMM:    43       43      H        2.7970   -2.0500   -1.2050
  QMMM:    44       44      H        2.2670   -3.4880   -0.3650
  QMMM:    45       45      H        3.1590   -3.6280   -1.8620
  QMMM:    46       46      H        4.7780   -7.7600    0.4360
  QMMM:    47       47      H        7.7340   -0.3220   -0.6150
  QMMM:    48       48      H        7.5920   -0.0670    1.1840
  QMMM:    49       49      H        4.5690    1.9600    0.4280
  QMMM:    50       50      H        5.2530    1.7800   -1.2580
  QMMM:    51       51      H        6.0120    3.5210    0.8790
  QMMM:    52       52      H        6.1460    3.6150   -0.9210
  QMMM:    53       53      H        8.1520    4.8990   -0.0660
  QMMM:    54       54      H       10.5520    4.6900    0.1650
  QMMM:    55       55      H       12.2220    0.5480    0.3880
  QMMM:    56       56      H       14.5040    2.2560    0.9450
  QMMM:    57       57      H       14.4690    1.5240   -0.6620
  QMMM:    58       58      H       15.9140   -0.2800   -0.8020
  QMMM:    59       59      H       13.8680    0.3390    2.8110
  QMMM:    60       60      H       16.7950   -2.3470    0.0700
  QMMM:    61       61      H       14.7070   -1.7660    3.6560
  QMMM:    62       62      H       15.4500   -4.2030    4.1110
  QMMM:    63       63      H       16.6690   -2.9780    4.3350
  QMMM:    64       64      H       15.9530   -4.3530    0.4640
  QMMM:    65       65      H       15.0520   -5.0760    1.7680
  QMMM:    66       66      H       17.4760   -5.2620    4.9630
  QMMM:    67       67      H       18.4110   -4.5290    3.6440
  QMMM:    68       68      H       18.0410   -5.2800    1.3590
  QMMM:    69       69      H       16.8610   -6.5630    1.0820
  QMMM:    70       70      H       16.3690   -6.5900    3.3820
  QMMM:    71       71      H       19.2370   -6.6600    2.9120
  QMMM:    72       72      H       18.1110   -7.9600    2.6040
  QMMM:    73       73      H       18.3930   -7.4170    4.2410

--------------------------------------------------------------------------------
  RESULTS
--------------------------------------------------------------------------------

      iter         sqm energy              rms gradient
      ----    -------------------    -----------------------
xmin    10      164.7208 kcal/mol        1.7354 kcal/(mol*A)
xmin    20      163.1742 kcal/mol        1.3986 kcal/(mol*A)
xmin    30      162.2788 kcal/mol        0.2328 kcal/(mol*A)
xmin    40      161.9922 kcal/mol        0.1813 kcal/(mol*A)
xmin    50      161.6087 kcal/mol        0.2785 kcal/(mol*A)
xmin    60      161.4745 kcal/mol        0.1006 kcal/(mol*A)
xmin    70      161.0922 kcal/mol        0.2564 kcal/(mol*A)
xmin    80      160.9206 kcal/mol        0.3859 kcal/(mol*A)
xmin    90      160.8392 kcal/mol        0.2164 kcal/(mol*A)
xmin   100      160.8023 kcal/mol        0.1685 kcal/(mol*A)
xmin   110      160.7233 kcal/mol        0.0488 kcal/(mol*A)
xmin   120      160.7167 kcal/mol        0.0110 kcal/(mol*A)
xmin   130      160.7147 kcal/mol        0.0447 kcal/(mol*A)
xmin   140      160.7105 kcal/mol        0.0240 kcal/(mol*A)
xmin   150      160.7095 kcal/mol        0.0135 kcal/(mol*A)
xmin   160      160.7085 kcal/mol        0.0182 kcal/(mol*A)
xmin   170      160.7077 kcal/mol        0.0048 kcal/(mol*A)
xmin   180      160.7073 kcal/mol        0.0054 kcal/(mol*A)
xmin   190      160.7068 kcal/mol        0.0043 kcal/(mol*A)
xmin   200      160.7066 kcal/mol        0.0041 kcal/(mol*A)
xmin   210      160.7065 kcal/mol        0.0024 kcal/(mol*A)
xmin   220      160.7064 kcal/mol        0.0014 kcal/(mol*A)
xmin   230      160.7064 kcal/mol        0.0021 kcal/(mol*A)
xmin   240      160.7064 kcal/mol        0.0006 kcal/(mol*A)
xmin   250      160.7063 kcal/mol        0.0008 kcal/(mol*A)
xmin   260      160.7063 kcal/mol        0.0009 kcal/(mol*A)
xmin   270      160.7063 kcal/mol        0.0008 kcal/(mol*A)
  ... geometry converged !
 
 Final MO eigenvalues (eV):
 -51.3033  -45.8726  -42.9743  -42.7080  -41.9908  -41.5537  -40.8797  -40.1351
 -38.5884  -37.4707  -37.3852  -36.3823  -36.2440  -34.8382  -34.2463  -33.9814
 -33.4401  -33.0976  -32.5053  -32.0214  -30.7188  -30.4833  -29.3324  -29.2105
 -28.3699  -27.2630  -26.5265  -26.1151  -25.8185  -25.6215  -25.2790  -24.6099
 -23.8540  -23.2788  -22.6356  -22.3442  -22.2541  -21.6598  -21.5195  -21.0585
 -20.8583  -20.3971  -20.2192  -19.7432  -19.6460  -19.2565  -19.1052  -18.9521
 -18.7976  -18.6292  -18.4539  -18.4068  -18.2738  -18.2157  -18.1559  -18.1040
 -17.8147  -17.7181  -17.4751  -17.3673  -17.2891  -17.1577  -17.0734  -16.9156
 -16.8645  -16.7443  -16.5717  -16.3550  -16.3128  -16.2422  -16.1883  -15.9351
 -15.7911  -15.6798  -15.5825  -15.5139  -15.2316  -15.2089  -15.0407  -14.8532
 -14.7615  -14.6286  -14.6095  -14.4019  -14.2882  -14.2114  -13.8156  -13.6311
 -13.4255  -13.3834  -13.2468  -12.9109  -12.4428  -12.3611  -12.2422  -12.1996
 -11.9392  -11.8977  -11.6255  -11.3952  -11.1045  -11.0245   -9.8897   -3.8379
  -2.3195   -2.2599   -2.0009   -1.9217   -1.8220   -1.7502   -1.6594   -1.6051
  -1.5288   -1.2433   -1.1256   -0.8096   -0.7505   -0.7342   -0.6787   -0.5568
  -0.5317   -0.5236   -0.4399   -0.3536   -0.3135   -0.2487   -0.1332    0.1116
   0.2030    0.2738    0.4716    0.4738    0.5559    0.6077    0.6913    0.8164
   0.9796    1.2337    1.3458    1.4057    1.4782    1.6702    1.6779    1.7456
   1.8323    1.8617    1.9035    2.0041    2.0283    2.0617    2.1066    2.1484
   2.1804    2.3176    2.3366    2.3648    2.4233    2.4606    2.5100    2.5454
   2.5856    2.6596    2.6850    2.7452    2.7677    2.7814    2.9358    2.9554
   3.0059    3.0401    3.0946    3.1620    3.2691    3.2865    3.3225    3.3359
   3.3509    3.3758    3.4679    3.5288    3.5636    3.6199    3.6847    3.7671
   3.8631    3.9412    4.0023    4.1888    4.4356    4.6679    4.7986    5.2738
   5.5306

 Heat of formation   =        160.70632910 kcal/mol  (        6.96874936 eV)

 Total SCF energy    =    -156130.01666530 kcal/mol  (    -6770.30556634 eV)
 Electronic energy   =   -1428343.41148390 kcal/mol  (   -61937.61812081 eV)
 Core-core repulsion =    1272213.39481860 kcal/mol  (    55167.31255447 eV)
 
    Atomic Charges for Step       1 :
  Atom    Element       Mulliken Charge
     1      S                  0.539
     2      C                 -0.342
     3      C                 -0.406
     4      C                  0.104
     5      C                 -0.065
     6      C                  0.018
     7      C                  0.384
     8      F                 -0.115
     9      C                 -0.144
    10      C                 -0.083
    11      C                 -0.178
    12      O                 -0.358
    13      N                 -0.342
    14      C                 -0.118
    15      C                  0.017
    16      C                 -0.022
    17      C                 -0.023
    18      C                 -0.143
    19      N                 -0.136
    20      C                 -0.082
    21      C                 -0.065
    22      C                 -0.096
    23      C                  0.354
    24      C                 -0.117
    25      O                 -0.366
    26      N                 -0.352
    27      C                  0.004
    28      C                 -0.100
    29      C                 -0.101
    30      C                 -0.088
    31      C                 -0.126
    32      C                 -0.160
    33      C                 -0.002
    34      N                 -0.238
    35      C                 -0.079
    36      C                 -0.080
    37      C                 -0.132
    38      C                 -0.132
    39      N                 -0.004
    40      C                 -0.192
    41      H                  0.146
    42      H                  0.150
    43      H                  0.119
    44      H                  0.117
    45      H                  0.083
    46      H                  0.145
    47      H                  0.111
    48      H                  0.108
    49      H                  0.136
    50      H                  0.087
    51      H                  0.114
    52      H                  0.112
    53      H                  0.154
    54      H                  0.171
    55      H                  0.239
    56      H                  0.132
    57      H                  0.102
    58      H                  0.147
    59      H                  0.175
    60      H                  0.139
    61      H                  0.131
    62      H                  0.083
    63      H                  0.156
    64      H                  0.153
    65      H                  0.089
    66      H                  0.142
    67      H                  0.155
    68      H                  0.153
    69      H                  0.142
    70      H                  0.241
    71      H                  0.147
    72      H                  0.143
    73      H                  0.143
 Total Mulliken Charge =       1.000
 
                  X        Y        Z     TOTAL  
  QM DIPOLE    74.173  -25.198   15.263   79.810
 
 Final Structure

  QMMM: QM Region Cartesian Coordinates (*=link atom) 
  QMMM: QM_NO.   MM_NO.  ATOM         X         Y         Z
  QMMM:     1        1      S        7.5116   -2.5730    0.1183
  QMMM:     2        2      C        7.1642   -4.2154    0.0859
  QMMM:     3        3      C        5.8872   -2.1015   -0.0203
  QMMM:     4        4      C        8.0292   -5.3308    0.1614
  QMMM:     5        5      C        5.7643   -4.4378   -0.0381
  QMMM:     6        6      C        5.0352   -3.1889   -0.0981
  QMMM:     7        7      C        5.4011   -0.7112   -0.0715
  QMMM:     8        8      F        9.3686   -5.1530    0.2880
  QMMM:     9        9      C        7.5028   -6.6236    0.1067
  QMMM:    10       10      C        5.2510   -5.7424   -0.0902
  QMMM:    11       11      C        3.5734   -3.1151   -0.2287
  QMMM:    12       12      O        4.1841   -0.4685   -0.2217
  QMMM:    13       13      N        6.2866    0.3608    0.0355
  QMMM:    14       14      C        6.1193   -6.8183   -0.0192
  QMMM:    15       15      C        7.6978    0.1640    0.2373
  QMMM:    16       16      C        5.7762    1.7086   -0.0807
  QMMM:    17       17      C        8.5114    1.4212    0.4843
  QMMM:    18       18      C        6.3936    2.6828    0.9227
  QMMM:    19       19      N        9.8543    1.3097    0.3700
  QMMM:    20       20      C        7.8720    2.6290    0.8597
  QMMM:    21       21      C       10.6004    2.4002    0.6577
  QMMM:    22       22      C        8.6652    3.7422    1.1523
  QMMM:    23       23      C       12.1025    2.2955    0.5789
  QMMM:    24       24      C       10.0528    3.6336    1.0630
  QMMM:    25       25      O       12.8184    2.8452    1.4396
  QMMM:    26       26      N       12.6412    1.6311   -0.5062
  QMMM:    27       27      C       14.0534    1.3834   -0.6087
  QMMM:    28       28      C       14.5222    0.1353    0.0904
  QMMM:    29       29      C       14.9184   -0.9888   -0.6367
  QMMM:    30       30      C       14.5717    0.1026    1.4875
  QMMM:    31       31      C       15.3540   -2.1388    0.0157
  QMMM:    32       32      C       14.9970   -1.0420    2.1542
  QMMM:    33       33      C       15.3934   -2.1807    1.4250
  QMMM:    34       34      N       15.8800   -3.3694    2.0561
  QMMM:    35       35      C       16.3999   -3.2079    3.4002
  QMMM:    36       36      C       14.9895   -4.5135    1.9460
  QMMM:    37       37      C       17.1487   -4.4771    3.8548
  QMMM:    38       38      C       15.6994   -5.8122    2.3761
  QMMM:    39       39      N       16.2816   -5.6991    3.7556
  QMMM:    40       40      C       17.0354   -6.9219    4.1208
  QMMM:    41       41      H        8.1795   -7.4887    0.1606
  QMMM:    42       42      H        4.1670   -5.9058   -0.1886
  QMMM:    43       43      H        3.3028   -2.5708   -1.1716
  QMMM:    44       44      H        3.1424   -2.5249    0.6221
  QMMM:    45       45      H        3.1042   -4.1276   -0.2446
  QMMM:    46       46      H        5.7283   -7.8467   -0.0621
  QMMM:    47       47      H        8.1269   -0.3701   -0.6677
  QMMM:    48       48      H        7.8527   -0.4885    1.1557
  QMMM:    49       49      H        4.6570    1.6969    0.0658
  QMMM:    50       50      H        5.9862    2.0813   -1.1254
  QMMM:    51       51      H        6.0556    2.4349    1.9656
  QMMM:    52       52      H        6.0232    3.7150    0.6843
  QMMM:    53       53      H        8.1983    4.6933    1.4512
  QMMM:    54       54      H       10.7168    4.4763    1.3064
  QMMM:    55       55      H       12.0440    1.0611   -1.0604
  QMMM:    56       56      H       14.6041    2.2662   -0.1660
  QMMM:    57       57      H       14.3096    1.3174   -1.7056
  QMMM:    58       58      H       14.8923   -0.9715   -1.7382
  QMMM:    59       59      H       14.2602    0.9957    2.0600
  QMMM:    60       60      H       15.6709   -3.0088   -0.5797
  QMMM:    61       61      H       15.0181   -1.0345    3.2543
  QMMM:    62       62      H       15.5974   -2.9704    4.1593
  QMMM:    63       63      H       17.1433   -2.3593    3.3977
  QMMM:    64       64      H       14.6923   -4.6344    0.8644
  QMMM:    65       65      H       14.0459   -4.3901    2.5541
  QMMM:    66       66      H       17.4701   -4.3567    4.9268
  QMMM:    67       67      H       18.0579   -4.6437    3.2098
  QMMM:    68       68      H       16.5410   -6.0484    1.6646
  QMMM:    69       69      H       14.9596   -6.6608    2.3723
  QMMM:    70       70      H       15.5006   -5.5821    4.4151
  QMMM:    71       71      H       17.8936   -7.0632    3.4105
  QMMM:    72       72      H       16.3519   -7.8111    4.0624
  QMMM:    73       73      H       17.4302   -6.8164    5.1670

           --------- Calculation Completed ----------

