            --------------------------------------------------------
                             AMBER SQM VERSION 19
 
                                     By
              Ross C. Walker, Michael F. Crowley, Scott Brozell,
                         Tim Giese, Andreas W. Goetz,
                        Tai-Sung Lee and David A. Case
 
            --------------------------------------------------------
 

--------------------------------------------------------------------------------
  QM CALCULATION INFO
--------------------------------------------------------------------------------

| QMMM: Citation for AMBER QMMM Run:
| QMMM: R.C. Walker, M.F. Crowley and D.A. Case, J. COMP. CHEM. 29:1019, 2008

QMMM: SINGLET STATE CALCULATION
QMMM: RHF CALCULATION, NO. OF DOUBLY OCCUPIED LEVELS =100

| QMMM: *** Selected Hamiltonian *** 
| QMMM: AM1         

| QMMM: *** Parameter sets in use ***
| QMMM: O : M.J.S.DEWAR et al. JACS, 107, 3902, (1985)
| QMMM: C : M.J.S.DEWAR et al. JACS, 107, 3902, (1985)
| QMMM: N : M.J.S.DEWAR et al. JACS, 107, 3902, (1985)
| QMMM: H : M.J.S.DEWAR et al. JACS, 107, 3902, (1985)

| QMMM: *** SCF convergence criteria ***
| QMMM: Energy change                :  0.1D-09 kcal/mol
| QMMM: Error matrix |FP-PF|         :  0.1D+00 au
| QMMM: Density matrix change        :  0.5D-06
| QMMM: Maximum number of SCF cycles :     1000

| QMMM: *** Diagonalization Routine Information ***
| QMMM: Pseudo diagonalizations are allowed.
| QMMM: Auto diagonalization routine selection is in use.
| QMMM:
| QMMM: Timing diagonalization routines:
| QMMM:                              norbs =      190
| QMMM:    diag iterations used for timing =        5
| QMMM:
| QMMM:              Internal diag routine = 0.051444 seconds
| QMMM:                 Dspev diag routine = 0.037124 seconds
| QMMM:                Dspevd diag routine = 0.018070 seconds
| QMMM:                Dspevx diag routine = 0.104488 seconds
| QMMM:                 Dsyev diag routine = 0.036605 seconds
| QMMM:                Dsyevd diag routine = 0.017948 seconds
| QMMM:                Dsyevr diag routine = 0.023797 seconds
| QMMM:
| QMMM:                Pseudo diag routine = 0.026033 seconds
| QMMM: Pseudo diagonalization appears to be slower than regular
| QMMM: diagonalization. Setting pseudo_diag=0 for optimum performance.
| QMMM:
| QMMM: Using dsyevd routine (diag_routine=6).

  QMMM: QM Region Cartesian Coordinates (*=link atom) 
  QMMM: QM_NO.   MM_NO.  ATOM         X         Y         Z
  QMMM:     1        1      O        1.8670    1.1480   -0.5900
  QMMM:     2        2      C        2.4170    0.1380   -0.1470
  QMMM:     3        3      N        2.3810   -0.2090    1.1900
  QMMM:     4        4      C        3.1230   -0.8160   -1.0630
  QMMM:     5        5      C        1.6750    0.5820    2.1670
  QMMM:     6        6      N        4.0450   -1.6800   -0.5460
  QMMM:     7        7      C        2.7580   -0.7750   -2.4080
  QMMM:     8        8      C        2.6060    1.0280    3.2590
  QMMM:     9        9      C        4.6560   -2.5310   -1.4230
  QMMM:    10       10      C        3.3770   -1.6590   -3.2750
  QMMM:    11       11      C        3.3360    2.2100    3.1170
  QMMM:    12       12      C        2.7900    0.2600    4.4110
  QMMM:    13       13      C        4.3470   -2.5420   -2.7930
  QMMM:    14       14      C        5.7350   -3.4730   -0.8780
  QMMM:    15       15      C        4.2300    2.6100    4.1130
  QMMM:    16       16      C        3.6860    0.6740    5.4050
  QMMM:    17       17      C        4.9600   -3.5380   -3.7430
  QMMM:    18       18      N        6.0330   -4.5890   -1.7820
  QMMM:    19       19      C        4.4290    1.8540    5.2770
  QMMM:    20       20      C        6.2000   -4.2310   -3.1830
  QMMM:    21       21      C        6.4470   -5.8290   -1.2710
  QMMM:    22       22      N        5.2780    2.3210    6.2620
  QMMM:    23       23      O        6.9090   -5.9200   -0.1320
  QMMM:    24       24      C        6.0560   -7.0070   -2.0610
  QMMM:    25       25      C        5.1240    1.9280    7.6670
  QMMM:    26       26      C        6.6540    2.7160    5.9120
  QMMM:    27       27      O        4.9100   -6.8100   -2.8120
  QMMM:    28       28      C        6.0850   -8.3770   -1.7670
  QMMM:    29       29      C        5.5830    3.1040    8.5620
  QMMM:    30       30      C        7.1090    3.8640    6.8450
  QMMM:    31       31      C        4.0420   -7.7430   -2.3550
  QMMM:    32       32      C        4.7080   -8.6830   -1.5880
  QMMM:    33       33      C        7.2000   -9.3480   -1.6610
  QMMM:    34       34      N        6.9760    3.5280    8.2840
  QMMM:    35       35      C        2.6870   -7.7200   -2.5700
  QMMM:    36       36      C        3.9600   -9.6690   -0.9250
  QMMM:    37       37      C        7.3300    4.6790    9.1120
  QMMM:    38       38      C        1.9410   -8.6750   -1.8700
  QMMM:    39       39      C        2.5630   -9.6170   -1.0430
  QMMM:    40       40      H        2.8510   -1.0220    1.4840
  QMMM:    41       41      H        0.8890   -0.0050    2.5930
  QMMM:    42       42      H        1.2720    1.4470    1.6830
  QMMM:    43       43      H        2.0490   -0.1060   -2.7470
  QMMM:    44       44      H        3.1220   -1.6660   -4.2750
  QMMM:    45       45      H        3.2150    2.7910    2.2730
  QMMM:    46       46      H        2.2610   -0.6190    4.5310
  QMMM:    47       47      H        5.3990   -3.8720    0.0560
  QMMM:    48       48      H        6.6330   -2.9010   -0.7700
  QMMM:    49       49      H        4.7580    3.4880    3.9890
  QMMM:    50       50      H        3.8000    0.0960    6.2520
  QMMM:    51       51      H        5.2360   -3.0250   -4.6400
  QMMM:    52       52      H        4.2280   -4.2980   -3.9170
  QMMM:    53       53      H        7.0370   -3.5710   -3.2760
  QMMM:    54       54      H        6.3570   -5.1320   -3.7400
  QMMM:    55       55      H        5.7250    1.0660    7.8680
  QMMM:    56       56      H        4.1000    1.6920    7.8700
  QMMM:    57       57      H        6.6840    3.0470    4.8960
  QMMM:    58       58      H        7.3080    1.8770    6.0310
  QMMM:    59       59      H        5.5160    2.8000    9.5860
  QMMM:    60       60      H        4.9450    3.9370    8.3510
  QMMM:    61       61      H        6.5110    4.7280    6.6390
  QMMM:    62       62      H        8.1460    4.0420    6.6510
  QMMM:    63       63      H        8.1280   -8.8470   -1.8420
  QMMM:    64       64      H        7.0670  -10.1250   -2.3850
  QMMM:    65       65      H        7.2110   -9.7740   -0.6790
  QMMM:    66       66      H        7.6150    2.7660    8.5100
  QMMM:    67       67      H        2.2440   -7.0400   -3.2080
  QMMM:    68       68      H        4.4230  -10.4060   -0.3710
  QMMM:    69       69      H        6.6710    5.4930    8.8910
  QMMM:    70       70      H        8.3390    4.9700    8.9070
  QMMM:    71       71      H        7.2380    4.4160   10.1460
  QMMM:    72       72      H        0.9130   -8.6850   -1.9650
  QMMM:    73       73      H        1.9840  -10.2860   -0.5110

--------------------------------------------------------------------------------
  RESULTS
--------------------------------------------------------------------------------

      iter         sqm energy              rms gradient
      ----    -------------------    -----------------------
xmin    10      191.4442 kcal/mol        1.3675 kcal/(mol*A)
xmin    20      186.3621 kcal/mol        1.2251 kcal/(mol*A)
xmin    30      185.1771 kcal/mol        0.7501 kcal/(mol*A)
xmin    40      184.2245 kcal/mol        0.6737 kcal/(mol*A)
xmin    50      183.3273 kcal/mol        0.5868 kcal/(mol*A)
xmin    60      182.6988 kcal/mol        0.2710 kcal/(mol*A)
xmin    70      182.5524 kcal/mol        0.1841 kcal/(mol*A)
xmin    80      182.2358 kcal/mol        0.1670 kcal/(mol*A)
xmin    90      182.1437 kcal/mol        0.2357 kcal/(mol*A)
xmin   100      182.1181 kcal/mol        0.0797 kcal/(mol*A)
xmin   110      182.0982 kcal/mol        0.0651 kcal/(mol*A)
xmin   120      182.0856 kcal/mol        0.0249 kcal/(mol*A)
xmin   130      182.0799 kcal/mol        0.0523 kcal/(mol*A)
xmin   140      182.0654 kcal/mol        0.0249 kcal/(mol*A)
xmin   150      182.0609 kcal/mol        0.0577 kcal/(mol*A)
xmin   160      182.0583 kcal/mol        0.0256 kcal/(mol*A)
xmin   170      182.0500 kcal/mol        0.0271 kcal/(mol*A)
xmin   180      182.0464 kcal/mol        0.1345 kcal/(mol*A)
xmin   190      182.0439 kcal/mol        0.0093 kcal/(mol*A)
xmin   200      182.0418 kcal/mol        0.0319 kcal/(mol*A)
xmin   210      182.0404 kcal/mol        0.0093 kcal/(mol*A)
xmin   220      182.0378 kcal/mol        0.0180 kcal/(mol*A)
xmin   230      182.0351 kcal/mol        0.0491 kcal/(mol*A)
xmin   240      182.0348 kcal/mol        0.0113 kcal/(mol*A)
xmin   250      182.0341 kcal/mol        0.0063 kcal/(mol*A)
xmin   260      182.0336 kcal/mol        0.0165 kcal/(mol*A)
xmin   270      182.0335 kcal/mol        0.0016 kcal/(mol*A)
xmin   280      182.0334 kcal/mol        0.0010 kcal/(mol*A)
xmin   290      182.0334 kcal/mol        0.0025 kcal/(mol*A)
xmin   300      182.0334 kcal/mol        0.0018 kcal/(mol*A)
xmin   310      182.0334 kcal/mol        0.0005 kcal/(mol*A)
  ... geometry converged !
 
 Final MO eigenvalues (eV):
 -45.8606  -43.3972  -42.7691  -42.5635  -41.4971  -40.7187  -40.0317  -39.1132
 -38.4860  -37.3372  -36.3761  -36.1383  -35.8241  -34.7904  -34.0085  -33.9067
 -32.8365  -32.4224  -32.2592  -31.5476  -30.4616  -29.9348  -29.3282  -28.8200
 -28.1769  -27.0269  -26.3151  -25.9319  -25.6082  -25.1508  -24.5677  -24.3837
 -23.7921  -23.0778  -22.6208  -22.2419  -22.1929  -21.5098  -21.1515  -20.8301
 -20.4519  -20.2286  -19.8167  -19.6569  -19.3158  -18.9826  -18.7608  -18.5768
 -18.4040  -18.3729  -18.2579  -18.2164  -18.1584  -17.9217  -17.7962  -17.6919
 -17.4882  -17.3146  -17.2490  -17.0126  -16.9090  -16.8197  -16.6377  -16.5414
 -16.5038  -16.2536  -16.2421  -16.0751  -15.9574  -15.8158  -15.6931  -15.6650
 -15.4408  -15.2391  -15.1825  -15.1136  -14.9765  -14.8873  -14.7202  -14.3654
 -14.2501  -14.1773  -14.1244  -14.0901  -13.7494  -13.5621  -13.3696  -13.1312
 -12.8764  -12.4040  -12.2538  -12.1284  -12.0981  -11.8935  -11.8039  -11.5544
 -11.1339  -11.0738  -10.5935  -10.1981   -3.8284   -2.2475   -1.8646   -1.8265
  -1.8112   -1.7416   -1.6496   -1.6173   -1.3629   -1.2317   -0.7997   -0.7588
  -0.7383   -0.6685   -0.5476   -0.5134   -0.4275   -0.4087   -0.3420   -0.2371
  -0.1280   -0.1067    0.1911    0.2741    0.2913    0.4305    0.5124    0.6078
   0.6233    0.7035    1.0552    1.0691    1.3744    1.4092    1.4817    1.5984
   1.7535    1.7817    1.9478    1.9775    2.0108    2.0679    2.1393    2.1421
   2.2011    2.2763    2.2895    2.3862    2.4096    2.4758    2.6033    2.6561
   2.7255    2.7538    2.7913    2.8176    2.8419    2.8601    2.9376    2.9699
   3.0144    3.0162    3.1413    3.1870    3.2076    3.2250    3.2914    3.3235
   3.3688    3.3942    3.4852    3.5010    3.6382    3.6721    3.6846    3.6949
   3.7815    3.9130    3.9725    4.0135    4.1205    4.2117    4.3211    4.3972
   4.6069    4.7598    4.8229    5.0192    5.4411    5.5302

 Heat of formation   =        182.03340843 kcal/mol  (        7.89356092 eV)

 Total SCF energy    =    -148143.80538239 kcal/mol  (    -6423.99745815 eV)
 Electronic energy   =   -1321968.48050194 kcal/mol  (   -57324.85497168 eV)
 Core-core repulsion =    1173824.67511955 kcal/mol  (    50900.85751353 eV)
 
    Atomic Charges for Step       1 :
  Atom    Element       Mulliken Charge
     1      O                 -0.374
     2      C                  0.357
     3      N                 -0.357
     4      C                 -0.067
     5      C                  0.007
     6      N                 -0.132
     7      C                 -0.119
     8      C                 -0.097
     9      C                 -0.037
    10      C                 -0.101
    11      C                 -0.091
    12      C                 -0.097
    13      C                 -0.083
    14      C                  0.008
    15      C                 -0.127
    16      C                 -0.163
    17      C                 -0.154
    18      N                 -0.305
    19      C                 -0.001
    20      C                 -0.032
    21      C                  0.380
    22      N                 -0.241
    23      O                 -0.345
    24      C                 -0.086
    25      C                 -0.076
    26      C                 -0.078
    27      O                 -0.116
    28      C                 -0.024
    29      C                 -0.132
    30      C                 -0.133
    31      C                  0.030
    32      C                 -0.112
    33      C                 -0.176
    34      N                 -0.004
    35      C                 -0.130
    36      C                 -0.067
    37      C                 -0.192
    38      C                 -0.096
    39      C                 -0.149
    40      H                  0.244
    41      H                  0.100
    42      H                  0.130
    43      H                  0.169
    44      H                  0.151
    45      H                  0.179
    46      H                  0.146
    47      H                  0.149
    48      H                  0.107
    49      H                  0.141
    50      H                  0.128
    51      H                  0.107
    52      H                  0.119
    53      H                  0.094
    54      H                  0.123
    55      H                  0.081
    56      H                  0.156
    57      H                  0.154
    58      H                  0.086
    59      H                  0.141
    60      H                  0.156
    61      H                  0.154
    62      H                  0.141
    63      H                  0.113
    64      H                  0.094
    65      H                  0.098
    66      H                  0.240
    67      H                  0.151
    68      H                  0.145
    69      H                  0.147
    70      H                  0.143
    71      H                  0.143
    72      H                  0.142
    73      H                  0.141
 Total Mulliken Charge =       1.000
 
                  X        Y        Z     TOTAL  
  QM DIPOLE    34.606   13.827   32.323   49.331
 
 Final Structure

  QMMM: QM Region Cartesian Coordinates (*=link atom) 
  QMMM: QM_NO.   MM_NO.  ATOM         X         Y         Z
  QMMM:     1        1      O        2.4611    1.2786    0.2774
  QMMM:     2        2      C        2.5562    0.0895    0.6445
  QMMM:     3        3      N        2.0865   -0.3316    1.8724
  QMMM:     4        4      C        3.1270   -0.9513   -0.2841
  QMMM:     5        5      C        1.5405    0.5894    2.8291
  QMMM:     6        6      N        3.8801   -1.9528    0.2255
  QMMM:     7        7      C        2.8516   -0.8096   -1.6583
  QMMM:     8        8      C        2.5526    1.2492    3.7274
  QMMM:     9        9      C        4.3837   -2.8633   -0.6357
  QMMM:    10       10      C        3.3667   -1.7629   -2.5359
  QMMM:    11       11      C        3.4089    2.2257    3.2062
  QMMM:    12       12      C        2.6314    0.9205    5.0811
  QMMM:    13       13      C        4.1424   -2.8132   -2.0344
  QMMM:    14       14      C        5.2675   -3.9559   -0.0506
  QMMM:    15       15      C        4.3306    2.8697    4.0233
  QMMM:    16       16      C        3.5535    1.5534    5.9121
  QMMM:    17       17      C        4.6693   -3.8548   -2.9509
  QMMM:    18       18      N        5.4645   -5.0820   -0.9388
  QMMM:    19       19      C        4.4135    2.5401    5.3939
  QMMM:    20       20      C        5.7629   -4.7051   -2.2998
  QMMM:    21       21      C        4.9244   -6.3188   -0.5836
  QMMM:    22       22      N        5.3369    3.2638    6.2116
  QMMM:    23       23      O        4.6256   -6.5487    0.6060
  QMMM:    24       24      C        4.8027   -7.3970   -1.5833
  QMMM:    25       25      C        5.0573    3.2821    7.6335
  QMMM:    26       26      C        6.7368    2.9956    5.9297
  QMMM:    27       27      O        4.2631   -7.0584   -2.8470
  QMMM:    28       28      C        5.0543   -8.7502   -1.4770
  QMMM:    29       29      C        5.9265    4.3368    8.3488
  QMMM:    30       30      C        7.6470    4.0373    6.6101
  QMMM:    31       31      C        4.1850   -8.2613   -3.5508
  QMMM:    32       32      C        4.6694   -9.3409   -2.7514
  QMMM:    33       33      C        5.5978   -9.4773   -0.3288
  QMMM:    34       34      N        7.3896    4.1230    8.0870
  QMMM:    35       35      C        3.7072   -8.4303   -4.8468
  QMMM:    36       36      C        4.6711  -10.6289   -3.2829
  QMMM:    37       37      C        8.2067    5.1903    8.7117
  QMMM:    38       38      C        3.7251   -9.7309   -5.3466
  QMMM:    39       39      C        4.1977  -10.8079   -4.5802
  QMMM:    40       40      H        2.3351   -1.2360    2.2009
  QMMM:    41       41      H        0.7945    0.0245    3.4601
  QMMM:    42       42      H        0.9900    1.4026    2.2677
  QMMM:    43       43      H        2.2511    0.0409   -2.0139
  QMMM:    44       44      H        3.1655   -1.6905   -3.6157
  QMMM:    45       45      H        3.3428    2.4830    2.1324
  QMMM:    46       46      H        1.9622    0.1541    5.5038
  QMMM:    47       47      H        4.8390   -4.3179    0.9297
  QMMM:    48       48      H        6.2802   -3.4985    0.1542
  QMMM:    49       49      H        4.9838    3.6439    3.5921
  QMMM:    50       50      H        3.5896    1.2680    6.9739
  QMMM:    51       51      H        5.0894   -3.3799   -3.8768
  QMMM:    52       52      H        3.8208   -4.5230   -3.2686
  QMMM:    53       53      H        6.7209   -4.1074   -2.2715
  QMMM:    54       54      H        5.9493   -5.6192   -2.9287
  QMMM:    55       55      H        5.2222    2.2804    8.1295
  QMMM:    56       56      H        3.9785    3.5759    7.7841
  QMMM:    57       57      H        6.9028    3.0788    4.8168
  QMMM:    58       58      H        7.0550    1.9614    6.2530
  QMMM:    59       59      H        5.7524    4.2731    9.4590
  QMMM:    60       60      H        5.6571    5.3702    7.9881
  QMMM:    61       61      H        7.4656    5.0582    6.1680
  QMMM:    62       62      H        8.7244    3.7506    6.4546
  QMMM:    63       63      H        5.5385   -8.8531    0.5992
  QMMM:    64       64      H        6.6692   -9.7469   -0.5137
  QMMM:    65       65      H        5.0230  -10.4233   -0.1631
  QMMM:    66       66      H        7.6520    3.2191    8.5022
  QMMM:    67       67      H        3.3357   -7.5839   -5.4375
  QMMM:    68       68      H        5.0353  -11.4790   -2.6886
  QMMM:    69       69      H        7.9310    6.1851    8.2696
  QMMM:    70       70      H        9.2943    4.9853    8.5210
  QMMM:    71       71      H        8.0133    5.2069    9.8180
  QMMM:    72       72      H        3.3581   -9.9189   -6.3676
  QMMM:    73       73      H        4.1905  -11.8177   -5.0183

           --------- Calculation Completed ----------

