            --------------------------------------------------------
                             AMBER SQM VERSION 19
 
                                     By
              Ross C. Walker, Michael F. Crowley, Scott Brozell,
                         Tim Giese, Andreas W. Goetz,
                        Tai-Sung Lee and David A. Case
 
            --------------------------------------------------------
 

--------------------------------------------------------------------------------
  QM CALCULATION INFO
--------------------------------------------------------------------------------

| QMMM: Citation for AMBER QMMM Run:
| QMMM: R.C. Walker, M.F. Crowley and D.A. Case, J. COMP. CHEM. 29:1019, 2008

QMMM: SINGLET STATE CALCULATION
QMMM: RHF CALCULATION, NO. OF DOUBLY OCCUPIED LEVELS =100

| QMMM: *** Selected Hamiltonian *** 
| QMMM: AM1         

| QMMM: *** Parameter sets in use ***
| QMMM: Cl: M.J.S.DEWAR et al. THEOCHEM, 180, 1, (1988)
| QMMM: C : M.J.S.DEWAR et al. JACS, 107, 3902, (1985)
| QMMM: S : M.J.S.DEWAR et al. INORG. CHEM., 29, 3881, (1990)
| QMMM: O : M.J.S.DEWAR et al. JACS, 107, 3902, (1985)
| QMMM: N : M.J.S.DEWAR et al. JACS, 107, 3902, (1985)
| QMMM: H : M.J.S.DEWAR et al. JACS, 107, 3902, (1985)

| QMMM: *** SCF convergence criteria ***
| QMMM: Energy change                :  0.1D-09 kcal/mol
| QMMM: Error matrix |FP-PF|         :  0.1D+00 au
| QMMM: Density matrix change        :  0.5D-06
| QMMM: Maximum number of SCF cycles :     1000

| QMMM: *** Diagonalization Routine Information ***
| QMMM: Pseudo diagonalizations are allowed.
| QMMM: Auto diagonalization routine selection is in use.
| QMMM:
| QMMM: Timing diagonalization routines:
| QMMM:                              norbs =      187
| QMMM:    diag iterations used for timing =        5
| QMMM:
| QMMM:              Internal diag routine = 0.046410 seconds
| QMMM:                 Dspev diag routine = 0.045365 seconds
| QMMM:                Dspevd diag routine = 0.020686 seconds
| QMMM:                Dspevx diag routine = 0.115501 seconds
| QMMM:                 Dsyev diag routine = 0.034238 seconds
| QMMM:                Dsyevd diag routine = 0.017793 seconds
| QMMM:                Dsyevr diag routine = 0.024486 seconds
| QMMM:
| QMMM:                Pseudo diag routine = 0.030401 seconds
| QMMM: Pseudo diagonalization appears to be slower than regular
| QMMM: diagonalization. Setting pseudo_diag=0 for optimum performance.
| QMMM:
| QMMM: Using dsyevd routine (diag_routine=6).

  QMMM: QM Region Cartesian Coordinates (*=link atom) 
  QMMM: QM_NO.   MM_NO.  ATOM         X         Y         Z
  QMMM:     1        1      Cl       1.2470   -0.1270   -0.1450
  QMMM:     2        2      C        0.1970   -1.4960    0.0420
  QMMM:     3        3      C        0.5810   -2.8440    0.1730
  QMMM:     4        4      C       -1.2250   -1.2560    0.0370
  QMMM:     5        5      S       -0.8170   -3.7960    0.3860
  QMMM:     6        6      C        1.9810   -3.3230    0.0940
  QMMM:     7        7      C       -1.9130   -2.4500    0.2240
  QMMM:     8        8      C       -1.9840   -0.0550   -0.1310
  QMMM:     9        9      O        2.8380   -2.4440   -0.0960
  QMMM:    10       10      N        2.5240   -4.6620    0.1540
  QMMM:    11       11      C       -3.3310   -2.4620    0.2640
  QMMM:    12       12      C       -3.3840   -0.0700   -0.1090
  QMMM:    13       13      C        1.9010   -5.9880    0.5050
  QMMM:    14       14      C        3.9470   -4.6390   -0.2070
  QMMM:    15       15      C       -4.0490   -1.2680    0.0920
  QMMM:    16       16      C        2.7440   -7.2880    0.2480
  QMMM:    17       17      C        4.8130   -5.8580   -0.0410
  QMMM:    18       18      N        2.1740   -8.5500    0.3780
  QMMM:    19       19      C        4.1050   -7.1590   -0.0490
  QMMM:    20       20      C        3.0040   -9.6450    0.1890
  QMMM:    21       21      C        4.9010   -8.2920   -0.2550
  QMMM:    22       22      C        2.5420  -11.0760    0.3560
  QMMM:    23       23      C        4.3520   -9.5480   -0.1410
  QMMM:    24       24      O        3.3690  -11.9900    0.3000
  QMMM:    25       25      N        1.2130  -11.3520    0.5550
  QMMM:    26       26      C        0.7480  -12.7280    0.6930
  QMMM:    27       27      C       -0.3760  -13.0370   -0.2580
  QMMM:    28       28      C       -0.1820  -12.9690   -1.6380
  QMMM:    29       29      C       -1.6380  -13.3990    0.2110
  QMMM:    30       30      C       -1.2550  -13.1560   -2.5200
  QMMM:    31       31      C       -2.6980  -13.6040   -0.6830
  QMMM:    32       32      C       -2.5530  -13.4450   -2.0700
  QMMM:    33       33      N       -3.6300  -13.4930   -2.9370
  QMMM:    34       34      C       -3.5070  -13.9440   -4.3350
  QMMM:    35       35      C       -5.0250  -13.4460   -2.4630
  QMMM:    36       36      C       -4.3990  -13.0740   -5.2550
  QMMM:    37       37      C       -5.8820  -12.5900   -3.4250
  QMMM:    38       38      N       -5.8150  -13.0640   -4.8240
  QMMM:    39       39      C       -6.6190  -12.2110   -5.6950
  QMMM:    40       40      H       -1.4900    0.8410   -0.2700
  QMMM:    41       41      H       -3.8350   -3.3490    0.4180
  QMMM:    42       42      H       -3.9150    0.8050   -0.2420
  QMMM:    43       43      H        0.9980   -6.0760   -0.0640
  QMMM:    44       44      H        1.7780   -5.9540    1.5670
  QMMM:    45       45      H        4.3960   -3.8650    0.3800
  QMMM:    46       46      H        3.9160   -4.5190   -1.2700
  QMMM:    47       47      H       -5.0810   -1.2830    0.1170
  QMMM:    48       48      H        5.3280   -5.7700    0.8930
  QMMM:    49       49      H        5.4590   -5.8740   -0.8940
  QMMM:    50       50      H        5.8990   -8.1840   -0.4930
  QMMM:    51       51      H        4.9230  -10.3930   -0.2950
  QMMM:    52       52      H        0.5650  -10.6120    0.6050
  QMMM:    53       53      H        0.4040  -12.8780    1.6950
  QMMM:    54       54      H        1.5650  -13.3790    0.4640
  QMMM:    55       55      H        0.7610  -12.7800   -2.0130
  QMMM:    56       56      H       -1.7930  -13.5180    1.2250
  QMMM:    57       57      H       -1.0850  -13.0780   -3.5350
  QMMM:    58       58      H       -3.6180  -13.8820   -0.3080
  QMMM:    59       59      H       -3.8170  -14.9660   -4.4060
  QMMM:    60       60      H       -2.4870  -13.8510   -4.6450
  QMMM:    61       61      H       -5.0520  -13.0150   -1.4840
  QMMM:    62       62      H       -5.4190  -14.4410   -2.4330
  QMMM:    63       63      H       -4.3450  -13.4600   -6.2510
  QMMM:    64       64      H       -4.0350  -12.0690   -5.2040
  QMMM:    65       65      H       -5.5320  -11.5800   -3.3890
  QMMM:    66       66      H       -6.9010  -12.6670   -3.1060
  QMMM:    67       67      H       -6.1950  -14.0090   -4.8860
  QMMM:    68       68      H       -6.2470  -11.2090   -5.6550
  QMMM:    69       69      H       -7.6380  -12.2270   -5.3690
  QMMM:    70       70      H       -6.5610  -12.5730   -6.7010

--------------------------------------------------------------------------------
  RESULTS
--------------------------------------------------------------------------------

      iter         sqm energy              rms gradient
      ----    -------------------    -----------------------
xmin    10      220.5525 kcal/mol        2.3762 kcal/(mol*A)
xmin    20      213.5070 kcal/mol        1.0979 kcal/(mol*A)
xmin    30      211.1779 kcal/mol        0.5079 kcal/(mol*A)
xmin    40      210.3206 kcal/mol        0.4224 kcal/(mol*A)
xmin    50      209.9168 kcal/mol        1.1550 kcal/(mol*A)
xmin    60      209.4387 kcal/mol        0.7343 kcal/(mol*A)
xmin    70      209.1392 kcal/mol        0.4922 kcal/(mol*A)
xmin    80      208.6581 kcal/mol        0.2494 kcal/(mol*A)
xmin    90      208.2340 kcal/mol        0.3677 kcal/(mol*A)
xmin   100      207.7585 kcal/mol        0.3454 kcal/(mol*A)
xmin   110      207.2694 kcal/mol        0.2288 kcal/(mol*A)
xmin   120      206.8765 kcal/mol        0.1740 kcal/(mol*A)
xmin   130      206.5541 kcal/mol        0.4454 kcal/(mol*A)
xmin   140      206.4015 kcal/mol        0.8915 kcal/(mol*A)
xmin   150      206.1579 kcal/mol        0.0735 kcal/(mol*A)
xmin   160      205.8073 kcal/mol        0.4464 kcal/(mol*A)
xmin   170      205.3977 kcal/mol        0.1576 kcal/(mol*A)
xmin   180      205.1623 kcal/mol        0.2395 kcal/(mol*A)
xmin   190      205.1116 kcal/mol        0.1322 kcal/(mol*A)
xmin   200      205.0699 kcal/mol        0.0748 kcal/(mol*A)
xmin   210      205.0643 kcal/mol        0.0859 kcal/(mol*A)
xmin   220      205.0197 kcal/mol        0.0682 kcal/(mol*A)
xmin   230      204.9949 kcal/mol        0.0611 kcal/(mol*A)
xmin   240      204.9810 kcal/mol        0.2185 kcal/(mol*A)
xmin   250      204.9581 kcal/mol        0.0714 kcal/(mol*A)
xmin   260      204.9405 kcal/mol        0.1246 kcal/(mol*A)
xmin   270      204.9224 kcal/mol        0.0433 kcal/(mol*A)
xmin   280      204.8827 kcal/mol        0.0582 kcal/(mol*A)
xmin   290      204.8631 kcal/mol        0.0563 kcal/(mol*A)
xmin   300      204.8535 kcal/mol        0.0391 kcal/(mol*A)
xmin   310      204.8387 kcal/mol        0.0502 kcal/(mol*A)
xmin   320      204.8232 kcal/mol        0.0383 kcal/(mol*A)
xmin   330      204.8101 kcal/mol        0.1346 kcal/(mol*A)
xmin   340      204.8016 kcal/mol        0.0366 kcal/(mol*A)
xmin   350      204.7788 kcal/mol        0.0437 kcal/(mol*A)
xmin   360      204.7629 kcal/mol        0.0709 kcal/(mol*A)
xmin   370      204.7372 kcal/mol        0.0417 kcal/(mol*A)
xmin   380      204.7164 kcal/mol        0.0297 kcal/(mol*A)
xmin   390      204.6846 kcal/mol        0.0516 kcal/(mol*A)
xmin   400      204.6823 kcal/mol        0.0220 kcal/(mol*A)
xmin   410      204.6794 kcal/mol        0.0345 kcal/(mol*A)
xmin   420      204.6704 kcal/mol        0.0218 kcal/(mol*A)
xmin   430      204.6689 kcal/mol        0.0498 kcal/(mol*A)
xmin   440      204.6621 kcal/mol        0.0754 kcal/(mol*A)
xmin   450      204.6606 kcal/mol        0.0391 kcal/(mol*A)
xmin   460      204.6585 kcal/mol        0.0217 kcal/(mol*A)
xmin   470      204.5757 kcal/mol        0.1030 kcal/(mol*A)
xmin   480      203.9720 kcal/mol        0.3311 kcal/(mol*A)
xmin   490      203.8861 kcal/mol        0.0441 kcal/(mol*A)
xmin   500      203.8111 kcal/mol        0.0714 kcal/(mol*A)
xmin   510      203.8044 kcal/mol        0.0168 kcal/(mol*A)
xmin   520      203.8003 kcal/mol        0.0465 kcal/(mol*A)
xmin   530      203.7992 kcal/mol        0.0133 kcal/(mol*A)
xmin   540      203.7971 kcal/mol        0.0088 kcal/(mol*A)
xmin   550      203.7969 kcal/mol        0.0040 kcal/(mol*A)
xmin   560      203.7968 kcal/mol        0.0012 kcal/(mol*A)
xmin   570      203.7968 kcal/mol        0.0006 kcal/(mol*A)
  ... geometry converged !
 
 Final MO eigenvalues (eV):
 -45.8444  -43.4532  -42.8559  -42.7115  -42.0071  -41.2762  -40.5127  -40.2748
 -39.0048  -37.8825  -37.6121  -36.4252  -36.3449  -34.6654  -34.5234  -34.3667
 -34.0737  -33.3962  -32.7466  -32.3401  -30.3814  -29.7111  -29.3225  -28.9483
 -28.1262  -27.3149  -26.6354  -26.1702  -25.8276  -25.5993  -24.9016  -24.5826
 -23.9940  -23.4394  -22.6969  -22.3317  -22.0959  -21.5452  -21.4540  -20.7841
 -20.6627  -20.2327  -20.1022  -19.7567  -19.6834  -19.6315  -19.3469  -19.2266
 -18.9341  -18.6171  -18.4982  -18.3730  -18.2556  -18.2164  -18.0489  -17.8398
 -17.7965  -17.6890  -17.5708  -17.4903  -17.4640  -17.2622  -17.1119  -16.9660
 -16.8875  -16.7018  -16.5670  -16.4348  -16.2921  -16.2294  -16.0610  -15.9695
 -15.7709  -15.7228  -15.6260  -15.5511  -15.3221  -15.2503  -15.0894  -14.8802
 -14.8363  -14.6876  -14.5102  -14.4567  -14.3760  -14.3240  -13.9547  -13.6014
 -13.3163  -13.1747  -12.9819  -12.6988  -12.6154  -12.3650  -12.0726  -11.8608
 -11.7615  -11.6959  -11.6456  -10.8772   -3.6887   -2.9461   -2.4705   -2.3383
  -2.2614   -2.1838   -2.0849   -1.8808   -1.6794   -1.5988   -1.5385   -1.4506
  -1.4335   -1.1904   -1.0671   -0.8911   -0.6694   -0.6144   -0.5463   -0.5200
  -0.3981   -0.3658   -0.3168   -0.1695   -0.1424   -0.1402   -0.0179    0.0184
   0.2235    0.2296    0.3302    0.4870    0.6174    0.6792    0.7696    0.9094
   1.0025    1.1519    1.1771    1.2674    1.4327    1.5085    1.5310    1.5354
   1.5531    1.6187    1.6679    1.6982    1.7492    1.7803    1.8462    1.9023
   1.9080    1.9739    2.0113    2.0233    2.0429    2.1812    2.2350    2.2676
   2.3526    2.4350    2.4646    2.5114    2.5344    2.6296    2.6728    2.6868
   2.7165    2.7240    2.8485    2.8637    2.9859    2.9911    3.0850    3.1268
   3.1624    3.2802    3.3640    3.3972    3.4814    3.5061    3.9244    4.2522
   4.5387    4.6795    5.0726

 Heat of formation   =        203.79675477 kcal/mol  (        8.83729044 eV)

 Total SCF energy    =    -149971.33809082 kcal/mol  (    -6503.24522314 eV)
 Electronic energy   =   -1484274.35832388 kcal/mol  (   -64362.96597389 eV)
 Core-core repulsion =    1334303.02023305 kcal/mol  (    57859.72075075 eV)
 
    Atomic Charges for Step       1 :
  Atom    Element       Mulliken Charge
     1      Cl                 0.012
     2      C                 -0.083
     3      C                 -0.380
     4      C                 -0.071
     5      S                  0.649
     6      C                  0.361
     7      C                 -0.325
     8      C                 -0.112
     9      O                 -0.331
    10      N                 -0.300
    11      C                 -0.080
    12      C                 -0.124
    13      C                  0.012
    14      C                 -0.038
    15      C                 -0.110
    16      C                 -0.053
    17      C                 -0.137
    18      N                 -0.121
    19      C                 -0.089
    20      C                 -0.076
    21      C                 -0.094
    22      C                  0.347
    23      C                 -0.108
    24      O                 -0.364
    25      N                 -0.341
    26      C                  0.000
    27      C                 -0.108
    28      C                 -0.088
    29      C                 -0.093
    30      C                 -0.177
    31      C                 -0.136
    32      C                 -0.003
    33      N                 -0.215
    34      C                 -0.074
    35      C                 -0.074
    36      C                 -0.173
    37      C                 -0.179
    38      N                  0.005
    39      C                 -0.194
    40      H                  0.122
    41      H                  0.153
    42      H                  0.137
    43      H                  0.126
    44      H                  0.116
    45      H                  0.107
    46      H                  0.109
    47      H                  0.150
    48      H                  0.113
    49      H                  0.114
    50      H                  0.155
    51      H                  0.176
    52      H                  0.236
    53      H                  0.107
    54      H                  0.136
    55      H                  0.172
    56      H                  0.149
    57      H                  0.121
    58      H                  0.144
    59      H                  0.118
    60      H                  0.157
    61      H                  0.149
    62      H                  0.116
    63      H                  0.144
    64      H                  0.150
    65      H                  0.160
    66      H                  0.147
    67      H                  0.239
    68      H                  0.153
    69      H                  0.145
    70      H                  0.141
 Total Mulliken Charge =       1.000
 
                  X        Y        Z     TOTAL  
  QM DIPOLE   -15.429  -42.525  -15.014   47.664
 
 Final Structure

  QMMM: QM Region Cartesian Coordinates (*=link atom) 
  QMMM: QM_NO.   MM_NO.  ATOM         X         Y         Z
  QMMM:     1        1      Cl      -0.7797   -7.9533   -1.6486
  QMMM:     2        2      C       -1.1575   -6.3519   -1.2988
  QMMM:     3        3      C       -0.3258   -5.2735   -1.5105
  QMMM:     4        4      C       -2.4135   -5.9560   -0.7126
  QMMM:     5        5      S       -1.0300   -3.8208   -1.0404
  QMMM:     6        6      C        1.0118   -5.3132   -2.1511
  QMMM:     7        7      C       -2.4540   -4.5456   -0.5257
  QMMM:     8        8      C       -3.5037   -6.7501   -0.3225
  QMMM:     9        9      O        1.1278   -5.1130   -3.3751
  QMMM:    10       10      N        2.1327   -5.4678   -1.3343
  QMMM:    11       11      C       -3.5913   -3.9491    0.0400
  QMMM:    12       12      C       -4.6125   -6.1439    0.2381
  QMMM:    13       13      C        2.0445   -6.1616   -0.0680
  QMMM:    14       14      C        3.4367   -5.4540   -1.9831
  QMMM:    15       15      C       -4.6575   -4.7460    0.4154
  QMMM:    16       16      C        2.7475   -7.5073   -0.1127
  QMMM:    17       17      C        4.5397   -6.2143   -1.2385
  QMMM:    18       18      N        2.1493   -8.6160    0.3548
  QMMM:    19       19      C        4.0440   -7.5007   -0.6952
  QMMM:    20       20      C        2.8459   -9.7777    0.2650
  QMMM:    21       21      C        4.7577   -8.6967   -0.7401
  QMMM:    22       22      C        2.1614  -11.0706    0.6323
  QMMM:    23       23      C        4.1539   -9.8593   -0.2517
  QMMM:    24       24      O        2.5023  -12.1271    0.0620
  QMMM:    25       25      N        1.1800  -11.0536    1.6074
  QMMM:    26       26      C        0.2417  -12.1414    1.7197
  QMMM:    27       27      C       -0.8946  -12.0601    0.7340
  QMMM:    28       28      C       -0.6431  -12.2753   -0.6246
  QMMM:    29       29      C       -2.1926  -11.7528    1.1454
  QMMM:    30       30      C       -1.6545  -12.1242   -1.5669
  QMMM:    31       31      C       -3.2189  -11.6156    0.2148
  QMMM:    32       32      C       -2.9583  -11.7692   -1.1646
  QMMM:    33       33      N       -4.0399  -11.6042   -2.0869
  QMMM:    34       34      C       -3.8575  -12.0927   -3.4330
  QMMM:    35       35      C       -4.6752  -10.3025   -2.0659
  QMMM:    36       36      C       -3.1944  -11.0919   -4.4083
  QMMM:    37       37      C       -4.0325   -9.2531   -2.9997
  QMMM:    38       38      N       -3.8901   -9.7636   -4.4019
  QMMM:    39       39      C       -3.1776   -8.7813   -5.2556
  QMMM:    40       40      H       -3.4541   -7.8415   -0.4472
  QMMM:    41       41      H       -3.6257   -2.8582    0.1857
  QMMM:    42       42      H       -5.4710   -6.7503    0.5644
  QMMM:    43       43      H        0.9709   -6.2750    0.2499
  QMMM:    44       44      H        2.5768   -5.5324    0.7059
  QMMM:    45       45      H        3.7462   -4.3743   -2.0844
  QMMM:    46       46      H        3.3399   -5.8799   -3.0249
  QMMM:    47       47      H       -5.5532   -4.2906    0.8663
  QMMM:    48       48      H        4.9243   -5.5851   -0.3891
  QMMM:    49       49      H        5.3913   -6.3787   -1.9500
  QMMM:    50       50      H        5.7727   -8.7318   -1.1643
  QMMM:    51       51      H        4.6673  -10.8329   -0.2868
  QMMM:    52       52      H        0.8697  -10.1709    1.9466
  QMMM:    53       53      H       -0.1651  -12.1362    2.7713
  QMMM:    54       54      H        0.7957  -13.1124    1.5546
  QMMM:    55       55      H        0.3760  -12.5565   -0.9477
  QMMM:    56       56      H       -2.4149  -11.6175    2.2163
  QMMM:    57       57      H       -1.4079  -12.3004   -2.6242
  QMMM:    58       58      H       -4.2377  -11.3943    0.5701
  QMMM:    59       59      H       -4.8803  -12.3628   -3.8283
  QMMM:    60       60      H       -3.2340  -13.0317   -3.4304
  QMMM:    61       61      H       -4.6484   -9.8706   -1.0245
  QMMM:    62       62      H       -5.7548  -10.4486   -2.3584
  QMMM:    63       63      H       -3.2315  -11.5064   -5.4542
  QMMM:    64       64      H       -2.1189  -10.9179   -4.1202
  QMMM:    65       65      H       -3.0056   -8.9732   -2.6219
  QMMM:    66       66      H       -4.6726   -8.3270   -3.0228
  QMMM:    67       67      H       -4.8361   -9.9059   -4.7800
  QMMM:    68       68      H       -2.1471   -8.5997   -4.8462
  QMMM:    69       69      H       -3.7485   -7.8141   -5.2627
  QMMM:    70       70      H       -3.1004   -9.1851   -6.3004

           --------- Calculation Completed ----------

