            --------------------------------------------------------
                             AMBER SQM VERSION 19
 
                                     By
              Ross C. Walker, Michael F. Crowley, Scott Brozell,
                         Tim Giese, Andreas W. Goetz,
                        Tai-Sung Lee and David A. Case
 
            --------------------------------------------------------
 

--------------------------------------------------------------------------------
  QM CALCULATION INFO
--------------------------------------------------------------------------------

| QMMM: Citation for AMBER QMMM Run:
| QMMM: R.C. Walker, M.F. Crowley and D.A. Case, J. COMP. CHEM. 29:1019, 2008

QMMM: SINGLET STATE CALCULATION
QMMM: RHF CALCULATION, NO. OF DOUBLY OCCUPIED LEVELS = 97

| QMMM: *** Selected Hamiltonian *** 
| QMMM: AM1         

| QMMM: *** Parameter sets in use ***
| QMMM: O : M.J.S.DEWAR et al. JACS, 107, 3902, (1985)
| QMMM: C : M.J.S.DEWAR et al. JACS, 107, 3902, (1985)
| QMMM: N : M.J.S.DEWAR et al. JACS, 107, 3902, (1985)
| QMMM: H : M.J.S.DEWAR et al. JACS, 107, 3902, (1985)

| QMMM: *** SCF convergence criteria ***
| QMMM: Energy change                :  0.1D-09 kcal/mol
| QMMM: Error matrix |FP-PF|         :  0.1D+00 au
| QMMM: Density matrix change        :  0.5D-06
| QMMM: Maximum number of SCF cycles :     1000

| QMMM: *** Diagonalization Routine Information ***
| QMMM: Pseudo diagonalizations are allowed.
| QMMM: Auto diagonalization routine selection is in use.
| QMMM:
| QMMM: Timing diagonalization routines:
| QMMM:                              norbs =      184
| QMMM:    diag iterations used for timing =        5
| QMMM:
| QMMM:              Internal diag routine = 0.052849 seconds
| QMMM:                 Dspev diag routine = 0.071679 seconds
| QMMM:                Dspevd diag routine = 0.023725 seconds
| QMMM:                Dspevx diag routine = 0.109848 seconds
| QMMM:                 Dsyev diag routine = 0.039410 seconds
| QMMM:                Dsyevd diag routine = 0.019417 seconds
| QMMM:                Dsyevr diag routine = 0.026414 seconds
| QMMM:
| QMMM:                Pseudo diag routine = 0.025734 seconds
| QMMM: Pseudo diagonalization appears to be slower than regular
| QMMM: diagonalization. Setting pseudo_diag=0 for optimum performance.
| QMMM:
| QMMM: Using dsyevd routine (diag_routine=6).

  QMMM: QM Region Cartesian Coordinates (*=link atom) 
  QMMM: QM_NO.   MM_NO.  ATOM         X         Y         Z
  QMMM:     1        1      O        1.0450    0.0510   -0.0690
  QMMM:     2        2      C        2.2230   -0.0010   -0.1140
  QMMM:     3        3      N        2.9860   -0.5560    0.9740
  QMMM:     4        4      C        3.0230    0.5150   -1.3300
  QMMM:     5        5      C        2.2850   -1.0390    2.1550
  QMMM:     6        6      N        4.4130    0.4340   -1.4390
  QMMM:     7        7      C        2.2150    1.0230   -2.3590
  QMMM:     8        8      C        2.6990   -0.3190    3.4290
  QMMM:     9        9      C        5.0430    0.7690   -2.6580
  QMMM:    10       10      C        2.8810    1.4760   -3.5270
  QMMM:    11       11      C        2.0080    0.8150    3.8770
  QMMM:    12       12      C        3.8060   -0.7380    4.1810
  QMMM:    13       13      C        4.2880    1.3560   -3.6770
  QMMM:    14       14      C        6.6410    0.5020   -2.9390
  QMMM:    15       15      C        2.3800    1.4750    5.0390
  QMMM:    16       16      C        4.2560    0.0200    5.2710
  QMMM:    17       17      C        4.9480    1.7590   -5.0010
  QMMM:    18       18      N        7.1610    0.4170   -4.5270
  QMMM:    19       19      C        3.5250    1.1130    5.7550
  QMMM:    20       20      C        6.5500    1.7310   -5.0730
  QMMM:    21       21      C        8.3560   -0.7380   -5.0490
  QMMM:    22       22      N        3.8630    1.7780    6.9110
  QMMM:    23       23      O        8.5500   -1.5280   -4.0820
  QMMM:    24       24      C        9.3470   -1.1750   -6.5580
  QMMM:    25       25      C        4.5850    1.1000    7.9850
  QMMM:    26       26      C        3.7060    3.2350    7.0670
  QMMM:    27       27      C       10.3220   -1.0930   -8.2000
  QMMM:    28       28      C        8.2630   -0.6660   -7.2590
  QMMM:    29       29      C        3.9690    1.4700    9.3500
  QMMM:    30       30      C        3.1450    3.5510    8.4730
  QMMM:    31       31      C        9.2230   -1.3270   -8.9600
  QMMM:    32       32      C       11.7270   -1.1500   -9.3800
  QMMM:    33       33      O        8.0350   -1.3210   -8.3800
  QMMM:    34       34      N        3.9600    2.9370    9.5510
  QMMM:    35       35      C        9.2090   -1.3520  -10.3100
  QMMM:    36       36      C       11.4940   -1.5020  -10.7280
  QMMM:    37       37      C        3.4480    3.2870   10.8710
  QMMM:    38       38      C       10.1880   -1.3450  -11.1900
  QMMM:    39       39      H        3.9670   -0.6080    0.9200
  QMMM:    40       40      H        2.4910   -2.0830    2.2710
  QMMM:    41       41      H        1.2420   -0.8520    2.0070
  QMMM:    42       42      H        1.1880    1.0650   -2.2710
  QMMM:    43       43      H        2.3300    1.9050   -4.2870
  QMMM:    44       44      H        1.2050    1.1660    3.3310
  QMMM:    45       45      H        4.2940   -1.6120    3.9290
  QMMM:    46       46      H        6.8930   -0.4270   -2.4720
  QMMM:    47       47      H        7.1280    1.3690   -2.5460
  QMMM:    48       48      H        1.7970    2.2540    5.3830
  QMMM:    49       49      H        5.1460   -0.2330    5.7270
  QMMM:    50       50      H        4.6350    2.7580   -5.2230
  QMMM:    51       51      H        4.6330    1.0130   -5.7000
  QMMM:    52       52      H        6.9310    2.5490   -4.4960
  QMMM:    53       53      H        6.8240    1.8060   -6.1040
  QMMM:    54       54      H        5.6120    1.4010    7.9670
  QMMM:    55       55      H        4.5150    0.0420    7.8430
  QMMM:    56       56      H        3.0300    3.6010    6.3230
  QMMM:    57       57      H        4.6590    3.7080    6.9510
  QMMM:    58       58      H        7.6990    0.1360   -6.9380
  QMMM:    59       59      H        4.5440    1.0140   10.1290
  QMMM:    60       60      H        2.9590    1.1170    9.3730
  QMMM:    61       61      H        2.1460    3.1750    8.5380
  QMMM:    62       62      H        3.1700    4.6130    8.6060
  QMMM:    63       63      H       12.6830   -0.9250   -9.0600
  QMMM:    64       64      H        4.9130    3.2960    9.5060
  QMMM:    65       65      H        8.2650   -1.3810  -10.7260
  QMMM:    66       66      H       12.2480   -1.8560  -11.3370
  QMMM:    67       67      H        2.4440    2.9310   10.9710
  QMMM:    68       68      H        3.4620    4.3510   10.9890
  QMMM:    69       69      H        4.0620    2.8380   11.6230
  QMMM:    70       70      H        9.9940   -1.2270  -12.1960

--------------------------------------------------------------------------------
  RESULTS
--------------------------------------------------------------------------------

      iter         sqm energy              rms gradient
      ----    -------------------    -----------------------
xmin    10      346.0311 kcal/mol        4.8406 kcal/(mol*A)
xmin    20      241.3460 kcal/mol        5.6364 kcal/(mol*A)
xmin    30      191.2351 kcal/mol        1.6512 kcal/(mol*A)
xmin    40      189.5956 kcal/mol        0.1948 kcal/(mol*A)
xmin    50      189.1662 kcal/mol        0.2493 kcal/(mol*A)
xmin    60      188.9445 kcal/mol        0.1710 kcal/(mol*A)
xmin    70      188.8553 kcal/mol        0.0754 kcal/(mol*A)
xmin    80      188.7999 kcal/mol        0.0642 kcal/(mol*A)
xmin    90      188.7567 kcal/mol        0.0845 kcal/(mol*A)
xmin   100      188.6765 kcal/mol        0.0834 kcal/(mol*A)
xmin   110      188.5348 kcal/mol        0.1548 kcal/(mol*A)
xmin   120      188.4877 kcal/mol        0.1087 kcal/(mol*A)
xmin   130      188.4511 kcal/mol        0.0379 kcal/(mol*A)
xmin   140      188.4400 kcal/mol        0.0568 kcal/(mol*A)
xmin   150      188.4352 kcal/mol        0.0236 kcal/(mol*A)
xmin   160      188.4313 kcal/mol        0.0352 kcal/(mol*A)
xmin   170      188.4304 kcal/mol        0.0406 kcal/(mol*A)
xmin   180      188.4228 kcal/mol        0.0533 kcal/(mol*A)
xmin   190      188.4075 kcal/mol        0.0371 kcal/(mol*A)
xmin   200      188.3988 kcal/mol        0.0357 kcal/(mol*A)
xmin   210      188.3922 kcal/mol        0.0196 kcal/(mol*A)
xmin   220      188.3905 kcal/mol        0.0425 kcal/(mol*A)
xmin   230      188.3879 kcal/mol        0.0219 kcal/(mol*A)
xmin   240      188.3874 kcal/mol        0.0125 kcal/(mol*A)
xmin   250      188.3869 kcal/mol        0.0097 kcal/(mol*A)
xmin   260      188.3851 kcal/mol        0.0180 kcal/(mol*A)
xmin   270      188.3834 kcal/mol        0.0101 kcal/(mol*A)
xmin   280      188.3832 kcal/mol        0.0073 kcal/(mol*A)
xmin   290      188.3821 kcal/mol        0.0036 kcal/(mol*A)
xmin   300      188.3819 kcal/mol        0.0021 kcal/(mol*A)
xmin   310      188.3815 kcal/mol        0.0029 kcal/(mol*A)
xmin   320      188.3814 kcal/mol        0.0057 kcal/(mol*A)
xmin   330      188.3812 kcal/mol        0.0043 kcal/(mol*A)
xmin   340      188.3812 kcal/mol        0.0062 kcal/(mol*A)
xmin   350      188.3810 kcal/mol        0.0087 kcal/(mol*A)
xmin   360      188.3810 kcal/mol        0.0016 kcal/(mol*A)
xmin   370      188.3809 kcal/mol        0.0014 kcal/(mol*A)
xmin   380      188.3808 kcal/mol        0.0046 kcal/(mol*A)
xmin   390      188.3814 kcal/mol        0.1049 kcal/(mol*A)
xmin   400      188.3808 kcal/mol        0.0017 kcal/(mol*A)
xmin   410      188.3807 kcal/mol        0.0022 kcal/(mol*A)
xmin   420      188.3807 kcal/mol        0.0006 kcal/(mol*A)
xmin   430      188.3807 kcal/mol        0.0015 kcal/(mol*A)
xmin   440      188.3807 kcal/mol        0.0006 kcal/(mol*A)
xmin   450      188.3807 kcal/mol        0.0012 kcal/(mol*A)
  ... geometry converged !
 
 Final MO eigenvalues (eV):
 -45.8784  -43.4745  -42.8310  -42.6315  -41.5563  -40.7583  -40.0653  -39.2495
 -38.4396  -37.3925  -36.3955  -35.9560  -35.1984  -34.8114  -33.9788  -33.9201
 -32.8997  -32.3619  -32.1471  -31.0603  -30.4673  -29.3487  -29.1307  -28.4854
 -27.1039  -26.3536  -25.7460  -25.6387  -25.2471  -25.0201  -24.5526  -24.2539
 -23.5156  -22.8766  -22.6424  -22.2599  -21.5294  -21.1525  -20.8542  -20.4695
 -20.2504  -19.8307  -19.6781  -19.3675  -19.1254  -18.8448  -18.6431  -18.4167
 -18.3859  -18.3179  -18.2131  -18.0141  -17.9203  -17.8140  -17.7220  -17.6605
 -17.4501  -17.3540  -17.2483  -17.0428  -16.9426  -16.6976  -16.5917  -16.5566
 -16.3213  -16.2755  -16.1085  -16.0339  -15.8777  -15.8042  -15.7344  -15.5219
 -15.3672  -15.2367  -15.0140  -14.9235  -14.6802  -14.4187  -14.3101  -14.1802
 -14.1292  -13.8845  -13.7978  -13.3975  -13.2216  -12.9436  -12.5220  -12.3472
 -12.2043  -12.1600  -12.1583  -11.8617  -11.5860  -11.2180  -11.1057  -10.6185
 -10.3004   -3.8450   -2.2800   -1.9259   -1.8948   -1.8281   -1.7581   -1.6671
  -1.4634   -1.4255   -1.2526   -0.8183   -0.7649   -0.7548   -0.6839   -0.5649
  -0.5310   -0.4456   -0.3886   -0.3579   -0.2528   -0.1877   -0.1410    0.1507
   0.1772    0.2601    0.4163    0.4918    0.5814    0.5940    0.6792    0.9572
   0.9688    1.3338    1.3787    1.4211    1.6217    1.7182    1.7433    1.8456
   1.8972    1.9498    1.9863    2.0182    2.0291    2.0766    2.1287    2.1766
   2.2527    2.3764    2.4507    2.5980    2.6105    2.6458    2.7019    2.7192
   2.7509    2.7851    2.8452    2.8546    2.8874    2.9504    2.9842    3.0548
   3.0953    3.1236    3.1925    3.2053    3.3179    3.3553    3.4143    3.5319
   3.5538    3.6145    3.6537    3.8660    3.9368    3.9490    4.0260    4.1842
   4.3081    4.4173    4.5444    4.7607    4.8113    4.9371    5.3740    5.5897


 Heat of formation   =        188.38070332 kcal/mol  (        8.16880028 eV)

 Total SCF energy    =    -144550.60505597 kcal/mol  (    -6268.18459980 eV)
 Electronic energy   =   -1259344.96132520 kcal/mol  (   -54609.29540459 eV)
 Core-core repulsion =    1114794.35626923 kcal/mol  (    48341.11080479 eV)
 
    Atomic Charges for Step       1 :
  Atom    Element       Mulliken Charge
     1      O                 -0.372
     2      C                  0.356
     3      N                 -0.356
     4      C                 -0.064
     5      C                  0.007
     6      N                 -0.132
     7      C                 -0.121
     8      C                 -0.098
     9      C                 -0.032
    10      C                 -0.099
    11      C                 -0.091
    12      C                 -0.097
    13      C                 -0.090
    14      C                  0.011
    15      C                 -0.127
    16      C                 -0.163
    17      C                 -0.149
    18      N                 -0.324
    19      C                 -0.001
    20      C                 -0.031
    21      C                  0.378
    22      N                 -0.241
    23      O                 -0.340
    24      C                 -0.178
    25      C                 -0.076
    26      C                 -0.078
    27      C                 -0.070
    28      C                 -0.019
    29      C                 -0.132
    30      C                 -0.133
    31      C                  0.010
    32      C                 -0.075
    33      O                 -0.100
    34      N                 -0.004
    35      C                 -0.115
    36      C                 -0.142
    37      C                 -0.192
    38      C                 -0.106
    39      H                  0.244
    40      H                  0.100
    41      H                  0.130
    42      H                  0.170
    43      H                  0.150
    44      H                  0.178
    45      H                  0.146
    46      H                  0.150
    47      H                  0.104
    48      H                  0.141
    49      H                  0.129
    50      H                  0.109
    51      H                  0.099
    52      H                  0.096
    53      H                  0.115
    54      H                  0.081
    55      H                  0.156
    56      H                  0.154
    57      H                  0.087
    58      H                  0.195
    59      H                  0.141
    60      H                  0.156
    61      H                  0.154
    62      H                  0.142
    63      H                  0.149
    64      H                  0.240
    65      H                  0.156
    66      H                  0.139
    67      H                  0.147
    68      H                  0.143
    69      H                  0.143
    70      H                  0.142
 Total Mulliken Charge =       1.000
 
                  X        Y        Z     TOTAL  
  QM DIPOLE    24.957   13.684   33.271   43.785
 
 Final Structure

  QMMM: QM Region Cartesian Coordinates (*=link atom) 
  QMMM: QM_NO.   MM_NO.  ATOM         X         Y         Z
  QMMM:     1        1      O        0.9718    0.4977    0.1223
  QMMM:     2        2      C        2.0174   -0.0826   -0.2342
  QMMM:     3        3      N        2.5734   -1.1039    0.5096
  QMMM:     4        4      C        2.6733    0.2674   -1.5457
  QMMM:     5        5      C        2.0296   -1.4959    1.7797
  QMMM:     6        6      N        4.0232    0.2704   -1.6308
  QMMM:     7        7      C        1.8269    0.5942   -2.6234
  QMMM:     8        8      C        2.5365   -0.7097    2.9592
  QMMM:     9        9      C        4.5792    0.5974   -2.8178
  QMMM:    10       10      C        2.4124    0.9164   -3.8471
  QMMM:    11       11      C        2.1220    0.6148    3.1387
  QMMM:    12       12      C        3.3938   -1.2922    3.8932
  QMMM:    13       13      C        3.8063    0.9179   -3.9645
  QMMM:    14       14      C        6.0986    0.6485   -2.8811
  QMMM:    15       15      C        2.5534    1.3500    4.2366
  QMMM:    16       16      C        3.8391   -0.5667    4.9963
  QMMM:    17       17      C        4.4424    1.2230   -5.2699
  QMMM:    18       18      N        6.6252    0.6375   -4.2260
  QMMM:    19       19      C        3.4210    0.7643    5.1843
  QMMM:    20       20      C        5.9417    1.5109   -5.1461
  QMMM:    21       21      C        7.4545   -0.4106   -4.6351
  QMMM:    22       22      N        3.7979    1.5357    6.3280
  QMMM:    23       23      O        7.9267   -1.1906   -3.7861
  QMMM:    24       24      C        7.8096   -0.5206   -6.0598
  QMMM:    25       25      C        4.2380    0.7886    7.4893
  QMMM:    26       26      C        4.6650    2.6653    6.0395
  QMMM:    27       27      C        9.1498   -0.3518   -6.6008
  QMMM:    28       28      C        6.9951   -0.8761   -7.1120
  QMMM:    29       29      C        4.3093    1.6998    8.7319
  QMMM:    30       30      C        4.7538    3.6171    7.2489
  QMMM:    31       31      C        9.0289   -0.6219   -7.9993
  QMMM:    32       32      C       10.3990   -0.0203   -6.0819
  QMMM:    33       33      O        7.7040   -0.9476   -8.3150
  QMMM:    34       34      N        5.1837    2.8974    8.4947
  QMMM:    35       35      C       10.1014   -0.5624   -8.8818
  QMMM:    36       36      C       11.4799    0.0415   -6.9588
  QMMM:    37       37      C        5.1774    3.8052    9.6665
  QMMM:    38       38      C       11.3353   -0.2220   -8.3295
  QMMM:    39       39      H        3.4920   -1.4151    0.2922
  QMMM:    40       40      H        2.2676   -2.5888    1.9301
  QMMM:    41       41      H        0.9054   -1.3778    1.7383
  QMMM:    42       42      H        0.7356    0.5984   -2.4839
  QMMM:    43       43      H        1.7834    1.1693   -4.7144
  QMMM:    44       44      H        1.4421    1.0723    2.3959
  QMMM:    45       45      H        3.7266   -2.3345    3.7637
  QMMM:    46       46      H        6.5396   -0.2125   -2.2974
  QMMM:    47       47      H        6.4226    1.6122   -2.3870
  QMMM:    48       48      H        2.2022    2.3858    4.3625
  QMMM:    49       49      H        4.5161   -1.0569    5.7116
  QMMM:    50       50      H        3.9485    2.1148   -5.7406
  QMMM:    51       51      H        4.2810    0.3492   -5.9595
  QMMM:    52       52      H        6.0753    2.5671   -4.7690
  QMMM:    53       53      H        6.4135    1.4487   -6.1664
  QMMM:    54       54      H        5.2445    0.2966    7.3429
  QMMM:    55       55      H        3.4801   -0.0184    7.7062
  QMMM:    56       56      H        4.2220    3.2502    5.1823
  QMMM:    57       57      H        5.7075    2.3483    5.7429
  QMMM:    58       58      H        5.9398   -1.1241   -7.2092
  QMMM:    59       59      H        4.7328    1.1179    9.5974
  QMMM:    60       60      H        3.2792    2.0703    9.0004
  QMMM:    61       61      H        3.7478    4.0840    7.4495
  QMMM:    62       62      H        5.5038    4.4281    7.0320
  QMMM:    63       63      H       10.5251    0.1752   -5.0074
  QMMM:    64       64      H        6.1431    2.5583    8.3437
  QMMM:    65       65      H        9.9781   -0.7759   -9.9512
  QMMM:    66       66      H       12.4761    0.2996   -6.5680
  QMMM:    67       67      H        4.1354    4.1836    9.8459
  QMMM:    68       68      H        5.8611    4.6737    9.4674
  QMMM:    69       69      H        5.5322    3.2445   10.5728
  QMMM:    70       70      H       12.2181   -0.1622   -8.9846

           --------- Calculation Completed ----------

