            --------------------------------------------------------
                             AMBER SQM VERSION 19
 
                                     By
              Ross C. Walker, Michael F. Crowley, Scott Brozell,
                         Tim Giese, Andreas W. Goetz,
                        Tai-Sung Lee and David A. Case
 
            --------------------------------------------------------
 

--------------------------------------------------------------------------------
  QM CALCULATION INFO
--------------------------------------------------------------------------------

| QMMM: Citation for AMBER QMMM Run:
| QMMM: R.C. Walker, M.F. Crowley and D.A. Case, J. COMP. CHEM. 29:1019, 2008

QMMM: SINGLET STATE CALCULATION
QMMM: RHF CALCULATION, NO. OF DOUBLY OCCUPIED LEVELS = 98

| QMMM: *** Selected Hamiltonian *** 
| QMMM: AM1         

| QMMM: *** Parameter sets in use ***
| QMMM: Cl: M.J.S.DEWAR et al. THEOCHEM, 180, 1, (1988)
| QMMM: C : M.J.S.DEWAR et al. JACS, 107, 3902, (1985)
| QMMM: N : M.J.S.DEWAR et al. JACS, 107, 3902, (1985)
| QMMM: O : M.J.S.DEWAR et al. JACS, 107, 3902, (1985)
| QMMM: S : M.J.S.DEWAR et al. INORG. CHEM., 29, 3881, (1990)
| QMMM: H : M.J.S.DEWAR et al. JACS, 107, 3902, (1985)

| QMMM: *** SCF convergence criteria ***
| QMMM: Energy change                :  0.1D-09 kcal/mol
| QMMM: Error matrix |FP-PF|         :  0.1D+00 au
| QMMM: Density matrix change        :  0.5D-06
| QMMM: Maximum number of SCF cycles :     1000

| QMMM: *** Diagonalization Routine Information ***
| QMMM: Pseudo diagonalizations are allowed.
| QMMM: Auto diagonalization routine selection is in use.
| QMMM:
| QMMM: Timing diagonalization routines:
| QMMM:                              norbs =      182
| QMMM:    diag iterations used for timing =        5
| QMMM:
| QMMM:              Internal diag routine = 0.043767 seconds
| QMMM:                 Dspev diag routine = 0.040631 seconds
| QMMM:                Dspevd diag routine = 0.018152 seconds
| QMMM:                Dspevx diag routine = 0.102883 seconds
| QMMM:                 Dsyev diag routine = 0.038033 seconds
| QMMM:                Dsyevd diag routine = 0.017970 seconds
| QMMM:                Dsyevr diag routine = 0.025949 seconds
| QMMM:
| QMMM:                Pseudo diag routine = 0.026823 seconds
| QMMM: Pseudo diagonalization appears to be slower than regular
| QMMM: diagonalization. Setting pseudo_diag=0 for optimum performance.
| QMMM:
| QMMM: Using dsyevd routine (diag_routine=6).

  QMMM: QM Region Cartesian Coordinates (*=link atom) 
  QMMM: QM_NO.   MM_NO.  ATOM         X         Y         Z
  QMMM:     1        1      Cl       0.0010   10.1330    2.9700
  QMMM:     2        2      C        1.6890   10.4630    2.7710
  QMMM:     3        3      C        2.2690   11.6070    3.1600
  QMMM:     4        4      C        2.4890    9.4000    2.1860
  QMMM:     5        5      N        3.6170   11.7590    2.9540
  QMMM:     6        6      C        3.7930    9.5740    1.9500
  QMMM:     7        7      N        4.3880   12.8290    3.2740
  QMMM:     8        8      C        4.3990   10.7750    2.3360
  QMMM:     9        9      C        5.5980   12.5180    2.7900
  QMMM:    10       10      C        5.6540   11.2400    2.1040
  QMMM:    11       11      C        6.7960   10.6820    1.3290
  QMMM:    12       12      O        7.6910   11.5560    1.3100
  QMMM:    13       13      N        7.1760    9.1330    1.1010
  QMMM:    14       14      C        7.3560    7.6260    0.0720
  QMMM:    15       15      C        8.4760    9.4210    1.5240
  QMMM:    16       16      C        8.9250    6.7090   -0.2480
  QMMM:    17       17      C        9.1740    8.1990    1.6420
  QMMM:    18       18      C        9.6060    7.0960    0.8970
  QMMM:    19       19      C       10.3010    5.9390   -0.5080
  QMMM:    20       20      S       11.0890    6.7550    1.5730
  QMMM:    21       21      C       11.5570    6.4580   -0.0150
  QMMM:    22       22      C       13.0180    6.5200   -0.1320
  QMMM:    23       23      O       13.7960    5.5690   -0.0960
  QMMM:    24       24      N       13.5250    7.8290   -0.0960
  QMMM:    25       25      C       12.6640    8.9970   -0.0430
  QMMM:    26       26      C       13.2540   10.1750   -0.7060
  QMMM:    27       27      C       13.1420   10.3060   -2.0860
  QMMM:    28       28      C       13.8810   11.1440    0.0640
  QMMM:    29       29      C       13.7900   11.3510   -2.7100
  QMMM:    30       30      C       14.4530   12.2250   -0.5680
  QMMM:    31       31      C       14.4910   12.3120   -1.9650
  QMMM:    32       32      N       15.2710   13.2550   -2.5830
  QMMM:    33       33      C       14.9280   13.7670   -3.9090
  QMMM:    34       34      C       16.2350   14.0740   -1.8360
  QMMM:    35       35      C       16.2210   13.9650   -4.7110
  QMMM:    36       36      C       17.4840   14.3200   -2.6990
  QMMM:    37       37      N       17.1300   14.8990   -4.0120
  QMMM:    38       38      C       18.3170   15.1550   -4.8060
  QMMM:    39       39      H        1.7150   12.3560    3.6040
  QMMM:    40       40      H        2.0440    8.4990    1.9500
  QMMM:    41       41      H        4.3450    8.8340    1.4890
  QMMM:    42       42      H        6.4200   13.1330    2.8960
  QMMM:    43       43      H        6.9900    7.9020   -0.8950
  QMMM:    44       44      H        6.8570    6.9170    0.7000
  QMMM:    45       45      H        8.4480    9.9180    2.4710
  QMMM:    46       46      H        8.9630   10.0630    0.8200
  QMMM:    47       47      H        8.6000    7.7130    2.4030
  QMMM:    48       48      H       10.1160    8.6910    1.5160
  QMMM:    49       49      H       10.2930    5.0530   -1.0370
  QMMM:    50       50      H       14.5010    7.9600   -0.1070
  QMMM:    51       51      H       12.4790    9.2380    0.9820
  QMMM:    52       52      H       11.7620    8.7540   -0.5640
  QMMM:    53       53      H       12.5840    9.6320   -2.6340
  QMMM:    54       54      H       13.9180   11.0560    1.0920
  QMMM:    55       55      H       13.7580   11.4280   -3.7390
  QMMM:    56       56      H       14.8610   12.9850   -0.0020
  QMMM:    57       57      H       14.4180   14.7030   -3.8130
  QMMM:    58       58      H       14.2900   13.0730   -4.4140
  QMMM:    59       59      H       16.5170   13.5620   -0.9390
  QMMM:    60       60      H       15.7860   15.0130   -1.5870
  QMMM:    61       61      H       15.9800   14.3640   -5.6740
  QMMM:    62       62      H       16.7110   13.0200   -4.8140
  QMMM:    63       63      H       17.9880   13.3890   -2.8550
  QMMM:    64       64      H       18.1170   15.0130   -2.1860
  QMMM:    65       65      H       16.6610   15.7940   -3.8720
  QMMM:    66       66      H       18.8380   14.2350   -4.9740
  QMMM:    67       67      H       18.9560   15.8360   -4.2840
  QMMM:    68       68      H       18.0330   15.5810   -5.7450

--------------------------------------------------------------------------------
  RESULTS
--------------------------------------------------------------------------------

      iter         sqm energy              rms gradient
      ----    -------------------    -----------------------
xmin    10      317.6214 kcal/mol        7.2595 kcal/(mol*A)
xmin    20      270.9309 kcal/mol        1.3075 kcal/(mol*A)
xmin    30      264.2004 kcal/mol        1.4757 kcal/(mol*A)
xmin    40      262.6674 kcal/mol        1.3940 kcal/(mol*A)
xmin    50      261.3750 kcal/mol        1.0165 kcal/(mol*A)
xmin    60      260.0910 kcal/mol        0.2893 kcal/(mol*A)
xmin    70      259.7888 kcal/mol        0.2685 kcal/(mol*A)
xmin    80      259.5739 kcal/mol        0.3040 kcal/(mol*A)
xmin    90      259.3841 kcal/mol        0.1921 kcal/(mol*A)
xmin   100      259.2693 kcal/mol        0.2028 kcal/(mol*A)
xmin   110      259.2127 kcal/mol        0.0455 kcal/(mol*A)
xmin   120      259.1802 kcal/mol        0.0652 kcal/(mol*A)
xmin   130      259.1655 kcal/mol        0.0434 kcal/(mol*A)
xmin   140      259.1390 kcal/mol        0.4476 kcal/(mol*A)
xmin   150      259.0848 kcal/mol        0.0869 kcal/(mol*A)
xmin   160      259.0680 kcal/mol        0.0856 kcal/(mol*A)
xmin   170      259.0049 kcal/mol        0.1832 kcal/(mol*A)
xmin   180      258.8844 kcal/mol        0.0567 kcal/(mol*A)
xmin   190      258.8186 kcal/mol        0.1256 kcal/(mol*A)
xmin   200      258.7143 kcal/mol        0.0454 kcal/(mol*A)
xmin   210      258.5365 kcal/mol        0.1451 kcal/(mol*A)
xmin   220      258.3617 kcal/mol        0.4137 kcal/(mol*A)
xmin   230      257.9825 kcal/mol        0.3540 kcal/(mol*A)
xmin   240      257.6392 kcal/mol        0.3096 kcal/(mol*A)
xmin   250      257.6130 kcal/mol        0.0961 kcal/(mol*A)
xmin   260      257.4976 kcal/mol        0.0531 kcal/(mol*A)
xmin   270      257.4218 kcal/mol        0.0496 kcal/(mol*A)
xmin   280      257.3917 kcal/mol        0.0808 kcal/(mol*A)
xmin   290      257.3837 kcal/mol        0.0247 kcal/(mol*A)
xmin   300      257.3766 kcal/mol        0.0163 kcal/(mol*A)
xmin   310      257.3745 kcal/mol        0.0289 kcal/(mol*A)
xmin   320      257.3732 kcal/mol        0.0075 kcal/(mol*A)
xmin   330      257.3731 kcal/mol        0.0061 kcal/(mol*A)
xmin   340      257.3728 kcal/mol        0.0103 kcal/(mol*A)
xmin   350      257.3727 kcal/mol        0.0096 kcal/(mol*A)
xmin   360      257.3722 kcal/mol        0.0055 kcal/(mol*A)
xmin   370      257.3721 kcal/mol        0.0038 kcal/(mol*A)
xmin   380      257.3720 kcal/mol        0.0047 kcal/(mol*A)
xmin   390      257.3720 kcal/mol        0.0027 kcal/(mol*A)
xmin   400      257.3719 kcal/mol        0.0008 kcal/(mol*A)
  ... geometry converged !
 
 Final MO eigenvalues (eV):
 -46.0401  -43.7378  -42.9858  -42.2456  -41.6073  -40.5538  -40.1169  -39.7581
 -38.2549  -37.8249  -37.5576  -36.4929  -35.4482  -34.8102  -34.6686  -34.3099
 -32.9987  -32.6415  -32.1637  -31.3201  -30.4896  -29.5178  -29.0516  -28.5952
 -27.5656  -26.5907  -26.1319  -26.0382  -25.9534  -25.1275  -24.7715  -24.4217
 -23.2165  -22.8409  -22.3229  -22.0593  -21.7676  -21.0893  -20.8306  -20.3651
 -20.2093  -19.9524  -19.8091  -19.7660  -19.4299  -19.3746  -19.0115  -18.8741
 -18.5187  -18.4502  -18.2803  -18.2307  -18.1171  -18.0115  -17.9739  -17.7623
 -17.6282  -17.5657  -17.3280  -17.1215  -17.0426  -16.8923  -16.7259  -16.6653
 -16.6226  -16.4561  -16.2209  -16.1199  -16.0383  -15.8232  -15.7490  -15.4240
 -15.3478  -15.2837  -15.2076  -15.1593  -14.9547  -14.7213  -14.5033  -14.3361
 -14.2924  -13.9059  -13.5777  -13.5646  -13.4075  -13.3581  -13.2492  -12.8296
 -12.7789  -12.5497  -12.3008  -12.0404  -11.8012  -11.2808  -11.2336  -11.1524
 -10.7809  -10.1500   -3.9147   -2.6035   -2.2816   -2.1075   -1.9534   -1.9038
  -1.8121   -1.6589   -1.6556   -1.3809   -1.3032   -1.0859   -0.8643   -0.7916
  -0.6584   -0.6420   -0.6409   -0.5782   -0.5389   -0.5367   -0.4272   -0.3464
  -0.3151   -0.2937   -0.0853    0.0113    0.1090    0.1222    0.2615    0.3333
   0.3527    0.5002    0.5591    0.6541    0.7563    0.9518    1.1266    1.3252
   1.4928    1.6077    1.7095    1.7145    1.7625    1.7844    1.8443    1.8773
   1.9751    2.0943    2.1114    2.1263    2.1711    2.3184    2.3532    2.3738
   2.4340    2.4839    2.5754    2.6068    2.6660    2.7169    2.7545    2.7793
   2.8526    2.8643    2.8785    2.9353    2.9485    3.0150    3.0874    3.1861
   3.2918    3.3231    3.3747    3.5681    3.5890    3.7555    3.8607    4.0448
   4.1548    4.2963    4.8492    5.0937    5.2176    5.6447

 Heat of formation   =        257.37190430 kcal/mol  (       11.16048325 eV)

 Total SCF energy    =    -148469.52684871 kcal/mol  (    -6438.12180082 eV)
 Electronic energy   =   -1315202.59295619 kcal/mol  (   -57031.46407164 eV)
 Core-core repulsion =    1166733.06610748 kcal/mol  (    50593.34227082 eV)
 
    Atomic Charges for Step       1 :
  Atom    Element       Mulliken Charge
     1      Cl                 0.031
     2      C                 -0.122
     3      C                 -0.001
     4      C                 -0.086
     5      N                 -0.028
     6      C                 -0.127
     7      N                 -0.089
     8      C                  0.019
     9      C                 -0.072
    10      C                 -0.256
    11      C                  0.396
    12      O                 -0.369
    13      N                 -0.336
    14      C                  0.039
    15      C                 -0.015
    16      C                 -0.125
    17      C                 -0.104
    18      C                 -0.390
    19      C                 -0.122
    20      S                  0.721
    21      C                 -0.459
    22      C                  0.377
    23      O                 -0.353
    24      N                 -0.382
    25      C                  0.013
    26      C                 -0.092
    27      C                 -0.102
    28      C                 -0.106
    29      C                 -0.167
    30      C                 -0.118
    31      C                 -0.010
    32      N                 -0.231
    33      C                 -0.068
    34      C                 -0.067
    35      C                 -0.172
    36      C                 -0.170
    37      N                  0.002
    38      C                 -0.193
    39      H                  0.200
    40      H                  0.162
    41      H                  0.164
    42      H                  0.199
    43      H                  0.086
    44      H                  0.119
    45      H                  0.110
    46      H                  0.081
    47      H                  0.101
    48      H                  0.105
    49      H                  0.154
    50      H                  0.238
    51      H                  0.100
    52      H                  0.126
    53      H                  0.156
    54      H                  0.152
    55      H                  0.119
    56      H                  0.149
    57      H                  0.119
    58      H                  0.159
    59      H                  0.152
    60      H                  0.116
    61      H                  0.147
    62      H                  0.146
    63      H                  0.149
    64      H                  0.146
    65      H                  0.244
    66      H                  0.145
    67      H                  0.144
    68      H                  0.144
 Total Mulliken Charge =       1.000
 
                  X        Y        Z     TOTAL  
  QM DIPOLE    74.406   63.208  -17.489   99.183
 
 Final Structure

  QMMM: QM Region Cartesian Coordinates (*=link atom) 
  QMMM: QM_NO.   MM_NO.  ATOM         X         Y         Z
  QMMM:     1        1      Cl       0.7504    8.1205    1.2887
  QMMM:     2        2      C        2.1951    8.9982    1.3435
  QMMM:     3        3      C        2.1992   10.2579    1.9132
  QMMM:     4        4      C        3.3842    8.4263    0.7987
  QMMM:     5        5      N        3.3813   10.9784    1.9607
  QMMM:     6        6      C        4.5606    9.1252    0.8418
  QMMM:     7        7      N        3.5751   12.2177    2.4583
  QMMM:     8        8      C        4.5887   10.4203    1.4281
  QMMM:     9        9      C        4.8868   12.5082    2.2631
  QMMM:    10       10      C        5.5784   11.4116    1.6298
  QMMM:    11       11      C        6.9775   11.4540    1.2069
  QMMM:    12       12      O        7.4269   12.4222    0.5568
  QMMM:    13       13      N        7.8334   10.3997    1.5190
  QMMM:    14       14      C        9.2032   10.4758    1.0455
  QMMM:    15       15      C        7.5507    9.4097    2.5275
  QMMM:    16       16      C        9.8808    9.1536    1.0124
  QMMM:    17       17      C        7.9820    7.9847    2.1399
  QMMM:    18       18      C        9.3237    7.9873    1.5311
  QMMM:    19       19      C       11.1694    8.9221    0.4629
  QMMM:    20       20      S       10.3383    6.6898    1.3347
  QMMM:    21       21      C       11.5366    7.5881    0.5860
  QMMM:    22       22      C       12.7674    6.9844    0.0560
  QMMM:    23       23      O       12.7538    5.9229   -0.6014
  QMMM:    24       24      N       13.9998    7.5741    0.2872
  QMMM:    25       25      C       14.2416    8.7929    0.9882
  QMMM:    26       26      C       14.5158   10.0077    0.1387
  QMMM:    27       27      C       14.0232   10.1484   -1.1603
  QMMM:    28       28      C       15.2570   11.0561    0.6985
  QMMM:    29       29      C       14.2527   11.3144   -1.8867
  QMMM:    30       30      C       15.4894   12.2276   -0.0121
  QMMM:    31       31      C       14.9809   12.3778   -1.3212
  QMMM:    32       32      N       15.1806   13.6281   -1.9842
  QMMM:    33       33      C       14.2221   14.0208   -2.9860
  QMMM:    34       34      C       16.5445   13.9438   -2.3398
  QMMM:    35       35      C       14.5878   13.6410   -4.4401
  QMMM:    36       36      C       16.9519   13.5402   -3.7756
  QMMM:    37       37      N       15.9819   14.0686   -4.7902
  QMMM:    38       38      C       16.3487   13.6391   -6.1608
  QMMM:    39       39      H        1.2996   10.7393    2.3408
  QMMM:    40       40      H        3.3346    7.4233    0.3463
  QMMM:    41       41      H        5.4990    8.7245    0.4302
  QMMM:    42       42      H        5.3154   13.4691    2.5609
  QMMM:    43       43      H        9.7942   11.1731    1.7119
  QMMM:    44       44      H        9.1962   10.9246    0.0082
  QMMM:    45       45      H        6.4467    9.3966    2.7484
  QMMM:    46       46      H        8.0936    9.6918    3.4776
  QMMM:    47       47      H        7.2419    7.5530    1.4116
  QMMM:    48       48      H        7.9575    7.3514    3.0660
  QMMM:    49       49      H       11.7740    9.7028   -0.0057
  QMMM:    50       50      H       14.7863    7.1279   -0.1307
  QMMM:    51       51      H       15.1358    8.6316    1.6637
  QMMM:    52       52      H       13.3564    9.0347    1.6499
  QMMM:    53       53      H       13.4417    9.3367   -1.6286
  QMMM:    54       54      H       15.6544   10.9596    1.7223
  QMMM:    55       55      H       13.8336   11.3890   -2.9010
  QMMM:    56       56      H       16.0581   13.0435    0.4620
  QMMM:    57       57      H       14.1189   15.1440   -2.9228
  QMMM:    58       58      H       13.2131   13.5688   -2.7634
  QMMM:    59       59      H       17.2589   13.4294   -1.6349
  QMMM:    60       60      H       16.6765   15.0586   -2.2229
  QMMM:    61       61      H       13.8724   14.1455   -5.1483
  QMMM:    62       62      H       14.5229   12.5262   -4.5868
  QMMM:    63       63      H       16.9815   12.4186   -3.8742
  QMMM:    64       64      H       17.9717   13.9562   -4.0079
  QMMM:    65       65      H       16.0132   15.0965   -4.7459
  QMMM:    66       66      H       16.3248   12.5183   -6.2253
  QMMM:    67       67      H       17.3833   14.0048   -6.4002
  QMMM:    68       68      H       15.6156   14.0711   -6.8941

           --------- Calculation Completed ----------

