=== GPU ===
GPU 0: NVIDIA GH200 120GB (UUID: GPU-1bfccac2-f78b-85c1-7b9e-6b685f577744)
=== create venv ===
/usr/bin/rm: cannot remove '/usr/local/cuda/compat/lib': Read-only file system
rm: cannot remove '/usr/local/cuda/compat/lib': Read-only file system
=== install boltz + pytorch-lightning ===
/usr/bin/rm: cannot remove '/usr/local/cuda/compat/lib': Read-only file system
rm: cannot remove '/usr/local/cuda/compat/lib': Read-only file system
DEPRECATION: Loading egg at /usr/local/lib/python3.12/dist-packages/dill-0.3.9-py3.12.egg is deprecated. pip 24.3 will enforce this behaviour change. A possible replacement is to use pip for package installation.. Discussion can be found at https://github.com/pypa/pip/issues/12330
DEPRECATION: Loading egg at /usr/local/lib/python3.12/dist-packages/lightning_thunder-0.2.2.dev0-py3.12.egg is deprecated. pip 24.3 will enforce this behaviour change. A possible replacement is to use pip for package installation.. Discussion can be found at https://github.com/pypa/pip/issues/12330
DEPRECATION: Loading egg at /usr/local/lib/python3.12/dist-packages/lightning_utilities-0.14.0-py3.12.egg is deprecated. pip 24.3 will enforce this behaviour change. A possible replacement is to use pip for package installation.. Discussion can be found at https://github.com/pypa/pip/issues/12330
DEPRECATION: Loading egg at /usr/local/lib/python3.12/dist-packages/looseversion-1.3.0-py3.12.egg is deprecated. pip 24.3 will enforce this behaviour change. A possible replacement is to use pip for package installation.. Discussion can be found at https://github.com/pypa/pip/issues/12330
DEPRECATION: Loading egg at /usr/local/lib/python3.12/dist-packages/nvfuser-0.2.26a0+c5e1555-py3.12-linux-aarch64.egg is deprecated. pip 24.3 will enforce this behaviour change. A possible replacement is to use pip for package installation.. Discussion can be found at https://github.com/pypa/pip/issues/12330
DEPRECATION: Loading egg at /usr/local/lib/python3.12/dist-packages/opt_einsum-3.4.0-py3.12.egg is deprecated. pip 24.3 will enforce this behaviour change. A possible replacement is to use pip for package installation.. Discussion can be found at https://github.com/pypa/pip/issues/12330
=== test boltz.main imports ===
/usr/bin/rm: cannot remove '/usr/local/cuda/compat/lib': Read-only file system
rm: cannot remove '/usr/local/cuda/compat/lib': Read-only file system
missing: ['pytorch_lightning', 'rdkit', 'biopython', 'gemmi', 'modelcif', 'hydra', 'omegaconf']
cuda: True NVIDIA GH200 120GB
=== boltz predict --help ===
/usr/bin/rm: cannot remove '/usr/local/cuda/compat/lib': Read-only file system
rm: cannot remove '/usr/local/cuda/compat/lib': Read-only file system
Traceback (most recent call last):
  File "/scratch/u6sp/hpcuser.u6sp/boltz_predict_venv/bin/boltz", line 5, in <module>
    from boltz.main import cli
  File "/scratch/u6sp/hpcuser.u6sp/boltz_predict_venv/lib/python3.12/site-packages/boltz/main.py", line 16, in <module>
    from pytorch_lightning import Trainer, seed_everything
  File "/scratch/u6sp/hpcuser.u6sp/boltz_predict_venv/lib/python3.12/site-packages/pytorch_lightning/__init__.py", line 27, in <module>
    from pytorch_lightning.callbacks import Callback  # noqa: E402
    ^^^^^^^^^^^^^^^^^^^^^^^^^^^^^^^^^^^^^^^^^^^^^^^^
  File "/scratch/u6sp/hpcuser.u6sp/boltz_predict_venv/lib/python3.12/site-packages/pytorch_lightning/callbacks/__init__.py", line 14, in <module>
    from pytorch_lightning.callbacks.batch_size_finder import BatchSizeFinder
  File "/scratch/u6sp/hpcuser.u6sp/boltz_predict_venv/lib/python3.12/site-packages/pytorch_lightning/callbacks/batch_size_finder.py", line 26, in <module>
    from pytorch_lightning.callbacks.callback import Callback
  File "/scratch/u6sp/hpcuser.u6sp/boltz_predict_venv/lib/python3.12/site-packages/pytorch_lightning/callbacks/callback.py", line 22, in <module>
    from pytorch_lightning.utilities.types import STEP_OUTPUT
  File "/scratch/u6sp/hpcuser.u6sp/boltz_predict_venv/lib/python3.12/site-packages/pytorch_lightning/utilities/types.py", line 36, in <module>
    from torchmetrics import Metric
ModuleNotFoundError: No module named 'torchmetrics'
=== done ===
