=== GPU (host) ===
NVIDIA GH200 120GB, 97871 MiB
=== run boltz predict ===
/usr/bin/rm: cannot remove '/usr/local/cuda/compat/lib': Read-only file system
rm: cannot remove '/usr/local/cuda/compat/lib': Read-only file system
[rank: 0] Seed set to 42
Checking input data.
Processing 1 inputs with 1 threads.
  0%|          | 0/1 [00:00<?, ?it/s]Found explicit empty MSA for some proteins, will run these in single sequence mode. Keep in mind that the model predictions will be suboptimal without an MSA.
Found explicit empty MSA for some proteins, will run these in single sequence mode. Keep in mind that the model predictions will be suboptimal without an MSA.
100%|██████████| 1/1 [00:00<00:00,  2.25it/s]100%|██████████| 1/1 [00:00<00:00,  2.25it/s]
Using bfloat16 Automatic Mixed Precision (AMP)
GPU available: True (cuda), used: True
TPU available: False, using: 0 TPU cores
HPU available: False, using: 0 HPUs
Running structure prediction for 1 input.
/scratch/u6sp/hpcuser.u6sp/boltz_predict_venv/lib/python3.12/site-packages/pytorch_lightning/utilities/migration/utils.py:56: The loaded checkpoint was produced with Lightning v2.5.0.post0, which is newer than your current Lightning version: v2.5.0
You are using a CUDA device ('NVIDIA GH200 120GB') that has Tensor Cores. To properly utilize them, you should set `torch.set_float32_matmul_precision('medium' | 'high')` which will trade-off precision for performance. For more details, read https://pytorch.org/docs/stable/generated/torch.set_float32_matmul_precision.html#torch.set_float32_matmul_precision
LOCAL_RANK: 0 - CUDA_VISIBLE_DEVICES: [0]
/scratch/u6sp/hpcuser.u6sp/boltz_predict_venv/lib/python3.12/site-packages/pytorch_lightning/trainer/connectors/data_connector.py:425: The 'predict_dataloader' does not have many workers which may be a bottleneck. Consider increasing the value of the `num_workers` argument` to `num_workers=71` in the `DataLoader` to improve performance.
Predicting: |          | 0/? [00:00<?, ?it/s]Predicting:   0%|          | 0/1 [00:00<?, ?it/s]Predicting DataLoader 0:   0%|          | 0/1 [00:00<?, ?it/s]Predicting DataLoader 0: 100%|██████████| 1/1 [00:35<00:00,  0.03it/s]Number of failed examples: 0
Predicting DataLoader 0: 100%|██████████| 1/1 [00:35<00:00,  0.03it/s]
