=== GPU ===
NVIDIA GH200 120GB, 97871 MiB
=== setup cache dir ===
=== run boltz predict ===
/usr/bin/rm: cannot remove '/usr/local/cuda/compat/lib': Read-only file system
rm: cannot remove '/usr/local/cuda/compat/lib': Read-only file system
[rank: 0] Seed set to 42
Downloading the CCD data to /scratch/u6sp/hpcuser.u6sp/boltz_cache/mols.tar. This may take a bit of time. You may change the cache directory with the --cache flag.
Extracting the CCD data to /scratch/u6sp/hpcuser.u6sp/boltz_cache/mols. This may take a bit of time. You may change the cache directory with the --cache flag.
Downloading the Boltz-2 weights to /scratch/u6sp/hpcuser.u6sp/boltz_cache/boltz2_conf.ckpt. You may change the cache directory with the --cache flag.
Downloading the Boltz-2 affinity weights to /scratch/u6sp/hpcuser.u6sp/boltz_cache/boltz2_aff.ckpt. You may change the cache directory with the --cache flag.
Checking input data.
Processing 1 inputs with 1 threads.
  0%|          | 0/1 [00:00<?, ?it/s]Found explicit empty MSA for some proteins, will run these in single sequence mode. Keep in mind that the model predictions will be suboptimal without an MSA.
Found explicit empty MSA for some proteins, will run these in single sequence mode. Keep in mind that the model predictions will be suboptimal without an MSA.
100%|██████████| 1/1 [00:00<00:00,  1.74it/s]100%|██████████| 1/1 [00:00<00:00,  1.74it/s]
Using bfloat16 Automatic Mixed Precision (AMP)
GPU available: True (cuda), used: True
TPU available: False, using: 0 TPU cores
HPU available: False, using: 0 HPUs
Running structure prediction for 1 input.
Traceback (most recent call last):
  File "/scratch/u6sp/hpcuser.u6sp/rayca/max-331fa8863a/boltz_run.py", line 26, in <module>
    cli()
  File "/scratch/u6sp/hpcuser.u6sp/boltz_predict_venv/lib/python3.12/site-packages/click/core.py", line 1157, in __call__
    return self.main(*args, **kwargs)
           ^^^^^^^^^^^^^^^^^^^^^^^^^^
  File "/scratch/u6sp/hpcuser.u6sp/boltz_predict_venv/lib/python3.12/site-packages/click/core.py", line 1078, in main
    rv = self.invoke(ctx)
         ^^^^^^^^^^^^^^^^
  File "/scratch/u6sp/hpcuser.u6sp/boltz_predict_venv/lib/python3.12/site-packages/click/core.py", line 1688, in invoke
    return _process_result(sub_ctx.command.invoke(sub_ctx))
                           ^^^^^^^^^^^^^^^^^^^^^^^^^^^^^^^
  File "/scratch/u6sp/hpcuser.u6sp/boltz_predict_venv/lib/python3.12/site-packages/click/core.py", line 1434, in invoke
    return ctx.invoke(self.callback, **ctx.params)
           ^^^^^^^^^^^^^^^^^^^^^^^^^^^^^^^^^^^^^^^
  File "/scratch/u6sp/hpcuser.u6sp/boltz_predict_venv/lib/python3.12/site-packages/click/core.py", line 783, in invoke
    return __callback(*args, **kwargs)
           ^^^^^^^^^^^^^^^^^^^^^^^^^^^
  File "/scratch/u6sp/hpcuser.u6sp/boltz_predict_venv/lib/python3.12/site-packages/boltz/main.py", line 1314, in predict
    model_module = model_cls.load_from_checkpoint(
                   ^^^^^^^^^^^^^^^^^^^^^^^^^^^^^^^
  File "/scratch/u6sp/hpcuser.u6sp/boltz_predict_venv/lib/python3.12/site-packages/pytorch_lightning/utilities/model_helpers.py", line 125, in wrapper
    return self.method(cls, *args, **kwargs)
           ^^^^^^^^^^^^^^^^^^^^^^^^^^^^^^^^^
  File "/scratch/u6sp/hpcuser.u6sp/boltz_predict_venv/lib/python3.12/site-packages/pytorch_lightning/core/module.py", line 1581, in load_from_checkpoint
    loaded = _load_from_checkpoint(
             ^^^^^^^^^^^^^^^^^^^^^^
  File "/scratch/u6sp/hpcuser.u6sp/boltz_predict_venv/lib/python3.12/site-packages/pytorch_lightning/core/saving.py", line 63, in _load_from_checkpoint
    checkpoint = pl_load(checkpoint_path, map_location=map_location)
                 ^^^^^^^^^^^^^^^^^^^^^^^^^^^^^^^^^^^^^^^^^^^^^^^^^^^
  File "/scratch/u6sp/hpcuser.u6sp/boltz_predict_venv/lib/python3.12/site-packages/lightning_fabric/utilities/cloud_io.py", line 60, in _load
    return torch.load(
           ^^^^^^^^^^^
  File "/usr/local/lib/python3.12/dist-packages/torch/serialization.py", line 1487, in load
    return _load(
           ^^^^^^
  File "/usr/local/lib/python3.12/dist-packages/torch/serialization.py", line 2062, in _load
    result = unpickler.load()
             ^^^^^^^^^^^^^^^^
  File "/usr/lib/python3.12/pickle.py", line 1205, in load
    dispatch[key[0]](self)
  File "/usr/lib/python3.12/pickle.py", line 1530, in load_stack_global
    self.append(self.find_class(module, name))
                ^^^^^^^^^^^^^^^^^^^^^^^^^^^^^
  File "/usr/local/lib/python3.12/dist-packages/torch/serialization.py", line 2051, in find_class
    return super().find_class(mod_name, name)
           ^^^^^^^^^^^^^^^^^^^^^^^^^^^^^^^^^^
  File "/scratch/u6sp/hpcuser.u6sp/boltz_predict_venv/lib/python3.12/site-packages/pytorch_lightning/utilities/migration/utils.py", line 198, in find_class
    return super().find_class(new_module, name)
           ^^^^^^^^^^^^^^^^^^^^^^^^^^^^^^^^^^^^
  File "/usr/lib/python3.12/pickle.py", line 1572, in find_class
    __import__(module, level=0)
ModuleNotFoundError: No module named 'boltzgen'

RAYCA: the job stopped at line 39 with exit 1
RAYCA: the command was: apptainer exec --bind /scratch,/projects/u6sp $CONTAINER $VENV/bin/python boltz_run.py predict ARV471_ERalpha_CRBN_boltz_input.yaml --out_dir $RAYCA_OUT/boltz_out --checkpoint $CKPT --cache $CACHE --accelerator gpu --model boltz2 --diffusion_samples 3 --sampling_steps 50 --recycling_steps 3 --output_format pdb --num_workers 0 --seed 42
RAYCA: if that command is allowed to fail, end it with || true
