=== GPU ===
NVIDIA GH200 120GB
=== torch version in container: 2.7.0a0+7c8ec84dab.nv25.03 ===
=== constraints file ===
torch==2.7.0a0+7c8ec84dab.nv25.03
=== install boltz==2.2.1 with constraints (all deps) ===
Requirement already satisfied: boltz==2.2.1 in /scratch/u6sp/hpcuser.u6sp/boltz_predict_venv/lib/python3.12/site-packages (2.2.1)
Requirement already satisfied: torch>=2.2 in /usr/local/lib/python3.12/dist-packages (from boltz==2.2.1) (2.7.0a0+7c8ec84dab.nv25.3)
Requirement already satisfied: numpy<2.0,>=1.26 in /usr/local/lib/python3.12/dist-packages (from boltz==2.2.1) (1.26.4)
Requirement already satisfied: pytorch-lightning==2.5.0 in /scratch/u6sp/hpcuser.u6sp/boltz_predict_venv/lib/python3.12/site-packages (from boltz==2.2.1) (2.5.0)
Requirement already satisfied: rdkit>=2024.3.2 in /scratch/u6sp/hpcuser.u6sp/boltz_predict_venv/lib/python3.12/site-packages (from boltz==2.2.1) (2026.3.6)
Requirement already satisfied: requests==2.32.3 in /usr/local/lib/python3.12/dist-packages (from boltz==2.2.1) (2.32.3)
Requirement already satisfied: pandas>=2.2.2 in /usr/local/lib/python3.12/dist-packages (from boltz==2.2.1) (2.2.3)
Requirement already satisfied: pyyaml==6.0.2 in /usr/local/lib/python3.12/dist-packages (from boltz==2.2.1) (6.0.2)
Requirement already satisfied: scikit-learn==1.6.1 in /usr/local/lib/python3.12/dist-packages (from boltz==2.2.1) (1.6.1)
Requirement already satisfied: setuptools>=46.4.0 in /usr/local/lib/python3.12/dist-packages (from chembl_structure_pipeline==1.2.2->boltz==2.2.1) (75.8.2)
Requirement already satisfied: sympy in /usr/local/lib/python3.12/dist-packages (from einx==0.3.0->boltz==2.2.1) (1.13.1)
Requirement already satisfied: omegaconf<2.4,>=2.2 in /scratch/u6sp/hpcuser.u6sp/boltz_predict_venv/lib/python3.12/site-packages (from hydra-core==1.3.2->boltz==2.2.1) (2.3.1)
Requirement already satisfied: antlr4-python3-runtime==4.9.* in /scratch/u6sp/hpcuser.u6sp/boltz_predict_venv/lib/python3.12/site-packages (from hydra-core==1.3.2->boltz==2.2.1) (4.9.3)
Requirement already satisfied: packaging in /usr/local/lib/python3.12/dist-packages (from hydra-core==1.3.2->boltz==2.2.1) (23.2)
Requirement already satisfied: typing-extensions>=4.1.0 in /scratch/u6sp/hpcuser.u6sp/boltz_predict_venv/lib/python3.12/site-packages (from mashumaro==3.14->boltz==2.2.1) (4.16.0)
Requirement already satisfied: ihm>=1.7 in /scratch/u6sp/hpcuser.u6sp/boltz_predict_venv/lib/python3.12/site-packages (from modelcif==1.2->boltz==2.2.1) (2.11)
Requirement already satisfied: tqdm>=4.57.0 in /usr/local/lib/python3.12/dist-packages (from pytorch-lightning==2.5.0->boltz==2.2.1) (4.67.1)
Requirement already satisfied: fsspec>=2022.5.0 in /usr/local/lib/python3.12/dist-packages (from fsspec[http]>=2022.5.0->pytorch-lightning==2.5.0->boltz==2.2.1) (2025.2.0)
Requirement already satisfied: torchmetrics>=0.7.0 in /scratch/u6sp/hpcuser.u6sp/boltz_predict_venv/lib/python3.12/site-packages (from pytorch-lightning==2.5.0->boltz==2.2.1) (1.9.0)
Requirement already satisfied: lightning-utilities>=0.10.0 in /usr/local/lib/python3.12/dist-packages/lightning_utilities-0.14.0-py3.12.egg (from pytorch-lightning==2.5.0->boltz==2.2.1) (0.14.0)
Requirement already satisfied: charset-normalizer<4,>=2 in /usr/local/lib/python3.12/dist-packages (from requests==2.32.3->boltz==2.2.1) (3.4.1)
Requirement already satisfied: idna<4,>=2.5 in /usr/local/lib/python3.12/dist-packages (from requests==2.32.3->boltz==2.2.1) (3.10)
Requirement already satisfied: urllib3<3,>=1.21.1 in /usr/local/lib/python3.12/dist-packages (from requests==2.32.3->boltz==2.2.1) (2.0.7)
Requirement already satisfied: certifi>=2017.4.17 in /usr/local/lib/python3.12/dist-packages (from requests==2.32.3->boltz==2.2.1) (2025.1.31)
Requirement already satisfied: joblib>=1.2.0 in /usr/local/lib/python3.12/dist-packages (from scikit-learn==1.6.1->boltz==2.2.1) (1.4.2)
Requirement already satisfied: threadpoolctl>=3.1.0 in /usr/local/lib/python3.12/dist-packages (from scikit-learn==1.6.1->boltz==2.2.1) (3.5.0)
Requirement already satisfied: platformdirs in /usr/local/lib/python3.12/dist-packages (from wandb==0.18.7->boltz==2.2.1) (4.3.6)
Requirement already satisfied: protobuf!=4.21.0,!=5.28.0,<6,>=3.19.0 in /usr/local/lib/python3.12/dist-packages (from wandb==0.18.7->boltz==2.2.1) (4.24.4)
Requirement already satisfied: psutil>=5.0.0 in /usr/local/lib/python3.12/dist-packages (from wandb==0.18.7->boltz==2.2.1) (7.0.0)
Requirement already satisfied: python-dateutil>=2.8.2 in /usr/local/lib/python3.12/dist-packages (from pandas>=2.2.2->boltz==2.2.1) (2.9.0.post0)
Requirement already satisfied: pytz>=2020.1 in /usr/local/lib/python3.12/dist-packages (from pandas>=2.2.2->boltz==2.2.1) (2023.4)
Requirement already satisfied: tzdata>=2022.7 in /usr/local/lib/python3.12/dist-packages (from pandas>=2.2.2->boltz==2.2.1) (2025.1)
Requirement already satisfied: Pillow in /usr/local/lib/python3.12/dist-packages (from rdkit>=2024.3.2->boltz==2.2.1) (11.1.0)
Requirement already satisfied: filelock in /usr/local/lib/python3.12/dist-packages (from torch>=2.2->boltz==2.2.1) (3.17.0)
Requirement already satisfied: networkx in /usr/local/lib/python3.12/dist-packages (from torch>=2.2->boltz==2.2.1) (3.4.2)
Requirement already satisfied: jinja2 in /usr/local/lib/python3.12/dist-packages (from torch>=2.2->boltz==2.2.1) (3.1.6)
Requirement already satisfied: mpmath<1.4,>=1.1.0 in /usr/local/lib/python3.12/dist-packages (from sympy->einx==0.3.0->boltz==2.2.1) (1.3.0)
Requirement already satisfied: six>=1.4.0 in /usr/local/lib/python3.12/dist-packages (from docker-pycreds>=0.4.0->wandb==0.18.7->boltz==2.2.1) (1.16.0)
Requirement already satisfied: aiohttp!=4.0.0a0,!=4.0.0a1 in /usr/local/lib/python3.12/dist-packages (from fsspec[http]>=2022.5.0->pytorch-lightning==2.5.0->boltz==2.2.1) (3.11.13)
Requirement already satisfied: msgpack in /usr/local/lib/python3.12/dist-packages (from ihm>=1.7->modelcif==1.2->boltz==2.2.1) (1.1.0)
Requirement already satisfied: MarkupSafe>=2.0 in /usr/local/lib/python3.12/dist-packages (from jinja2->torch>=2.2->boltz==2.2.1) (3.0.2)
Requirement already satisfied: aiohappyeyeballs>=2.3.0 in /usr/local/lib/python3.12/dist-packages (from aiohttp!=4.0.0a0,!=4.0.0a1->fsspec[http]>=2022.5.0->pytorch-lightning==2.5.0->boltz==2.2.1) (2.5.0)
Requirement already satisfied: aiosignal>=1.1.2 in /usr/local/lib/python3.12/dist-packages (from aiohttp!=4.0.0a0,!=4.0.0a1->fsspec[http]>=2022.5.0->pytorch-lightning==2.5.0->boltz==2.2.1) (1.3.2)
Requirement already satisfied: attrs>=17.3.0 in /usr/local/lib/python3.12/dist-packages (from aiohttp!=4.0.0a0,!=4.0.0a1->fsspec[http]>=2022.5.0->pytorch-lightning==2.5.0->boltz==2.2.1) (25.1.0)
Requirement already satisfied: frozenlist>=1.1.1 in /usr/local/lib/python3.12/dist-packages (from aiohttp!=4.0.0a0,!=4.0.0a1->fsspec[http]>=2022.5.0->pytorch-lightning==2.5.0->boltz==2.2.1) (1.5.0)
Requirement already satisfied: multidict<7.0,>=4.5 in /usr/local/lib/python3.12/dist-packages (from aiohttp!=4.0.0a0,!=4.0.0a1->fsspec[http]>=2022.5.0->pytorch-lightning==2.5.0->boltz==2.2.1) (6.1.0)
Requirement already satisfied: propcache>=0.2.0 in /usr/local/lib/python3.12/dist-packages (from aiohttp!=4.0.0a0,!=4.0.0a1->fsspec[http]>=2022.5.0->pytorch-lightning==2.5.0->boltz==2.2.1) (0.3.0)
Requirement already satisfied: yarl<2.0,>=1.17.0 in /usr/local/lib/python3.12/dist-packages (from aiohttp!=4.0.0a0,!=4.0.0a1->fsspec[http]>=2022.5.0->pytorch-lightning==2.5.0->boltz==2.2.1) (1.18.3)
Successfully built fairscale gemmi modelcif
      Successfully uninstalled mashumaro-3.22
      Successfully uninstalled gemmi-0.7.5
      Successfully uninstalled biopython-1.88
      Successfully uninstalled modelcif-1.8
      Successfully uninstalled hydra-core-1.3.6
      Successfully uninstalled chembl_structure_pipeline-1.2.4
ERROR: pip's dependency resolver does not currently take into account all the packages that are installed. This behaviour is the source of the following dependency conflicts.
Successfully installed biopython-1.84 chembl_structure_pipeline-1.2.2 click-8.1.7 dm-tree-0.1.8 docker-pycreds-0.4.0 einops-0.8.0 einx-0.3.0 fairscale-0.4.13 frozendict-2.4.7 gemmi-0.6.5 gitdb-4.0.12 gitpython-3.1.62 hydra-core-1.3.2 lightning-utilities-0.15.3 llvmlite-0.44.0 mashumaro-3.14 modelcif-1.2 numba-0.61.0 scipy-1.13.1 sentry-sdk-2.69.1 setproctitle-1.3.7 smmap-5.0.3 types-requests-2.33.0.20260906 wandb-0.18.7
=== boltz predict --help ===
/usr/bin/rm: cannot remove '/usr/local/cuda/compat/lib': Read-only file system
rm: cannot remove '/usr/local/cuda/compat/lib': Read-only file system
Usage: boltz predict [OPTIONS] DATA

  Run predictions with Boltz.

Options:
  --out_dir PATH                  The path where to save the predictions.
  --cache PATH                    The directory where to download the data and
                                  model. Default is ~/.boltz, or $BOLTZ_CACHE
                                  if set.
  --checkpoint PATH               An optional checkpoint, will use the
                                  provided Boltz-1 model by default.
  --devices INTEGER               The number of devices to use for prediction.
                                  Default is 1.
  --accelerator [gpu|cpu|tpu]     The accelerator to use for prediction.
                                  Default is gpu.
  --recycling_steps INTEGER       The number of recycling steps to use for
                                  prediction. Default is 3.
  --sampling_steps INTEGER        The number of sampling steps to use for
                                  prediction. Default is 200.
  --diffusion_samples INTEGER     The number of diffusion samples to use for
                                  prediction. Default is 1.
  --max_parallel_samples INTEGER  The maximum number of samples to predict in
                                  parallel. Default is None.
  --step_scale FLOAT              The step size is related to the temperature
                                  at which the diffusion process samples the
                                  distribution. The lower the higher the
                                  diversity among samples (recommended between
                                  1 and 2). Default is 1.638 for Boltz-1 and
                                  1.5 for Boltz-2. If not provided, the
                                  default step size will be used.
  --write_full_pae                Whether to dump the pae into a npz file.
                                  Default is True.
  --write_full_pde                Whether to dump the pde into a npz file.
                                  Default is False.
  --output_format [pdb|mmcif]     The output format to use for the
                                  predictions. Default is mmcif.
  --num_workers INTEGER           The number of dataloader workers to use for
                                  prediction. Default is 2.
  --override                      Whether to override existing found
                                  predictions. Default is False.
  --seed INTEGER                  Seed to use for random number generator.
                                  Default is None (no seeding).
  --use_msa_server                Whether to use the MMSeqs2 server for MSA
                                  generation. Default is False.
  --msa_server_url TEXT           MSA server url. Used only if
                                  --use_msa_server is set.
  --msa_pairing_strategy TEXT     Pairing strategy to use. Used only if
                                  --use_msa_server is set. Options are
                                  'greedy' and 'complete'
  --msa_server_username TEXT      MSA server username for basic auth. Used
                                  only if --use_msa_server is set. Can also be
                                  set via BOLTZ_MSA_USERNAME environment
                                  variable.
  --msa_server_password TEXT      MSA server password for basic auth. Used
                                  only if --use_msa_server is set. Can also be
                                  set via BOLTZ_MSA_PASSWORD environment
                                  variable.
  --api_key_header TEXT           Custom header key for API key authentication
                                  (default: X-API-Key).
  --api_key_value TEXT            Custom header value for API key
                                  authentication.
  --use_potentials                Whether to use potentials for steering.
                                  Default is False.
  --model [boltz1|boltz2]         The model to use for prediction. Default is
                                  boltz2.
  --method TEXT                   The method to use for prediction. Default is
                                  None.
  --preprocessing-threads INTEGER
                                  The number of threads to use for
                                  preprocessing. Default is 1.
  --affinity_mw_correction        Whether to add the Molecular Weight
                                  correction to the affinity value head.
  --sampling_steps_affinity INTEGER
                                  The number of sampling steps to use for
                                  affinity prediction. Default is 200.
  --diffusion_samples_affinity INTEGER
                                  The number of diffusion samples to use for
                                  affinity prediction. Default is 5.
  --affinity_checkpoint PATH      An optional checkpoint, will use the
                                  provided Boltz-1 model by default.
  --max_msa_seqs INTEGER          The maximum number of MSA sequences to use
                                  for prediction. Default is 8192.
  --subsample_msa                 Whether to subsample the MSA. Default is
                                  True.
  --num_subsampled_msa INTEGER    The number of MSA sequences to subsample.
                                  Default is 1024.
  --no_kernels                    Whether to disable the kernels. Default
                                  False
  --write_embeddings              to dump the s and z embeddings into a npz
                                  file. Default is False.
  --help                          Show this message and exit.
=== done ===
