=== GPU ===
GPU 0: NVIDIA GH200 120GB (UUID: GPU-b2e94c97-7907-0911-524d-24d22e347b4d)
=== create venv ===
/usr/bin/rm: cannot remove '/usr/local/cuda/compat/lib': Read-only file system
rm: cannot remove '/usr/local/cuda/compat/lib': Read-only file system
=== pip install boltz==2.2.1 no-deps ===
/usr/bin/rm: cannot remove '/usr/local/cuda/compat/lib': Read-only file system
rm: cannot remove '/usr/local/cuda/compat/lib': Read-only file system
DEPRECATION: Loading egg at /usr/local/lib/python3.12/dist-packages/dill-0.3.9-py3.12.egg is deprecated. pip 24.3 will enforce this behaviour change. A possible replacement is to use pip for package installation.. Discussion can be found at https://github.com/pypa/pip/issues/12330
DEPRECATION: Loading egg at /usr/local/lib/python3.12/dist-packages/lightning_thunder-0.2.2.dev0-py3.12.egg is deprecated. pip 24.3 will enforce this behaviour change. A possible replacement is to use pip for package installation.. Discussion can be found at https://github.com/pypa/pip/issues/12330
DEPRECATION: Loading egg at /usr/local/lib/python3.12/dist-packages/lightning_utilities-0.14.0-py3.12.egg is deprecated. pip 24.3 will enforce this behaviour change. A possible replacement is to use pip for package installation.. Discussion can be found at https://github.com/pypa/pip/issues/12330
DEPRECATION: Loading egg at /usr/local/lib/python3.12/dist-packages/looseversion-1.3.0-py3.12.egg is deprecated. pip 24.3 will enforce this behaviour change. A possible replacement is to use pip for package installation.. Discussion can be found at https://github.com/pypa/pip/issues/12330
DEPRECATION: Loading egg at /usr/local/lib/python3.12/dist-packages/nvfuser-0.2.26a0+c5e1555-py3.12-linux-aarch64.egg is deprecated. pip 24.3 will enforce this behaviour change. A possible replacement is to use pip for package installation.. Discussion can be found at https://github.com/pypa/pip/issues/12330
DEPRECATION: Loading egg at /usr/local/lib/python3.12/dist-packages/opt_einsum-3.4.0-py3.12.egg is deprecated. pip 24.3 will enforce this behaviour change. A possible replacement is to use pip for package installation.. Discussion can be found at https://github.com/pypa/pip/issues/12330
=== verify boltz + cuda ===
/usr/bin/rm: cannot remove '/usr/local/cuda/compat/lib': Read-only file system
rm: cannot remove '/usr/local/cuda/compat/lib': Read-only file system
boltz 2.2.1 cuda True
=== boltz predict --help ===
/usr/bin/rm: cannot remove '/usr/local/cuda/compat/lib': Read-only file system
rm: cannot remove '/usr/local/cuda/compat/lib': Read-only file system
Traceback (most recent call last):
  File "/scratch/u6sp/hpcuser.u6sp/boltz_predict_venv/bin/boltz", line 5, in <module>
    from boltz.main import cli
  File "/scratch/u6sp/hpcuser.u6sp/boltz_predict_venv/lib/python3.12/site-packages/boltz/main.py", line 16, in <module>
    from pytorch_lightning import Trainer, seed_everything
ModuleNotFoundError: No module named 'pytorch_lightning'

RAYCA: the job stopped at line 38 with exit 1
RAYCA: the command was: head -30
RAYCA: if that command is allowed to fail, end it with || true
