
=== CTX-1020521 (lig61) ===
  mol2↔SDF max: 0.00081 Å  SDF↔InPDBQT max: 0.00081 Å
  mol2 coords updated (d1=0.00081, d2=0.00081)
  tleap done
  MMPBSA.py done
  dat tail:
000              0.0000
ESURF                       -9.2388                0.0000              0.0000

DELTA G gas                -70.7354                0.0000              0.0000
DELTA G solv                57.3128                0.0000              0.0000

DELTA TOTAL                -13.4219                0.0000              0.0000


-------------------------------------------------------------------------------
-------------------------------------------------------------------------------

  ΔG = -13.422 kcal/mol

=== CTX-1020520 (lig62) ===
  mol2↔SDF max: 0.00081 Å  SDF↔InPDBQT max: 0.00081 Å
  mol2 coords updated (d1=0.00081, d2=0.00081)
  tleap done
  MMPBSA.py done
  dat tail:
000              0.0000
ESURF                       -8.9148                0.0000              0.0000

DELTA G gas                -68.7559                0.0000              0.0000
DELTA G solv                69.4546                0.0000              0.0000

DELTA TOTAL                  0.6987                0.0000              0.0000


-------------------------------------------------------------------------------
-------------------------------------------------------------------------------

  ΔG = 0.699 kcal/mol

=== CTX-1020810 (lig12) ===
  mol2↔SDF max: 0.00081 Å  SDF↔InPDBQT max: 0.00081 Å
  mol2 coords updated (d1=0.00081, d2=0.00081)
  tleap done
  MMPBSA.py done
  dat tail:
000              0.0000
ESURF                       -8.8845                0.0000              0.0000

DELTA G gas                -22.3299                0.0000              0.0000
DELTA G solv                74.0305                0.0000              0.0000

DELTA TOTAL                 51.7006                0.0000              0.0000


-------------------------------------------------------------------------------
-------------------------------------------------------------------------------

  ΔG = 51.701 kcal/mol

=== CTX-1019660 (lig77) ===
  mol2↔SDF max: 0.00081 Å  SDF↔InPDBQT max: 0.00081 Å
  mol2 coords updated (d1=0.00081, d2=0.00081)
  tleap done
  MMPBSA.py done
  dat tail:
000              0.0000
ESURF                       -7.9743                0.0000              0.0000

DELTA G gas                -64.6404                0.0000              0.0000
DELTA G solv                74.7473                0.0000              0.0000

DELTA TOTAL                 10.1069                0.0000              0.0000


-------------------------------------------------------------------------------
-------------------------------------------------------------------------------

  ΔG = 10.107 kcal/mol

=== CTX-1020458 (lig68) ===
  mol2↔SDF max: 0.00075 Å  SDF↔InPDBQT max: 0.00075 Å
  mol2 coords updated (d1=0.00075, d2=0.00075)
  tleap done
  MMPBSA.py done
  dat tail:
000              0.0000
ESURF                       -8.3549                0.0000              0.0000

DELTA G gas                 -4.5118                0.0000              0.0000
DELTA G solv                49.0819                0.0000              0.0000

DELTA TOTAL                 44.5701                0.0000              0.0000


-------------------------------------------------------------------------------
-------------------------------------------------------------------------------

  ΔG = 44.570 kcal/mol

=== CTX-1019813 (lig74) ===
  mol2↔SDF max: 0.00087 Å  SDF↔InPDBQT max: 0.00087 Å
  mol2 coords updated (d1=0.00087, d2=0.00087)
  tleap done
  MMPBSA.py done
  dat tail:
000              0.0000
ESURF                       -7.6872                0.0000              0.0000

DELTA G gas                 10.3910                0.0000              0.0000
DELTA G solv                26.7879                0.0000              0.0000

DELTA TOTAL                 37.1789                0.0000              0.0000


-------------------------------------------------------------------------------
-------------------------------------------------------------------------------

  ΔG = 37.179 kcal/mol

=== CTX-1020882 (lig4) ===
  mol2↔SDF max: 0.00087 Å  SDF↔InPDBQT max: 0.00087 Å
  mol2 coords updated (d1=0.00087, d2=0.00087)
  tleap done
  MMPBSA.py done
  dat tail:
000              0.0000
ESURF                       -8.2410                0.0000              0.0000

DELTA G gas                -73.3587                0.0000              0.0000
DELTA G solv                49.8859                0.0000              0.0000

DELTA TOTAL                -23.4728                0.0000              0.0000


-------------------------------------------------------------------------------
-------------------------------------------------------------------------------

  ΔG = -23.473 kcal/mol

=== CTX-1020555 (lig59) ===
  mol2↔SDF max: 0.00071 Å  SDF↔InPDBQT max: 0.00071 Å
  mol2 coords updated (d1=0.00071, d2=0.00071)
  tleap done
  MMPBSA.py done
  dat tail:
000              0.0000
ESURF                       -7.9933                0.0000              0.0000

DELTA G gas                -76.7581                0.0000              0.0000
DELTA G solv                46.6299                0.0000              0.0000

DELTA TOTAL                -30.1282                0.0000              0.0000


-------------------------------------------------------------------------------
-------------------------------------------------------------------------------

  ΔG = -30.128 kcal/mol

=== CTX-1020816 (lig10) ===
  mol2↔SDF max: 0.00077 Å  SDF↔InPDBQT max: 0.00077 Å
  mol2 coords updated (d1=0.00077, d2=0.00077)
  tleap done
